 FilerunDown

 Timestamp is 5e5e4e82 (Tue Mar 03 21:33:06 2020)

 Preferred load address is 00400000

 Start         Length     Name                   Class
 0001:00000000 0006aa5eH .text                   CODE
 0001:0006aa60 000041e2H .text$x                 CODE
 0001:0006ec50 000003adH .text$yc                CODE
 0001:0006f000 000000d6H .text$yd                CODE
 0002:00000000 000007b4H .idata$5                DATA
 0002:000007b4 00000004H .CRT$XCA                DATA
 0002:000007b8 0000000cH .CRT$XCC                DATA
 0002:000007c4 00000010H .CRT$XCL                DATA
 0002:000007d4 00000058H .CRT$XCU                DATA
 0002:0000082c 00000004H .CRT$XCZ                DATA
 0002:00000830 00000004H .CRT$XIA                DATA
 0002:00000834 00000014H .CRT$XIC                DATA
 0002:00000848 00000004H .CRT$XIY                DATA
 0002:0000084c 00000004H .CRT$XIZ                DATA
 0002:00000850 00000004H .CRT$XPA                DATA
 0002:00000854 00000004H .CRT$XPX                DATA
 0002:00000858 00000004H .CRT$XPXA               DATA
 0002:0000085c 00000004H .CRT$XPZ                DATA
 0002:00000860 00000004H .CRT$XTA                DATA
 0002:00000864 00000004H .CRT$XTB                DATA
 0002:00000868 00000004H .CRT$XTZ                DATA
 0002:00000870 0000ee88H .rdata                  DATA
 0002:0000f6f8 0000006eH .rdata$debug            DATA
 0002:0000f768 0000355cH .rdata$r                DATA
 0002:00012cd0 00000510H .rdata$sxdata           DATA
 0002:000131e0 00000004H .rtc$IAA                DATA
 0002:000131e4 00000004H .rtc$IZZ                DATA
 0002:000131e8 00000004H .rtc$TAA                DATA
 0002:000131ec 00000004H .rtc$TZZ                DATA
 0002:000131f0 000061c4H .xdata$x                DATA
 0002:000193b4 00000000H ATL$__a                 DATA
 0002:000193b4 00000000H ATL$__z                 DATA
 0002:000193b4 00000020H .didat$2                DATA
 0002:000193d4 00000020H .didat$3                DATA
 0002:000193f4 00000010H .didat$4                DATA
 0002:00019404 0000004eH .didat$6                DATA
 0002:00019454 00000010H .didat$7                DATA
 0002:00019464 00000140H .idata$2                DATA
 0002:000195a4 00000014H .idata$3                DATA
 0002:000195b8 000007b4H .idata$4                DATA
 0002:00019d6c 00001ef2H .idata$6                DATA
 0002:0001bc5e 00000000H .edata                  DATA
 0003:00000000 000033b8H .data                   DATA
 0003:000033b8 00000010H .didat$5                DATA
 0003:000033e0 00003ba0H .bss                    DATA
 0004:00000000 00001900H .rsrc$01                DATA
 0004:00001900 002adbd8H .rsrc$02                DATA

  Address         Publics by Value              Rva+Base       Lib:Object

 0000:00000000       __except_list              00000000     <absolute>
 0000:00000144       ___safe_se_handler_count   00000144     <absolute>
 0000:00000000       ___ImageBase               00400000     <linker-defined>
 0001:00000000       ?_AtlGetConversionACP@ATL@@YGIXZ 00401000 f i down_client.obj
 0001:00000010       ?_AtlVerifyStackAvailable@_ATL_SAFE_ALLOCA_IMPL@ATL@@YA_NK@Z 00401010 f i down_client.obj
 0001:000000f0       ?AtlThrowImpl@ATL@@YGXJ@Z  004010f0 f i down_client.obj
 0001:00000110       ?AfxCrtErrorCheck@@YAHH@Z  00401110 f i down_client.obj
 0001:000001c0       ?GetMessageMap@down_client@@MBEPBUAFX_MSGMAP@@XZ 004011c0 f   down_client.obj
 0001:000001d0       ?GetThisMessageMap@down_client@@KGPBUAFX_MSGMAP@@XZ 004011d0 f   down_client.obj
 0001:000001e0       ??0down_client@@QAE@XZ     004011e0 f   down_client.obj
 0001:00000210       ?InitInstance@down_client@@UAEHXZ 00401210 f   down_client.obj
 0001:00000640       ?Update_Checking@down_client@@UAGJXZ 00401640 f   down_client.obj
 0001:00000b70       ??_Edown_client@@UAEPAXI@Z 00401b70 f i down_client.obj
 0001:00000b70       ??_Gdown_client@@UAEPAXI@Z 00401b70 f i down_client.obj
 0001:00000ba0       ??1down_client@@UAE@XZ     00401ba0 f i down_client.obj
 0001:00000bc0       ??0CToken@@QAE@PAD@Z       00401bc0 f i down_client.obj
 0001:00000bf0       ?Split@CToken@@QAEXPAD@Z   00401bf0 f i down_client.obj
 0001:00000d40       ?FindString@CToken@@QAEHPAD0@Z 00401d40 f i down_client.obj
 0001:00000da0       ?GetToken@CToken@@QAEPADI@Z 00401da0 f i down_client.obj
 0001:00000dd0       ?GetCount@CToken@@QAEIXZ   00401dd0 f i down_client.obj
 0001:00000df0       ?ReleaseAllToken@CToken@@QAEXXZ 00401df0 f i down_client.obj
 0001:00000e60       ?StringCchLengthW@@YGJPB_WIPAI@Z 00401e60 f i down_client.obj
 0001:00000eb0       ?StringLengthWorkerW@@YGJPB_WIPAI@Z 00401eb0 f i down_client.obj
 0001:00000f20       ?DoDataExchange@CWnd@@MAEXPAVCDataExchange@@@Z 00401f20 f i PictureEx.obj
 0001:00000f20       ?Serialize@CObject@@UAEXAAVCArchive@@@Z 00401f20 f i down_client.obj
 0001:00000f30       ??3CObject@@SGXPAX@Z       00401f30 f i down_client.obj
 0001:00000f50       ?AfxGetInstanceHandle@@YGPAUHINSTANCE__@@XZ 00401f50 f i down_client.obj
 0001:00000f60       ?Allocate@CCRTAllocator@ATL@@SAPAXI@Z 00401f60 f i down_client.obj
 0001:00000f80       ?Free@CCRTAllocator@ATL@@SAXPAX@Z 00401f80 f i down_client.obj
 0001:00000fa0       ??1?$CTempBuffer@D$0IA@VCCRTAllocator@ATL@@@ATL@@QAE@XZ 00401fa0 f i down_client.obj
 0001:00000fc0       ?Allocate@?$CTempBuffer@D$0IA@VCCRTAllocator@ATL@@@ATL@@QAEPADI@Z 00401fc0 f i down_client.obj
 0001:00000ff0       ??0?$CStringT@DV?$StrTraitMFC@DV?$ChTraitsCRT@D@ATL@@@@@ATL@@QAE@XZ 00401ff0 f i down_client.obj
 0001:00001010       ??1?$CStringT@DV?$StrTraitMFC@DV?$ChTraitsCRT@D@ATL@@@@@ATL@@QAE@XZ 00402010 f i down_client.obj
 0001:00001030       ??4?$CStringT@DV?$StrTraitMFC@DV?$ChTraitsCRT@D@ATL@@@@@ATL@@QAEAAV01@PBD@Z 00402030 f i down_client.obj
 0001:00001050       ?GetLength@?$CSimpleStringT@D$0A@@ATL@@QBEHXZ 00402050 f i down_client.obj
 0001:00001070       ?AllocateBytes@?$CTempBuffer@D$0IA@VCCRTAllocator@ATL@@@ATL@@QAEPADI@Z 00402070 f i down_client.obj
 0001:000010b0       ?FreeHeap@?$CTempBuffer@D$0IA@VCCRTAllocator@ATL@@@ATL@@AAEXXZ 004020b0 f i down_client.obj
 0001:000010d0       ??0?$CSimpleStringT@D$0A@@ATL@@QAE@PAUIAtlStringMgr@1@@Z 004020d0 f i down_client.obj
 0001:00001120       ??1?$CSimpleStringT@D$0A@@ATL@@QAE@XZ 00402120 f i down_client.obj
 0001:00001140       ?Release@CStringData@ATL@@QAEXXZ 00402140 f i down_client.obj
 0001:00001180       ??4?$CSimpleStringT@D$0A@@ATL@@QAEAAV01@PBD@Z 00402180 f i down_client.obj
 0001:000011a0       ?GetData@?$CSimpleStringT@D$0A@@ATL@@ABEPAUCStringData@2@XZ 004021a0 f i down_client.obj
 0001:000011c0       ?GetDefaultManager@?$StrTraitMFC@DV?$ChTraitsCRT@D@ATL@@@@SAPAUIAtlStringMgr@ATL@@XZ 004021c0 f i down_client.obj
 0001:000011d0       ?AllocateHeap@?$CTempBuffer@D$0IA@VCCRTAllocator@ATL@@@ATL@@AAEXI@Z 004021d0 f i down_client.obj
 0001:00001210       ?SetString@?$CSimpleStringT@D$0A@@ATL@@QAEXPBD@Z 00402210 f i down_client.obj
 0001:00001240       ?StringLength@?$CSimpleStringT@D$0A@@ATL@@SAHPBD@Z 00402240 f i down_client.obj
 0001:00001260       ?SetString@?$CSimpleStringT@D$0A@@ATL@@QAEXPBDH@Z 00402260 f i down_client.obj
 0001:00001310       ?GetBuffer@?$CSimpleStringT@D$0A@@ATL@@QAEPADH@Z 00402310 f i down_client.obj
 0001:00001330       ?PrepareWrite@?$CSimpleStringT@D$0A@@ATL@@AAEPADH@Z 00402330 f i down_client.obj
 0001:00001380       ?Empty@?$CSimpleStringT@D$0A@@ATL@@QAEXXZ 00402380 f i down_client.obj
 0001:000013f0       ?IsLocked@CStringData@ATL@@QBE_NXZ 004023f0 f i down_client.obj
 0001:00001410       ?SetLength@?$CSimpleStringT@D$0A@@ATL@@AAEXH@Z 00402410 f i down_client.obj
 0001:00001460       ?ReleaseBufferSetLength@?$CSimpleStringT@D$0A@@ATL@@QAEXH@Z 00402460 f i down_client.obj
 0001:00001480       ?Attach@?$CSimpleStringT@D$0A@@ATL@@AAEXPAUCStringData@2@@Z 00402480 f i down_client.obj
 0001:000014a0       ?data@CStringData@ATL@@QAEPAXXZ 004024a0 f i down_client.obj
 0001:000014c0       ?PrepareWrite2@?$CSimpleStringT@D$0A@@ATL@@AAEXH@Z 004024c0 f i down_client.obj
 0001:00001560       ?IsShared@CStringData@ATL@@QBE_NXZ 00402560 f i down_client.obj
 0001:00001580       ?CopyChars@?$CSimpleStringT@D$0A@@ATL@@SAXPADIPBDH@Z 00402580 f i down_client.obj
 0001:000015a0       ?CopyCharsOverlapped@?$CSimpleStringT@D$0A@@ATL@@SAXPADIPBDH@Z 004025a0 f i down_client.obj
 0001:000015c0       ?Fork@?$CSimpleStringT@D$0A@@ATL@@AAEXH@Z 004025c0 f i down_client.obj
 0001:00001680       ?ThrowMemoryException@?$CSimpleStringT@D$0A@@ATL@@KAXXZ 00402680 f i down_client.obj
 0001:00001690       ?Reallocate@?$CSimpleStringT@D$0A@@ATL@@AAEXH@Z 00402690 f i down_client.obj
 0001:00001700       ??$AtlAdd@K@ATL@@YAJPAKKK@Z 00402700 f i down_client.obj
 0001:00001730       ?Format@?$CStringT@DV?$StrTraitMFC@DV?$ChTraitsCRT@D@ATL@@@@@ATL@@QAAXPBDZZ 00402730 f i down_client.obj
 0001:00001760       ?FormatV@?$CStringT@DV?$StrTraitMFC@DV?$ChTraitsCRT@D@ATL@@@@@ATL@@QAEXPBDPAD@Z 00402760 f i down_client.obj
 0001:000017d0       ?GetFormattedLength@?$ChTraitsCRT@D@ATL@@SAHPBDPAD@Z 004027d0 f i down_client.obj
 0001:000017f0       ?Format@?$ChTraitsCRT@D@ATL@@SAHPADIPBD0@Z 004027f0 f i down_client.obj
 0001:00001810       ??$AtlMultiplyThrow@I@ATL@@YAIII@Z 00402810 f i down_client.obj
 0001:00001850       ??$AtlMultiply@I@ATL@@YAJPAIII@Z 00402850 f i down_client.obj
 0001:00001890       ??0CPictureEx@@QAE@XZ      00402890 f   PictureEx.obj
 0001:00001a20       ??1CPictureEx@@UAE@XZ      00402a20 f   PictureEx.obj
 0001:00001aa0       ?GetMessageMap@CPictureEx@@MBEPBUAFX_MSGMAP@@XZ 00402aa0 f   PictureEx.obj
 0001:00001ab0       ?GetThisMessageMap@CPictureEx@@KGPBUAFX_MSGMAP@@XZ 00402ab0 f   PictureEx.obj
 0001:00001ac0       ?Load@CPictureEx@@QAEHPAXK@Z 00402ac0 f   PictureEx.obj
 0001:00001f30       ?UnLoad@CPictureEx@@QAEXXZ 00402f30 f   PictureEx.obj
 0001:00002160       ?Draw@CPictureEx@@QAEHXZ   00403160 f   PictureEx.obj
 0001:00002290       ?GetSize@CPictureEx@@QBE?AUtagSIZE@@XZ 00403290 f   PictureEx.obj
 0001:000022c0       ?Load@CPictureEx@@QAEHPBD@Z 004032c0 f   PictureEx.obj
 0001:00002490       ?Load@CPictureEx@@QAEHPBD0@Z 00403490 f   PictureEx.obj
 0001:000025a0       ?ResetDataPointer@CPictureEx@@IAEXXZ 004035a0 f   PictureEx.obj
 0001:000025c0       ?SkipNextGraphicBlock@CPictureEx@@IAEHXZ 004035c0 f   PictureEx.obj
 0001:000026d0       ?GetSubBlocksLen@CPictureEx@@IBEII@Z 004036d0 f   PictureEx.obj
 0001:00002740       ?GetNextBlock@CPictureEx@@IBE?AW4GIFBlockTypes@1@XZ 00403740 f   PictureEx.obj
 0001:00002900       ?SkipNextBlock@CPictureEx@@IAEHXZ 00403900 f   PictureEx.obj
 0001:00002960       ?GetNextBlockLen@CPictureEx@@IBEHXZ 00403960 f   PictureEx.obj
 0001:00002ac0       ?_ThreadAnimation@CPictureEx@@KGIPAX@Z 00403ac0 f   PictureEx.obj
 0001:00002b20       ?ThreadAnimation@CPictureEx@@IAEXXZ 00403b20 f   PictureEx.obj
 0001:000032e0       ?Stop@CPictureEx@@QAEXXZ   004042e0 f   PictureEx.obj
 0001:00003370       ?GetNextGraphicBlock@CPictureEx@@IAEPAXPAI0PAUtagSIZE@@10@Z 00404370 f   PictureEx.obj
 0001:000035f0       ?IsGIF@CPictureEx@@QBEHXZ  004045f0 f   PictureEx.obj
 0001:00003610       ?IsAnimatedGIF@CPictureEx@@QBEHXZ 00404610 f   PictureEx.obj
 0001:00003650       ?IsPlaying@CPictureEx@@QBEHXZ 00404650 f   PictureEx.obj
 0001:00003670       ?GetFrameCount@CPictureEx@@QBEHXZ 00404670 f   PictureEx.obj
 0001:000036a0       ?GetBkColor@CPictureEx@@QBEKXZ 004046a0 f   PictureEx.obj
 0001:000036c0       ?OnPaint@CPictureEx@@IAEXXZ 004046c0 f   PictureEx.obj
 0001:00003780       ?PrepareDC@CPictureEx@@IAEHHH@Z 00404780 f   PictureEx.obj
 0001:000038d0       ?OnDestroy@CPictureEx@@IAEXXZ 004048d0 f   PictureEx.obj
 0001:000038f0       ?SetBkColor@CPictureEx@@QAEXK@Z 004048f0 f   PictureEx.obj
 0001:00003970       ?SetPaintRect@CPictureEx@@QAEHPBUtagRECT@@@Z 00404970 f   PictureEx.obj
 0001:00003990       ?GetPaintRect@CPictureEx@@QAEHPAUtagRECT@@@Z 00404990 f   PictureEx.obj
 0001:000039b0       ??_GCPictureEx@@UAEPAXI@Z  004049b0 f i PictureEx.obj
 0001:000039b0       ??_ECPictureEx@@UAEPAXI@Z  004049b0 f i PictureEx.obj
 0001:000039e0       ?GetPackedValue@TGIFLSDescriptor@CPictureEx@@QAEHW4LSDPackedValues@2@@Z 004049e0 f i PictureEx.obj
 0001:00003a60       ?GetPackedValue@TGIFImageDescriptor@CPictureEx@@QAEHW4IDPackedValues@2@@Z 00404a60 f i PictureEx.obj
 0001:00003ae0       ?GetPackedValue@TGIFControlExt@CPictureEx@@QAEHW4ControlExtValues@2@@Z 00404ae0 f i PictureEx.obj
 0001:00003b40       ??0?$vector@UTFrame@CPictureEx@@V?$allocator@UTFrame@CPictureEx@@@std@@@std@@QAE@XZ 00404b40 f i PictureEx.obj
 0001:00003b70       ??1?$vector@UTFrame@CPictureEx@@V?$allocator@UTFrame@CPictureEx@@@std@@@std@@QAE@XZ 00404b70 f i PictureEx.obj
 0001:00003b90       ?end@?$vector@V?$CStringT@DV?$StrTraitMFC@DV?$ChTraitsCRT@D@ATL@@@@@ATL@@V?$allocator@V?$CStringT@DV?$StrTraitMFC@DV?$ChTraitsCRT@D@ATL@@@@@ATL@@@std@@@std@@QAE?AV?$_Vector_iterator@V?$CStringT@DV?$StrTraitMFC@DV?$ChTraitsCRT@D@ATL@@@@@ATL@@V?$allocator@V?$CStringT@DV?$StrTraitMFC@DV?$ChTraitsCRT@D@ATL@@@@@ATL@@@std@@@2@XZ 00404b90 f i down_window_init.obj
 0001:00003b90       ?end@?$vector@UCONTENTSITEM@@V?$allocator@UCONTENTSITEM@@@std@@@std@@QAE?AV?$_Vector_iterator@UCONTENTSITEM@@V?$allocator@UCONTENTSITEM@@@std@@@2@XZ 00404b90 f i Worker.obj
 0001:00003b90       ?end@?$vector@UTFrame@CPictureEx@@V?$allocator@UTFrame@CPictureEx@@@std@@@std@@QAE?AV?$_Vector_iterator@UTFrame@CPictureEx@@V?$allocator@UTFrame@CPictureEx@@@std@@@2@XZ 00404b90 f i PictureEx.obj
 0001:00003bc0       ?size@?$vector@UTFrame@CPictureEx@@V?$allocator@UTFrame@CPictureEx@@@std@@@std@@QBEIXZ 00404bc0 f i PictureEx.obj
 0001:00003c00       ?empty@?$vector@UTFrame@CPictureEx@@V?$allocator@UTFrame@CPictureEx@@@std@@@std@@QBE_NXZ 00404c00 f i PictureEx.obj
 0001:00003c20       ??A?$vector@UTFrame@CPictureEx@@V?$allocator@UTFrame@CPictureEx@@@std@@@std@@QAEAAUTFrame@CPictureEx@@I@Z 00404c20 f i PictureEx.obj
 0001:00003c50       ?push_back@?$vector@UTFrame@CPictureEx@@V?$allocator@UTFrame@CPictureEx@@@std@@@std@@QAEXABUTFrame@CPictureEx@@@Z 00404c50 f i PictureEx.obj
 0001:00003cc0       ?clear@?$vector@UTFrame@CPictureEx@@V?$allocator@UTFrame@CPictureEx@@@std@@@std@@QAEXXZ 00404cc0 f i PictureEx.obj
 0001:00003d00       ??E?$_Vector_iterator@UTFrame@CPictureEx@@V?$allocator@UTFrame@CPictureEx@@@std@@@std@@QAE?AV01@H@Z 00404d00 f i PictureEx.obj
 0001:00003d40       ??M?$_Vector_const_iterator@UTFrame@CPictureEx@@V?$allocator@UTFrame@CPictureEx@@@std@@@std@@QBE_NABV01@@Z 00404d40 f i PictureEx.obj
 0001:00003d80       ?capacity@?$vector@UTFrame@CPictureEx@@V?$allocator@UTFrame@CPictureEx@@@std@@@std@@QBEIXZ 00404d80 f i PictureEx.obj
 0001:00003dc0       ?insert@?$vector@UTFrame@CPictureEx@@V?$allocator@UTFrame@CPictureEx@@@std@@@std@@QAE?AV?$_Vector_iterator@UTFrame@CPictureEx@@V?$allocator@UTFrame@CPictureEx@@@std@@@2@V32@ABUTFrame@CPictureEx@@@Z 00404dc0 f i PictureEx.obj
 0001:00003e40       ?erase@?$vector@UTFrame@CPictureEx@@V?$allocator@UTFrame@CPictureEx@@@std@@@std@@QAE?AV?$_Vector_iterator@UTFrame@CPictureEx@@V?$allocator@UTFrame@CPictureEx@@@std@@@2@V32@0@Z 00404e40 f i PictureEx.obj
 0001:00003eb0       ?_Buy@?$vector@UTFrame@CPictureEx@@V?$allocator@UTFrame@CPictureEx@@@std@@@std@@IAE_NI@Z 00404eb0 f i PictureEx.obj
 0001:00003f30       ?_Tidy@?$vector@UTFrame@CPictureEx@@V?$allocator@UTFrame@CPictureEx@@@std@@@std@@IAEXXZ 00404f30 f i PictureEx.obj
 0001:00003fa0       ?_Ufill@?$vector@UTFrame@CPictureEx@@V?$allocator@UTFrame@CPictureEx@@@std@@@std@@IAEPAUTFrame@CPictureEx@@PAU34@IABU34@@Z 00404fa0 f i PictureEx.obj
 0001:00003fd0       ??E?$_Vector_iterator@UTFrame@CPictureEx@@V?$allocator@UTFrame@CPictureEx@@@std@@@std@@QAEAAV01@XZ 00404fd0 f i PictureEx.obj
 0001:00003ff0       ??0_Iterator_base@std@@QAE@XZ 00404ff0 f i PictureEx.obj
 0001:00003ff0       ??0?$CComPtrBase@UIHTMLElement2@@@ATL@@IAE@XZ 00404ff0 f i HtmlViewer.obj
 0001:00003ff0       ??0?$CComPtrBase@UIHTMLBodyElement@@@ATL@@IAE@XZ 00404ff0 f i HtmlViewer.obj
 0001:00003ff0       ??0?$CComPtrBase@UIHTMLDocument2@@@ATL@@IAE@XZ 00404ff0 f i HtmlViewer.obj
 0001:00003ff0       ??0?$CComPtrBase@UIDispatch@@@ATL@@IAE@XZ 00404ff0 f i HtmlViewer.obj
 0001:00003ff0       ??0?$CComPtrBase@UIHTMLElement@@@ATL@@IAE@XZ 00404ff0 f i HtmlViewer.obj
 0001:00004010       ?max_size@?$vector@UTFrame@CPictureEx@@V?$allocator@UTFrame@CPictureEx@@@std@@@std@@QBEIXZ 00405010 f i PictureEx.obj
 0001:00004030       ?_Destroy@?$vector@UTFrame@CPictureEx@@V?$allocator@UTFrame@CPictureEx@@@std@@@std@@IAEXPAUTFrame@CPictureEx@@0@Z 00405030 f i PictureEx.obj
 0001:00004060       ?_Insert_n@?$vector@UTFrame@CPictureEx@@V?$allocator@UTFrame@CPictureEx@@@std@@@std@@IAEXV?$_Vector_iterator@UTFrame@CPictureEx@@V?$allocator@UTFrame@CPictureEx@@@std@@@2@IABUTFrame@CPictureEx@@@Z 00405060 f i PictureEx.obj
 0001:000043b0       ??0length_error@std@@QAE@ABV?$basic_string@DU?$char_traits@D@std@@V?$allocator@D@2@@1@@Z 004053b0 f i PictureEx.obj
 0001:000043e0       ??0logic_error@std@@QAE@ABV?$basic_string@DU?$char_traits@D@std@@V?$allocator@D@2@@1@@Z 004053e0 f i PictureEx.obj
 0001:00004450       ?what@logic_error@std@@UBEPBDXZ 00405450 f i PictureEx.obj
 0001:00004470       ??_Glogic_error@std@@UAEPAXI@Z 00405470 f i PictureEx.obj
 0001:00004470       ??_Elogic_error@std@@UAEPAXI@Z 00405470 f i PictureEx.obj
 0001:000044a0       ??1logic_error@std@@UAE@XZ 004054a0 f i PictureEx.obj
 0001:000044d0       ??1length_error@std@@UAE@XZ 004054d0 f i PictureEx.obj
 0001:000044f0       ??_Glength_error@std@@UAEPAXI@Z 004054f0 f i PictureEx.obj
 0001:000044f0       ??_Elength_error@std@@UAEPAXI@Z 004054f0 f i PictureEx.obj
 0001:00004520       ??0?$basic_string@DU?$char_traits@D@std@@V?$allocator@D@2@@std@@QAE@ABV01@@Z 00405520 f i PictureEx.obj
 0001:00004570       ??1?$basic_string@DU?$char_traits@D@std@@V?$allocator@D@2@@std@@QAE@XZ 00405570 f i PictureEx.obj
 0001:00004590       ?c_str@?$basic_string@DU?$char_traits@D@std@@V?$allocator@D@2@@std@@QBEPBDXZ 00405590 f i PictureEx.obj
 0001:000045b0       ?assign@?$basic_string@DU?$char_traits@D@std@@V?$allocator@D@2@@std@@QAEAAV12@ABV12@II@Z 004055b0 f i PictureEx.obj
 0001:00004670       ?_Tidy@?$basic_string@DU?$char_traits@D@std@@V?$allocator@D@2@@std@@IAEX_NI@Z 00405670 f i PictureEx.obj
 0001:000046f0       ??0?$_Vector_val@UTFrame@CPictureEx@@V?$allocator@UTFrame@CPictureEx@@@std@@@std@@IAE@V?$allocator@UTFrame@CPictureEx@@@1@@Z 004056f0 f i PictureEx.obj
 0001:000046f0       ??0?$_String_val@DV?$allocator@D@std@@@std@@IAE@V?$allocator@D@1@@Z 004056f0 f i PictureEx.obj
 0001:000046f0       ??0?$_Vector_val@V?$CStringT@DV?$StrTraitMFC@DV?$ChTraitsCRT@D@ATL@@@@@ATL@@V?$allocator@V?$CStringT@DV?$StrTraitMFC@DV?$ChTraitsCRT@D@ATL@@@@@ATL@@@std@@@std@@IAE@V?$allocator@V?$CStringT@DV?$StrTraitMFC@DV?$ChTraitsCRT@D@ATL@@@@@ATL@@@1@@Z 004056f0 f i down_window_init.obj
 0001:000046f0       ??0?$_Vector_val@UCONTENTSITEM@@V?$allocator@UCONTENTSITEM@@@std@@@std@@IAE@V?$allocator@UCONTENTSITEM@@@1@@Z 004056f0 f i down_window_init.obj
 0001:00004710       ?erase@?$basic_string@DU?$char_traits@D@std@@V?$allocator@D@2@@std@@QAEAAV12@II@Z 00405710 f i PictureEx.obj
 0001:000047b0       ?size@?$basic_string@DU?$char_traits@D@std@@V?$allocator@D@2@@std@@QBEIXZ 004057b0 f i PictureEx.obj
 0001:000047d0       ?_Eos@?$basic_string@DU?$char_traits@D@std@@V?$allocator@D@2@@std@@IAEXI@Z 004057d0 f i PictureEx.obj
 0001:00004810       ?assign@?$char_traits@D@std@@SAXAADABD@Z 00405810 f i PictureEx.obj
 0001:00004820       ?_Grow@?$basic_string@DU?$char_traits@D@std@@V?$allocator@D@2@@std@@IAE_NI_N@Z 00405820 f i PictureEx.obj
 0001:000048c0       ?_Myptr@?$basic_string@DU?$char_traits@D@std@@V?$allocator@D@2@@std@@IAEPADXZ 004058c0 f i PictureEx.obj
 0001:000048c0       ?_Myptr@?$basic_string@DU?$char_traits@D@std@@V?$allocator@D@2@@std@@IBEPBDXZ 004058c0 f i PictureEx.obj
 0001:000048f0       ?allocate@?$allocator@UTFrame@CPictureEx@@@std@@QAEPAUTFrame@CPictureEx@@I@Z 004058f0 f i PictureEx.obj
 0001:00004910       ??H?$_Vector_iterator@UTFrame@CPictureEx@@V?$allocator@UTFrame@CPictureEx@@@std@@@std@@QBE?AV01@H@Z 00405910 f i PictureEx.obj
 0001:00004950       ??G?$_Vector_iterator@UTFrame@CPictureEx@@V?$allocator@UTFrame@CPictureEx@@@std@@@std@@QBEHABV?$_Vector_const_iterator@UTFrame@CPictureEx@@V?$allocator@UTFrame@CPictureEx@@@std@@@1@@Z 00405950 f i PictureEx.obj
 0001:00004970       ??E?$_Vector_const_iterator@UTFrame@CPictureEx@@V?$allocator@UTFrame@CPictureEx@@@std@@@std@@QAEAAV01@XZ 00405970 f i PictureEx.obj
 0001:000049b0       ??9?$_Vector_const_iterator@UTFrame@CPictureEx@@V?$allocator@UTFrame@CPictureEx@@@std@@@std@@QBE_NABV01@@Z 004059b0 f i PictureEx.obj
 0001:000049b0       ??9?$_Vector_const_iterator@UCONTENTSITEM@@V?$allocator@UCONTENTSITEM@@@std@@@std@@QBE_NABV01@@Z 004059b0 f i down_window_hacf.obj
 0001:000049e0       ??0length_error@std@@QAE@ABV01@@Z 004059e0 f i PictureEx.obj
 0001:00004a10       ??0logic_error@std@@QAE@ABV01@@Z 00405a10 f i PictureEx.obj
 0001:00004a80       ??0?$basic_string@DU?$char_traits@D@std@@V?$allocator@D@2@@std@@QAE@PBD@Z 00405a80 f i PictureEx.obj
 0001:00004ac0       ?max_size@?$basic_string@DU?$char_traits@D@std@@V?$allocator@D@2@@std@@QBEIXZ 00405ac0 f i PictureEx.obj
 0001:00004b00       ?_Copy@?$basic_string@DU?$char_traits@D@std@@V?$allocator@D@2@@std@@IAEXII@Z 00405b00 f i PictureEx.obj
 0001:00004c80       ?max_size@?$allocator@UTFrame@CPictureEx@@@std@@QBEIXZ 00405c80 f i PictureEx.obj
 0001:00004cb0       ??Y?$_Vector_iterator@UTFrame@CPictureEx@@V?$allocator@UTFrame@CPictureEx@@@std@@@std@@QAEAAV01@H@Z 00405cb0 f i PictureEx.obj
 0001:00004cd0       ??G?$_Vector_const_iterator@UTFrame@CPictureEx@@V?$allocator@UTFrame@CPictureEx@@@std@@@std@@QBEHABV01@@Z 00405cd0 f i PictureEx.obj
 0001:00004d10       ??8?$_Vector_const_iterator@UCONTENTSITEM@@V?$allocator@UCONTENTSITEM@@@std@@@std@@QBE_NABV01@@Z 00405d10 f i down_window_hacf.obj
 0001:00004d10       ??8?$_Vector_const_iterator@UTFrame@CPictureEx@@V?$allocator@UTFrame@CPictureEx@@@std@@@std@@QBE_NABV01@@Z 00405d10 f i PictureEx.obj
 0001:00004d50       ?assign@?$basic_string@DU?$char_traits@D@std@@V?$allocator@D@2@@std@@QAEAAV12@PBD@Z 00405d50 f i PictureEx.obj
 0001:00004d80       ?length@?$char_traits@D@std@@SAIPBD@Z 00405d80 f i PictureEx.obj
 0001:00004da0       ?allocate@?$allocator@D@std@@QAEPADI@Z 00405da0 f i PictureEx.obj
 0001:00004dc0       ?max_size@?$allocator@D@std@@QBEIXZ 00405dc0 f i PictureEx.obj
 0001:00004df0       ??Y?$_Vector_const_iterator@UTFrame@CPictureEx@@V?$allocator@UTFrame@CPictureEx@@@std@@@std@@QAEAAV01@H@Z 00405df0 f i PictureEx.obj
 0001:00004e50       ?assign@?$basic_string@DU?$char_traits@D@std@@V?$allocator@D@2@@std@@QAEAAV12@PBDI@Z 00405e50 f i PictureEx.obj
 0001:00004ee0       ?_Inside@?$basic_string@DU?$char_traits@D@std@@V?$allocator@D@2@@std@@IAE_NPBD@Z 00405ee0 f i PictureEx.obj
 0001:00004f20       ??$copy_s@U?$char_traits@D@std@@@_Traits_helper@std@@YAPADPADIPBDI@Z 00405f20 f i PictureEx.obj
 0001:00004f50       ??$unchecked_copy@PAUTFrame@CPictureEx@@PAU12@@stdext@@YAPAUTFrame@CPictureEx@@PAU12@00@Z 00405f50 f i PictureEx.obj
 0001:00004fc0       ??$unchecked_uninitialized_fill_n@PAUTFrame@CPictureEx@@IU12@V?$allocator@UTFrame@CPictureEx@@@std@@@stdext@@YAXPAUTFrame@CPictureEx@@IABU12@AAV?$allocator@UTFrame@CPictureEx@@@std@@@Z 00405fc0 f i PictureEx.obj
 0001:00005000       ??$move_s@U?$char_traits@D@std@@@_Traits_helper@std@@YAPADPADIPBDI@Z 00406000 f i PictureEx.obj
 0001:00005030       ??$_Destroy_range@UTFrame@CPictureEx@@V?$allocator@UTFrame@CPictureEx@@@std@@@std@@YAXPAUTFrame@CPictureEx@@0AAV?$allocator@UTFrame@CPictureEx@@@0@@Z 00406030 f i PictureEx.obj
 0001:00005070       ??$_Umove@PAUTFrame@CPictureEx@@@?$vector@UTFrame@CPictureEx@@V?$allocator@UTFrame@CPictureEx@@@std@@@std@@IAEPAUTFrame@CPictureEx@@PAU23@00@Z 00406070 f i PictureEx.obj
 0001:000050a0       ??$fill@PAUTFrame@CPictureEx@@U12@@std@@YAXPAUTFrame@CPictureEx@@0ABU12@@Z 004060a0 f i PictureEx.obj
 0001:000050d0       ??$_Unchecked_move_backward@PAUTFrame@CPictureEx@@PAU12@@stdext@@YAPAUTFrame@CPictureEx@@PAU12@00@Z 004060d0 f i PictureEx.obj
 0001:00005140       ??$_Allocate@UTFrame@CPictureEx@@@std@@YAPAUTFrame@CPictureEx@@IPAU12@@Z 00406140 f i PictureEx.obj
 0001:00005190       ??0bad_alloc@std@@QAE@PBD@Z 00406190 f i PictureEx.obj
 0001:000051c0       ??1bad_alloc@std@@UAE@XZ   004061c0 f i PictureEx.obj
 0001:000051e0       ??_Gbad_alloc@std@@UAEPAXI@Z 004061e0 f i PictureEx.obj
 0001:000051e0       ??_Ebad_alloc@std@@UAEPAXI@Z 004061e0 f i PictureEx.obj
 0001:00005210       ??$_Allocate@D@std@@YAPADIPAD@Z 00406210 f i PictureEx.obj
 0001:00005260       ??0bad_alloc@std@@QAE@ABV01@@Z 00406260 f i PictureEx.obj
 0001:00005290       ??$copy_s@U?$char_traits@D@std@@@_Traits_helper@std@@YAPADPADIPBDIU_Secure_char_traits_tag@1@@Z 00406290 f i PictureEx.obj
 0001:000052b0       ?_Copy_s@?$char_traits@D@std@@SAPADPADIPBDI@Z 004062b0 f i PictureEx.obj
 0001:000052d0       ??$_Checked_base@PAUCONTENTSITEM@@@std@@YAPAUCONTENTSITEM@@AAPAU1@@Z 004062d0 f i Worker.obj
 0001:000052d0       ??$_Checked_base@PAV?$CStringT@DV?$StrTraitMFC@DV?$ChTraitsCRT@D@ATL@@@@@ATL@@@std@@YAPAV?$CStringT@DV?$StrTraitMFC@DV?$ChTraitsCRT@D@ATL@@@@@ATL@@AAPAV12@@Z 004062d0 f i down_window_init.obj
 0001:000052d0       ??$_Checked_base@PAUTFrame@CPictureEx@@@std@@YAPAUTFrame@CPictureEx@@AAPAU12@@Z 004062d0 f i PictureEx.obj
 0001:000052f0       ??$_Copy_opt@PAUTFrame@CPictureEx@@PAU12@@std@@YAPAUTFrame@CPictureEx@@PAU12@00Urandom_access_iterator_tag@0@U_Nonscalar_ptr_iterator_tag@0@U_Range_checked_iterator_tag@0@@Z 004062f0 f i PictureEx.obj
 0001:00005350       ??$_Uninit_fill_n@PAUTFrame@CPictureEx@@IU12@V?$allocator@UTFrame@CPictureEx@@@std@@@std@@YAXPAUTFrame@CPictureEx@@IABU12@AAV?$allocator@UTFrame@CPictureEx@@@0@U_Nonscalar_ptr_iterator_tag@0@U_Range_checked_iterator_tag@0@@Z 00406350 f i PictureEx.obj
 0001:00005400       ??$move_s@U?$char_traits@D@std@@@_Traits_helper@std@@YAPADPADIPBDIU_Secure_char_traits_tag@1@@Z 00406400 f i PictureEx.obj
 0001:00005420       ?_Move_s@?$char_traits@D@std@@SAPADPADIPBDI@Z 00406420 f i PictureEx.obj
 0001:00005440       ??$_Destroy_range@UTFrame@CPictureEx@@V?$allocator@UTFrame@CPictureEx@@@std@@@std@@YAXPAUTFrame@CPictureEx@@0AAV?$allocator@UTFrame@CPictureEx@@@0@U_Nonscalar_ptr_iterator_tag@0@@Z 00406440 f i PictureEx.obj
 0001:00005470       ??$_Unchecked_uninitialized_move@PAUTFrame@CPictureEx@@PAU12@V?$allocator@UTFrame@CPictureEx@@@std@@@stdext@@YAPAUTFrame@CPictureEx@@PAU12@00AAV?$allocator@UTFrame@CPictureEx@@@std@@@Z 00406470 f i PictureEx.obj
 0001:000054c0       ??$_Fill@PAUTFrame@CPictureEx@@U12@@std@@YAXPAUTFrame@CPictureEx@@0ABU12@@Z 004064c0 f i PictureEx.obj
 0001:000054f0       ??$_Char_traits_cat@U?$char_traits@D@std@@@std@@YA?AU_Secure_char_traits_tag@0@XZ 004064f0 f i PictureEx.obj
 0001:000054f0       ??$_Move_cat@PAUTFrame@CPictureEx@@@std@@YA?AU_Undefined_move_tag@0@ABQAUTFrame@CPictureEx@@@Z 004064f0 f i PictureEx.obj
 0001:000054f0       ??$_Ptr_cat@PAV?$CStringT@DV?$StrTraitMFC@DV?$ChTraitsCRT@D@ATL@@@@@ATL@@PAV12@@std@@YA?AU_Nonscalar_ptr_iterator_tag@0@AAPAV?$CStringT@DV?$StrTraitMFC@DV?$ChTraitsCRT@D@ATL@@@@@ATL@@0@Z 004064f0 f i down_window_init.obj
 0001:000054f0       ??$_Ptr_cat@PAUCONTENTSITEM@@PAU1@@std@@YA?AU_Nonscalar_ptr_iterator_tag@0@AAPAUCONTENTSITEM@@0@Z 004064f0 f i Worker.obj
 0001:000054f0       ??$_Move_cat@PAUCONTENTSITEM@@@std@@YA?AU_Undefined_move_tag@0@ABQAUCONTENTSITEM@@@Z 004064f0 f i Worker.obj
 0001:000054f0       ??$_Ptr_cat@PAUTFrame@CPictureEx@@PAU12@@std@@YA?AU_Nonscalar_ptr_iterator_tag@0@AAPAUTFrame@CPictureEx@@0@Z 004064f0 f i PictureEx.obj
 0001:000054f0       ??$_Move_cat@PAV?$CStringT@DV?$StrTraitMFC@DV?$ChTraitsCRT@D@ATL@@@@@ATL@@@std@@YA?AU_Undefined_move_tag@0@ABQAV?$CStringT@DV?$StrTraitMFC@DV?$ChTraitsCRT@D@ATL@@@@@ATL@@@Z 004064f0 f i down_window_init.obj
 0001:00005500       ??$_Move_backward_opt@PAUTFrame@CPictureEx@@PAU12@Urandom_access_iterator_tag@std@@U_Undefined_move_tag@4@@std@@YAPAUTFrame@CPictureEx@@PAU12@00Urandom_access_iterator_tag@0@U_Undefined_move_tag@0@U_Range_checked_iterator_tag@0@@Z 00406500 f i PictureEx.obj
 0001:00005540       ?construct@?$allocator@UTFrame@CPictureEx@@@std@@QAEXPAUTFrame@CPictureEx@@ABU34@@Z 00406540 f i PictureEx.obj
 0001:00005560       ?destroy@?$allocator@UTFrame@CPictureEx@@@std@@QAEXPAUTFrame@CPictureEx@@@Z 00406560 f i PictureEx.obj
 0001:00005560       ?destroy@?$allocator@UCONTENTSITEM@@@std@@QAEXPAUCONTENTSITEM@@@Z 00406560 f i Worker.obj
 0001:00005580       ??$_Copy_opt@PAUTFrame@CPictureEx@@PAU12@Uforward_iterator_tag@std@@@std@@YAPAUTFrame@CPictureEx@@PAU12@00Uforward_iterator_tag@0@U_Nonscalar_ptr_iterator_tag@0@U_Range_checked_iterator_tag@0@@Z 00406580 f i PictureEx.obj
 0001:000055c0       ??$_Uninit_move@PAUTFrame@CPictureEx@@PAU12@V?$allocator@UTFrame@CPictureEx@@@std@@U_Undefined_move_tag@4@@std@@YAPAUTFrame@CPictureEx@@PAU12@00AAV?$allocator@UTFrame@CPictureEx@@@0@U_Undefined_move_tag@0@U_Range_checked_iterator_tag@0@@Z 004065c0 f i PictureEx.obj
 0001:000055e0       ??$_Copy_backward_opt@PAUTFrame@CPictureEx@@PAU12@@std@@YAPAUTFrame@CPictureEx@@PAU12@00Urandom_access_iterator_tag@0@U_Nonscalar_ptr_iterator_tag@0@U_Range_checked_iterator_tag@0@@Z 004065e0 f i PictureEx.obj
 0001:00005640       ??$_Construct@UTFrame@CPictureEx@@U12@@std@@YAXPAUTFrame@CPictureEx@@ABU12@@Z 00406640 f i PictureEx.obj
 0001:00005690       ??2@YAPAXIPAX@Z            00406690 f i PictureEx.obj
 0001:000056a0       ??$unchecked_uninitialized_copy@PAUTFrame@CPictureEx@@PAU12@V?$allocator@UTFrame@CPictureEx@@@std@@@stdext@@YAPAUTFrame@CPictureEx@@PAU12@00AAV?$allocator@UTFrame@CPictureEx@@@std@@@Z 004066a0 f i PictureEx.obj
 0001:00005700       ??$_Copy_backward_opt@PAUTFrame@CPictureEx@@PAU12@Uforward_iterator_tag@std@@@std@@YAPAUTFrame@CPictureEx@@PAU12@00Uforward_iterator_tag@0@U_Nonscalar_ptr_iterator_tag@0@U_Range_checked_iterator_tag@0@@Z 00406700 f i PictureEx.obj
 0001:00005740       ??$_Uninit_copy@PAUTFrame@CPictureEx@@PAU12@V?$allocator@UTFrame@CPictureEx@@@std@@@std@@YAPAUTFrame@CPictureEx@@PAU12@00AAV?$allocator@UTFrame@CPictureEx@@@0@U_Nonscalar_ptr_iterator_tag@0@U_Range_checked_iterator_tag@0@@Z 00406740 f i PictureEx.obj
 0001:00005800       ??1AFX_EXCEPTION_LINK@@QAE@XZ 00406800 f i PictureEx.obj
 0001:00005810       ?AfxGetResourceHandle@@YGPAUHINSTANCE__@@XZ 00406810 f i PictureEx.obj
 0001:00005820       ?Invalidate@CWnd@@QAEXH@Z  00406820 f i PictureEx.obj
 0001:00005840       ?BeginModalState@CWnd@@UAEXXZ 00406840 f i PictureEx.obj
 0001:00005860       ?EndModalState@CWnd@@UAEXXZ 00406860 f i PictureEx.obj
 0001:00005880       ??0CStatic@@QAE@XZ         00406880 f i PictureEx.obj
 0001:000058a0       ??_GCStatic@@UAEPAXI@Z     004068a0 f i PictureEx.obj
 0001:000058a0       ??_ECStatic@@UAEPAXI@Z     004068a0 f i PictureEx.obj
 0001:000058d0       ??0CSkinHeaderCtrl@@QAE@XZ 004068d0 f   SkinListCtrl.obj
 0001:00005960       ??1CSkinHeaderCtrl@@UAE@XZ 00406960 f   SkinListCtrl.obj
 0001:000059c0       ?GetMessageMap@CSkinHeaderCtrl@@MBEPBUAFX_MSGMAP@@XZ 004069c0 f   SkinListCtrl.obj
 0001:000059d0       ?GetThisMessageMap@CSkinHeaderCtrl@@KGPBUAFX_MSGMAP@@XZ 004069d0 f   SkinListCtrl.obj
 0001:000059e0       ?SetColors@CSkinHeaderCtrl@@QAEXKK@Z 004069e0 f   SkinListCtrl.obj
 0001:00005aa0       ?OnCustomDraw@CSkinHeaderCtrl@@IAEXPAUtagNMHDR@@PAJ@Z 00406aa0 f   SkinListCtrl.obj
 0001:00005ea0       ?InitHeaderImage@CSkinHeaderCtrl@@QAEXXZ 00406ea0 f   SkinListCtrl.obj
 0001:00005ed0       ??0CSkinListCtrl@@QAE@XZ   00406ed0 f   SkinListCtrl.obj
 0001:00006010       ??1CSkinListCtrl@@UAE@XZ   00407010 f   SkinListCtrl.obj
 0001:00006090       ?GetMessageMap@CSkinListCtrl@@MBEPBUAFX_MSGMAP@@XZ 00407090 f   SkinListCtrl.obj
 0001:000060a0       ?GetThisMessageMap@CSkinListCtrl@@KGPBUAFX_MSGMAP@@XZ 004070a0 f   SkinListCtrl.obj
 0001:000060b0       ?PreSubclassWindow@CSkinListCtrl@@MAEXXZ 004070b0 f   SkinListCtrl.obj
 0001:000061a0       ?SetListColor@CSkinListCtrl@@QAEXKKKKKKKKKKK@Z 004071a0 f   SkinListCtrl.obj
 0001:00006240       ?SetHeaderColors@CSkinListCtrl@@QAEXKK@Z 00407240 f   SkinListCtrl.obj
 0001:00006260       ?OnPaint@CSkinListCtrl@@IAEXXZ 00407260 f   SkinListCtrl.obj
 0001:00006280       ?OnCustomDraw@CSkinListCtrl@@MAEXPAUtagNMHDR@@PAJ@Z 00407280 f   SkinListCtrl.obj
 0001:00006f20       ?GetCellRect@CSkinListCtrl@@QAEHHHHAAVCRect@@@Z 00407f20 f   SkinListCtrl.obj
 0001:00006fe0       ?OnDestroy@CSkinListCtrl@@IAEXXZ 00407fe0 f   SkinListCtrl.obj
 0001:00007000       ?SetToolTips@CSkinListCtrl@@QAEXH@Z 00408000 f   SkinListCtrl.obj
 0001:00007020       ?OnToolHitTest@CSkinListCtrl@@UBEHVCPoint@@PAUtagTOOLINFOA@@@Z 00408020 f   SkinListCtrl.obj
 0001:000070d0       ?OnToolTipText@CSkinListCtrl@@IAEHIPAUtagNMHDR@@PAJ@Z 004080d0 f   SkinListCtrl.obj
 0001:00007250       ?GetRowFromPoint@CSkinListCtrl@@IBEHAAVCPoint@@PAVCRect@@PAH@Z 00408250 f   SkinListCtrl.obj
 0001:000073c0       ??_GCSkinHeaderCtrl@@UAEPAXI@Z 004083c0 f i SkinListCtrl.obj
 0001:000073c0       ??_ECSkinHeaderCtrl@@UAEPAXI@Z 004083c0 f i SkinListCtrl.obj
 0001:000073f0       ??_GCSkinListCtrl@@UAEPAXI@Z 004083f0 f i SkinListCtrl.obj
 0001:000073f0       ??_ECSkinListCtrl@@UAEPAXI@Z 004083f0 f i SkinListCtrl.obj
 0001:00007420       ??_9CSkinListCtrl@@$BBDI@AE 00408420 f i SkinListCtrl.obj
 0001:00007430       ?_mbstowcsz@ATL@@YAHPA_WPBDK@Z 00408430 f i SkinListCtrl.obj
 0001:000074c0       ??0CPoint@@QAE@HH@Z        004084c0 f i SkinListCtrl.obj
 0001:000074f0       ??0CRect@@QAE@HHHH@Z       004084f0 f i SkinListCtrl.obj
 0001:00007530       ??0CRect@@QAE@ABUtagRECT@@@Z 00408530 f i SkinListCtrl.obj
 0001:00007550       ?Width@CRect@@QBEHXZ       00408550 f i SkinListCtrl.obj
 0001:00007570       ?PtInRect@CRect@@QBEHUtagPOINT@@@Z 00408570 f i SkinListCtrl.obj
 0001:00007590       ?DeflateRect@CRect@@QAEXHH@Z 00408590 f i SkinListCtrl.obj
 0001:000075c0       ?DeflateRect@CRect@@QAEXHHHH@Z 004085c0 f i SkinListCtrl.obj
 0001:00007610       ??0CPen@@QAE@XZ            00408610 f i SkinListCtrl.obj
 0001:00007630       ??0CGdiObject@@QAE@XZ      00408630 f i SkinListCtrl.obj
 0001:00007660       ??_ECGdiObject@@UAEPAXI@Z  00408660 f i SkinListCtrl.obj
 0001:00007660       ??_GCGdiObject@@UAEPAXI@Z  00408660 f i SkinListCtrl.obj
 0001:00007690       ??1CGdiObject@@UAE@XZ      00408690 f i SkinListCtrl.obj
 0001:000076f0       ??1CObject@@UAE@XZ         004086f0 f i SkinListCtrl.obj
 0001:00007700       ??_GCPen@@UAEPAXI@Z        00408700 f i SkinListCtrl.obj
 0001:00007700       ??_ECPen@@UAEPAXI@Z        00408700 f i SkinListCtrl.obj
 0001:00007730       ??1CPen@@UAE@XZ            00408730 f i SkinListCtrl.obj
 0001:00007750       ?CreatePen@CPen@@QAEHHHK@Z 00408750 f i SkinListCtrl.obj
 0001:00007780       ??0CBrush@@QAE@XZ          00408780 f i SkinListCtrl.obj
 0001:000077a0       ??_ECBrush@@UAEPAXI@Z      004087a0 f i SkinListCtrl.obj
 0001:000077a0       ??_GCBrush@@UAEPAXI@Z      004087a0 f i SkinListCtrl.obj
 0001:000077d0       ??1CBrush@@UAE@XZ          004087d0 f i SkinListCtrl.obj
 0001:000077f0       ?CreateSolidBrush@CBrush@@QAEHK@Z 004087f0 f i SkinListCtrl.obj
 0001:00007810       ??0CBitmap@@QAE@XZ         00408810 f i SkinListCtrl.obj
 0001:00007830       ??_ECBitmap@@UAEPAXI@Z     00408830 f i SkinListCtrl.obj
 0001:00007830       ??_GCBitmap@@UAEPAXI@Z     00408830 f i SkinListCtrl.obj
 0001:00007860       ??1CBitmap@@UAE@XZ         00408860 f i SkinListCtrl.obj
 0001:00007880       ?LoadBitmapA@CBitmap@@QAEHI@Z 00408880 f i SkinListCtrl.obj
 0001:000078b0       ?GetBitmap@CBitmap@@QAEHPAUtagBITMAP@@@Z 004088b0 f i SkinListCtrl.obj
 0001:000078d0       ??0CRgn@@QAE@XZ            004088d0 f i SkinListCtrl.obj
 0001:000078f0       ??_GCRgn@@UAEPAXI@Z        004088f0 f i SkinListCtrl.obj
 0001:000078f0       ??_ECRgn@@UAEPAXI@Z        004088f0 f i SkinListCtrl.obj
 0001:00007920       ??1CRgn@@UAE@XZ            00408920 f i SkinListCtrl.obj
 0001:00007940       ?CreateRectRgnIndirect@CRgn@@QAEHPBUtagRECT@@@Z 00408940 f i SkinListCtrl.obj
 0001:00007960       ?SetRectRgn@CRgn@@QAEXPBUtagRECT@@@Z 00408960 f i SkinListCtrl.obj
 0001:000079a0       ?CreateCompatibleDC@CDC@@QAEHPAV1@@Z 004089a0 f i SkinListCtrl.obj
 0001:000079d0       ?GetDeviceCaps@CDC@@QBEHH@Z 004089d0 f i SkinListCtrl.obj
 0001:000079f0       ?SelectObject@CDC@@QAEPAVCBitmap@@PAV2@@Z 004089f0 f i SkinListCtrl.obj
 0001:00007a20       ?FillRect@CDC@@QAEXPBUtagRECT@@PAVCBrush@@@Z 00408a20 f i SkinListCtrl.obj
 0001:00007a50       ?DrawFocusRect@CDC@@QAEXPBUtagRECT@@@Z 00408a50 f i SkinListCtrl.obj
 0001:00007a70       ?Rectangle@CDC@@QAEHPBUtagRECT@@@Z 00408a70 f i SkinListCtrl.obj
 0001:00007ab0       ?StretchBlt@CDC@@QAEHHHHHPAV1@HHHHK@Z 00408ab0 f i SkinListCtrl.obj
 0001:00007b00       ?DrawTextA@CDC@@QAEHABV?$CStringT@DV?$StrTraitMFC@DV?$ChTraitsCRT@D@ATL@@@@@ATL@@PAUtagRECT@@I@Z 00408b00 f i SkinListCtrl.obj
 0001:00007b40       ?GetTextExtent@CDC@@QBE?AVCSize@@PBDH@Z 00408b40 f i SkinListCtrl.obj
 0001:00007b80       ?GetTextExtent@CDC@@QBE?AVCSize@@ABV?$CStringT@DV?$StrTraitMFC@DV?$ChTraitsCRT@D@ATL@@@@@ATL@@@Z 00408b80 f i SkinListCtrl.obj
 0001:00007bd0       ?GetSafeHwnd@CWnd@@QBEPAUHWND__@@XZ 00408bd0 f i SkinListCtrl.obj
 0001:00007bd0       ??BCWnd@@QBEPAUHWND__@@XZ  00408bd0 f i Worker.obj
 0001:00007c00       ?GetFont@CWnd@@QBEPAVCFont@@XZ 00408c00 f i SkinListCtrl.obj
 0001:00007c30       ?FromHandle@CFont@@SGPAV1@PAUHFONT__@@@Z 00408c30 f i SkinListCtrl.obj
 0001:00007c40       ?GetClientRect@CWnd@@QBEXPAUtagRECT@@@Z 00408c40 f i SkinListCtrl.obj
 0001:00007c60       ?GetFocus@CWnd@@SGPAV1@XZ  00408c60 f i SkinListCtrl.obj
 0001:00007c80       ??0CListCtrl@@QAE@XZ       00408c80 f i SkinListCtrl.obj
 0001:00007ca0       ??_GCListCtrl@@UAEPAXI@Z   00408ca0 f i SkinListCtrl.obj
 0001:00007ca0       ??_ECListCtrl@@UAEPAXI@Z   00408ca0 f i SkinListCtrl.obj
 0001:00007cd0       ?GetImageList@CListCtrl@@QBEPAVCImageList@@H@Z 00408cd0 f i SkinListCtrl.obj
 0001:00007d00       ?GetItemCount@CListCtrl@@QBEHXZ 00408d00 f i SkinListCtrl.obj
 0001:00007d30       ?GetItem@CListCtrl@@QBEHPAUtagLVITEMA@@@Z 00408d30 f i SkinListCtrl.obj
 0001:00007d60       ?GetColumn@CListCtrl@@QBEHHPAUtagLVCOLUMNA@@@Z 00408d60 f i SkinListCtrl.obj
 0001:00007d90       ?GetColumnWidth@CListCtrl@@QBEHH@Z 00408d90 f i SkinListCtrl.obj
 0001:00007dc0       ?GetTopIndex@CListCtrl@@QBEHXZ 00408dc0 f i SkinListCtrl.obj
 0001:00007df0       ?GetCountPerPage@CListCtrl@@QBEHXZ 00408df0 f i SkinListCtrl.obj
 0001:00007e20       ?GetItemState@CListCtrl@@QBEIHI@Z 00408e20 f i SkinListCtrl.obj
 0001:00007e50       ??0CHeaderCtrl@@QAE@XZ     00408e50 f i SkinListCtrl.obj
 0001:00007e70       ??_ECHeaderCtrl@@UAEPAXI@Z 00408e70 f i SkinListCtrl.obj
 0001:00007e70       ??_GCHeaderCtrl@@UAEPAXI@Z 00408e70 f i SkinListCtrl.obj
 0001:00007ea0       ?GetItemCount@CHeaderCtrl@@QBEHXZ 00408ea0 f i SkinListCtrl.obj
 0001:00007ed0       ?GetItem@CHeaderCtrl@@QBEHHPAU_HD_ITEMA@@@Z 00408ed0 f i SkinListCtrl.obj
 0001:00007f00       ?Draw@CImageList@@QAEHPAVCDC@@HUtagPOINT@@I@Z 00408f00 f i SkinListCtrl.obj
 0001:00007f40       ?AfxImageList_Draw@@YGHPAU_IMAGELIST@@HPAUHDC__@@HHI@Z 00408f40 f i SkinListCtrl.obj
 0001:00007f70       ?_ImageList_Draw@CComCtlWrapper@@QAEHPAU_IMAGELIST@@HPAUHDC__@@HHI@Z 00408f70 f i SkinListCtrl.obj
 0001:000080b0       ?GetProcAddress_ImageList_Draw@CComCtlWrapper@@QAE?AUImageList_Draw_Type@1@XZ 004090b0 f i SkinListCtrl.obj
 0001:00008100       ?GetModuleHandleA@CDllIsolationWrapperBase@@QAEPAUHINSTANCE__@@XZ 00409100 f i SkinListCtrl.obj
 0001:00008170       ??4ImageList_Draw_Type@CComCtlWrapper@@QAEXP6GHPAU_IMAGELIST@@HPAUHDC__@@HHI@Z@Z 00409170 f i SkinListCtrl.obj
 0001:00008190       ??7?$CComPtrBase@UIHTMLElement@@@ATL@@QBE_NXZ 00409190 f i HtmlViewer.obj
 0001:00008190       ??7ImageList_Draw_Type@CComCtlWrapper@@QBE_NXZ 00409190 f i SkinListCtrl.obj
 0001:00008190       ??7?$CComPtrBase@UIHTMLElement2@@@ATL@@QBE_NXZ 00409190 f i HtmlViewer.obj
 0001:000081b0       ??0?$CStringT@DV?$StrTraitMFC@DV?$ChTraitsCRT@D@ATL@@@@@ATL@@QAE@PBD@Z 004091b0 f i SkinListCtrl.obj
 0001:00008230       ??4?$CStringT@DV?$StrTraitMFC@DV?$ChTraitsCRT@D@ATL@@@@@ATL@@QAEAAV01@ABV01@@Z 00409230 f i SkinListCtrl.obj
 0001:00008250       ?CheckImplicitLoad@?$CStringT@DV?$StrTraitMFC@DV?$ChTraitsCRT@D@ATL@@@@@ATL@@AAE_NPBX@Z 00409250 f i SkinListCtrl.obj
 0001:000082a0       ?LoadStringA@?$CStringT@DV?$StrTraitMFC@DV?$ChTraitsCRT@D@ATL@@@@@ATL@@QAEHI@Z 004092a0 f i SkinListCtrl.obj
 0001:000082e0       ?LoadStringA@?$CStringT@DV?$StrTraitMFC@DV?$ChTraitsCRT@D@ATL@@@@@ATL@@QAEHPAUHINSTANCE__@@I@Z 004092e0 f i SkinListCtrl.obj
 0001:00008370       ?AtlGetStringResourceImage@ATL@@YAPBUATLSTRINGRESOURCEIMAGE@1@PAUHINSTANCE__@@I@Z 00409370 f i SkinListCtrl.obj
 0001:000083c0       ?_AtlGetStringResourceImage@ATL@@YAPBUATLSTRINGRESOURCEIMAGE@1@PAUHINSTANCE__@@PAUHRSRC__@@I@Z 004093c0 f i SkinListCtrl.obj
 0001:00008470       ??4?$CSimpleStringT@D$0A@@ATL@@QAEAAV01@ABV01@@Z 00409470 f i SkinListCtrl.obj
 0001:00008500       ?FindStringResourceInstance@?$StrTraitMFC@DV?$ChTraitsCRT@D@ATL@@@@SAPAUHINSTANCE__@@I@Z 00409500 f i SkinListCtrl.obj
 0001:00008510       ?CloneData@?$CSimpleStringT@D$0A@@ATL@@CAPAUCStringData@2@PAU32@@Z 00409510 f i SkinListCtrl.obj
 0001:000085c0       ?AddRef@CStringData@ATL@@QAEXXZ 004095c0 f i SkinListCtrl.obj
 0001:000085e0       ?GetBaseTypeLength@?$ChTraitsCRT@D@ATL@@SAHPB_WH@Z 004095e0 f i SkinListCtrl.obj
 0001:00008610       ?ConvertToBaseType@?$ChTraitsCRT@D@ATL@@SAXPADHPB_WH@Z 00409610 f i SkinListCtrl.obj
 0001:00008640       ??0FtpClient@@QAE@XZ       00409640 f   FtpClient.obj
 0001:00008700       ??1FtpClient@@QAE@XZ       00409700 f   FtpClient.obj
 0001:00008780       ?DisConnect@FtpClient@@QAEXXZ 00409780 f   FtpClient.obj
 0001:000087a0       ?DownLoadEx@FtpClient@@QAE_NPAD0_J@Z 004097a0 f   FtpClient.obj
 0001:00008ae0       ?DownLoad@FtpClient@@QAE_NPAD0_J@Z 00409ae0 f   FtpClient.obj
 0001:00008ef0       ?FileCheckOpen@FtpClient@@QAE_NXZ 00409ef0 f   FtpClient.obj
 0001:00009020       ?FileTransEx@FtpClient@@QAEXXZ 0040a020 f   FtpClient.obj
 0001:00009750       ?FileTrans@FtpClient@@QAEXXZ 0040a750 f   FtpClient.obj
 0001:0000a730       ?MakeFolder@FtpClient@@QAE_NPAD@Z 0040b730 f   FtpClient.obj
 0001:0000a8b0       ?ProcFileTrans@@YGIPAX@Z   0040b8b0 f   FtpClient.obj
 0001:0000a8f0       ?ProcFileTransEx@@YGIPAX@Z 0040b8f0 f   FtpClient.obj
 0001:0000a920       ?Find@?$CStringT@DV?$StrTraitMFC@DV?$ChTraitsCRT@D@ATL@@@@@ATL@@QBEHPBDH@Z 0040b920 f i FtpClient.obj
 0001:0000a9a0       ?ReverseFind@?$CStringT@DV?$StrTraitMFC@DV?$ChTraitsCRT@D@ATL@@@@@ATL@@QBEHD@Z 0040b9a0 f i FtpClient.obj
 0001:0000a9f0       ?Mid@?$CStringT@DV?$StrTraitMFC@DV?$ChTraitsCRT@D@ATL@@@@@ATL@@QBE?AV12@HH@Z 0040b9f0 f i FtpClient.obj
 0001:0000aad0       ?Right@?$CStringT@DV?$StrTraitMFC@DV?$ChTraitsCRT@D@ATL@@@@@ATL@@QBE?AV12@H@Z 0040bad0 f i FtpClient.obj
 0001:0000ab50       ?Left@?$CStringT@DV?$StrTraitMFC@DV?$ChTraitsCRT@D@ATL@@@@@ATL@@QBE?AV12@H@Z 0040bb50 f i FtpClient.obj
 0001:0000abd0       ?SetAt@?$CSimpleStringT@D$0A@@ATL@@QAEXHD@Z 0040bbd0 f i FtpClient.obj
 0001:0000ac30       ?GetBuffer@?$CSimpleStringT@D$0A@@ATL@@QAEPADXZ 0040bc30 f i FtpClient.obj
 0001:0000ac70       ??0?$CStringT@DV?$StrTraitMFC@DV?$ChTraitsCRT@D@ATL@@@@@ATL@@QAE@PBDHPAUIAtlStringMgr@1@@Z 0040bc70 f i FtpClient.obj
 0001:0000aca0       ?GetManager@?$CStringT@DV?$StrTraitMFC@DV?$ChTraitsCRT@D@ATL@@@@@ATL@@QBEPAUIAtlStringMgr@2@XZ 0040bca0 f i FtpClient.obj
 0001:0000ace0       ?StringFindString@?$ChTraitsCRT@D@ATL@@SAPBDPBD0@Z 0040bce0 f i FtpClient.obj
 0001:0000ad00       ?StringFindCharRev@?$ChTraitsCRT@D@ATL@@SAPBDPBDD@Z 0040bd00 f i FtpClient.obj
 0001:0000ad20       ??0?$CSimpleStringT@D$0A@@ATL@@QAE@PBDHPAUIAtlStringMgr@1@@Z 0040bd20 f i FtpClient.obj
 0001:0000adc0       ?GetManager@?$CSimpleStringT@D$0A@@ATL@@QBEPAUIAtlStringMgr@2@XZ 0040bdc0 f i FtpClient.obj
 0001:0000ae00       ??$AtlAddThrow@H@ATL@@YAHHH@Z 0040be00 f i FtpClient.obj
 0001:0000ae40       ??$AtlAdd@H@ATL@@YAJPAHHH@Z 0040be40 f i FtpClient.obj
 0001:0000ae70       ?SetTimer@CWnd@@QAEIIIP6GXPAUHWND__@@IIK@Z@Z 0040be70 f i FtpClient.obj
 0001:0000aea0       ??0?$CStringT@DV?$StrTraitMFC@DV?$ChTraitsCRT@D@ATL@@@@@ATL@@QAE@ABV01@@Z 0040bea0 f i FtpClient.obj
 0001:0000aec0       ?ReleaseBuffer@?$CSimpleStringT@D$0A@@ATL@@QAEXH@Z 0040bec0 f i FtpClient.obj
 0001:0000aef0       ??0?$CSimpleStringT@D$0A@@ATL@@QAE@ABV01@@Z 0040bef0 f i FtpClient.obj
 0001:0000af30       ??0NetworkController@@QAE@XZ 0040bf30 f   NetworkController.obj
 0001:0000b250       ??1NetworkController@@QAE@XZ 0040c250 f   NetworkController.obj
 0001:0000b450       ?PrepareResponse@NetworkController@@QAEXK@Z 0040c450 f   NetworkController.obj
 0001:0000b860       ?RecvData@NetworkController@@UAEXPAVPacket@@@Z 0040c860 f   NetworkController.obj
 0001:0000b870       ?GetMessageSize@NetworkController@@QAEKPBDKK@Z 0040c870 f   NetworkController.obj
 0001:0000b8f0       ?MMSocketCreate@NetworkController@@QAEHXZ 0040c8f0 f   NetworkController.obj
 0001:0000b970       ?MMSocketConnectTCP@NetworkController@@QAEHXZ 0040c970 f   NetworkController.obj
 0001:0000bb10       ?MMSocketClose@NetworkController@@QAEXXZ 0040cb10 f   NetworkController.obj
 0001:0000bc00       ?MMServerFree@NetworkController@@QAEXXZ 0040cc00 f   NetworkController.obj
 0001:0000bca0       ?MMCreateThreadPool@NetworkController@@QAEHI@Z 0040cca0 f   NetworkController.obj
 0001:0000bda0       ?MMForceThreadKill@NetworkController@@QAEXPAX@Z 0040cda0 f   NetworkController.obj
 0001:0000bde0       ?ProcessingSendThread@NetworkController@@QAEXXZ 0040cde0 f   NetworkController.obj
 0001:0000beb0       ?ProcessingRecvThread@NetworkController@@QAEXXZ 0040ceb0 f   NetworkController.obj
 0001:0000bf80       ?MMCheckSend@NetworkController@@QAEHPAVPacket@@@Z 0040cf80 f   NetworkController.obj
 0001:0000c030       ?MMSendPost@NetworkController@@QAEHXZ 0040d030 f   NetworkController.obj
 0001:0000c2f0       ?MMRecvPost@NetworkController@@QAEHXZ 0040d2f0 f   NetworkController.obj
 0001:0000c4f0       ?RecvQueuePut@NetworkController@@QAE_NPAVPacket@@@Z 0040d4f0 f   NetworkController.obj
 0001:0000c5a0       ?RecvQueueGet@NetworkController@@QAEPAVPacket@@XZ 0040d5a0 f   NetworkController.obj
 0001:0000c610       ?RecvPacketLoop@NetworkController@@QAEXXZ 0040d610 f   NetworkController.obj
 0001:0000c6e0       ?ProcRecvTrans@@YGIPAX@Z   0040d6e0 f   NetworkController.obj
 0001:0000c700       ?RecvCompletedTCP@@YGXKKPAU_OVERLAPPED@@K@Z 0040d700 f   NetworkController.obj
 0001:0000c800       ?SendCompletedTCP@@YGXKKPAU_OVERLAPPED@@K@Z 0040d800 f   NetworkController.obj
 0001:0000c8d0       ??_G?$List@PAVPacket@@@@QAEPAXI@Z 0040d8d0 f i NetworkController.obj
 0001:0000c900       ??0Packet@@QAE@XZ          0040d900 f i NetworkController.obj
 0001:0000c940       ?Pack@Packet@@QAEHFPBDH@Z  0040d940 f i NetworkController.obj
 0001:0000caf0       ?Unpack@Packet@@QAEHPBDH@Z 0040daf0 f i NetworkController.obj
 0001:0000cc50       ?IsValid@Packet@@QAEHXZ    0040dc50 f i NetworkController.obj
 0001:0000cca0       ??_GPacket@@QAEPAXI@Z      0040dca0 f i NetworkController.obj
 0001:0000ccd0       ??1Packet@@QAE@XZ          0040dcd0 f i NetworkController.obj
 0001:0000cd10       ?GetLength@Packet@@QAEHXZ  0040dd10 f i NetworkController.obj
 0001:0000cd30       ??0?$List@PAVPacket@@@@QAE@XZ 0040dd30 f i NetworkController.obj
 0001:0000ce10       ??1?$List@PAVPacket@@@@QAE@XZ 0040de10 f i NetworkController.obj
 0001:0000ce50       ?AddTail@?$List@PAVPacket@@@@QAE_NAAPAVPacket@@@Z 0040de50 f i NetworkController.obj
 0001:0000ce80       ?RemoveAt@?$List@PAVPacket@@@@QAE_NH_N@Z 0040de80 f i NetworkController.obj
 0001:0000cef0       ?RemoveAll@?$List@PAVPacket@@@@QAE_N_N@Z 0040def0 f i NetworkController.obj
 0001:0000cfb0       ?GetAt2@?$List@PAVPacket@@@@QBEAAPAVPacket@@H@Z 0040dfb0 f i NetworkController.obj
 0001:0000cfe0       ?InsertBefore@?$List@PAVPacket@@@@QAE_NAAPAVPacket@@PAV?$cnode@PAVPacket@@@@@Z 0040dfe0 f i NetworkController.obj
 0001:0000d090       ?RemoveAt@?$List@PAVPacket@@@@QAE_NPAV?$cnode@PAVPacket@@@@_N@Z 0040e090 f i NetworkController.obj
 0001:0000d150       ?GetAt@?$List@PAVPacket@@@@QBEPAV?$cnode@PAVPacket@@@@H@Z 0040e150 f i NetworkController.obj
 0001:0000d1b0       ??0Worker@@QAE@PAVdown_window@@@Z 0040e1b0 f   Worker.obj
 0001:0000d210       ??1Worker@@QAE@XZ          0040e210 f   Worker.obj
 0001:0000d230       ?Init@Worker@@QAE_NPADI@Z  0040e230 f   Worker.obj
 0001:0000d280       ?End@Worker@@QAEXXZ        0040e280 f   Worker.obj
 0001:0000d2b0       ?SendPacket@Worker@@QAEXPAVPacket@@@Z 0040e2b0 f   Worker.obj
 0001:0000d330       ?RecvData@Worker@@UAEXPAVPacket@@@Z 0040e330 f   Worker.obj
 0001:0000d660       ?Result_Login@Worker@@QAEXPAVPacket@@@Z 0040e660 f   Worker.obj
 0001:0000d980       ?Result_DownLoadPre@Worker@@QAEXPAVPacket@@@Z 0040e980 f   Worker.obj
 0001:0000fcb0       ?Result_DownLoadPro@Worker@@QAEXPAVPacket@@@Z 00410cb0 f   Worker.obj
 0001:000108f0       ?Result_DownLoadEnd@Worker@@QAEXPAVPacket@@@Z 004118f0 f   Worker.obj
 0001:00010960       ?Result_Item_Add@Worker@@QAEXPAVPacket@@@Z 00411960 f   Worker.obj
 0001:00012dd0       ?Result_Dupl_Close@Worker@@QAEXPAVPacket@@@Z 00413dd0 f   Worker.obj
 0001:00012e40       ?SpecialText@Worker@@QAEXAAV?$CStringT@DV?$StrTraitMFC@DV?$ChTraitsCRT@D@ATL@@@@@ATL@@@Z 00413e40 f   Worker.obj
 0001:00012ee0       ?SlashAdd@Worker@@QAEXAAV?$CStringT@DV?$StrTraitMFC@DV?$ChTraitsCRT@D@ATL@@@@@ATL@@@Z 00413ee0 f   Worker.obj
 0001:00012f00       ?AddComma@Worker@@QAEXAAV?$CStringT@DV?$StrTraitMFC@DV?$ChTraitsCRT@D@ATL@@@@@ATL@@_J@Z 00413f00 f   Worker.obj
 0001:00012fa0       ?StrToCString@Worker@@QAE?AV?$CStringT@DV?$StrTraitMFC@DV?$ChTraitsCRT@D@ATL@@@@@ATL@@PADH@Z 00413fa0 f   Worker.obj
 0001:00013070       ?Mureka_files_check@Worker@@QAE_NXZ 00414070 f   Worker.obj
 0001:00013620       ?GetCode@Packet@@QAEHXZ    00414620 f i Worker.obj
 0001:00013640       ?GetData@Packet@@QAEPADXZ  00414640 f i Worker.obj
 0001:00013660       ??_GCToken@@QAEPAXI@Z      00414660 f i Worker.obj
 0001:00013690       ??1CToken@@QAE@XZ          00414690 f i Worker.obj
 0001:000136b0       ??Y?$CStringT@DV?$StrTraitMFC@DV?$ChTraitsCRT@D@ATL@@@@@ATL@@QAEAAV01@ABV?$CSimpleStringT@D$0A@@1@@Z 004146b0 f i Worker.obj
 0001:000136d0       ??Y?$CStringT@DV?$StrTraitMFC@DV?$ChTraitsCRT@D@ATL@@@@@ATL@@QAEAAV01@PBD@Z 004146d0 f i Worker.obj
 0001:000136f0       ?Insert@?$CStringT@DV?$StrTraitMFC@DV?$ChTraitsCRT@D@ATL@@@@@ATL@@QAEHHD@Z 004146f0 f i Worker.obj
 0001:00013790       ?memmove_s@Checked@ATL@@YAXPAXIPBXI@Z 00414790 f i Worker.obj
 0001:000137c0       ?Replace@?$CStringT@DV?$StrTraitMFC@DV?$ChTraitsCRT@D@ATL@@@@@ATL@@QAEHDD@Z 004147c0 f i Worker.obj
 0001:00013880       ?Replace@?$CStringT@DV?$StrTraitMFC@DV?$ChTraitsCRT@D@ATL@@@@@ATL@@QAEHPBD0@Z 00414880 f i Worker.obj
 0001:00013a40       ?memcpy_s@Checked@ATL@@YAXPAXIPBXI@Z 00414a40 f i Worker.obj
 0001:00013a70       ?Remove@?$CStringT@DV?$StrTraitMFC@DV?$ChTraitsCRT@D@ATL@@@@@ATL@@QAEHD@Z 00414a70 f i Worker.obj
 0001:00013b60       ?Find@?$CStringT@DV?$StrTraitMFC@DV?$ChTraitsCRT@D@ATL@@@@@ATL@@QBEHDH@Z 00414b60 f i Worker.obj
 0001:00013bd0       ?TrimRight@?$CStringT@DV?$StrTraitMFC@DV?$ChTraitsCRT@D@ATL@@@@@ATL@@QAEAAV12@XZ 00414bd0 f i Worker.obj
 0001:00013c60       ?TrimLeft@?$CStringT@DV?$StrTraitMFC@DV?$ChTraitsCRT@D@ATL@@@@@ATL@@QAEAAV12@XZ 00414c60 f i Worker.obj
 0001:00013d10       ?Trim@?$CStringT@DV?$StrTraitMFC@DV?$ChTraitsCRT@D@ATL@@@@@ATL@@QAEAAV12@XZ 00414d10 f i Worker.obj
 0001:00013d30       ??8ATL@@YA_NABV?$CStringT@DV?$StrTraitMFC@DV?$ChTraitsCRT@D@ATL@@@@@0@PBD@Z 00414d30 f i Worker.obj
 0001:00013d50       ??9ATL@@YA_NABV?$CStringT@DV?$StrTraitMFC@DV?$ChTraitsCRT@D@ATL@@@@@0@PBD@Z 00414d50 f i Worker.obj
 0001:00013d70       ??9ATL@@YA_NABV?$CStringT@DV?$StrTraitMFC@DV?$ChTraitsCRT@D@ATL@@@@@0@D@Z 00414d70 f i Worker.obj
 0001:00013db0       ?size@?$vector@UCONTENTSITEM@@V?$allocator@UCONTENTSITEM@@@std@@@std@@QBEIXZ 00414db0 f i Worker.obj
 0001:00013df0       ??A?$vector@UCONTENTSITEM@@V?$allocator@UCONTENTSITEM@@@std@@@std@@QAEAAUCONTENTSITEM@@I@Z 00414df0 f i Worker.obj
 0001:00013e20       ?push_back@?$vector@UCONTENTSITEM@@V?$allocator@UCONTENTSITEM@@@std@@@std@@QAEXABUCONTENTSITEM@@@Z 00414e20 f i Worker.obj
 0001:00013e90       ?Compare@?$CStringT@DV?$StrTraitMFC@DV?$ChTraitsCRT@D@ATL@@@@@ATL@@QBEHPBD@Z 00414e90 f i Worker.obj
 0001:00013ee0       ?AtlIsValidString@ATL@@YAHPBDI@Z 00414ee0 f i Worker.obj
 0001:00013ef0       ??Y?$CSimpleStringT@D$0A@@ATL@@QAEAAV01@ABV01@@Z 00414ef0 f i Worker.obj
 0001:00013f10       ?Append@?$CSimpleStringT@D$0A@@ATL@@QAEXABV12@@Z 00414f10 f i Worker.obj
 0001:00013f40       ?Append@?$CSimpleStringT@D$0A@@ATL@@QAEXPBDH@Z 00414f40 f i Worker.obj
 0001:00013fd0       ??Y?$CSimpleStringT@D$0A@@ATL@@QAEAAV01@PBD@Z 00414fd0 f i Worker.obj
 0001:00013ff0       ??A?$CSimpleStringT@D$0A@@ATL@@QBEDH@Z 00414ff0 f i Worker.obj
 0001:00013ff0       ?GetAt@?$CSimpleStringT@D$0A@@ATL@@QBEDH@Z 00414ff0 f i Worker.obj
 0001:00014030       ?Truncate@?$CSimpleStringT@D$0A@@ATL@@QAEXH@Z 00415030 f i Worker.obj
 0001:00014060       ?CharNextA@?$ChTraitsCRT@D@ATL@@SAPADPBD@Z 00415060 f i Worker.obj
 0001:00014080       ?IsSpace@?$ChTraitsCRT@D@ATL@@SAHD@Z 00415080 f i Worker.obj
 0001:000140a0       ?StringFindString@?$ChTraitsCRT@D@ATL@@SAPADPADPBD@Z 004150a0 f i Worker.obj
 0001:000140c0       ?StringFindChar@?$ChTraitsCRT@D@ATL@@SAPBDPBDD@Z 004150c0 f i Worker.obj
 0001:000140e0       ?SafeStringLen@?$ChTraitsCRT@D@ATL@@SAHPBD@Z 004150e0 f i Worker.obj
 0001:00014110       ?capacity@?$vector@UCONTENTSITEM@@V?$allocator@UCONTENTSITEM@@@std@@@std@@QBEIXZ 00415110 f i Worker.obj
 0001:00014150       ?insert@?$vector@UCONTENTSITEM@@V?$allocator@UCONTENTSITEM@@@std@@@std@@QAE?AV?$_Vector_iterator@UCONTENTSITEM@@V?$allocator@UCONTENTSITEM@@@std@@@2@V32@ABUCONTENTSITEM@@@Z 00415150 f i Worker.obj
 0001:000141d0       ?_Ufill@?$vector@UCONTENTSITEM@@V?$allocator@UCONTENTSITEM@@@std@@@std@@IAEPAUCONTENTSITEM@@PAU3@IABU3@@Z 004151d0 f i Worker.obj
 0001:00014200       ?Append@?$CSimpleStringT@D$0A@@ATL@@QAEXPBD@Z 00415200 f i Worker.obj
 0001:00014230       ?begin@?$vector@UCONTENTSITEM@@V?$allocator@UCONTENTSITEM@@@std@@@std@@QAE?AV?$_Vector_iterator@UCONTENTSITEM@@V?$allocator@UCONTENTSITEM@@@std@@@2@XZ 00415230 f i Worker.obj
 0001:00014230       ?begin@?$vector@UTFrame@CPictureEx@@V?$allocator@UTFrame@CPictureEx@@@std@@@std@@QAE?AV?$_Vector_iterator@UTFrame@CPictureEx@@V?$allocator@UTFrame@CPictureEx@@@std@@@2@XZ 00415230 f i PictureEx.obj
 0001:00014230       ?begin@?$vector@V?$CStringT@DV?$StrTraitMFC@DV?$ChTraitsCRT@D@ATL@@@@@ATL@@V?$allocator@V?$CStringT@DV?$StrTraitMFC@DV?$ChTraitsCRT@D@ATL@@@@@ATL@@@std@@@std@@QAE?AV?$_Vector_iterator@V?$CStringT@DV?$StrTraitMFC@DV?$ChTraitsCRT@D@ATL@@@@@ATL@@V?$allocator@V?$CStringT@DV?$StrTraitMFC@DV?$ChTraitsCRT@D@ATL@@@@@ATL@@@std@@@2@XZ 00415230 f i down_window_init.obj
 0001:00014260       ?_Insert_n@?$vector@UCONTENTSITEM@@V?$allocator@UCONTENTSITEM@@@std@@@std@@IAEXV?$_Vector_iterator@UCONTENTSITEM@@V?$allocator@UCONTENTSITEM@@@std@@@2@IABUCONTENTSITEM@@@Z 00415260 f i Worker.obj
 0001:000145a0       ??0?$_Vector_iterator@UCONTENTSITEM@@V?$allocator@UCONTENTSITEM@@@std@@@std@@QAE@PAUCONTENTSITEM@@PBU_Container_base@1@@Z 004155a0 f i Worker.obj
 0001:000145a0       ??0?$_Vector_iterator@UTFrame@CPictureEx@@V?$allocator@UTFrame@CPictureEx@@@std@@@std@@QAE@PAUTFrame@CPictureEx@@PBU_Container_base@1@@Z 004155a0 f i PictureEx.obj
 0001:000145a0       ??0?$_Vector_iterator@V?$CStringT@DV?$StrTraitMFC@DV?$ChTraitsCRT@D@ATL@@@@@ATL@@V?$allocator@V?$CStringT@DV?$StrTraitMFC@DV?$ChTraitsCRT@D@ATL@@@@@ATL@@@std@@@std@@QAE@PAV?$CStringT@DV?$StrTraitMFC@DV?$ChTraitsCRT@D@ATL@@@@@ATL@@PBU_Container_base@1@@Z 004155a0 f i down_window_init.obj
 0001:000145c0       ??H?$_Vector_iterator@UCONTENTSITEM@@V?$allocator@UCONTENTSITEM@@@std@@@std@@QBE?AV01@H@Z 004155c0 f i Worker.obj
 0001:00014600       ??G?$_Vector_iterator@UCONTENTSITEM@@V?$allocator@UCONTENTSITEM@@@std@@@std@@QBEHABV?$_Vector_const_iterator@UCONTENTSITEM@@V?$allocator@UCONTENTSITEM@@@std@@@1@@Z 00415600 f i Worker.obj
 0001:00014620       ?max_size@?$vector@UCONTENTSITEM@@V?$allocator@UCONTENTSITEM@@@std@@@std@@QBEIXZ 00415620 f i Worker.obj
 0001:00014640       ?_Destroy@?$vector@UCONTENTSITEM@@V?$allocator@UCONTENTSITEM@@@std@@@std@@IAEXPAUCONTENTSITEM@@0@Z 00415640 f i Worker.obj
 0001:00014670       ?allocate@?$allocator@UCONTENTSITEM@@@std@@QAEPAUCONTENTSITEM@@I@Z 00415670 f i Worker.obj
 0001:00014690       ??Y?$_Vector_iterator@UCONTENTSITEM@@V?$allocator@UCONTENTSITEM@@@std@@@std@@QAEAAV01@H@Z 00415690 f i Worker.obj
 0001:000146b0       ??0?$_Vector_const_iterator@V?$CStringT@DV?$StrTraitMFC@DV?$ChTraitsCRT@D@ATL@@@@@ATL@@V?$allocator@V?$CStringT@DV?$StrTraitMFC@DV?$ChTraitsCRT@D@ATL@@@@@ATL@@@std@@@std@@QAE@PAV?$CStringT@DV?$StrTraitMFC@DV?$ChTraitsCRT@D@ATL@@@@@ATL@@PBU_Container_base@1@@Z 004156b0 f i down_window_init.obj
 0001:000146b0       ??0?$_Vector_const_iterator@UCONTENTSITEM@@V?$allocator@UCONTENTSITEM@@@std@@@std@@QAE@PAUCONTENTSITEM@@PBU_Container_base@1@@Z 004156b0 f i Worker.obj
 0001:000146b0       ??0?$_Vector_const_iterator@UTFrame@CPictureEx@@V?$allocator@UTFrame@CPictureEx@@@std@@@std@@QAE@PAUTFrame@CPictureEx@@PBU_Container_base@1@@Z 004156b0 f i PictureEx.obj
 0001:00014700       ??G?$_Vector_const_iterator@UCONTENTSITEM@@V?$allocator@UCONTENTSITEM@@@std@@@std@@QBEHABV01@@Z 00415700 f i Worker.obj
 0001:00014740       ??0?$_Ranit@V?$CStringT@DV?$StrTraitMFC@DV?$ChTraitsCRT@D@ATL@@@@@ATL@@HPBV12@ABV12@@std@@QAE@XZ 00415740 f i down_window_init.obj
 0001:00014740       ??0?$CComPtr@UIHTMLBodyElement@@@ATL@@QAE@XZ 00415740 f i HtmlViewer.obj
 0001:00014740       ??0?$CComPtr@UIHTMLElement2@@@ATL@@QAE@XZ 00415740 f i HtmlViewer.obj
 0001:00014740       ??0?$CComPtr@UIHTMLElement@@@ATL@@QAE@XZ 00415740 f i HtmlViewer.obj
 0001:00014740       ??0?$CComPtr@UIDispatch@@@ATL@@QAE@XZ 00415740 f i HtmlViewer.obj
 0001:00014740       ??0?$CComPtr@UIHTMLDocument2@@@ATL@@QAE@XZ 00415740 f i HtmlViewer.obj
 0001:00014740       ??0?$_Ranit@UTFrame@CPictureEx@@HPBU12@ABU12@@std@@QAE@XZ 00415740 f i PictureEx.obj
 0001:00014740       ??0?$_Ranit@UCONTENTSITEM@@HPBU1@ABU1@@std@@QAE@XZ 00415740 f i Worker.obj
 0001:00014760       ?max_size@?$allocator@UCONTENTSITEM@@@std@@QBEIXZ 00415760 f i Worker.obj
 0001:00014790       ??Y?$_Vector_const_iterator@UCONTENTSITEM@@V?$allocator@UCONTENTSITEM@@@std@@@std@@QAEAAV01@H@Z 00415790 f i Worker.obj
 0001:000147f0       ??$strcpy_s@$0DC@@@YAHAAY0DC@DPBD@Z 004157f0 f i Worker.obj
 0001:00014810       ??$unchecked_uninitialized_fill_n@PAUCONTENTSITEM@@IU1@V?$allocator@UCONTENTSITEM@@@std@@@stdext@@YAXPAUCONTENTSITEM@@IABU1@AAV?$allocator@UCONTENTSITEM@@@std@@@Z 00415810 f i Worker.obj
 0001:00014850       ??$_Umove@PAUCONTENTSITEM@@@?$vector@UCONTENTSITEM@@V?$allocator@UCONTENTSITEM@@@std@@@std@@IAEPAUCONTENTSITEM@@PAU2@00@Z 00415850 f i Worker.obj
 0001:00014880       ??$fill@PAUCONTENTSITEM@@U1@@std@@YAXPAUCONTENTSITEM@@0ABU1@@Z 00415880 f i Worker.obj
 0001:000148b0       ??$_Unchecked_move_backward@PAUCONTENTSITEM@@PAU1@@stdext@@YAPAUCONTENTSITEM@@PAU1@00@Z 004158b0 f i Worker.obj
 0001:00014920       ??$_Destroy_range@UCONTENTSITEM@@V?$allocator@UCONTENTSITEM@@@std@@@std@@YAXPAUCONTENTSITEM@@0AAV?$allocator@UCONTENTSITEM@@@0@@Z 00415920 f i Worker.obj
 0001:00014960       ??$_Allocate@UCONTENTSITEM@@@std@@YAPAUCONTENTSITEM@@IPAU1@@Z 00415960 f i Worker.obj
 0001:000149b0       ??$_Uninit_fill_n@PAUCONTENTSITEM@@IU1@V?$allocator@UCONTENTSITEM@@@std@@@std@@YAXPAUCONTENTSITEM@@IABU1@AAV?$allocator@UCONTENTSITEM@@@0@U_Nonscalar_ptr_iterator_tag@0@U_Range_checked_iterator_tag@0@@Z 004159b0 f i Worker.obj
 0001:00014a60       ??$_Unchecked_uninitialized_move@PAUCONTENTSITEM@@PAU1@V?$allocator@UCONTENTSITEM@@@std@@@stdext@@YAPAUCONTENTSITEM@@PAU1@00AAV?$allocator@UCONTENTSITEM@@@std@@@Z 00415a60 f i Worker.obj
 0001:00014ab0       ??$_Fill@PAUCONTENTSITEM@@U1@@std@@YAXPAUCONTENTSITEM@@0ABU1@@Z 00415ab0 f i Worker.obj
 0001:00014ae0       ??$_Move_backward_opt@PAUCONTENTSITEM@@PAU1@Urandom_access_iterator_tag@std@@U_Undefined_move_tag@3@@std@@YAPAUCONTENTSITEM@@PAU1@00Urandom_access_iterator_tag@0@U_Undefined_move_tag@0@U_Range_checked_iterator_tag@0@@Z 00415ae0 f i Worker.obj
 0001:00014b20       ??$_Destroy_range@UCONTENTSITEM@@V?$allocator@UCONTENTSITEM@@@std@@@std@@YAXPAUCONTENTSITEM@@0AAV?$allocator@UCONTENTSITEM@@@0@U_Nonscalar_ptr_iterator_tag@0@@Z 00415b20 f i Worker.obj
 0001:00014b50       ?construct@?$allocator@UCONTENTSITEM@@@std@@QAEXPAUCONTENTSITEM@@ABU3@@Z 00415b50 f i Worker.obj
 0001:00014b70       ??$_Uninit_move@PAUCONTENTSITEM@@PAU1@V?$allocator@UCONTENTSITEM@@@std@@U_Undefined_move_tag@3@@std@@YAPAUCONTENTSITEM@@PAU1@00AAV?$allocator@UCONTENTSITEM@@@0@U_Undefined_move_tag@0@U_Range_checked_iterator_tag@0@@Z 00415b70 f i Worker.obj
 0001:00014b90       ??$_Checked_base@PAV?$CStringT@DV?$StrTraitMFC@DV?$ChTraitsCRT@D@ATL@@@@@ATL@@@std@@YAPAV?$CStringT@DV?$StrTraitMFC@DV?$ChTraitsCRT@D@ATL@@@@@ATL@@AAPAV12@U_Unchanged_checked_iterator_base_type_tag@0@@Z 00415b90 f i down_window_init.obj
 0001:00014b90       ??$_Checked_base@PAUCONTENTSITEM@@@std@@YAPAUCONTENTSITEM@@AAPAU1@U_Unchanged_checked_iterator_base_type_tag@0@@Z 00415b90 f i Worker.obj
 0001:00014b90       ??$_Checked_base@PAUTFrame@CPictureEx@@@std@@YAPAUTFrame@CPictureEx@@AAPAU12@U_Unchanged_checked_iterator_base_type_tag@0@@Z 00415b90 f i PictureEx.obj
 0001:00014ba0       ??$_Copy_backward_opt@PAUCONTENTSITEM@@PAU1@@std@@YAPAUCONTENTSITEM@@PAU1@00Urandom_access_iterator_tag@0@U_Nonscalar_ptr_iterator_tag@0@U_Range_checked_iterator_tag@0@@Z 00415ba0 f i Worker.obj
 0001:00014c00       ??$_Construct@UCONTENTSITEM@@U1@@std@@YAXPAUCONTENTSITEM@@ABU1@@Z 00415c00 f i Worker.obj
 0001:00014c50       ??$unchecked_uninitialized_copy@PAUCONTENTSITEM@@PAU1@V?$allocator@UCONTENTSITEM@@@std@@@stdext@@YAPAUCONTENTSITEM@@PAU1@00AAV?$allocator@UCONTENTSITEM@@@std@@@Z 00415c50 f i Worker.obj
 0001:00014cb0       ??$_Copy_backward_opt@PAUCONTENTSITEM@@PAU1@Uforward_iterator_tag@std@@@std@@YAPAUCONTENTSITEM@@PAU1@00Uforward_iterator_tag@0@U_Nonscalar_ptr_iterator_tag@0@U_Range_checked_iterator_tag@0@@Z 00415cb0 f i Worker.obj
 0001:00014cf0       ??$_Uninit_copy@PAUCONTENTSITEM@@PAU1@V?$allocator@UCONTENTSITEM@@@std@@@std@@YAPAUCONTENTSITEM@@PAU1@00AAV?$allocator@UCONTENTSITEM@@@0@U_Nonscalar_ptr_iterator_tag@0@U_Range_checked_iterator_tag@0@@Z 00415cf0 f i Worker.obj
 0001:00014db0       ?RedrawWindow@CWnd@@QAEHPBUtagRECT@@PAVCRgn@@I@Z 00415db0 f i Worker.obj
 0001:00014de0       ?KillTimer@CWnd@@QAEHI@Z   00415de0 f i Worker.obj
 0001:00014e00       ?SetItemData@CListCtrl@@QAEHHK@Z 00415e00 f i Worker.obj
 0001:00014e30       ?SetColumnWidth@CListCtrl@@QAEHHH@Z 00415e30 f i Worker.obj
 0001:00014e60       ??Y?$CStringT@DV?$StrTraitMFC@DV?$ChTraitsCRT@D@ATL@@@@@ATL@@QAEAAV01@D@Z 00415e60 f i Worker.obj
 0001:00014e80       ??Y?$CSimpleStringT@D$0A@@ATL@@QAEAAV01@D@Z 00415e80 f i Worker.obj
 0001:00014ea0       ?AppendChar@?$CSimpleStringT@D$0A@@ATL@@QAEXD@Z 00415ea0 f i Worker.obj
 0001:00014ef0       ??0CBTray@@QAE@PAUHWND__@@PAUHINSTANCE__@@V?$CStringT@DV?$StrTraitMFC@DV?$ChTraitsCRT@D@ATL@@@@@ATL@@@Z 00415ef0 f   BTray.obj
 0001:00015090       ??1CBTray@@UAE@XZ          00416090 f   BTray.obj
 0001:000150b0       ?TrayBegin@CBTray@@QAEXXZ  004160b0 f   BTray.obj
 0001:000151a0       ?TrayEnd@CBTray@@QAEXXZ    004161a0 f   BTray.obj
 0001:00015230       ?OnTrayIconNotify@CBTray@@QAEXI@Z 00416230 f   BTray.obj
 0001:00015280       ?OnShowMenu@CBTray@@QAEXXZ 00416280 f   BTray.obj
 0001:00015310       ?IconAdd@CBTray@@QAEXXZ    00416310 f   BTray.obj
 0001:000153a0       ?IconDel@CBTray@@QAEXXZ    004163a0 f   BTray.obj
 0001:00015410       ?IconChange@CBTray@@QAEXXZ 00416410 f   BTray.obj
 0001:000154a0       ?IconFix@CBTray@@QAEXPAUHICON__@@@Z 004164a0 f   BTray.obj
 0001:00015500       ??_ECBTray@@UAEPAXI@Z      00416500 f i BTray.obj
 0001:00015500       ??_GCBTray@@UAEPAXI@Z      00416500 f i BTray.obj
 0001:00015530       ??2CObject@@SGPAXI@Z       00416530 f i BTray.obj
 0001:00015550       ?CloseWindow@CWnd@@QAEXXZ  00416550 f i BTray.obj
 0001:00015570       ??0CBase64@@QAE@XZ         00416570 f   CBase64.obj
 0001:00015580       ??1CBase64@@QAE@XZ         00416580 f   CBase64.obj
 0001:00015590       ?base64_decode@CBase64@@QAEHPADPAEH@Z 00416590 f   CBase64.obj
 0001:000156f0       ?base64_encode@CBase64@@QAEPADPADH@Z 004166f0 f   CBase64.obj
 0001:000158d0       ??0CComboEx@@QAE@XZ        004168d0 f   ComboEx.obj
 0001:00015970       ??1CComboEx@@UAE@XZ        00416970 f   ComboEx.obj
 0001:000159d0       ?GetMessageMap@CComboEx@@MBEPBUAFX_MSGMAP@@XZ 004169d0 f   ComboEx.obj
 0001:000159e0       ?GetThisMessageMap@CComboEx@@KGPBUAFX_MSGMAP@@XZ 004169e0 f   ComboEx.obj
 0001:000159f0       ?MeasureItem@CComboEx@@UAEXPAUtagMEASUREITEMSTRUCT@@@Z 004169f0 f   ComboEx.obj
 0001:00015a10       ?OnPaint@CComboEx@@IAEXXZ  00416a10 f   ComboEx.obj
 0001:00015ce0       ?OnMouseMove@CComboEx@@IAEXIVCPoint@@@Z 00416ce0 f   ComboEx.obj
 0001:00015dc0       ?OnCaptureChanged@CComboEx@@IAEXPAVCWnd@@@Z 00416dc0 f   ComboEx.obj
 0001:00015de0       ?OnSetfocus@CComboEx@@IAEXXZ 00416de0 f   ComboEx.obj
 0001:00015e10       ?OnKillfocus@CComboEx@@IAEXXZ 00416e10 f   ComboEx.obj
 0001:00015e40       ?OnLButtonDown@CComboEx@@IAEXIVCPoint@@@Z 00416e40 f   ComboEx.obj
 0001:00015e80       ?OnLButtonUp@CComboEx@@IAEXIVCPoint@@@Z 00416e80 f   ComboEx.obj
 0001:00015ec0       ?DrawItem@CComboEx@@UAEXPAUtagDRAWITEMSTRUCT@@@Z 00416ec0 f   ComboEx.obj
 0001:000161e0       ?AddIcon@CComboEx@@QAEHHV?$CStringT@DV?$StrTraitMFC@DV?$ChTraitsCRT@D@ATL@@@@@ATL@@@Z 004171e0 f   ComboEx.obj
 0001:00016320       ?InsertIcon@CComboEx@@QAEHHHV?$CStringT@DV?$StrTraitMFC@DV?$ChTraitsCRT@D@ATL@@@@@ATL@@@Z 00417320 f   ComboEx.obj
 0001:00016490       ?DeleteItem@CComboEx@@UAEXPAUtagDELETEITEMSTRUCT@@@Z 00417490 f   ComboEx.obj
 0001:000164f0       ?DeleteIcon@CComboEx@@QAEXH@Z 004174f0 f   ComboEx.obj
 0001:00016510       ?GetCurSelIcon@CComboEx@@QAEHXZ 00417510 f   ComboEx.obj
 0001:00016540       ?SetCurSelIcon@CComboEx@@QAEXH@Z 00417540 f   ComboEx.obj
 0001:000165a0       ?OnDropdown@CComboEx@@IAEXXZ 004175a0 f   ComboEx.obj
 0001:00016730       ?PreSubclassWindow@CComboEx@@MAEXXZ 00417730 f   ComboEx.obj
 0001:00016780       ?PreTranslateMessage@CComboEx@@UAEHPAUtagMSG@@@Z 00417780 f   ComboEx.obj
 0001:000167b0       ?SetTooltipText@CComboEx@@QAEXV?$CStringT@DV?$StrTraitMFC@DV?$ChTraitsCRT@D@ATL@@@@@ATL@@@Z 004177b0 f   ComboEx.obj
 0001:00016820       ?SetTooltipText@CComboEx@@QAEXH@Z 00417820 f   ComboEx.obj
 0001:000168c0       ??_GCComboEx@@UAEPAXI@Z    004178c0 f i ComboEx.obj
 0001:000168c0       ??_ECComboEx@@UAEPAXI@Z    004178c0 f i ComboEx.obj
 0001:000168f0       ??0_IconComboBox@@QAE@XZ   004178f0 f i ComboEx.obj
 0001:00016910       ??_G_IconComboBox@@QAEPAXI@Z 00417910 f i ComboEx.obj
 0001:00016940       ??1_IconComboBox@@QAE@XZ   00417940 f i ComboEx.obj
 0001:00016960       ?IsEmpty@?$CSimpleStringT@D$0A@@ATL@@QBE_NXZ 00417960 f i ComboEx.obj
 0001:00016980       ?OffsetRect@CRect@@QAEXHH@Z 00417980 f i ComboEx.obj
 0001:000169a0       ?AfxGetApp@@YGPAVCWinApp@@XZ 004179a0 f i ComboEx.obj
 0001:000169b0       ?ClientToScreen@CWnd@@QBEXPAUtagPOINT@@@Z 004179b0 f i ComboEx.obj
 0001:000169d0       ?GetCapture@CWnd@@SGPAV1@XZ 004179d0 f i ComboEx.obj
 0001:000169f0       ?SetCapture@CWnd@@QAEPAV1@XZ 004179f0 f i ComboEx.obj
 0001:00016a10       ?WindowFromPoint@CWnd@@SGPAV1@UtagPOINT@@@Z 00417a10 f i ComboEx.obj
 0001:00016a30       ?OnMouseMove@CWnd@@IAEXIVCPoint@@@Z 00417a30 f i ComboEx.obj
 0001:00016a30       ?OnLButtonUp@CWnd@@IAEXIVCPoint@@@Z 00417a30 f i ComboEx.obj
 0001:00016a30       ?OnSize@CWnd@@IAEXIHH@Z    00417a30 f i SkinDialog.obj
 0001:00016a30       ?OnSetCursor@CWnd@@IAEHPAV1@II@Z 00417a30 f i Label.obj
 0001:00016a30       ?OnLButtonDown@CWnd@@IAEXIVCPoint@@@Z 00417a30 f i ComboEx.obj
 0001:00016a50       ??0CComboBox@@QAE@XZ       00417a50 f i ComboEx.obj
 0001:00016a70       ??_GCComboBox@@UAEPAXI@Z   00417a70 f i ComboEx.obj
 0001:00016a70       ??_ECComboBox@@UAEPAXI@Z   00417a70 f i ComboEx.obj
 0001:00016aa0       ?GetCount@CComboBox@@QBEHXZ 00417aa0 f i ComboEx.obj
 0001:00016ad0       ?GetCurSel@CComboBox@@QBEHXZ 00417ad0 f i ComboEx.obj
 0001:00016b00       ?SetCurSel@CComboBox@@QAEHH@Z 00417b00 f i ComboEx.obj
 0001:00016b30       ?GetItemData@CComboBox@@QBEKH@Z 00417b30 f i ComboEx.obj
 0001:00016b60       ?SetItemData@CComboBox@@QAEHHK@Z 00417b60 f i ComboEx.obj
 0001:00016b90       ?AddString@CComboBox@@QAEHPBD@Z 00417b90 f i ComboEx.obj
 0001:00016bc0       ?DeleteString@CComboBox@@QAEHI@Z 00417bc0 f i ComboEx.obj
 0001:00016bf0       ?InsertString@CComboBox@@QAEHHPBD@Z 00417bf0 f i ComboEx.obj
 0001:00016c20       ?SetDroppedWidth@CComboBox@@QAEHI@Z 00417c20 f i ComboEx.obj
 0001:00016c50       ?RelayEvent@CToolTipCtrl@@QAEXPAUtagMSG@@@Z 00417c50 f i ComboEx.obj
 0001:00016c80       ?CreateObject@HtmlViewer@@SGPAVCObject@@XZ 00417c80 f   HtmlViewer.obj
 0001:00016d00       ?GetRuntimeClass@HtmlViewer@@UBEPAUCRuntimeClass@@XZ 00417d00 f   HtmlViewer.obj
 0001:00016d10       ??0HtmlViewer@@QAE@XZ      00417d10 f   HtmlViewer.obj
 0001:00016d60       ??1HtmlViewer@@UAE@XZ      00417d60 f   HtmlViewer.obj
 0001:00016da0       ?DoDataExchange@HtmlViewer@@MAEXPAVCDataExchange@@@Z 00417da0 f   HtmlViewer.obj
 0001:00016dc0       ?GetMessageMap@HtmlViewer@@MBEPBUAFX_MSGMAP@@XZ 00417dc0 f   HtmlViewer.obj
 0001:00016dd0       ?GetThisMessageMap@HtmlViewer@@KGPBUAFX_MSGMAP@@XZ 00417dd0 f   HtmlViewer.obj
 0001:00016de0       ?PreTranslateMessage@HtmlViewer@@MAEHPAUtagMSG@@@Z 00417de0 f   HtmlViewer.obj
 0001:00016e00       ?Invalidate@HtmlViewer@@QAEHXZ 00417e00 f   HtmlViewer.obj
 0001:00016e20       ?GetFullName@HtmlViewer@@QBE?AV?$CStringT@DV?$StrTraitMFC@DV?$ChTraitsCRT@D@ATL@@@@@ATL@@XZ 00417e20 f   HtmlViewer.obj
 0001:00016ed0       ?GetType@HtmlViewer@@QBE?AV?$CStringT@DV?$StrTraitMFC@DV?$ChTraitsCRT@D@ATL@@@@@ATL@@XZ 00417ed0 f   HtmlViewer.obj
 0001:00016f80       ?GetLocationName@HtmlViewer@@QBE?AV?$CStringT@DV?$StrTraitMFC@DV?$ChTraitsCRT@D@ATL@@@@@ATL@@XZ 00417f80 f   HtmlViewer.obj
 0001:00017030       ?GetLocationURL@HtmlViewer@@QBE?AV?$CStringT@DV?$StrTraitMFC@DV?$ChTraitsCRT@D@ATL@@@@@ATL@@XZ 00418030 f   HtmlViewer.obj
 0001:000170e0       ?Navigate@HtmlViewer@@QAEXPBDK00PAXK@Z 004180e0 f   HtmlViewer.obj
 0001:00017260       ?LoadFromResource@HtmlViewer@@QAEHPBD@Z 00418260 f   HtmlViewer.obj
 0001:00017350       ?LoadFromResource@HtmlViewer@@QAEHI@Z 00418350 f   HtmlViewer.obj
 0001:00017440       ?OnDocumentComplete@HtmlViewer@@MAEXPBD@Z 00418440 f   HtmlViewer.obj
 0001:00017490       ?DelAll@HtmlViewer@@QAEXXZ 00418490 f   HtmlViewer.obj
 0001:000175e0       ?ReSet@HtmlViewer@@QAEXXZ  004185e0 f   HtmlViewer.obj
 0001:000177e0       ?AddHTML@HtmlViewer@@QAE_NPBD@Z 004187e0 f   HtmlViewer.obj
 0001:000179e0       ?ScrollEnd@HtmlViewer@@IAE_NV?$CComPtr@UIHTMLElement@@@ATL@@@Z 004189e0 f   HtmlViewer.obj
 0001:00017b40       ?SaveHistory@HtmlViewer@@QAE_NPBD@Z 00418b40 f   HtmlViewer.obj
 0001:00017d80       ?GetHistory@HtmlViewer@@QAE?AV?$CStringT@DV?$StrTraitMFC@DV?$ChTraitsCRT@D@ATL@@@@@ATL@@XZ 00418d80 f   HtmlViewer.obj
 0001:00017f90       ?SetBGImage@HtmlViewer@@QAE_NXZ 00418f90 f   HtmlViewer.obj
 0001:00018180       ?OpenWindow@HtmlViewer@@QAE_NPBDPADII@Z 00419180 f   HtmlViewer.obj
 0001:00018530       ?SetBGColor@HtmlViewer@@QAE_NPBD@Z 00419530 f   HtmlViewer.obj
 0001:00018750       ??_GHtmlViewer@@UAEPAXI@Z  00419750 f i HtmlViewer.obj
 0001:00018750       ??_EHtmlViewer@@UAEPAXI@Z  00419750 f i HtmlViewer.obj
 0001:00018780       ??1?$CComQIPtr@UIHTMLDocument2@@$1?IID_IHTMLDocument2@@3U_GUID@@B@ATL@@QAE@XZ 00419780 f i HtmlViewer.obj
 0001:00018780       ??1?$CComQIPtr@UIHTMLElement2@@$1?IID_IHTMLElement2@@3U_GUID@@B@ATL@@QAE@XZ 00419780 f i HtmlViewer.obj
 0001:000187a0       ??1?$CComPtr@UIHTMLDocument2@@@ATL@@QAE@XZ 004197a0 f i HtmlViewer.obj
 0001:000187a0       ??1?$CComPtr@UIHTMLElement@@@ATL@@QAE@XZ 004197a0 f i HtmlViewer.obj
 0001:000187a0       ??1?$CComPtr@UIHTMLElement2@@@ATL@@QAE@XZ 004197a0 f i HtmlViewer.obj
 0001:000187a0       ??1?$CComPtr@UIHTMLBodyElement@@@ATL@@QAE@XZ 004197a0 f i HtmlViewer.obj
 0001:000187a0       ??1?$CComPtr@UIDispatch@@@ATL@@QAE@XZ 004197a0 f i HtmlViewer.obj
 0001:000187c0       ??0_bstr_t@@QAE@PBD@Z      004197c0 f i HtmlViewer.obj
 0001:00018860       ??1_bstr_t@@QAE@XZ         00419860 f i HtmlViewer.obj
 0001:00018880       ??B_bstr_t@@QBEPA_WXZ      00419880 f i HtmlViewer.obj
 0001:000188b0       ?_Free@_bstr_t@@AAEXXZ     004198b0 f i HtmlViewer.obj
 0001:000188e0       ??0Data_t@_bstr_t@@QAE@PBD@Z 004198e0 f i HtmlViewer.obj
 0001:00018920       ?Release@Data_t@_bstr_t@@QAEKXZ 00419920 f i HtmlViewer.obj
 0001:00018970       ??_GData_t@_bstr_t@@AAEPAXI@Z 00419970 f i HtmlViewer.obj
 0001:000189a0       ??2Data_t@_bstr_t@@SAPAXI@Z 004199a0 f i HtmlViewer.obj
 0001:000189c0       ??1Data_t@_bstr_t@@AAE@XZ  004199c0 f i HtmlViewer.obj
 0001:000189e0       ?_Free@Data_t@_bstr_t@@AAEXXZ 004199e0 f i HtmlViewer.obj
 0001:00018a20       ??0_variant_t@@QAE@ABV_bstr_t@@@Z 00419a20 f i HtmlViewer.obj
 0001:00018a90       ??0_variant_t@@QAE@H@Z     00419a90 f i HtmlViewer.obj
 0001:00018ac0       ??Y?$CStringT@DV?$StrTraitMFC@DV?$ChTraitsCRT@D@ATL@@@@@ATL@@QAEAAV01@PB_W@Z 00419ac0 f i HtmlViewer.obj
 0001:00018b40       ?AllocSysString@?$CStringT@DV?$StrTraitMFC@DV?$ChTraitsCRT@D@ATL@@@@@ATL@@QBEPA_WXZ 00419b40 f i HtmlViewer.obj
 0001:00018b80       ??HATL@@YA?AV?$CStringT@DV?$StrTraitMFC@DV?$ChTraitsCRT@D@ATL@@@@@0@PBDABV10@@Z 00419b80 f i HtmlViewer.obj
 0001:00018c30       ??B?$CComPtrBase@UIHTMLElement@@@ATL@@QBEPAUIHTMLElement@@XZ 00419c30 f i HtmlViewer.obj
 0001:00018c30       ??C?$CComPtrBase@UIHTMLElement2@@@ATL@@QBEPAV?$_NoAddRefReleaseOnCComPtr@UIHTMLElement2@@@1@XZ 00419c30 f i HtmlViewer.obj
 0001:00018c30       ??C?$CComPtrBase@UIHTMLElement@@@ATL@@QBEPAV?$_NoAddRefReleaseOnCComPtr@UIHTMLElement@@@1@XZ 00419c30 f i HtmlViewer.obj
 0001:00018c30       ??B?$CSimpleStringT@D$0A@@ATL@@QBEPBDXZ 00419c30 f i down_client.obj
 0001:00018c30       ??BImageList_Draw_Type@CComCtlWrapper@@QAEP6GHPAU_IMAGELIST@@HPAUHDC__@@HHI@ZXZ 00419c30 f i SkinListCtrl.obj
 0001:00018c30       ??C?$CComPtrBase@UIWebBrowser2@@@ATL@@QBEPAV?$_NoAddRefReleaseOnCComPtr@UIWebBrowser2@@@1@XZ 00419c30 f i HtmlViewer.obj
 0001:00018c30       ??B?$CComPtrBase@UIHTMLDocument2@@@ATL@@QBEPAUIHTMLDocument2@@XZ 00419c30 f i HtmlViewer.obj
 0001:00018c30       ??C?$CComPtrBase@UIHTMLBodyElement@@@ATL@@QBEPAV?$_NoAddRefReleaseOnCComPtr@UIHTMLBodyElement@@@1@XZ 00419c30 f i HtmlViewer.obj
 0001:00018c30       ?GetPacket@Packet@@QAEPADXZ 00419c30 f i NetworkController.obj
 0001:00018c30       ??C?$CComPtrBase@UIHTMLDocument2@@@ATL@@QBEPAV?$_NoAddRefReleaseOnCComPtr@UIHTMLDocument2@@@1@XZ 00419c30 f i HtmlViewer.obj
 0001:00018c30       ?GetString@?$CSimpleStringT@D$0A@@ATL@@QBEPBDXZ 00419c30 f i down_client.obj
 0001:00018c40       ??0?$CComQIPtr@UIHTMLDocument2@@$1?IID_IHTMLDocument2@@3U_GUID@@B@ATL@@QAE@XZ 00419c40 f i HtmlViewer.obj
 0001:00018c40       ??0?$CComQIPtr@UIHTMLElement2@@$1?IID_IHTMLElement2@@3U_GUID@@B@ATL@@QAE@XZ 00419c40 f i HtmlViewer.obj
 0001:00018c60       ??4?$CComQIPtr@UIHTMLDocument2@@$1?IID_IHTMLDocument2@@3U_GUID@@B@ATL@@QAEPAUIHTMLDocument2@@PAUIUnknown@@@Z 00419c60 f i HtmlViewer.obj
 0001:00018ca0       ?AtlComQIPtrAssign@ATL@@YGPAUIUnknown@@PAPAU2@PAU2@ABU_GUID@@@Z 00419ca0 f i HtmlViewer.obj
 0001:00018d00       ??0?$CComPtr@UIHTMLElement@@@ATL@@QAE@ABV01@@Z 00419d00 f i HtmlViewer.obj
 0001:00018d20       ??1?$CComPtrBase@UIHTMLElement2@@@ATL@@QAE@XZ 00419d20 f i HtmlViewer.obj
 0001:00018d20       ??1?$CComPtrBase@UIHTMLBodyElement@@@ATL@@QAE@XZ 00419d20 f i HtmlViewer.obj
 0001:00018d20       ??1?$CComPtrBase@UIHTMLDocument2@@@ATL@@QAE@XZ 00419d20 f i HtmlViewer.obj
 0001:00018d20       ??1?$CComPtrBase@UIDispatch@@@ATL@@QAE@XZ 00419d20 f i HtmlViewer.obj
 0001:00018d20       ??1?$CComPtrBase@UIHTMLElement@@@ATL@@QAE@XZ 00419d20 f i HtmlViewer.obj
 0001:00018d50       ??0?$CStringT@DV?$StrTraitMFC@DV?$ChTraitsCRT@D@ATL@@@@@ATL@@QAE@PAUIAtlStringMgr@1@@Z 00419d50 f i HtmlViewer.obj
 0001:00018d70       ??0?$CStringT@DV?$StrTraitMFC@DV?$ChTraitsCRT@D@ATL@@@@@ATL@@QAE@PB_WPAUIAtlStringMgr@1@@Z 00419d70 f i HtmlViewer.obj
 0001:00018df0       ?Concatenate@?$CSimpleStringT@D$0A@@ATL@@KAXAAV12@PBDH1H@Z 00419df0 f i HtmlViewer.obj
 0001:00018e60       ?AllocSysString@?$ChTraitsCRT@D@ATL@@SAPA_WPBDH@Z 00419e60 f i HtmlViewer.obj
 0001:00018ec0       ??0?$CComPtrBase@UIHTMLElement@@@ATL@@IAE@PAUIHTMLElement@@@Z 00419ec0 f i HtmlViewer.obj
 0001:00018f00       ??$QueryInterface@UIHTMLElement2@@@IUnknown@@QAGJPAPAUIHTMLElement2@@@Z 00419f00 f i HtmlViewer.obj
 0001:00018f20       ??$QueryInterface@UIHTMLBodyElement@@@IUnknown@@QAGJPAPAUIHTMLBodyElement@@@Z 00419f20 f i HtmlViewer.obj
 0001:00018f40       ?GetTickCount@CTime@ATL@@SG?AV12@XZ 00419f40 f i HtmlViewer.obj
 0001:00018f60       ??0CTime@ATL@@QAE@_J@Z     00419f60 f i HtmlViewer.obj
 0001:00018f60       ??0CSize@@QAE@UtagSIZE@@@Z 00419f60 f i SkinListCtrl.obj
 0001:00018f80       ?Format@CTime@ATL@@QBE?AV?$CStringT@DV?$StrTraitMFC@DV?$ChTraitsCRT@D@ATL@@@@@2@PBD@Z 00419f80 f i HtmlViewer.obj
 0001:00019050       ?get_accChild@CFormView@@UAEJUtagVARIANT@@PAPAUIDispatch@@@Z 0041a050 f i HtmlViewer.obj
 0001:00019090       ?get_accChildCount@CFormView@@UAEJPAJ@Z 0041a090 f i HtmlViewer.obj
 0001:000190b0       ?get_accName@CFormView@@UAEJUtagVARIANT@@PAPA_W@Z 0041a0b0 f i HtmlViewer.obj
 0001:000190f0       ?accLocation@CFormView@@UAEJPAJ000UtagVARIANT@@@Z 0041a0f0 f i HtmlViewer.obj
 0001:00019140       ?accHitTest@CFormView@@UAEJJJPAUtagVARIANT@@@Z 0041a140 f i HtmlViewer.obj
 0001:00019170       ??BCOleVariant@@QAEPAUtagVARIANT@@XZ 0041a170 f i HtmlViewer.obj
 0001:00019170       ??0?$allocator@D@std@@QAE@XZ 0041a170 f i PictureEx.obj
 0001:00019170       ??I?$CComPtrBase@UIDispatch@@@ATL@@QAEPAPAUIDispatch@@XZ 0041a170 f i HtmlViewer.obj
 0001:00019170       ??0?$allocator@UTFrame@CPictureEx@@@std@@QAE@XZ 0041a170 f i PictureEx.obj
 0001:00019170       ??0?$allocator@V?$CStringT@DV?$StrTraitMFC@DV?$ChTraitsCRT@D@ATL@@@@@ATL@@@std@@QAE@XZ 0041a170 f i down_window_init.obj
 0001:00019170       ??0CPoint@@QAE@XZ          0041a170 f i TrayIconPosition.obj
 0001:00019170       ??I?$CComPtrBase@UIHTMLElement2@@@ATL@@QAEPAPAUIHTMLElement2@@XZ 0041a170 f i HtmlViewer.obj
 0001:00019170       ??BCOleSafeArray@@QAEPAUtagVARIANT@@XZ 0041a170 f i HtmlViewer.obj
 0001:00019170       ??I?$CComPtrBase@UIHTMLBodyElement@@@ATL@@QAEPAPAUIHTMLBodyElement@@XZ 0041a170 f i HtmlViewer.obj
 0001:00019170       ?GetWString@Data_t@_bstr_t@@QAEAAPA_WXZ 0041a170 f i HtmlViewer.obj
 0001:00019170       ??0CObject@@IAE@XZ         0041a170 f i SkinListCtrl.obj
 0001:00019170       ??BCRect@@QAEPAUtagRECT@@XZ 0041a170 f i SkinListCtrl.obj
 0001:00019170       ??0CRect@@QAE@XZ           0041a170 f i SkinListCtrl.obj
 0001:00019170       ??0?$allocator@UCONTENTSITEM@@@std@@QAE@XZ 0041a170 f i down_window_init.obj
 0001:00019170       ??I?$CComPtrBase@UIHTMLElement@@@ATL@@QAEPAPAUIHTMLElement@@XZ 0041a170 f i HtmlViewer.obj
 0001:00019180       ??0COleSafeArray@@QAE@XZ   0041a180 f i HtmlViewer.obj
 0001:000191a0       ??1COleSafeArray@@QAE@XZ   0041a1a0 f i HtmlViewer.obj
 0001:000191c0       ?Clear@COleSafeArray@@QAEXXZ 0041a1c0 f i HtmlViewer.obj
 0001:000191c0       ??1COleVariant@@QAE@XZ     0041a1c0 f i HtmlViewer.obj
 0001:000191c0       ??1_variant_t@@QAE@XZ      0041a1c0 f i HtmlViewer.obj
[...]
 0001:0006e50b       __unwindfunclet$?ToVariant@CDataSourceControl@@QAE?AVCOleVariant@@H@Z$4 0046f50b f   nafxcw:occsite.obj
 0001:0006e516       __unwindfunclet$?ToVariant@CDataSourceControl@@QAE?AVCOleVariant@@H@Z$18 0046f516 f   nafxcw:occsite.obj
 0001:0006e51e       __unwindfunclet$?ToVariant@CDataSourceControl@@QAE?AVCOleVariant@@H@Z$17 0046f51e f   nafxcw:occsite.obj
 0001:0006e526       __unwindfunclet$?ToVariant@CDataSourceControl@@QAE?AVCOleVariant@@H@Z$16 0046f526 f   nafxcw:occsite.obj
 0001:0006e52e       __unwindfunclet$?ToVariant@CDataSourceControl@@QAE?AVCOleVariant@@H@Z$15 0046f52e f   nafxcw:occsite.obj
 0001:0006e536       __unwindfunclet$?ToVariant@CDataSourceControl@@QAE?AVCOleVariant@@H@Z$5 0046f536 f   nafxcw:occsite.obj
 0001:0006e53e       __unwindfunclet$?ToVariant@CDataSourceControl@@QAE?AVCOleVariant@@H@Z$6 0046f53e f   nafxcw:occsite.obj
 0001:0006e549       __ehhandler$?ToVariant@CDataSourceControl@@QAE?AVCOleVariant@@H@Z 0046f549 f   nafxcw:occsite.obj
 0001:0006e571       __unwindfunclet$?UpdateControls@CDataSourceControl@@UAEJXZ$0 0046f571 f   nafxcw:occsite.obj
 0001:0006e579       __unwindfunclet$?UpdateControls@CDataSourceControl@@UAEJXZ$1 0046f579 f   nafxcw:occsite.obj
 0001:0006e581       __ehhandler$?UpdateControls@CDataSourceControl@@UAEJXZ 0046f581 f   nafxcw:occsite.obj
 0001:0006e59c       __unwindfunclet$??1COleControlSite@@UAE@XZ$0 0046f59c f   nafxcw:occsite.obj
 0001:0006e5a4       __unwindfunclet$??1COleControlSite@@UAE@XZ$1 0046f5a4 f   nafxcw:occsite.obj
 0001:0006e5b2       __unwindfunclet$??1COleControlSite@@UAE@XZ$2 0046f5b2 f   nafxcw:occsite.obj
 0001:0006e5c0       __ehhandler$??1COleControlSite@@UAE@XZ 0046f5c0 f   nafxcw:occsite.obj
 0001:0006e5db       __ehhandler$?IsDialogMessageA@COccManager@@UAEHPAVCWnd@@PAUtagMSG@@@Z 0046f5db f   nafxcw:occdlg.obj
 0001:0006e5f6       __unwindfunclet$??0CMemFile@@QAE@PAEII@Z$0 0046f5f6 f   nafxcw:filemem.obj
 0001:0006e5f6       __unwindfunclet$??1CMemFile@@UAE@XZ$0 0046f5f6 f   nafxcw:filemem.obj
 0001:0006e5fe       __ehhandler$??0CMemFile@@QAE@PAEII@Z 0046f5fe f   nafxcw:filemem.obj
 0001:0006e5fe       __ehhandler$??1CMemFile@@UAE@XZ 0046f5fe f   nafxcw:filemem.obj
 0001:0006e619       __unwindfunclet$?afxMapHIMAGELIST@@YGPAVCHandleMap@@H@Z$0 0046f619 f   nafxcw:winmenu.obj
 0001:0006e619       __unwindfunclet$?afxMapHDC@@YGPAVCHandleMap@@H@Z$0 0046f619 f   nafxcw:winmenu.obj
 0001:0006e619       __unwindfunclet$?afxMapHGDIOBJ@@YGPAVCHandleMap@@H@Z$0 0046f619 f   nafxcw:winmenu.obj
 0001:0006e619       __unwindfunclet$?afxMapHMENU@@YGPAVCHandleMap@@H@Z$0 0046f619 f   nafxcw:winmenu.obj
 0001:0006e619       __unwindfunclet$?afxMapHWND@@YGPAVCHandleMap@@H@Z$0 0046f619 f   nafxcw:winmenu.obj
 0001:0006e623       __ehhandler$?afxMapHWND@@YGPAVCHandleMap@@H@Z 0046f623 f   nafxcw:winmenu.obj
 0001:0006e623       __ehhandler$?afxMapHGDIOBJ@@YGPAVCHandleMap@@H@Z 0046f623 f   nafxcw:winmenu.obj
 0001:0006e623       __ehhandler$?afxMapHDC@@YGPAVCHandleMap@@H@Z 0046f623 f   nafxcw:winmenu.obj
 0001:0006e623       __ehhandler$?afxMapHIMAGELIST@@YGPAVCHandleMap@@H@Z 0046f623 f   nafxcw:winmenu.obj
 0001:0006e623       __ehhandler$?afxMapHMENU@@YGPAVCHandleMap@@H@Z 0046f623 f   nafxcw:winmenu.obj
 0001:0006e63e       __unwindfunclet$??0CChevronOwnerDrawMenu@@QAE@XZ$0 0046f63e f   nafxcw:winmenu.obj
 0001:0006e649       __unwindfunclet$??0CChevronOwnerDrawMenu@@QAE@XZ$1 0046f649 f   nafxcw:winmenu.obj
 0001:0006e657       __ehhandler$??0CChevronOwnerDrawMenu@@QAE@XZ 0046f657 f   nafxcw:winmenu.obj
 0001:0006e67f       __unwindfunclet$??1CChevronOwnerDrawMenu@@UAE@XZ$0 0046f67f f   nafxcw:winmenu.obj
 0001:0006e687       __ehhandler$??1CChevronOwnerDrawMenu@@UAE@XZ 0046f687 f   nafxcw:winmenu.obj
 0001:0006e6a2       __unwindfunclet$?DrawItem@CChevronOwnerDrawMenu@@UAEXPAUtagDRAWITEMSTRUCT@@@Z$0 0046f6a2 f   nafxcw:winmenu.obj
 0001:0006e6aa       __unwindfunclet$?DrawItem@CChevronOwnerDrawMenu@@UAEXPAUtagDRAWITEMSTRUCT@@@Z$1 0046f6aa f   nafxcw:winmenu.obj
 0001:0006e6b2       __unwindfunclet$?DrawItem@CChevronOwnerDrawMenu@@UAEXPAUtagDRAWITEMSTRUCT@@@Z$2 0046f6b2 f   nafxcw:winmenu.obj
 0001:0006e6ba       __ehhandler$?DrawItem@CChevronOwnerDrawMenu@@UAEXPAUtagDRAWITEMSTRUCT@@@Z 0046f6ba f   nafxcw:winmenu.obj
 0001:0006e6d5       __unwindfunclet$?MeasureItem@CChevronOwnerDrawMenu@@UAEXPAUtagMEASUREITEMSTRUCT@@@Z$0 0046f6d5 f   nafxcw:winmenu.obj
 0001:0006e6dd       __unwindfunclet$?MeasureItem@CChevronOwnerDrawMenu@@UAEXPAUtagMEASUREITEMSTRUCT@@@Z$1 0046f6dd f   nafxcw:winmenu.obj
 0001:0006e6e5       __ehhandler$?MeasureItem@CChevronOwnerDrawMenu@@UAEXPAUtagMEASUREITEMSTRUCT@@@Z 0046f6e5 f   nafxcw:winmenu.obj
 0001:0006e700       __unwindfunclet$?GetErrorMessage@CFileException@@UBEHPADIPAI@Z$0 0046f700 f   nafxcw:filex.obj
 0001:0006e708       __unwindfunclet$?GetErrorMessage@CFileException@@UBEHPADIPAI@Z$1 0046f708 f   nafxcw:filex.obj
 0001:0006e710       __ehhandler$?GetErrorMessage@CFileException@@UBEHPADIPAI@Z 0046f710 f   nafxcw:filex.obj
 0001:0006e72b       __unwindfunclet$?GetFileName@CFile@@UBE?AV?$CStringT@DV?$StrTraitMFC@DV?$ChTraitsCRT@D@ATL@@@@@ATL@@XZ$0 0046f72b f   nafxcw:filest.obj
 0001:0006e72b       __unwindfunclet$?GetFileTitle@CFile@@UBE?AV?$CStringT@DV?$StrTraitMFC@DV?$ChTraitsCRT@D@ATL@@@@@ATL@@XZ$0 0046f72b f   nafxcw:filest.obj
 0001:0006e744       __ehhandler$?GetFileName@CFile@@UBE?AV?$CStringT@DV?$StrTraitMFC@DV?$ChTraitsCRT@D@ATL@@@@@ATL@@XZ 0046f744 f   nafxcw:filest.obj
 0001:0006e744       __ehhandler$?GetFileTitle@CFile@@UBE?AV?$CStringT@DV?$StrTraitMFC@DV?$ChTraitsCRT@D@ATL@@@@@ATL@@XZ 0046f744 f   nafxcw:filest.obj
 0001:0006e76c       __unwindfunclet$?AfxUnregisterWndClasses@@YGXXZ$0 0046f76c f   nafxcw:appterm.obj
 0001:0006e774       __unwindfunclet$?AfxUnregisterWndClasses@@YGXXZ$1 0046f774 f   nafxcw:appterm.obj
 0001:0006e77c       __ehhandler$?AfxUnregisterWndClasses@@YGXXZ 0046f77c f   nafxcw:appterm.obj
 0001:0006e797       __ehhandler$?Read@CArchiveStream@@UAGJPAXKPAK@Z 0046f797 f   nafxcw:arcstrm.obj
 0001:0006e7b2       __ehhandler$?Write@CArchiveStream@@UAGJPBXKPAK@Z 0046f7b2 f   nafxcw:arcstrm.obj
 0001:0006e7cd       __ehhandler$?Seek@CArchiveStream@@UAGJT_LARGE_INTEGER@@KPAT_ULARGE_INTEGER@@@Z 0046f7cd f   nafxcw:arcstrm.obj
 0001:0006e7e8       __unwindfunclet$?OnCmdMsg@CFrameWnd@@UAEHIHPAXPAUAFX_CMDHANDLERINFO@@@Z$0 0046f7e8 f   nafxcw:winfrm.obj
 0001:0006e7f0       __ehhandler$?OnCmdMsg@CFrameWnd@@UAEHIHPAXPAUAFX_CMDHANDLERINFO@@@Z 0046f7f0 f   nafxcw:winfrm.obj
 0001:0006e80b       __unwindfunclet$?BeginModalState@CFrameWnd@@UAEXXZ$0 0046f80b f   nafxcw:winfrm.obj
 0001:0006e813       __ehhandler$?BeginModalState@CFrameWnd@@UAEXXZ 0046f813 f   nafxcw:winfrm.obj
 0001:0006e82e       __unwindfunclet$?OnSetMessageString@CFrameWnd@@IAEJIJ@Z$0 0046f82e f   nafxcw:winfrm.obj
 0001:0006e836       __ehhandler$?OnSetMessageString@CFrameWnd@@IAEJIJ@Z 0046f836 f   nafxcw:winfrm.obj
 0001:0006e851       __unwindfunclet$?DestroyDockBars@CFrameWnd@@QAEXXZ$0 0046f851 f   nafxcw:winfrm.obj
 0001:0006e859       __unwindfunclet$?DestroyDockBars@CFrameWnd@@QAEXXZ$1 0046f859 f   nafxcw:winfrm.obj
 0001:0006e861       __ehhandler$?DestroyDockBars@CFrameWnd@@QAEXXZ 0046f861 f   nafxcw:winfrm.obj
 0001:0006e87c       __unwindfunclet$?OnToolTipText@CFrameWnd@@IAEHIPAUtagNMHDR@@PAJ@Z$0 0046f87c f   nafxcw:winfrm.obj
 0001:0006e884       __ehhandler$?OnToolTipText@CFrameWnd@@IAEHIPAUtagNMHDR@@PAJ@Z 0046f884 f   nafxcw:winfrm.obj
 0001:0006e8ac       __unwindfunclet$??1CFrameWnd@@UAE@XZ$0 0046f8ac f   nafxcw:winfrm.obj
 0001:0006e8ac       __unwindfunclet$??0CFrameWnd@@QAE@XZ$0 0046f8ac f   nafxcw:winfrm.obj
 0001:0006e8b4       __unwindfunclet$??0CFrameWnd@@QAE@XZ$1 0046f8b4 f   nafxcw:winfrm.obj
 0001:0006e8b4       __unwindfunclet$??1CFrameWnd@@UAE@XZ$1 0046f8b4 f   nafxcw:winfrm.obj
 0001:0006e8c2       __unwindfunclet$??0CFrameWnd@@QAE@XZ$2 0046f8c2 f   nafxcw:winfrm.obj
 0001:0006e8c2       __unwindfunclet$??1CFrameWnd@@UAE@XZ$2 0046f8c2 f   nafxcw:winfrm.obj
 0001:0006e8d0       __ehhandler$??1CFrameWnd@@UAE@XZ 0046f8d0 f   nafxcw:winfrm.obj
 0001:0006e8d0       __ehhandler$??0CFrameWnd@@QAE@XZ 0046f8d0 f   nafxcw:winfrm.obj
 0001:0006e8eb       __unwindfunclet$?LoadFrame@CFrameWnd@@UAEHIKPAVCWnd@@PAUCCreateContext@@@Z$0 0046f8eb f   nafxcw:winfrm.obj
 0001:0006e8f3       __unwindfunclet$?LoadFrame@CFrameWnd@@UAEHIKPAVCWnd@@PAUCCreateContext@@@Z$1 0046f8f3 f   nafxcw:winfrm.obj
 0001:0006e8fb       __ehhandler$?LoadFrame@CFrameWnd@@UAEHIKPAVCWnd@@PAUCCreateContext@@@Z 0046f8fb f   nafxcw:winfrm.obj
 0001:0006e916       __unwindfunclet$?OnChevronPushed@CFrameWnd@@IAEHIPAUtagNMHDR@@PAJ@Z$0 0046f916 f   nafxcw:winfrm.obj
 0001:0006e91e       __unwindfunclet$?OnChevronPushed@CFrameWnd@@IAEHIPAUtagNMHDR@@PAJ@Z$1 0046f91e f   nafxcw:winfrm.obj
 0001:0006e926       __unwindfunclet$?OnChevronPushed@CFrameWnd@@IAEHIPAUtagNMHDR@@PAJ@Z$2 0046f926 f   nafxcw:winfrm.obj
 0001:0006e92e       __unwindfunclet$?OnChevronPushed@CFrameWnd@@IAEHIPAUtagNMHDR@@PAJ@Z$3 0046f92e f   nafxcw:winfrm.obj
 0001:0006e936       __unwindfunclet$?OnChevronPushed@CFrameWnd@@IAEHIPAUtagNMHDR@@PAJ@Z$4 0046f936 f   nafxcw:winfrm.obj
 0001:0006e93e       __unwindfunclet$?OnChevronPushed@CFrameWnd@@IAEHIPAUtagNMHDR@@PAJ@Z$5 0046f93e f   nafxcw:winfrm.obj
 0001:0006e946       __unwindfunclet$?OnChevronPushed@CFrameWnd@@IAEHIPAUtagNMHDR@@PAJ@Z$6 0046f946 f   nafxcw:winfrm.obj
 0001:0006e94e       __ehhandler$?OnChevronPushed@CFrameWnd@@IAEHIPAUtagNMHDR@@PAJ@Z 0046f94e f   nafxcw:winfrm.obj
 0001:0006e96c       __unwindfunclet$?OnDDEExecute@CFrameWnd@@IAEJIJ@Z$2 0046f96c f   nafxcw:winfrm.obj
 0001:0006e974       __ehhandler$?OnDDEExecute@CFrameWnd@@IAEJIJ@Z 0046f974 f   nafxcw:winfrm.obj
 0001:0006e98f       __unwindfunclet$?UpdateFrameTitleForDocument@CFrameWnd@@QAEXPBD@Z$0 0046f98f f   nafxcw:winfrm.obj
 0001:0006e997       __ehhandler$?UpdateFrameTitleForDocument@CFrameWnd@@QAEXPBD@Z 0046f997 f   nafxcw:winfrm.obj
 0001:0006e9bc       __unwindfunclet$?MapObject@CArchive@@QAEXPBVCObject@@@Z$0 0046f9bc f   nafxcw:arcobj.obj
 0001:0006e9c5       __unwindfunclet$?MapObject@CArchive@@QAEXPBVCObject@@@Z$1 0046f9c5 f   nafxcw:arcobj.obj
 0001:0006e9ce       __ehhandler$?MapObject@CArchive@@QAEXPBVCObject@@@Z 0046f9ce f   nafxcw:arcobj.obj
 0001:0006e9e9       __unwindfunclet$?ReadClass@CArchive@@QAEPAUCRuntimeClass@@PBU2@PAIPAK@Z$0 0046f9e9 f   nafxcw:arcobj.obj
 0001:0006e9f2       __ehhandler$?ReadClass@CArchive@@QAEPAUCRuntimeClass@@PBU2@PAIPAK@Z 0046f9f2 f   nafxcw:arcobj.obj
 0001:0006ea0d       __ehhandler$?ReadObject@CArchive@@QAEPAVCObject@@PBUCRuntimeClass@@@Z 0046fa0d f   nafxcw:arcobj.obj
 0001:0006ea28       __unwindfunclet$?AfxFormatStrings@@YGXAAV?$CStringT@DV?$StrTraitMFC@DV?$ChTraitsCRT@D@ATL@@@@@ATL@@IPBQBDH@Z$0 0046fa28 f   nafxcw:apphelp.obj
 0001:0006ea28       __unwindfunclet$??0CCommDlgWrapper@@QAE@XZ$0 0046fa28 f   nafxcw:apphelp.obj
 0001:0006ea28       __unwindfunclet$??0CComCtlWrapper@@QAE@XZ$0 0046fa28 f   nafxcw:apphelp.obj
 0001:0006ea28       __unwindfunclet$?AfxMessageBox@@YGHIII@Z$0 0046fa28 f   nafxcw:apphelp.obj
 0001:0006ea28       __unwindfunclet$?GetWindowTextA@CWnd@@QBEHPADH@Z$0 0046fa28 f   nafxcw:apphelp.obj
 0001:0006ea30       __ehhandler$?GetWindowTextA@CWnd@@QBEHPADH@Z 0046fa30 f   nafxcw:apphelp.obj
 0001:0006ea30       __ehhandler$??0CComCtlWrapper@@QAE@XZ 0046fa30 f   nafxcw:apphelp.obj
 0001:0006ea30       __ehhandler$??0CCommDlgWrapper@@QAE@XZ 0046fa30 f   nafxcw:apphelp.obj
 0001:0006ea30       __ehhandler$?AfxMessageBox@@YGHIII@Z 0046fa30 f   nafxcw:apphelp.obj
 0001:0006ea30       __ehhandler$?AfxFormatStrings@@YGXAAV?$CStringT@DV?$StrTraitMFC@DV?$ChTraitsCRT@D@ATL@@@@@ATL@@IPBQBDH@Z 0046fa30 f   nafxcw:apphelp.obj
 0001:0006ea4b       __unwindfunclet$?PushStackArgs@CCmdTarget@@IAEJPAEPBEPAXGPAUtagDISPPARAMS@@PAIPAUtagVARIANT@@PAVCVariantBoolConverter@@@Z$0 0046fa4b f   nafxcw:oledisp1.obj
 0001:0006ea53       __ehhandler$?PushStackArgs@CCmdTarget@@IAEJPAEPBEPAXGPAUtagDISPPARAMS@@PAIPAUtagVARIANT@@PAVCVariantBoolConverter@@@Z 0046fa53 f   nafxcw:oledisp1.obj
 0001:0006ea6e       __unwindfunclet$?CallMemberFunc@CCmdTarget@@IAEJPBUAFX_DISPMAP_ENTRY@@GPAUtagVARIANT@@PAUtagDISPPARAMS@@PAI@Z$2 0046fa6e f   nafxcw:oledisp1.obj
 0001:0006ea76       __unwindfunclet$?CallMemberFunc@CCmdTarget@@IAEJPBUAFX_DISPMAP_ENTRY@@GPAUtagVARIANT@@PAUtagDISPPARAMS@@PAI@Z$3 0046fa76 f   nafxcw:oledisp1.obj
 0001:0006ea7e       __ehhandler$?CallMemberFunc@CCmdTarget@@IAEJPBUAFX_DISPMAP_ENTRY@@GPAUtagVARIANT@@PAUtagDISPPARAMS@@PAI@Z 0046fa7e f   nafxcw:oledisp1.obj
 0001:0006eaa3       __unwindfunclet$??0COleDispatchException@@QAE@PBDIG@Z$0 0046faa3 f   nafxcw:oledisp1.obj
 0001:0006eaae       __unwindfunclet$??0COleDispatchException@@QAE@PBDIG@Z$1 0046faae f   nafxcw:oledisp1.obj
 0001:0006eab9       __unwindfunclet$??0COleDispatchException@@QAE@PBDIG@Z$2 0046fab9 f   nafxcw:oledisp1.obj
 0001:0006eac4       __ehhandler$??0COleDispatchException@@QAE@PBDIG@Z 0046fac4 f   nafxcw:oledisp1.obj
 0001:0006eadf       __unwindfunclet$?Next@XEnumVOID@CEnumArray@@UAGJKPAXPAK@Z$2 0046fadf f   nafxcw:oleenum.obj
 0001:0006eae7       __ehhandler$?Next@XEnumVOID@CEnumArray@@UAGJKPAXPAK@Z 0046fae7 f   nafxcw:oleenum.obj
 0001:0006eb02       __unwindfunclet$?Skip@XEnumVOID@CEnumArray@@UAGJK@Z$2 0046fb02 f   nafxcw:oleenum.obj
 0001:0006eb0a       __ehhandler$?Skip@XEnumVOID@CEnumArray@@UAGJK@Z 0046fb0a f   nafxcw:oleenum.obj
 0001:0006eb25       __unwindfunclet$?Clone@XEnumVOID@CEnumArray@@UAGJPAPAUIEnumVOID@@@Z$2 0046fb25 f   nafxcw:oleenum.obj
 0001:0006eb2d       __ehhandler$?Clone@XEnumVOID@CEnumArray@@UAGJPAPAUIEnumVOID@@@Z 0046fb2d f   nafxcw:oleenum.obj
 0001:0006eb48       __unwindfunclet$?InvokeHelperV@COleDispatchDriver@@QAEXJGGPAXPBEPAD@Z$0 0046fb48 f   nafxcw:oledisp2.obj
 0001:0006eb50       __unwindfunclet$?InvokeHelperV@COleDispatchDriver@@QAEXJGGPAXPBEPAD@Z$1 0046fb50 f   nafxcw:oledisp2.obj
 0001:0006eb58       __unwindfunclet$?InvokeHelperV@COleDispatchDriver@@QAEXJGGPAXPBEPAD@Z$2 0046fb58 f   nafxcw:oledisp2.obj
 0001:0006eb60       __unwindfunclet$?InvokeHelperV@COleDispatchDriver@@QAEXJGGPAXPBEPAD@Z$3 0046fb60 f   nafxcw:oledisp2.obj
 0001:0006eb68       __unwindfunclet$?InvokeHelperV@COleDispatchDriver@@QAEXJGGPAXPBEPAD@Z$4 0046fb68 f   nafxcw:oledisp2.obj
 0001:0006eb71       __ehhandler$?InvokeHelperV@COleDispatchDriver@@QAEXJGGPAXPBEPAD@Z 0046fb71 f   nafxcw:oledisp2.obj
 0001:0006eb8f       __unwindfunclet$?OnBusyDialog@COleMessageFilter@@UAEHPAUHTASK__@@@Z$2 0046fb8f f   nafxcw:olemsgf.obj
 0001:0006eb9a       __ehhandler$?OnBusyDialog@COleMessageFilter@@UAEHPAUHTASK__@@@Z 0046fb9a f   nafxcw:olemsgf.obj
 0001:0006ebb8       __unwindfunclet$?OnNotRespondingDialog@COleMessageFilter@@UAEHPAUHTASK__@@@Z$2 0046fbb8 f   nafxcw:olemsgf.obj
 0001:0006ebc3       __ehhandler$?OnNotRespondingDialog@COleMessageFilter@@UAEHPAUHTASK__@@@Z 0046fbc3 f   nafxcw:olemsgf.obj
 0001:0006ebe1       __unwindfunclet$?MessagePending@XMessageFilter@COleMessageFilter@@UAGKPAUHTASK__@@KK@Z$0 0046fbe1 f   nafxcw:olemsgf.obj
 0001:0006ebe9       __ehhandler$?MessagePending@XMessageFilter@COleMessageFilter@@UAGKPAUHTASK__@@KK@Z 0046fbe9 f   nafxcw:olemsgf.obj
 0001:0006ec04       __ehhandler$?CallUnexpected@@YAXPBU_s_ESTypeList@@@Z 0046fc04 f   libcmt:frame.obj
 0001:0006ec1f       __unwindfunclet$?_Xran@_String_base@std@@SAXXZ$0 0046fc1f f   libcpmt:string.obj
 0001:0006ec1f       __unwindfunclet$?_Xlen@_String_base@std@@SAXXZ$0 0046fc1f f   libcpmt:string.obj
 0001:0006ec27       __ehhandler$?_Xran@_String_base@std@@SAXXZ 0046fc27 f   libcpmt:string.obj
 0001:0006ec27       __ehhandler$?_Xlen@_String_base@std@@SAXXZ 0046fc27 f   libcpmt:string.obj
 0001:0006ec50       ??__EtheApp@@YAXXZ         0046fc50 f   down_client.obj
 0001:0006ec70       ??__EvtMissing@@YAXXZ      0046fc70 f   comsuppw:comutil.obj
 0001:0006ec7c       ??__E_simpleMemoryException@@YAXXZ 0046fc7c f   nafxcw:except.obj
 0001:0006ec88       ??__E_simpleNotSupportedException@@YAXXZ 0046fc88 f   nafxcw:except.obj
 0001:0006ec94       ??__E_simpleInvalidArgException@@YAXXZ 0046fc94 f   nafxcw:except.obj
 0001:0006eca0       ??__E_afxOccManager@@YAXXZ 0046fca0 f   nafxcw:occmgr.obj
 0001:0006ecac       ??__E_afxControlFactoryMgr@@YAXXZ 0046fcac f   nafxcw:occmgr.obj
 0001:0006ecb8       ??__E_afxHtmlHelpState@@YAXXZ 0046fcb8 f   nafxcw:wincore.obj
 0001:0006ecc4       ??__E?m_nMsgDragList@CWnd@@1IB@@YAXXZ 0046fcc4 f   nafxcw:wincore.obj
 0001:0006ecd5       ??__E?wndTop@CWnd@@2V1@B@@YAXXZ 0046fcd5 f   nafxcw:wincore.obj
 0001:0006ed3d       ??__E?wndBottom@CWnd@@2V1@B@@YAXXZ 0046fd3d f   nafxcw:wincore.obj
 0001:0006edaa       ??__E?wndTopMost@CWnd@@2V1@B@@YAXXZ 0046fdaa f   nafxcw:wincore.obj
 0001:0006ee14       ??__E?wndNoTopMost@CWnd@@2V1@B@@YAXXZ 0046fe14 f   nafxcw:wincore.obj
 0001:0006ee81       ??__E_afxThreadState@@YAXXZ 0046fe81 f   nafxcw:afxstate.obj
 0001:0006ee8d       ??__E_afxBaseModuleState@@YAXXZ 0046fe8d f   nafxcw:afxstate.obj
 0001:0006ee99       ??__EafxStringManager@@YAXXZ 0046fe99 f   nafxcw:strcore.obj
 0001:0006eea3       ??__E_simpleResourceException@@YAXXZ 0046fea3 f   nafxcw:wingdi.obj
 0001:0006eedd       ??__E_simpleUserException@@YAXXZ 0046fedd f   nafxcw:wingdi.obj
 0001:0006ef17       ??__E_init_CStringArray@@YAXXZ 0046ff17 f   nafxcw:array_s.obj
 0001:0006ef22       ??__EafxData@@YAXXZ        0046ff22 f   nafxcw:auxdata.obj
 0001:0006ef38       ??__E_afxDBCS@@YAXXZ       0046ff38 f   nafxcw:afxdbcs.obj
 0001:0006ef43       ??__E_afxMsgMouseWheel@@YAXXZ 0046ff43 f   nafxcw:winfrm.obj
 0001:0006ef88       ??__E_init_CByteArray@@YAXXZ 0046ff88 f   nafxcw:array_b.obj
 0001:0006ef93       ??__E_oleData@@YAXXZ       0046ff93 f   nafxcw:oleinit.obj
 0001:0006ef9d       ??__E_init_CObArray@@YAXXZ 0046ff9d f   nafxcw:array_o.obj
 0001:0006efa8       ??__E_afxOleState@@YAXXZ   0046ffa8 f   nafxcw:oledata.obj
 0001:0006efb4       ??__E_AtlBaseModule@ATL@@YAXXZ 0046ffb4 f   atls:atlbase.obj
 0001:0006efca       ??__E_AtlWinModule@ATL@@YAXXZ 0046ffca f   atls:atlbase.obj
 0001:0006efe0       ??__E_afxInitAppState@@YAXXZ 0046ffe0 f   nafxcw:appmodul.obj
 0001:0006f000       ??__FtheApp@@YAXXZ         00470000 f   down_client.obj
 0001:0006f010       ??__FvtMissing@@YAXXZ      00470010 f   comsuppw:comutil.obj
 0001:0006f01c       ??__F_simpleMemoryException@@YAXXZ 0047001c f   nafxcw:except.obj
 0001:0006f027       ??__F_simpleNotSupportedException@@YAXXZ 00470027 f   nafxcw:except.obj
 0001:0006f032       ??__F_simpleInvalidArgException@@YAXXZ 00470032 f   nafxcw:except.obj
 0001:0006f03d       ??__F_afxOccManager@@YAXXZ 0047003d f   nafxcw:occmgr.obj
 0001:0006f047       ??__F_afxControlFactoryMgr@@YAXXZ 00470047 f   nafxcw:occmgr.obj
 0001:0006f051       ??__F_afxHtmlHelpState@@YAXXZ 00470051 f   nafxcw:wincore.obj
 0001:0006f05b       ??__F?wndTop@CWnd@@2V1@B@@YAXXZ 0047005b f   nafxcw:wincore.obj
 0001:0006f065       ??__F?wndBottom@CWnd@@2V1@B@@YAXXZ 00470065 f   nafxcw:wincore.obj
 0001:0006f06f       ??__F?wndTopMost@CWnd@@2V1@B@@YAXXZ 0047006f f   nafxcw:wincore.obj
 0001:0006f079       ??__F?wndNoTopMost@CWnd@@2V1@B@@YAXXZ 00470079 f   nafxcw:wincore.obj
 0001:0006f083       ??__F_afxThreadState@@YAXXZ 00470083 f   nafxcw:afxstate.obj
 0001:0006f08d       ??__F_afxBaseModuleState@@YAXXZ 0047008d f   nafxcw:afxstate.obj
 0001:0006f097       ??__F_simpleResourceException@@YAXXZ 00470097 f   nafxcw:wingdi.obj
 0001:0006f0a2       ??__F_simpleUserException@@YAXXZ 004700a2 f   nafxcw:wingdi.obj
 0001:0006f0ad       ??__FafxData@@YAXXZ        004700ad f   nafxcw:auxdata.obj
 0001:0006f0b8       ??__F_afxOleState@@YAXXZ   004700b8 f   nafxcw:oledata.obj
 0001:0006f0c2       ??__F_AtlBaseModule@ATL@@YAXXZ 004700c2 f   atls:atlbase.obj
 0001:0006f0cc       ??__F_AtlWinModule@ATL@@YAXXZ 004700cc f   atls:atlbase.obj
