 FilerunUp

 Timestamp is 5e5e4e3b (Tue Mar 03 21:31:55 2020)

 Preferred load address is 00400000

 Start         Length     Name                   Class
 0001:00000000 00071bf0H .text                   CODE
 0001:00071bf0 000046f2H .text$x                 CODE
 0001:000762f0 00000411H .text$yc                CODE
 0001:00076710 000000feH .text$yd                CODE
 0002:00000000 0000079cH .idata$5                DATA
 0002:0000079c 00000004H .CRT$XCA                DATA
 0002:000007a0 00000018H .CRT$XCC                DATA
 0002:000007b8 00000010H .CRT$XCL                DATA
 0002:000007c8 00000064H .CRT$XCU                DATA
 0002:0000082c 00000004H .CRT$XCZ                DATA
 0002:00000830 00000004H .CRT$XIA                DATA
 0002:00000834 00000014H .CRT$XIC                DATA
 0002:00000848 00000004H .CRT$XIY                DATA
 0002:0000084c 00000004H .CRT$XIZ                DATA
 0002:00000850 00000004H .CRT$XPA                DATA
 0002:00000854 00000004H .CRT$XPX                DATA
 0002:00000858 00000004H .CRT$XPXA               DATA
 0002:0000085c 00000004H .CRT$XPZ                DATA
 0002:00000860 00000004H .CRT$XTA                DATA
 0002:00000864 00000004H .CRT$XTB                DATA
 0002:00000868 00000004H .CRT$XTZ                DATA
 0002:00000870 0000eee0H .rdata                  DATA
 0002:0000f750 0000006cH .rdata$debug            DATA
 0002:0000f7bc 00003bb4H .rdata$r                DATA
 0002:00013370 00000584H .rdata$sxdata           DATA
 0002:000138f4 00000004H .rtc$IAA                DATA
 0002:000138f8 00000004H .rtc$IZZ                DATA
 0002:000138fc 00000004H .rtc$TAA                DATA
 0002:00013900 00000004H .rtc$TZZ                DATA
 0002:00013908 00006a74H .xdata$x                DATA
 0002:0001a37c 00000000H ATL$__a                 DATA
 0002:0001a37c 00000000H ATL$__z                 DATA
 0002:0001a37c 00000020H .didat$2                DATA
 0002:0001a39c 00000020H .didat$3                DATA
 0002:0001a3bc 00000010H .didat$4                DATA
 0002:0001a3cc 0000004eH .didat$6                DATA
 0002:0001a41c 00000010H .didat$7                DATA
 0002:0001a42c 00000118H .idata$2                DATA
 0002:0001a544 00000014H .idata$3                DATA
 0002:0001a558 0000079cH .idata$4                DATA
 0002:0001acf4 00001e50H .idata$6                DATA
 0002:0001cb44 00000000H .edata                  DATA
 0003:00000000 000037e8H .data                   DATA
 0003:000037e8 00000010H .didat$5                DATA
 0003:00003800 00003d64H .bss                    DATA
 0004:00000000 00001780H .rsrc$01                DATA
 0004:00001780 00243168H .rsrc$02                DATA

  Address         Publics by Value              Rva+Base       Lib:Object

 0000:00000000       __except_list              00000000     <absolute>
 0000:00000161       ___safe_se_handler_count   00000161     <absolute>
 0000:00000000       ___ImageBase               00400000     <linker-defined>
 0001:00000000       ??0CSkinHeaderCtrl@@QAE@XZ 00401000 f   SkinListCtrl.obj
 0001:00000090       ??1CSkinHeaderCtrl@@UAE@XZ 00401090 f   SkinListCtrl.obj
 0001:000000f0       ?GetMessageMap@CSkinHeaderCtrl@@MBEPBUAFX_MSGMAP@@XZ 004010f0 f   SkinListCtrl.obj
 0001:00000100       ?GetThisMessageMap@CSkinHeaderCtrl@@KGPBUAFX_MSGMAP@@XZ 00401100 f   SkinListCtrl.obj
 0001:00000110       ?SetColors@CSkinHeaderCtrl@@QAEXKK@Z 00401110 f   SkinListCtrl.obj
 0001:000001d0       ?OnCustomDraw@CSkinHeaderCtrl@@IAEXPAUtagNMHDR@@PAJ@Z 004011d0 f   SkinListCtrl.obj
 0001:000005d0       ?InitHeaderImage@CSkinHeaderCtrl@@QAEXXZ 004015d0 f   SkinListCtrl.obj
 0001:00000600       ??0CSkinListCtrl@@QAE@XZ   00401600 f   SkinListCtrl.obj
 0001:00000730       ??1CSkinListCtrl@@UAE@XZ   00401730 f   SkinListCtrl.obj
 0001:00000790       ?GetMessageMap@CSkinListCtrl@@MBEPBUAFX_MSGMAP@@XZ 00401790 f   SkinListCtrl.obj
 0001:000007a0       ?GetThisMessageMap@CSkinListCtrl@@KGPBUAFX_MSGMAP@@XZ 004017a0 f   SkinListCtrl.obj
 0001:000007b0       ?PreSubclassWindow@CSkinListCtrl@@MAEXXZ 004017b0 f   SkinListCtrl.obj
 0001:000008a0       ?SetListColor@CSkinListCtrl@@QAEXKKKKKKKKKKK@Z 004018a0 f   SkinListCtrl.obj
 0001:00000940       ?SetHeaderColors@CSkinListCtrl@@QAEXKK@Z 00401940 f   SkinListCtrl.obj
 0001:00000960       ?OnPaint@CSkinListCtrl@@IAEXXZ 00401960 f   SkinListCtrl.obj
 0001:00000980       ?OnCustomDraw@CSkinListCtrl@@MAEXPAUtagNMHDR@@PAJ@Z 00401980 f   SkinListCtrl.obj
 0001:00001630       ?GetCellRect@CSkinListCtrl@@QAEHHHHAAVCRect@@@Z 00402630 f   SkinListCtrl.obj
 0001:000016f0       ?OnDestroy@CSkinListCtrl@@IAEXXZ 004026f0 f   SkinListCtrl.obj
 0001:00001710       ?SetToolTips@CSkinListCtrl@@QAEXH@Z 00402710 f   SkinListCtrl.obj
 0001:00001730       ?OnToolHitTest@CSkinListCtrl@@UBEHVCPoint@@PAUtagTOOLINFOA@@@Z 00402730 f   SkinListCtrl.obj
 0001:000017e0       ?OnToolTipText@CSkinListCtrl@@IAEHIPAUtagNMHDR@@PAJ@Z 004027e0 f   SkinListCtrl.obj
 0001:00001960       ?GetRowFromPoint@CSkinListCtrl@@IBEHAAVCPoint@@PAVCRect@@PAH@Z 00402960 f   SkinListCtrl.obj
 0001:00001ad0       ?OnNotify@CSkinListCtrl@@MAEHIJPAJ@Z 00402ad0 f   SkinListCtrl.obj
 0001:00001b00       ??_ECSkinHeaderCtrl@@UAEPAXI@Z 00402b00 f i SkinListCtrl.obj
 0001:00001b00       ??_GCSkinHeaderCtrl@@UAEPAXI@Z 00402b00 f i SkinListCtrl.obj
 0001:00001b30       ??_GCSkinListCtrl@@UAEPAXI@Z 00402b30 f i SkinListCtrl.obj
 0001:00001b30       ??_ECSkinListCtrl@@UAEPAXI@Z 00402b30 f i SkinListCtrl.obj
 0001:00001b60       ??_9CSkinListCtrl@@$BBDI@AE 00402b60 f i SkinListCtrl.obj
 0001:00001b70       ?_mbstowcsz@ATL@@YAHPA_WPBDK@Z 00402b70 f i SkinListCtrl.obj
 0001:00001c00       ?_AtlGetConversionACP@ATL@@YGIXZ 00402c00 f i SkinListCtrl.obj
 0001:00001c10       ?AtlThrowImpl@ATL@@YGXJ@Z  00402c10 f i SkinListCtrl.obj
 0001:00001c30       ?_AtlVerifyStackAvailable@_ATL_SAFE_ALLOCA_IMPL@ATL@@YA_NK@Z 00402c30 f i SkinListCtrl.obj
 0001:00001d10       ?AfxCrtErrorCheck@@YAHH@Z  00402d10 f i SkinListCtrl.obj
 0001:00001dc0       ??0CPoint@@QAE@HH@Z        00402dc0 f i SkinListCtrl.obj
 0001:00001df0       ??0CRect@@QAE@HHHH@Z       00402df0 f i SkinListCtrl.obj
 0001:00001e30       ??0CRect@@QAE@ABUtagRECT@@@Z 00402e30 f i SkinListCtrl.obj
 0001:00001e50       ?Width@CRect@@QBEHXZ       00402e50 f i SkinListCtrl.obj
 0001:00001e70       ?PtInRect@CRect@@QBEHUtagPOINT@@@Z 00402e70 f i SkinListCtrl.obj
 0001:00001e90       ?DeflateRect@CRect@@QAEXHH@Z 00402e90 f i SkinListCtrl.obj
 0001:00001ec0       ?DeflateRect@CRect@@QAEXHHHH@Z 00402ec0 f i SkinListCtrl.obj
 0001:00001f10       ??3CObject@@SGXPAX@Z       00402f10 f i SkinListCtrl.obj
 0001:00001f30       ?AfxGetInstanceHandle@@YGPAUHINSTANCE__@@XZ 00402f30 f i SkinListCtrl.obj
 0001:00001f40       ??0CPen@@QAE@XZ            00402f40 f i SkinListCtrl.obj
 0001:00001f60       ??0CGdiObject@@QAE@XZ      00402f60 f i SkinListCtrl.obj
 0001:00001f90       ??_GCGdiObject@@UAEPAXI@Z  00402f90 f i SkinListCtrl.obj
 0001:00001f90       ??_ECGdiObject@@UAEPAXI@Z  00402f90 f i SkinListCtrl.obj
 0001:00001fc0       ??1CGdiObject@@UAE@XZ      00402fc0 f i SkinListCtrl.obj
 0001:00002020       ??1CObject@@UAE@XZ         00403020 f i SkinListCtrl.obj
 0001:00002030       ??_ECPen@@UAEPAXI@Z        00403030 f i SkinListCtrl.obj
 0001:00002030       ??_GCPen@@UAEPAXI@Z        00403030 f i SkinListCtrl.obj
 0001:00002060       ??1CPen@@UAE@XZ            00403060 f i SkinListCtrl.obj
 0001:00002080       ?CreatePen@CPen@@QAEHHHK@Z 00403080 f i SkinListCtrl.obj
 0001:000020b0       ??0CBrush@@QAE@XZ          004030b0 f i SkinListCtrl.obj
 0001:000020d0       ??_GCBrush@@UAEPAXI@Z      004030d0 f i SkinListCtrl.obj
 0001:000020d0       ??_ECBrush@@UAEPAXI@Z      004030d0 f i SkinListCtrl.obj
 0001:00002100       ??1CBrush@@UAE@XZ          00403100 f i SkinListCtrl.obj
 0001:00002120       ?CreateSolidBrush@CBrush@@QAEHK@Z 00403120 f i SkinListCtrl.obj
 0001:00002140       ??0CBitmap@@QAE@XZ         00403140 f i SkinListCtrl.obj
 0001:00002160       ??_GCBitmap@@UAEPAXI@Z     00403160 f i SkinListCtrl.obj
 0001:00002160       ??_ECBitmap@@UAEPAXI@Z     00403160 f i SkinListCtrl.obj
 0001:00002190       ??1CBitmap@@UAE@XZ         00403190 f i SkinListCtrl.obj
 0001:000021b0       ?LoadBitmapA@CBitmap@@QAEHI@Z 004031b0 f i SkinListCtrl.obj
 0001:000021e0       ?AfxGetResourceHandle@@YGPAUHINSTANCE__@@XZ 004031e0 f i SkinListCtrl.obj
 0001:000021f0       ?GetBitmap@CBitmap@@QAEHPAUtagBITMAP@@@Z 004031f0 f i SkinListCtrl.obj
 0001:00002210       ??0CRgn@@QAE@XZ            00403210 f i SkinListCtrl.obj
 0001:00002230       ??_GCRgn@@UAEPAXI@Z        00403230 f i SkinListCtrl.obj
 0001:00002230       ??_ECRgn@@UAEPAXI@Z        00403230 f i SkinListCtrl.obj
 0001:00002260       ??1CRgn@@UAE@XZ            00403260 f i SkinListCtrl.obj
 0001:00002280       ?CreateRectRgnIndirect@CRgn@@QAEHPBUtagRECT@@@Z 00403280 f i SkinListCtrl.obj
 0001:000022a0       ?SetRectRgn@CRgn@@QAEXPBUtagRECT@@@Z 004032a0 f i SkinListCtrl.obj
 0001:000022e0       ?CreateCompatibleDC@CDC@@QAEHPAV1@@Z 004032e0 f i SkinListCtrl.obj
 0001:00002310       ?GetDeviceCaps@CDC@@QBEHH@Z 00403310 f i SkinListCtrl.obj
 0001:00002330       ?SelectObject@CDC@@QAEPAVCBitmap@@PAV2@@Z 00403330 f i SkinListCtrl.obj
 0001:00002360       ?FillRect@CDC@@QAEXPBUtagRECT@@PAVCBrush@@@Z 00403360 f i SkinListCtrl.obj
 0001:00002390       ?DrawFocusRect@CDC@@QAEXPBUtagRECT@@@Z 00403390 f i SkinListCtrl.obj
 0001:000023b0       ?Rectangle@CDC@@QAEHPBUtagRECT@@@Z 004033b0 f i SkinListCtrl.obj
 0001:000023f0       ?StretchBlt@CDC@@QAEHHHHHPAV1@HHHHK@Z 004033f0 f i SkinListCtrl.obj
 0001:00002440       ?DrawTextA@CDC@@QAEHABV?$CStringT@DV?$StrTraitMFC@DV?$ChTraitsCRT@D@ATL@@@@@ATL@@PAUtagRECT@@I@Z 00403440 f i SkinListCtrl.obj
 0001:00002480       ?GetTextExtent@CDC@@QBE?AVCSize@@PBDH@Z 00403480 f i SkinListCtrl.obj
 0001:000024c0       ??0CTime@ATL@@QAE@_J@Z     004034c0 f i HtmlViewer.obj
 0001:000024c0       ??0CSize@@QAE@UtagSIZE@@@Z 004034c0 f i SkinListCtrl.obj
 0001:000024e0       ?GetTextExtent@CDC@@QBE?AVCSize@@ABV?$CStringT@DV?$StrTraitMFC@DV?$ChTraitsCRT@D@ATL@@@@@ATL@@@Z 004034e0 f i SkinListCtrl.obj
 0001:00002530       ?GetSafeHwnd@CWnd@@QBEPAUHWND__@@XZ 00403530 f i SkinListCtrl.obj
 0001:00002560       ?GetFont@CWnd@@QBEPAVCFont@@XZ 00403560 f i SkinListCtrl.obj
 0001:00002590       ?FromHandle@CFont@@SGPAV1@PAUHFONT__@@@Z 00403590 f i SkinListCtrl.obj
 0001:000025a0       ?GetClientRect@CWnd@@QBEXPAUtagRECT@@@Z 004035a0 f i SkinListCtrl.obj
 0001:000025c0       ?Invalidate@CWnd@@QAEXH@Z  004035c0 f i SkinListCtrl.obj
 0001:000025e0       ?GetFocus@CWnd@@SGPAV1@XZ  004035e0 f i SkinListCtrl.obj
 0001:00002600       ?Serialize@CObject@@UAEXAAVCArchive@@@Z 00403600 f i SkinListCtrl.obj
 0001:00002600       ?_Init@?$codecvt@DDH@std@@IAEXABV_Locinfo@2@@Z 00403600 f i up_window_init.obj
 0001:00002600       ?DoDataExchange@CWnd@@MAEXPAVCDataExchange@@@Z 00403600 f i SkinListCtrl.obj
 0001:00002600       ?imbue@?$basic_streambuf@DU?$char_traits@D@std@@@std@@MAEXABVlocale@2@@Z 00403600 f i up_window_init.obj
 0001:00002610       ?BeginModalState@CWnd@@UAEXXZ 00403610 f i SkinListCtrl.obj
 0001:00002630       ?EndModalState@CWnd@@UAEXXZ 00403630 f i SkinListCtrl.obj
 0001:00002650       ??0CListCtrl@@QAE@XZ       00403650 f i SkinListCtrl.obj
 0001:00002670       ??_GCListCtrl@@UAEPAXI@Z   00403670 f i SkinListCtrl.obj
 0001:00002670       ??_ECListCtrl@@UAEPAXI@Z   00403670 f i SkinListCtrl.obj
 0001:000026a0       ?GetImageList@CListCtrl@@QBEPAVCImageList@@H@Z 004036a0 f i SkinListCtrl.obj
 0001:000026d0       ?GetItemCount@CListCtrl@@QBEHXZ 004036d0 f i SkinListCtrl.obj
 0001:00002700       ?GetItem@CListCtrl@@QBEHPAUtagLVITEMA@@@Z 00403700 f i SkinListCtrl.obj
 0001:00002730       ?GetColumn@CListCtrl@@QBEHHPAUtagLVCOLUMNA@@@Z 00403730 f i SkinListCtrl.obj
 0001:00002760       ?GetColumnWidth@CListCtrl@@QBEHH@Z 00403760 f i SkinListCtrl.obj
 0001:00002790       ?GetTopIndex@CListCtrl@@QBEHXZ 00403790 f i SkinListCtrl.obj
 0001:000027c0       ?GetCountPerPage@CListCtrl@@QBEHXZ 004037c0 f i SkinListCtrl.obj
 0001:000027f0       ?GetItemState@CListCtrl@@QBEIHI@Z 004037f0 f i SkinListCtrl.obj
 0001:00002820       ??0CHeaderCtrl@@QAE@XZ     00403820 f i SkinListCtrl.obj
 0001:00002840       ??_ECHeaderCtrl@@UAEPAXI@Z 00403840 f i SkinListCtrl.obj
 0001:00002840       ??_GCHeaderCtrl@@UAEPAXI@Z 00403840 f i SkinListCtrl.obj
 0001:00002870       ?GetItemCount@CHeaderCtrl@@QBEHXZ 00403870 f i SkinListCtrl.obj
 0001:000028a0       ?GetItem@CHeaderCtrl@@QBEHHPAU_HD_ITEMA@@@Z 004038a0 f i SkinListCtrl.obj
 0001:000028d0       ?Draw@CImageList@@QAEHPAVCDC@@HUtagPOINT@@I@Z 004038d0 f i SkinListCtrl.obj
 0001:00002910       ?AfxImageList_Draw@@YGHPAU_IMAGELIST@@HPAUHDC__@@HHI@Z 00403910 f i SkinListCtrl.obj
 0001:00002940       ?_ImageList_Draw@CComCtlWrapper@@QAEHPAU_IMAGELIST@@HPAUHDC__@@HHI@Z 00403940 f i SkinListCtrl.obj
 0001:00002a80       ?GetProcAddress_ImageList_Draw@CComCtlWrapper@@QAE?AUImageList_Draw_Type@1@XZ 00403a80 f i SkinListCtrl.obj
 0001:00002ad0       ?GetModuleHandleA@CDllIsolationWrapperBase@@QAEPAUHINSTANCE__@@XZ 00403ad0 f i SkinListCtrl.obj
 0001:00002b40       ??4ImageList_Draw_Type@CComCtlWrapper@@QAEXP6GHPAU_IMAGELIST@@HPAUHDC__@@HHI@Z@Z 00403b40 f i SkinListCtrl.obj
 0001:00002b60       ?Allocate@CCRTAllocator@ATL@@SAPAXI@Z 00403b60 f i SkinListCtrl.obj
 0001:00002b80       ?Free@CCRTAllocator@ATL@@SAXPAX@Z 00403b80 f i SkinListCtrl.obj
 0001:00002ba0       ??1?$CTempBuffer@D$0IA@VCCRTAllocator@ATL@@@ATL@@QAE@XZ 00403ba0 f i SkinListCtrl.obj
 0001:00002bc0       ?Allocate@?$CTempBuffer@D$0IA@VCCRTAllocator@ATL@@@ATL@@QAEPADI@Z 00403bc0 f i SkinListCtrl.obj
 0001:00002bf0       ??0?$CStringT@DV?$StrTraitMFC@DV?$ChTraitsCRT@D@ATL@@@@@ATL@@QAE@XZ 00403bf0 f i SkinListCtrl.obj
 0001:00002c10       ??0?$CStringT@DV?$StrTraitMFC@DV?$ChTraitsCRT@D@ATL@@@@@ATL@@QAE@PBD@Z 00403c10 f i SkinListCtrl.obj
 0001:00002c90       ??1?$CStringT@DV?$StrTraitMFC@DV?$ChTraitsCRT@D@ATL@@@@@ATL@@QAE@XZ 00403c90 f i SkinListCtrl.obj
 0001:00002cb0       ??4?$CStringT@DV?$StrTraitMFC@DV?$ChTraitsCRT@D@ATL@@@@@ATL@@QAEAAV01@ABV01@@Z 00403cb0 f i SkinListCtrl.obj
 0001:00002cd0       ??4?$CStringT@DV?$StrTraitMFC@DV?$ChTraitsCRT@D@ATL@@@@@ATL@@QAEAAV01@PBD@Z 00403cd0 f i SkinListCtrl.obj
 0001:00002cf0       ?GetLength@?$CSimpleStringT@D$0A@@ATL@@QBEHXZ 00403cf0 f i SkinListCtrl.obj
 0001:00002d10       ?AllocateBytes@?$CTempBuffer@D$0IA@VCCRTAllocator@ATL@@@ATL@@QAEPADI@Z 00403d10 f i SkinListCtrl.obj
 0001:00002d50       ?FreeHeap@?$CTempBuffer@D$0IA@VCCRTAllocator@ATL@@@ATL@@AAEXXZ 00403d50 f i SkinListCtrl.obj
 0001:00002d70       ?CheckImplicitLoad@?$CStringT@DV?$StrTraitMFC@DV?$ChTraitsCRT@D@ATL@@@@@ATL@@AAE_NPBX@Z 00403d70 f i SkinListCtrl.obj
 0001:00002dc0       ?LoadStringA@?$CStringT@DV?$StrTraitMFC@DV?$ChTraitsCRT@D@ATL@@@@@ATL@@QAEHI@Z 00403dc0 f i SkinListCtrl.obj
 0001:00002e00       ?LoadStringA@?$CStringT@DV?$StrTraitMFC@DV?$ChTraitsCRT@D@ATL@@@@@ATL@@QAEHPAUHINSTANCE__@@I@Z 00403e00 f i SkinListCtrl.obj
 0001:00002e90       ?AtlGetStringResourceImage@ATL@@YAPBUATLSTRINGRESOURCEIMAGE@1@PAUHINSTANCE__@@I@Z 00403e90 f i SkinListCtrl.obj
 0001:00002ee0       ?_AtlGetStringResourceImage@ATL@@YAPBUATLSTRINGRESOURCEIMAGE@1@PAUHINSTANCE__@@PAUHRSRC__@@I@Z 00403ee0 f i SkinListCtrl.obj
 0001:00002f90       ?GetBuffer@?$CSimpleStringT@D$0A@@ATL@@QAEPADH@Z 00403f90 f i SkinListCtrl.obj
 0001:00002fb0       ??0?$CSimpleStringT@D$0A@@ATL@@QAE@PAUIAtlStringMgr@1@@Z 00403fb0 f i SkinListCtrl.obj
 0001:00003000       ??1?$CSimpleStringT@D$0A@@ATL@@QAE@XZ 00404000 f i SkinListCtrl.obj
 0001:00003020       ?Release@CStringData@ATL@@QAEXXZ 00404020 f i SkinListCtrl.obj
 0001:00003060       ??4?$CSimpleStringT@D$0A@@ATL@@QAEAAV01@ABV01@@Z 00404060 f i SkinListCtrl.obj
 0001:000030f0       ?IsLocked@CStringData@ATL@@QBE_NXZ 004040f0 f i SkinListCtrl.obj
 0001:00003110       ??4?$CSimpleStringT@D$0A@@ATL@@QAEAAV01@PBD@Z 00404110 f i SkinListCtrl.obj
 0001:00003130       ?ReleaseBufferSetLength@?$CSimpleStringT@D$0A@@ATL@@QAEXH@Z 00404130 f i SkinListCtrl.obj
 0001:00003150       ?Attach@?$CSimpleStringT@D$0A@@ATL@@AAEXPAUCStringData@2@@Z 00404150 f i SkinListCtrl.obj
 0001:00003170       ?data@CStringData@ATL@@QAEPAXXZ 00404170 f i SkinListCtrl.obj
 0001:00003190       ?GetData@?$CSimpleStringT@D$0A@@ATL@@ABEPAUCStringData@2@XZ 00404190 f i SkinListCtrl.obj
 0001:000031b0       ?PrepareWrite@?$CSimpleStringT@D$0A@@ATL@@AAEPADH@Z 004041b0 f i SkinListCtrl.obj
 0001:00003200       ?SetLength@?$CSimpleStringT@D$0A@@ATL@@AAEXH@Z 00404200 f i SkinListCtrl.obj
 0001:00003250       ?FindStringResourceInstance@?$StrTraitMFC@DV?$ChTraitsCRT@D@ATL@@@@SAPAUHINSTANCE__@@I@Z 00404250 f i SkinListCtrl.obj
 0001:00003260       ?GetDefaultManager@?$StrTraitMFC@DV?$ChTraitsCRT@D@ATL@@@@SAPAUIAtlStringMgr@ATL@@XZ 00404260 f i SkinListCtrl.obj
 0001:00003270       ?GetBaseTypeLength@?$ChTraitsCRT@D@ATL@@SAHPB_WH@Z 00404270 f i SkinListCtrl.obj
 0001:000032a0       ?ConvertToBaseType@?$ChTraitsCRT@D@ATL@@SAXPADHPB_WH@Z 004042a0 f i SkinListCtrl.obj
 0001:000032d0       ?AllocateHeap@?$CTempBuffer@D$0IA@VCCRTAllocator@ATL@@@ATL@@AAEXI@Z 004042d0 f i SkinListCtrl.obj
 0001:00003310       ?SetString@?$CSimpleStringT@D$0A@@ATL@@QAEXPBD@Z 00404310 f i SkinListCtrl.obj
 0001:00003340       ?StringLength@?$CSimpleStringT@D$0A@@ATL@@SAHPBD@Z 00404340 f i SkinListCtrl.obj
 0001:00003360       ?SetString@?$CSimpleStringT@D$0A@@ATL@@QAEXPBDH@Z 00404360 f i SkinListCtrl.obj
 0001:00003410       ?Empty@?$CSimpleStringT@D$0A@@ATL@@QAEXXZ 00404410 f i SkinListCtrl.obj
 0001:00003480       ?CopyChars@?$CSimpleStringT@D$0A@@ATL@@SAXPADIPBDH@Z 00404480 f i SkinListCtrl.obj
 0001:000034a0       ?PrepareWrite2@?$CSimpleStringT@D$0A@@ATL@@AAEXH@Z 004044a0 f i SkinListCtrl.obj
 0001:00003540       ?IsShared@CStringData@ATL@@QBE_NXZ 00404540 f i SkinListCtrl.obj
 0001:00003560       ?Fork@?$CSimpleStringT@D$0A@@ATL@@AAEXH@Z 00404560 f i SkinListCtrl.obj
 0001:00003620       ?ThrowMemoryException@?$CSimpleStringT@D$0A@@ATL@@KAXXZ 00404620 f i SkinListCtrl.obj
 0001:00003630       ?CloneData@?$CSimpleStringT@D$0A@@ATL@@CAPAUCStringData@2@PAU32@@Z 00404630 f i SkinListCtrl.obj
 0001:000036e0       ?AddRef@CStringData@ATL@@QAEXXZ 004046e0 f i SkinListCtrl.obj
 0001:00003700       ?CopyCharsOverlapped@?$CSimpleStringT@D$0A@@ATL@@SAXPADIPBDH@Z 00404700 f i SkinListCtrl.obj
 0001:00003720       ?Reallocate@?$CSimpleStringT@D$0A@@ATL@@AAEXH@Z 00404720 f i SkinListCtrl.obj
 0001:00003790       ??$AtlAdd@K@ATL@@YAJPAKKK@Z 00404790 f i SkinListCtrl.obj
 0001:000037c0       ??$AtlMultiplyThrow@I@ATL@@YAIII@Z 004047c0 f i SkinListCtrl.obj
 0001:00003800       ??$AtlMultiply@I@ATL@@YAJPAIII@Z 00404800 f i SkinListCtrl.obj
 0001:00003840       ?GetMessageMap@up_client@@MBEPBUAFX_MSGMAP@@XZ 00404840 f   up_client.obj
 0001:00003850       ?GetThisMessageMap@up_client@@KGPBUAFX_MSGMAP@@XZ 00404850 f   up_client.obj
 0001:00003860       ??0up_client@@QAE@XZ       00404860 f   up_client.obj
 0001:00003890       ?InitInstance@up_client@@UAEHXZ 00404890 f   up_client.obj
 0001:000039d0       ??_Gup_client@@UAEPAXI@Z   004049d0 f i up_client.obj
 0001:000039d0       ??_Eup_client@@UAEPAXI@Z   004049d0 f i up_client.obj
 0001:00003a00       ??1up_client@@UAE@XZ       00404a00 f i up_client.obj
 0001:00003a20       ??0id@locale@std@@QAE@I@Z  00404a20 f i up_client.obj
 0001:00003a40       ??0FtpClient@@QAE@XZ       00404a40 f   FtpClient.obj
 0001:00003af0       ??1FtpClient@@QAE@XZ       00404af0 f   FtpClient.obj
 0001:00003b70       ?DisConnect@FtpClient@@QAEXXZ 00404b70 f   FtpClient.obj
 0001:00003b90       ?UpLoad@FtpClient@@QAE_NPAD0_J@Z 00404b90 f   FtpClient.obj
 0001:00003e90       ?FileCheckOpen@FtpClient@@QAE_NXZ 00404e90 f   FtpClient.obj
 0001:00003fb0       ?FileTrans@FtpClient@@QAEXXZ 00404fb0 f   FtpClient.obj
 0001:000043f0       ?UpLoadTrick@FtpClient@@QAE_NPAD_J1@Z 004053f0 f   FtpClient.obj
 0001:00004470       ?FileTransTrick@FtpClient@@QAEXXZ 00405470 f   FtpClient.obj
 0001:00004aa0       ?ProcFileTrans@@YGIPAX@Z   00405aa0 f   FtpClient.obj
 0001:00004ad0       ?ProcFileTransTrick@@YGIPAX@Z 00405ad0 f   FtpClient.obj
 0001:00004b00       ?Find@?$CStringT@DV?$StrTraitMFC@DV?$ChTraitsCRT@D@ATL@@@@@ATL@@QBEHPBDH@Z 00405b00 f i FtpClient.obj
 0001:00004b80       ?ReverseFind@?$CStringT@DV?$StrTraitMFC@DV?$ChTraitsCRT@D@ATL@@@@@ATL@@QBEHD@Z 00405b80 f i FtpClient.obj
 0001:00004bd0       ?Right@?$CStringT@DV?$StrTraitMFC@DV?$ChTraitsCRT@D@ATL@@@@@ATL@@QBE?AV12@H@Z 00405bd0 f i FtpClient.obj
 0001:00004c50       ?Left@?$CStringT@DV?$StrTraitMFC@DV?$ChTraitsCRT@D@ATL@@@@@ATL@@QBE?AV12@H@Z 00405c50 f i FtpClient.obj
 0001:00004cd0       ?SetAt@?$CSimpleStringT@D$0A@@ATL@@QAEXHD@Z 00405cd0 f i FtpClient.obj
 0001:00004d30       ??0?$CStringT@DV?$StrTraitMFC@DV?$ChTraitsCRT@D@ATL@@@@@ATL@@QAE@PBDHPAUIAtlStringMgr@1@@Z 00405d30 f i FtpClient.obj
 0001:00004d60       ?GetManager@?$CStringT@DV?$StrTraitMFC@DV?$ChTraitsCRT@D@ATL@@@@@ATL@@QBEPAUIAtlStringMgr@2@XZ 00405d60 f i FtpClient.obj
 0001:00004da0       ?StringFindString@?$ChTraitsCRT@D@ATL@@SAPBDPBD0@Z 00405da0 f i FtpClient.obj
 0001:00004dc0       ?StringFindCharRev@?$ChTraitsCRT@D@ATL@@SAPBDPBDD@Z 00405dc0 f i FtpClient.obj
 0001:00004de0       ??0?$CSimpleStringT@D$0A@@ATL@@QAE@PBDHPAUIAtlStringMgr@1@@Z 00405de0 f i FtpClient.obj
 0001:00004e80       ?GetManager@?$CSimpleStringT@D$0A@@ATL@@QBEPAUIAtlStringMgr@2@XZ 00405e80 f i FtpClient.obj
 0001:00004ec0       ??0?$CStringT@DV?$StrTraitMFC@DV?$ChTraitsCRT@D@ATL@@@@@ATL@@QAE@ABV01@@Z 00405ec0 f i FtpClient.obj
 0001:00004ee0       ?GetBuffer@?$CSimpleStringT@D$0A@@ATL@@QAEPADXZ 00405ee0 f i FtpClient.obj
 0001:00004f20       ??0?$CSimpleStringT@D$0A@@ATL@@QAE@ABV01@@Z 00405f20 f i FtpClient.obj
 0001:00004f60       ?Format@?$CStringT@DV?$StrTraitMFC@DV?$ChTraitsCRT@D@ATL@@@@@ATL@@QAAXPBDZZ 00405f60 f i FtpClient.obj
 0001:00004f90       ?FormatV@?$CStringT@DV?$StrTraitMFC@DV?$ChTraitsCRT@D@ATL@@@@@ATL@@QAEXPBDPAD@Z 00405f90 f i FtpClient.obj
 0001:00005000       ?GetFormattedLength@?$ChTraitsCRT@D@ATL@@SAHPBDPAD@Z 00406000 f i FtpClient.obj
 0001:00005020       ?Format@?$ChTraitsCRT@D@ATL@@SAHPADIPBD0@Z 00406020 f i FtpClient.obj
 0001:00005040       ??0NetworkController@@QAE@XZ 00406040 f   NetworkController.obj
 0001:00005360       ??1NetworkController@@QAE@XZ 00406360 f   NetworkController.obj
 0001:00005560       ?PrepareResponse@NetworkController@@QAEXK@Z 00406560 f   NetworkController.obj
 0001:00005970       ?RecvData@NetworkController@@UAEXPAVPacket@@@Z 00406970 f   NetworkController.obj
 0001:00005980       ?GetMessageSize@NetworkController@@QAEKPBDKK@Z 00406980 f   NetworkController.obj
 0001:00005a00       ?MMSocketCreate@NetworkController@@QAEHXZ 00406a00 f   NetworkController.obj
 0001:00005a80       ?MMSocketConnectTCP@NetworkController@@QAEHXZ 00406a80 f   NetworkController.obj
 0001:00005b80       ?MMSocketClose@NetworkController@@QAEXXZ 00406b80 f   NetworkController.obj
 0001:00005c70       ?MMServerFree@NetworkController@@QAEXXZ 00406c70 f   NetworkController.obj
 0001:00005d10       ?MMCreateThreadPool@NetworkController@@QAEHI@Z 00406d10 f   NetworkController.obj
 0001:00005e10       ?MMForceThreadKill@NetworkController@@QAEXPAX@Z 00406e10 f   NetworkController.obj
 0001:00005e50       ?ProcessingSendThread@NetworkController@@QAEXXZ 00406e50 f   NetworkController.obj
 0001:00005f20       ?ProcessingRecvThread@NetworkController@@QAEXXZ 00406f20 f   NetworkController.obj
 0001:00005ff0       ?MMCheckSend@NetworkController@@QAEHPAVPacket@@@Z 00406ff0 f   NetworkController.obj
 0001:000060a0       ?MMSendPost@NetworkController@@QAEHXZ 004070a0 f   NetworkController.obj
 0001:00006360       ?MMRecvPost@NetworkController@@QAEHXZ 00407360 f   NetworkController.obj
 0001:000064f0       ?RecvQueuePut@NetworkController@@QAE_NPAVPacket@@@Z 004074f0 f   NetworkController.obj
 0001:000065a0       ?RecvQueueGet@NetworkController@@QAEPAVPacket@@XZ 004075a0 f   NetworkController.obj
 0001:00006610       ?RecvPacketLoop@NetworkController@@QAEXXZ 00407610 f   NetworkController.obj
 0001:000066e0       ?ProcRecvTrans@@YGIPAX@Z   004076e0 f   NetworkController.obj
 0001:00006700       ?RecvCompletedTCP@@YGXKKPAU_OVERLAPPED@@K@Z 00407700 f   NetworkController.obj
 0001:00006800       ?SendCompletedTCP@@YGXKKPAU_OVERLAPPED@@K@Z 00407800 f   NetworkController.obj
 0001:000068d0       ??_G?$List@PAVPacket@@@@QAEPAXI@Z 004078d0 f i NetworkController.obj
 0001:00006900       ??0Packet@@QAE@XZ          00407900 f i NetworkController.obj
 0001:00006940       ?Pack@Packet@@QAEHFPBDH@Z  00407940 f i NetworkController.obj
 0001:00006af0       ?Unpack@Packet@@QAEHPBDH@Z 00407af0 f i NetworkController.obj
 0001:00006c50       ?IsValid@Packet@@QAEHXZ    00407c50 f i NetworkController.obj
 0001:00006ca0       ??_GPacket@@QAEPAXI@Z      00407ca0 f i NetworkController.obj
 0001:00006cd0       ??1Packet@@QAE@XZ          00407cd0 f i NetworkController.obj
 0001:00006d10       ?GetLength@Packet@@QAEHXZ  00407d10 f i NetworkController.obj
 0001:00006d30       ??0?$List@PAVPacket@@@@QAE@XZ 00407d30 f i NetworkController.obj
 0001:00006e10       ??1?$List@PAVPacket@@@@QAE@XZ 00407e10 f i NetworkController.obj
 0001:00006e50       ?AddTail@?$List@PAVPacket@@@@QAE_NAAPAVPacket@@@Z 00407e50 f i NetworkController.obj
 0001:00006e80       ?RemoveAt@?$List@PAVPacket@@@@QAE_NH_N@Z 00407e80 f i NetworkController.obj
 0001:00006ef0       ?RemoveAll@?$List@PAVPacket@@@@QAE_N_N@Z 00407ef0 f i NetworkController.obj
 0001:00006fb0       ?GetAt2@?$List@PAVPacket@@@@QBEAAPAVPacket@@H@Z 00407fb0 f i NetworkController.obj
 0001:00006fe0       ?InsertBefore@?$List@PAVPacket@@@@QAE_NAAPAVPacket@@PAV?$cnode@PAVPacket@@@@@Z 00407fe0 f i NetworkController.obj
 0001:00007090       ?RemoveAt@?$List@PAVPacket@@@@QAE_NPAV?$cnode@PAVPacket@@@@_N@Z 00408090 f i NetworkController.obj
 0001:00007150       ?GetAt@?$List@PAVPacket@@@@QBEPAV?$cnode@PAVPacket@@@@H@Z 00408150 f i NetworkController.obj
 0001:000071b0       ??0Worker@@QAE@PAVup_window@@@Z 004081b0 f   Worker.obj
 0001:00007210       ??1Worker@@QAE@XZ          00408210 f   Worker.obj
 0001:00007230       ?Init@Worker@@QAE_NPADI@Z  00408230 f   Worker.obj
 0001:00007280       ?End@Worker@@QAEXXZ        00408280 f   Worker.obj
 0001:000072b0       ?SendPacket@Worker@@QAEXPAVPacket@@@Z 004082b0 f   Worker.obj
 0001:00007330       ?RecvData@Worker@@UAEXPAVPacket@@@Z 00408330 f   Worker.obj
 0001:00007700       ?Result_Login@Worker@@QAEXPAVPacket@@@Z 00408700 f   Worker.obj
 0001:00007a10       ?Result_UpHash@Worker@@QAEXPAVPacket@@@Z 00408a10 f   Worker.obj
 0001:00007c30       ?Result_UpLoadPre@Worker@@QAEXPAVPacket@@@Z 00408c30 f   Worker.obj
 0001:00008240       ?Result_UpLoadPro@Worker@@QAEXPAVPacket@@@Z 00409240 f   Worker.obj
 0001:00008b30       ?Result_UpLoadEnd@Worker@@QAEXPAVPacket@@@Z 00409b30 f   Worker.obj
 0001:00008b60       ?Result_UpLoadContentsComplete@Worker@@QAEXPAVPacket@@@Z 00409b60 f   Worker.obj
 0001:00008b90       ?Result_Item_Add@Worker@@QAEXPAVPacket@@@Z 00409b90 f   Worker.obj
 0001:00009e30       ?Result_Dupl_Close@Worker@@QAEXPAVPacket@@@Z 0040ae30 f   Worker.obj
 0001:00009ea0       ?SpecialText@Worker@@QAEXAAV?$CStringT@DV?$StrTraitMFC@DV?$ChTraitsCRT@D@ATL@@@@@ATL@@@Z 0040aea0 f   Worker.obj
 0001:00009f40       ?SlashAdd@Worker@@QAEXAAV?$CStringT@DV?$StrTraitMFC@DV?$ChTraitsCRT@D@ATL@@@@@ATL@@@Z 0040af40 f   Worker.obj
 0001:00009f60       ?AddComma@Worker@@QAEXAAV?$CStringT@DV?$StrTraitMFC@DV?$ChTraitsCRT@D@ATL@@@@@ATL@@_J@Z 0040af60 f   Worker.obj
 0001:0000a000       ?StrToCString@Worker@@QAE?AV?$CStringT@DV?$StrTraitMFC@DV?$ChTraitsCRT@D@ATL@@@@@ATL@@PADH@Z 0040b000 f   Worker.obj
 0001:0000a0d0       ?Mureka_files_check@Worker@@QAE_NXZ 0040b0d0 f   Worker.obj
 0001:0000a680       ?KTH_OSP_hash_send@Worker@@QAE?AV?$CStringT@DV?$StrTraitMFC@DV?$ChTraitsCRT@D@ATL@@@@@ATL@@PAD_J1@Z 0040b680 f   Worker.obj
 0001:0000a8c0       ?Viruschecking@Worker@@QAEHV?$CStringT@DV?$StrTraitMFC@DV?$ChTraitsCRT@D@ATL@@@@@ATL@@@Z 0040b8c0 f   Worker.obj
 0001:0000ab80       ?GetCode@Packet@@QAEHXZ    0040bb80 f i Worker.obj
 0001:0000aba0       ?GetData@Packet@@QAEPADXZ  0040bba0 f i Worker.obj
 0001:0000abc0       ??0CToken@@QAE@PAD@Z       0040bbc0 f i Worker.obj
 0001:0000abf0       ?Split@CToken@@QAEXPAD@Z   0040bbf0 f i Worker.obj
 0001:0000ad40       ?FindString@CToken@@QAEHPAD0@Z 0040bd40 f i Worker.obj
 0001:0000ada0       ?GetToken@CToken@@QAEPADI@Z 0040bda0 f i Worker.obj
 0001:0000add0       ?GetCount@CToken@@QAEIXZ   0040bdd0 f i Worker.obj
 0001:0000adf0       ?ReleaseAllToken@CToken@@QAEXXZ 0040bdf0 f i Worker.obj
 0001:0000ae60       ??_GCToken@@QAEPAXI@Z      0040be60 f i Worker.obj
 0001:0000ae90       ??1CToken@@QAE@XZ          0040be90 f i Worker.obj
 0001:0000aeb0       ?Insert@?$CStringT@DV?$StrTraitMFC@DV?$ChTraitsCRT@D@ATL@@@@@ATL@@QAEHHD@Z 0040beb0 f i Worker.obj
 0001:0000af50       ?memmove_s@Checked@ATL@@YAXPAXIPBXI@Z 0040bf50 f i Worker.obj
 0001:0000af80       ?Replace@?$CStringT@DV?$StrTraitMFC@DV?$ChTraitsCRT@D@ATL@@@@@ATL@@QAEHPBD0@Z 0040bf80 f i Worker.obj
 0001:0000b140       ?memcpy_s@Checked@ATL@@YAXPAXIPBXI@Z 0040c140 f i Worker.obj
 0001:0000b170       ?Remove@?$CStringT@DV?$StrTraitMFC@DV?$ChTraitsCRT@D@ATL@@@@@ATL@@QAEHD@Z 0040c170 f i Worker.obj
 0001:0000b260       ?Find@?$CStringT@DV?$StrTraitMFC@DV?$ChTraitsCRT@D@ATL@@@@@ATL@@QBEHDH@Z 0040c260 f i Worker.obj
 0001:0000b2d0       ?TrimRight@?$CStringT@DV?$StrTraitMFC@DV?$ChTraitsCRT@D@ATL@@@@@ATL@@QAEAAV12@XZ 0040c2d0 f i Worker.obj
 0001:0000b360       ?TrimLeft@?$CStringT@DV?$StrTraitMFC@DV?$ChTraitsCRT@D@ATL@@@@@ATL@@QAEAAV12@XZ 0040c360 f i Worker.obj
 0001:0000b410       ?Trim@?$CStringT@DV?$StrTraitMFC@DV?$ChTraitsCRT@D@ATL@@@@@ATL@@QAEAAV12@XZ 0040c410 f i Worker.obj
 0001:0000b430       ??8ATL@@YA_NABV?$CStringT@DV?$StrTraitMFC@DV?$ChTraitsCRT@D@ATL@@@@@0@PBD@Z 0040c430 f i Worker.obj
 0001:0000b450       ??A?$CSimpleStringT@D$0A@@ATL@@QBEDH@Z 0040c450 f i SelectFolderDialog.obj
 0001:0000b450       ?GetAt@?$CSimpleStringT@D$0A@@ATL@@QBEDH@Z 0040c450 f i Worker.obj
 0001:0000b490       ?push_back@?$vector@UCONTENTSITEM@@V?$allocator@UCONTENTSITEM@@@std@@@std@@QAEXABUCONTENTSITEM@@@Z 0040c490 f i Worker.obj
 0001:0000b500       ?Compare@?$CStringT@DV?$StrTraitMFC@DV?$ChTraitsCRT@D@ATL@@@@@ATL@@QBEHPBD@Z 0040c500 f i Worker.obj
 0001:0000b550       ?AtlIsValidString@ATL@@YAHPBDI@Z 0040c550 f i Worker.obj
 0001:0000b560       ?Truncate@?$CSimpleStringT@D$0A@@ATL@@QAEXH@Z 0040c560 f i Worker.obj
 0001:0000b590       ?CharNextA@?$ChTraitsCRT@D@ATL@@SAPADPBD@Z 0040c590 f i Worker.obj
 0001:0000b5b0       ?IsSpace@?$ChTraitsCRT@D@ATL@@SAHD@Z 0040c5b0 f i Worker.obj
 0001:0000b5d0       ?StringFindString@?$ChTraitsCRT@D@ATL@@SAPADPADPBD@Z 0040c5d0 f i Worker.obj
 0001:0000b5f0       ?StringFindChar@?$ChTraitsCRT@D@ATL@@SAPBDPBDD@Z 0040c5f0 f i Worker.obj
 0001:0000b610       ?SafeStringLen@?$ChTraitsCRT@D@ATL@@SAHPBD@Z 0040c610 f i Worker.obj
 0001:0000b640       ?capacity@?$vector@UCONTENTSITEM@@V?$allocator@UCONTENTSITEM@@@std@@@std@@QBEIXZ 0040c640 f i Worker.obj
 0001:0000b680       ?end@?$vector@V?$CStringT@DV?$StrTraitMFC@DV?$ChTraitsCRT@D@ATL@@@@@ATL@@V?$allocator@V?$CStringT@DV?$StrTraitMFC@DV?$ChTraitsCRT@D@ATL@@@@@ATL@@@std@@@std@@QAE?AV?$_Vector_iterator@V?$CStringT@DV?$StrTraitMFC@DV?$ChTraitsCRT@D@ATL@@@@@ATL@@V?$allocator@V?$CStringT@DV?$StrTraitMFC@DV?$ChTraitsCRT@D@ATL@@@@@ATL@@@std@@@2@XZ 0040c680 f i up_window_hacf.obj
 0001:0000b680       ?end@?$vector@UCONTENTSITEM@@V?$allocator@UCONTENTSITEM@@@std@@@std@@QAE?AV?$_Vector_iterator@UCONTENTSITEM@@V?$allocator@UCONTENTSITEM@@@std@@@2@XZ 0040c680 f i Worker.obj
 0001:0000b6b0       ?size@?$vector@UCONTENTSITEM@@V?$allocator@UCONTENTSITEM@@@std@@@std@@QBEIXZ 0040c6b0 f i Worker.obj
 0001:0000b6f0       ?insert@?$vector@UCONTENTSITEM@@V?$allocator@UCONTENTSITEM@@@std@@@std@@QAE?AV?$_Vector_iterator@UCONTENTSITEM@@V?$allocator@UCONTENTSITEM@@@std@@@2@V32@ABUCONTENTSITEM@@@Z 0040c6f0 f i Worker.obj
 0001:0000b770       ?_Ufill@?$vector@UCONTENTSITEM@@V?$allocator@UCONTENTSITEM@@@std@@@std@@IAEPAUCONTENTSITEM@@PAU3@IABU3@@Z 0040c770 f i Worker.obj
 0001:0000b7a0       __tcscmp                   0040c7a0 f i TrayIconPosition.obj
 0001:0000b7a0       ?StringCompare@?$ChTraitsCRT@D@ATL@@SAHPBD0@Z 0040c7a0 f i Worker.obj
 0001:0000b7c0       ?begin@?$vector@UCONTENTSITEM@@V?$allocator@UCONTENTSITEM@@@std@@@std@@QAE?AV?$_Vector_iterator@UCONTENTSITEM@@V?$allocator@UCONTENTSITEM@@@std@@@2@XZ 0040c7c0 f i Worker.obj
 0001:0000b7c0       ?begin@?$vector@V?$CStringT@DV?$StrTraitMFC@DV?$ChTraitsCRT@D@ATL@@@@@ATL@@V?$allocator@V?$CStringT@DV?$StrTraitMFC@DV?$ChTraitsCRT@D@ATL@@@@@ATL@@@std@@@std@@QAE?AV?$_Vector_iterator@V?$CStringT@DV?$StrTraitMFC@DV?$ChTraitsCRT@D@ATL@@@@@ATL@@V?$allocator@V?$CStringT@DV?$StrTraitMFC@DV?$ChTraitsCRT@D@ATL@@@@@ATL@@@std@@@2@XZ 0040c7c0 f i up_window_hacf.obj
 0001:0000b7f0       ?_Insert_n@?$vector@UCONTENTSITEM@@V?$allocator@UCONTENTSITEM@@@std@@@std@@IAEXV?$_Vector_iterator@UCONTENTSITEM@@V?$allocator@UCONTENTSITEM@@@std@@@2@IABUCONTENTSITEM@@@Z 0040c7f0 f i Worker.obj
 0001:0000bb40       ??0?$_Vector_iterator@UCONTENTSITEM@@V?$allocator@UCONTENTSITEM@@@std@@@std@@QAE@PAUCONTENTSITEM@@PBU_Container_base@1@@Z 0040cb40 f i Worker.obj
 0001:0000bb40       ??0?$_Vector_iterator@V?$CStringT@DV?$StrTraitMFC@DV?$ChTraitsCRT@D@ATL@@@@@ATL@@V?$allocator@V?$CStringT@DV?$StrTraitMFC@DV?$ChTraitsCRT@D@ATL@@@@@ATL@@@std@@@std@@QAE@PAV?$CStringT@DV?$StrTraitMFC@DV?$ChTraitsCRT@D@ATL@@@@@ATL@@PBU_Container_base@1@@Z 0040cb40 f i up_window_hacf.obj
 0001:0000bb60       ??H?$_Vector_iterator@UCONTENTSITEM@@V?$allocator@UCONTENTSITEM@@@std@@@std@@QBE?AV01@H@Z 0040cb60 f i Worker.obj
 0001:0000bba0       ??G?$_Vector_iterator@UCONTENTSITEM@@V?$allocator@UCONTENTSITEM@@@std@@@std@@QBEHABV?$_Vector_const_iterator@UCONTENTSITEM@@V?$allocator@UCONTENTSITEM@@@std@@@1@@Z 0040cba0 f i Worker.obj
 0001:0000bbc0       ?max_size@?$vector@UCONTENTSITEM@@V?$allocator@UCONTENTSITEM@@@std@@@std@@QBEIXZ 0040cbc0 f i Worker.obj
 0001:0000bbe0       ?_Destroy@?$vector@UCONTENTSITEM@@V?$allocator@UCONTENTSITEM@@@std@@@std@@IAEXPAUCONTENTSITEM@@0@Z 0040cbe0 f i Worker.obj
 0001:0000bc10       ??0length_error@std@@QAE@ABV?$basic_string@DU?$char_traits@D@std@@V?$allocator@D@2@@1@@Z 0040cc10 f i Worker.obj
 0001:0000bc40       ??0logic_error@std@@QAE@ABV?$basic_string@DU?$char_traits@D@std@@V?$allocator@D@2@@1@@Z 0040cc40 f i Worker.obj
 0001:0000bcb0       ??_Glogic_error@std@@UAEPAXI@Z 0040ccb0 f i Worker.obj
 0001:0000bcb0       ??_Elogic_error@std@@UAEPAXI@Z 0040ccb0 f i Worker.obj
 0001:0000bce0       ??1logic_error@std@@UAE@XZ 0040cce0 f i Worker.obj
 0001:0000bd10       ??1length_error@std@@UAE@XZ 0040cd10 f i Worker.obj
 0001:0000bd30       ??_Elength_error@std@@UAEPAXI@Z 0040cd30 f i Worker.obj
 0001:0000bd30       ??_Glength_error@std@@UAEPAXI@Z 0040cd30 f i Worker.obj
 0001:0000bd60       ??0logic_error@std@@QAE@ABV01@@Z 0040cd60 f i Worker.obj
 0001:0000bdd0       ??0?$basic_string@DU?$char_traits@D@std@@V?$allocator@D@2@@std@@QAE@ABV01@@Z 0040cdd0 f i Worker.obj
 0001:0000be20       ??0?$basic_string@DU?$char_traits@D@std@@V?$allocator@D@2@@std@@QAE@PBD@Z 0040ce20 f i Worker.obj
 0001:0000be60       ??1?$basic_string@DU?$char_traits@D@std@@V?$allocator@D@2@@std@@QAE@XZ 0040ce60 f i Worker.obj
 0001:0000be80       ?c_str@?$basic_string@DU?$char_traits@D@std@@V?$allocator@D@2@@std@@QBEPBDXZ 0040ce80 f i Worker.obj
 0001:0000bea0       ?assign@?$basic_string@DU?$char_traits@D@std@@V?$allocator@D@2@@std@@QAEAAV12@ABV12@II@Z 0040cea0 f i Worker.obj
 0001:0000bf60       ?size@?$basic_string@DU?$char_traits@D@std@@V?$allocator@D@2@@std@@QBEIXZ 0040cf60 f i Worker.obj
 0001:0000bf80       ?assign@?$basic_string@DU?$char_traits@D@std@@V?$allocator@D@2@@std@@QAEAAV12@PBD@Z 0040cf80 f i Worker.obj
 0001:0000bfb0       ?length@?$char_traits@D@std@@SAIPBD@Z 0040cfb0 f i Worker.obj
 0001:0000bfd0       ?erase@?$basic_string@DU?$char_traits@D@std@@V?$allocator@D@2@@std@@QAEAAV12@II@Z 0040cfd0 f i Worker.obj
 0001:0000c070       ?_Tidy@?$basic_string@DU?$char_traits@D@std@@V?$allocator@D@2@@std@@IAEX_NI@Z 0040d070 f i Worker.obj
 0001:0000c0f0       ??0CObject@@IAE@XZ         0040d0f0 f i SkinListCtrl.obj
 0001:0000c0f0       ??0CPoint@@QAE@XZ          0040d0f0 f i up_window_init.obj
 0001:0000c0f0       ??I?$CComPtrBase@UIHTMLBodyElement@@@ATL@@QAEPAPAUIHTMLBodyElement@@XZ 0040d0f0 f i HtmlViewer.obj
 0001:0000c0f0       ?GetWString@Data_t@_bstr_t@@QAEAAPA_WXZ 0040d0f0 f i HtmlViewer.obj
 0001:0000c0f0       ??BCOleVariant@@QAEPAUtagVARIANT@@XZ 0040d0f0 f i HtmlViewer.obj
 0001:0000c0f0       ??I?$CComPtrBase@UIDispatch@@@ATL@@QAEPAPAUIDispatch@@XZ 0040d0f0 f i HtmlViewer.obj
 0001:0000c0f0       ??0?$allocator@UCONTENTSITEM@@@std@@QAE@XZ 0040d0f0 f i up_window_init.obj
 0001:0000c0f0       ??I?$CComPtrBase@UIHTMLElement2@@@ATL@@QAEPAPAUIHTMLElement2@@XZ 0040d0f0 f i HtmlViewer.obj
 0001:0000c0f0       ??BCOleSafeArray@@QAEPAUtagVARIANT@@XZ 0040d0f0 f i HtmlViewer.obj
 0001:0000c0f0       ??BCRect@@QAEPAUtagRECT@@XZ 0040d0f0 f i SkinListCtrl.obj
 0001:0000c0f0       ??I?$CComPtrBase@UIHTMLElement@@@ATL@@QAEPAPAUIHTMLElement@@XZ 0040d0f0 f i HtmlViewer.obj
 0001:0000c0f0       ??0?$allocator@V?$CStringT@DV?$StrTraitMFC@DV?$ChTraitsCRT@D@ATL@@@@@ATL@@@std@@QAE@XZ 0040d0f0 f i up_window_init.obj
 0001:0000c0f0       ??0CRect@@QAE@XZ           0040d0f0 f i SkinListCtrl.obj
 0001:0000c0f0       ??0?$allocator@D@std@@QAE@XZ 0040d0f0 f i Worker.obj
 0001:0000c100       ??0?$allocator@D@std@@QAE@ABV01@@Z 0040d100 f i Worker.obj
 0001:0000c100       ??0?$allocator@V?$CStringT@DV?$StrTraitMFC@DV?$ChTraitsCRT@D@ATL@@@@@ATL@@@std@@QAE@ABV01@@Z 0040d100 f i up_window_init.obj
 0001:0000c100       ??0?$allocator@UCONTENTSITEM@@@std@@QAE@ABV01@@Z 0040d100 f i up_window_init.obj
 0001:0000c110       ?assign@?$basic_string@DU?$char_traits@D@std@@V?$allocator@D@2@@std@@QAEAAV12@PBDI@Z 0040d110 f i Worker.obj
 0001:0000c1a0       ?_Eos@?$basic_string@DU?$char_traits@D@std@@V?$allocator@D@2@@std@@IAEXI@Z 0040d1a0 f i Worker.obj
 0001:0000c1e0       ?assign@?$char_traits@D@std@@SAXAADABD@Z 0040d1e0 f i Worker.obj
 0001:0000c1f0       ?_Grow@?$basic_string@DU?$char_traits@D@std@@V?$allocator@D@2@@std@@IAE_NI_N@Z 0040d1f0 f i Worker.obj
 0001:0000c290       ?_Myptr@?$basic_string@DU?$char_traits@D@std@@V?$allocator@D@2@@std@@IAEPADXZ 0040d290 f i Worker.obj
 0001:0000c290       ?_Myptr@?$basic_string@DU?$char_traits@D@std@@V?$allocator@D@2@@std@@IBEPBDXZ 0040d290 f i Worker.obj
 0001:0000c2c0       ?max_size@?$basic_string@DU?$char_traits@D@std@@V?$allocator@D@2@@std@@QBEIXZ 0040d2c0 f i Worker.obj
 0001:0000c300       ?_Copy@?$basic_string@DU?$char_traits@D@std@@V?$allocator@D@2@@std@@IAEXII@Z 0040d300 f i Worker.obj
 0001:0000c480       ?_Inside@?$basic_string@DU?$char_traits@D@std@@V?$allocator@D@2@@std@@IAE_NPBD@Z 0040d480 f i Worker.obj
 0001:0000c4c0       ?allocate@?$allocator@UCONTENTSITEM@@@std@@QAEPAUCONTENTSITEM@@I@Z 0040d4c0 f i Worker.obj
 0001:0000c4e0       ??Y?$_Vector_iterator@UCONTENTSITEM@@V?$allocator@UCONTENTSITEM@@@std@@@std@@QAEAAV01@H@Z 0040d4e0 f i Worker.obj
 0001:0000c500       ??0?$_Vector_const_iterator@V?$CStringT@DV?$StrTraitMFC@DV?$ChTraitsCRT@D@ATL@@@@@ATL@@V?$allocator@V?$CStringT@DV?$StrTraitMFC@DV?$ChTraitsCRT@D@ATL@@@@@ATL@@@std@@@std@@QAE@PAV?$CStringT@DV?$StrTraitMFC@DV?$ChTraitsCRT@D@ATL@@@@@ATL@@PBU_Container_base@1@@Z 0040d500 f i up_window_hacf.obj
 0001:0000c500       ??0?$_Vector_const_iterator@UCONTENTSITEM@@V?$allocator@UCONTENTSITEM@@@std@@@std@@QAE@PAUCONTENTSITEM@@PBU_Container_base@1@@Z 0040d500 f i Worker.obj
 0001:0000c550       ??G?$_Vector_const_iterator@UCONTENTSITEM@@V?$allocator@UCONTENTSITEM@@@std@@@std@@QBEHABV01@@Z 0040d550 f i Worker.obj
 0001:0000c590       ??0length_error@std@@QAE@ABV01@@Z 0040d590 f i Worker.obj
 0001:0000c5c0       ?allocate@?$allocator@D@std@@QAEPADI@Z 0040d5c0 f i Worker.obj
 0001:0000c5e0       ?max_size@?$allocator@D@std@@QBEIXZ 0040d5e0 f i Worker.obj
 0001:0000c610       ?max_size@?$allocator@UCONTENTSITEM@@@std@@QBEIXZ 0040d610 f i Worker.obj
 0001:0000c640       ??Y?$_Vector_const_iterator@UCONTENTSITEM@@V?$allocator@UCONTENTSITEM@@@std@@@std@@QAEAAV01@H@Z 0040d640 f i Worker.obj
 0001:0000c6a0       ??$strcpy_s@$0DC@@@YAHAAY0DC@DPBD@Z 0040d6a0 f i Worker.obj
 0001:0000c6c0       ??$copy_s@U?$char_traits@D@std@@@_Traits_helper@std@@YAPADPADIPBDI@Z 0040d6c0 f i Worker.obj
 0001:0000c6f0       ??$move_s@U?$char_traits@D@std@@@_Traits_helper@std@@YAPADPADIPBDI@Z 0040d6f0 f i Worker.obj
 0001:0000c720       ??$unchecked_uninitialized_fill_n@PAUCONTENTSITEM@@IU1@V?$allocator@UCONTENTSITEM@@@std@@@stdext@@YAXPAUCONTENTSITEM@@IABU1@AAV?$allocator@UCONTENTSITEM@@@std@@@Z 0040d720 f i Worker.obj
 0001:0000c760       ??$_Umove@PAUCONTENTSITEM@@@?$vector@UCONTENTSITEM@@V?$allocator@UCONTENTSITEM@@@std@@@std@@IAEPAUCONTENTSITEM@@PAU2@00@Z 0040d760 f i Worker.obj
 0001:0000c790       ??$fill@PAUCONTENTSITEM@@U1@@std@@YAXPAUCONTENTSITEM@@0ABU1@@Z 0040d790 f i Worker.obj
 0001:0000c7c0       ??$_Unchecked_move_backward@PAUCONTENTSITEM@@PAU1@@stdext@@YAPAUCONTENTSITEM@@PAU1@00@Z 0040d7c0 f i Worker.obj
 0001:0000c830       ??$_Destroy_range@UCONTENTSITEM@@V?$allocator@UCONTENTSITEM@@@std@@@std@@YAXPAUCONTENTSITEM@@0AAV?$allocator@UCONTENTSITEM@@@0@@Z 0040d830 f i Worker.obj
 0001:0000c870       ??$_Allocate@UCONTENTSITEM@@@std@@YAPAUCONTENTSITEM@@IPAU1@@Z 0040d870 f i Worker.obj
 0001:0000c8c0       ??0bad_alloc@std@@QAE@PBD@Z 0040d8c0 f i Worker.obj
 0001:0000c8f0       ??1bad_alloc@std@@UAE@XZ   0040d8f0 f i Worker.obj
 0001:0000c910       ??_Ebad_alloc@std@@UAEPAXI@Z 0040d910 f i Worker.obj
 0001:0000c910       ??_Gbad_alloc@std@@UAEPAXI@Z 0040d910 f i Worker.obj
 0001:0000c940       ??$_Allocate@D@std@@YAPADIPAD@Z 0040d940 f i Worker.obj
 0001:0000c990       ??0bad_alloc@std@@QAE@ABV01@@Z 0040d990 f i Worker.obj
 0001:0000c9c0       ??$copy_s@U?$char_traits@D@std@@@_Traits_helper@std@@YAPADPADIPBDIU_Secure_char_traits_tag@1@@Z 0040d9c0 f i Worker.obj
 0001:0000c9e0       ?_Copy_s@?$char_traits@D@std@@SAPADPADIPBDI@Z 0040d9e0 f i Worker.obj
 0001:0000ca00       ??$move_s@U?$char_traits@D@std@@@_Traits_helper@std@@YAPADPADIPBDIU_Secure_char_traits_tag@1@@Z 0040da00 f i Worker.obj
 0001:0000ca20       ?_Move_s@?$char_traits@D@std@@SAPADPADIPBDI@Z 0040da20 f i Worker.obj
 0001:0000ca40       ??$_Uninit_fill_n@PAUCONTENTSITEM@@IU1@V?$allocator@UCONTENTSITEM@@@std@@@std@@YAXPAUCONTENTSITEM@@IABU1@AAV?$allocator@UCONTENTSITEM@@@0@U_Nonscalar_ptr_iterator_tag@0@U_Range_checked_iterator_tag@0@@Z 0040da40 f i Worker.obj
 0001:0000caf0       ??$_Unchecked_uninitialized_move@PAUCONTENTSITEM@@PAU1@V?$allocator@UCONTENTSITEM@@@std@@@stdext@@YAPAUCONTENTSITEM@@PAU1@00AAV?$allocator@UCONTENTSITEM@@@std@@@Z 0040daf0 f i Worker.obj
 0001:0000cb40       ??$_Checked_base@PAV?$CStringT@DV?$StrTraitMFC@DV?$ChTraitsCRT@D@ATL@@@@@ATL@@@std@@YAPAV?$CStringT@DV?$StrTraitMFC@DV?$ChTraitsCRT@D@ATL@@@@@ATL@@AAPAV12@@Z 0040db40 f i up_window_hacf.obj
 0001:0000cb40       ??$_Checked_base@PAUCONTENTSITEM@@@std@@YAPAUCONTENTSITEM@@AAPAU1@@Z 0040db40 f i Worker.obj
 0001:0000cb60       ??$_Fill@PAUCONTENTSITEM@@U1@@std@@YAXPAUCONTENTSITEM@@0ABU1@@Z 0040db60 f i Worker.obj
 0001:0000cba0       ??$_Move_backward_opt@PAUCONTENTSITEM@@PAU1@Urandom_access_iterator_tag@std@@U_Undefined_move_tag@3@@std@@YAPAUCONTENTSITEM@@PAU1@00Urandom_access_iterator_tag@0@U_Undefined_move_tag@0@U_Range_checked_iterator_tag@0@@Z 0040dba0 f i Worker.obj
 0001:0000cbe0       ??$_Destroy_range@UCONTENTSITEM@@V?$allocator@UCONTENTSITEM@@@std@@@std@@YAXPAUCONTENTSITEM@@0AAV?$allocator@UCONTENTSITEM@@@0@U_Nonscalar_ptr_iterator_tag@0@@Z 0040dbe0 f i Worker.obj
 0001:0000cc10       ?construct@?$allocator@UCONTENTSITEM@@@std@@QAEXPAUCONTENTSITEM@@ABU3@@Z 0040dc10 f i Worker.obj
 0001:0000cc30       ?destroy@?$allocator@UCONTENTSITEM@@@std@@QAEXPAUCONTENTSITEM@@@Z 0040dc30 f i Worker.obj
 0001:0000cc50       ??$_Uninit_move@PAUCONTENTSITEM@@PAU1@V?$allocator@UCONTENTSITEM@@@std@@U_Undefined_move_tag@3@@std@@YAPAUCONTENTSITEM@@PAU1@00AAV?$allocator@UCONTENTSITEM@@@0@U_Undefined_move_tag@0@U_Range_checked_iterator_tag@0@@Z 0040dc50 f i Worker.obj
 0001:0000cc70       ??$_Checked_base@PAV?$CStringT@DV?$StrTraitMFC@DV?$ChTraitsCRT@D@ATL@@@@@ATL@@@std@@YAPAV?$CStringT@DV?$StrTraitMFC@DV?$ChTraitsCRT@D@ATL@@@@@ATL@@AAPAV12@U_Unchanged_checked_iterator_base_type_tag@0@@Z 0040dc70 f i up_window_hacf.obj
 0001:0000cc70       ??$_Checked_base@PAUCONTENTSITEM@@@std@@YAPAUCONTENTSITEM@@AAPAU1@U_Unchanged_checked_iterator_base_type_tag@0@@Z 0040dc70 f i Worker.obj
 0001:0000cc80       ??$_Copy_backward_opt@PAUCONTENTSITEM@@PAU1@@std@@YAPAUCONTENTSITEM@@PAU1@00Urandom_access_iterator_tag@0@U_Nonscalar_ptr_iterator_tag@0@U_Range_checked_iterator_tag@0@@Z 0040dc80 f i Worker.obj
 0001:0000cce0       ??$_Construct@UCONTENTSITEM@@U1@@std@@YAXPAUCONTENTSITEM@@ABU1@@Z 0040dce0 f i Worker.obj
 0001:0000cd40       ??2@YAPAXIPAX@Z            0040dd40 f i Worker.obj
 0001:0000cd50       ??$unchecked_uninitialized_copy@PAUCONTENTSITEM@@PAU1@V?$allocator@UCONTENTSITEM@@@std@@@stdext@@YAPAUCONTENTSITEM@@PAU1@00AAV?$allocator@UCONTENTSITEM@@@std@@@Z 0040dd50 f i Worker.obj
 0001:0000cdb0       ??$_Copy_backward_opt@PAUCONTENTSITEM@@PAU1@Uforward_iterator_tag@std@@@std@@YAPAUCONTENTSITEM@@PAU1@00Uforward_iterator_tag@0@U_Nonscalar_ptr_iterator_tag@0@U_Range_checked_iterator_tag@0@@Z 0040ddb0 f i Worker.obj
 0001:0000cdf0       ??$_Uninit_copy@PAUCONTENTSITEM@@PAU1@V?$allocator@UCONTENTSITEM@@@std@@@std@@YAPAUCONTENTSITEM@@PAU1@00AAV?$allocator@UCONTENTSITEM@@@0@U_Nonscalar_ptr_iterator_tag@0@U_Range_checked_iterator_tag@0@@Z 0040ddf0 f i Worker.obj
 0001:0000ceb0       ?SetTimer@CWnd@@QAEIIIP6GXPAUHWND__@@IIK@Z@Z 0040deb0 f i Worker.obj
 0001:0000cee0       ?KillTimer@CWnd@@QAEHI@Z   0040dee0 f i Worker.obj
 0001:0000cf00       ?SetColumnWidth@CListCtrl@@QAEHHH@Z 0040df00 f i Worker.obj
 0001:0000cf30       ??0Dlg_Alert@@QAE@PAVCWnd@@@Z 0040df30 f   Dlg_Alert.obj
 0001:0000cfc0       ??1Dlg_Alert@@UAE@XZ       0040dfc0 f   Dlg_Alert.obj
 0001:0000d040       ?DoDataExchange@Dlg_Alert@@MAEXPAVCDataExchange@@@Z 0040e040 f   Dlg_Alert.obj
 0001:0000d080       ?GetMessageMap@Dlg_Alert@@MBEPBUAFX_MSGMAP@@XZ 0040e080 f   Dlg_Alert.obj
 0001:0000d090       ?GetThisMessageMap@Dlg_Alert@@KGPBUAFX_MSGMAP@@XZ 0040e090 f   Dlg_Alert.obj
 0001:0000d0a0       ?OnInitDialog@Dlg_Alert@@MAEHXZ 0040e0a0 f   Dlg_Alert.obj
 0001:0000d170       ?InitWindow@Dlg_Alert@@QAEXXZ 0040e170 f   Dlg_Alert.obj
 0001:0000d3f0       ?OnTimer@Dlg_Alert@@IAEXI@Z 0040e3f0 f   Dlg_Alert.obj
 0001:0000d4a0       ?Skin_ButtonPressed@Dlg_Alert@@UAE_NV?$CStringT@DV?$StrTraitMFC@DV?$ChTraitsCRT@D@ATL@@@@@ATL@@@Z 0040e4a0 f   Dlg_Alert.obj
 0001:0000d5f0       ?OnCtlColor@Dlg_Alert@@IAEPAUHBRUSH__@@PAVCDC@@PAVCWnd@@I@Z 0040e5f0 f   Dlg_Alert.obj
 0001:0000d690       ??_GDlg_Alert@@UAEPAXI@Z   0040e690 f i Dlg_Alert.obj
 0001:0000d690       ??_EDlg_Alert@@UAEPAXI@Z   0040e690 f i Dlg_Alert.obj
 0001:0000d6c0       ?MoveWindow@CWnd@@QAEXPBUtagRECT@@H@Z 0040e6c0 f i Dlg_Alert.obj
 0001:0000d700       ?Create@CDialog@@UAEHIPAVCWnd@@@Z 0040e700 f i Dlg_Alert.obj
 0001:0000d720       ??0CStatic@@QAE@XZ         0040e720 f i Dlg_Alert.obj
 0001:0000d740       ??_ECStatic@@UAEPAXI@Z     0040e740 f i Dlg_Alert.obj
 0001:0000d740       ??_GCStatic@@UAEPAXI@Z     0040e740 f i Dlg_Alert.obj
 0001:0000d770       ??0Dlg_Confirm@@QAE@PAVCWnd@@@Z 0040e770 f   Dlg_Confirm.obj
 0001:0000d830       ??1Dlg_Confirm@@UAE@XZ     0040e830 f   Dlg_Confirm.obj
 0001:0000d8d0       ?DoDataExchange@Dlg_Confirm@@MAEXPAVCDataExchange@@@Z 0040e8d0 f   Dlg_Confirm.obj
 0001:0000d920       ?GetMessageMap@Dlg_Confirm@@MBEPBUAFX_MSGMAP@@XZ 0040e920 f   Dlg_Confirm.obj
 0001:0000d930       ?GetThisMessageMap@Dlg_Confirm@@KGPBUAFX_MSGMAP@@XZ 0040e930 f   Dlg_Confirm.obj
 0001:0000d940       ?OnInitDialog@Dlg_Confirm@@MAEHXZ 0040e940 f   Dlg_Confirm.obj
 0001:0000dae0       ?InitWindow@Dlg_Confirm@@QAEXXZ 0040eae0 f   Dlg_Confirm.obj
 0001:0000dc20       ?OnTimer@Dlg_Confirm@@IAEXI@Z 0040ec20 f   Dlg_Confirm.obj
 0001:0000dc70       ?Skin_ButtonPressed@Dlg_Confirm@@UAE_NV?$CStringT@DV?$StrTraitMFC@DV?$ChTraitsCRT@D@ATL@@@@@ATL@@@Z 0040ec70 f   Dlg_Confirm.obj
 0001:0000dda0       ?OnCtlColor@Dlg_Confirm@@IAEPAUHBRUSH__@@PAVCDC@@PAVCWnd@@I@Z 0040eda0 f   Dlg_Confirm.obj
 0001:0000de40       ??_EDlg_Confirm@@UAEPAXI@Z 0040ee40 f i Dlg_Confirm.obj
 0001:0000de40       ??_GDlg_Confirm@@UAEPAXI@Z 0040ee40 f i Dlg_Confirm.obj
 0001:0000de70       ?SetBitmap@CStatic@@QAEPAUHBITMAP__@@PAU2@@Z 0040ee70 f i Dlg_Confirm.obj
 0001:0000dea0       ??0Dlg_Exist@@QAE@PAVCWnd@@@Z 0040eea0 f   Dlg_Exist.obj
 0001:0000df80       ??1Dlg_Exist@@UAE@XZ       0040ef80 f   Dlg_Exist.obj
 0001:0000e040       ?DoDataExchange@Dlg_Exist@@MAEXPAVCDataExchange@@@Z 0040f040 f   Dlg_Exist.obj
 0001:0000e0a0       ?GetMessageMap@Dlg_Exist@@MBEPBUAFX_MSGMAP@@XZ 0040f0a0 f   Dlg_Exist.obj
 0001:0000e0b0       ?GetThisMessageMap@Dlg_Exist@@KGPBUAFX_MSGMAP@@XZ 0040f0b0 f   Dlg_Exist.obj
 0001:0000e0c0       ?OnInitDialog@Dlg_Exist@@MAEHXZ 0040f0c0 f   Dlg_Exist.obj
 0001:0000e2b0       ?InitWindow@Dlg_Exist@@QAEXXZ 0040f2b0 f   Dlg_Exist.obj
 0001:0000e430       ?OnTimer@Dlg_Exist@@IAEXI@Z 0040f430 f   Dlg_Exist.obj
 0001:0000e440       ?Skin_ButtonPressed@Dlg_Exist@@UAE_NV?$CStringT@DV?$StrTraitMFC@DV?$ChTraitsCRT@D@ATL@@@@@ATL@@@Z 0040f440 f   Dlg_Exist.obj
 0001:0000e5d0       ?OnCtlColor@Dlg_Exist@@IAEPAUHBRUSH__@@PAVCDC@@PAVCWnd@@I@Z 0040f5d0 f   Dlg_Exist.obj
 0001:0000e6b0       ?PreTranslateMessage@Dlg_Exist@@MAEHPAUtagMSG@@@Z 0040f6b0 f   Dlg_Exist.obj
 0001:0000e730       ??_EDlg_Exist@@UAEPAXI@Z   0040f730 f i Dlg_Exist.obj
 0001:0000e730       ??_GDlg_Exist@@UAEPAXI@Z   0040f730 f i Dlg_Exist.obj
 0001:0000e760       ?Mid@?$CStringT@DV?$StrTraitMFC@DV?$ChTraitsCRT@D@ATL@@@@@ATL@@QBE?AV12@HH@Z 0040f760 f i Dlg_Exist.obj
 0001:0000e840       ??$AtlAddThrow@H@ATL@@YAHHH@Z 0040f840 f i Dlg_Exist.obj
 0001:0000e880       ??$AtlAdd@H@ATL@@YAJPAHHH@Z 0040f880 f i Dlg_Exist.obj
 0001:0000e8b0       ??0Dlg_Setup@@QAE@PAVCWnd@@@Z 0040f8b0 f   Dlg_Setup.obj
 0001:0000e970       ??1Dlg_Setup@@UAE@XZ       0040f970 f   Dlg_Setup.obj
 0001:0000ea10       ?DoDataExchange@Dlg_Setup@@MAEXPAVCDataExchange@@@Z 0040fa10 f   Dlg_Setup.obj
 0001:0000ea90       ?GetMessageMap@Dlg_Setup@@MBEPBUAFX_MSGMAP@@XZ 0040fa90 f   Dlg_Setup.obj
 0001:0000eaa0       ?GetThisMessageMap@Dlg_Setup@@KGPBUAFX_MSGMAP@@XZ 0040faa0 f   Dlg_Setup.obj
 0001:0000eab0       ?OnInitDialog@Dlg_Setup@@MAEHXZ 0040fab0 f   Dlg_Setup.obj
 0001:0000ee50       ?InitWindow@Dlg_Setup@@QAEXXZ 0040fe50 f   Dlg_Setup.obj
 0001:0000f0f0       ?InitSetup@Dlg_Setup@@QAEXXZ 004100f0 f   Dlg_Setup.obj
 0001:0000f1c0       ?Skin_ButtonPressed@Dlg_Setup@@UAE_NV?$CStringT@DV?$StrTraitMFC@DV?$ChTraitsCRT@D@ATL@@@@@ATL@@@Z 004101c0 f   Dlg_Setup.obj
 0001:0000f650       ?OnCtlColor@Dlg_Setup@@IAEPAUHBRUSH__@@PAVCDC@@PAVCWnd@@I@Z 00410650 f   Dlg_Setup.obj
 0001:0000f700       ??_EDlg_Setup@@UAEPAXI@Z   00410700 f i Dlg_Setup.obj
 0001:0000f700       ??_GDlg_Setup@@UAEPAXI@Z   00410700 f i Dlg_Setup.obj
 0001:0000f730       ?GetCurSel@CComboBox@@QBEHXZ 00410730 f i Dlg_Setup.obj
 0001:0000f760       ?SetCurSel@CComboBox@@QAEHH@Z 00410760 f i Dlg_Setup.obj
 0001:0000f790       ??0Dlg_Slide@@QAE@PAVCWnd@@@Z 00410790 f   Dlg_Slide.obj
 0001:0000f820       ??1Dlg_Slide@@UAE@XZ       00410820 f   Dlg_Slide.obj
 0001:0000f890       ?DoDataExchange@Dlg_Slide@@MAEXPAVCDataExchange@@@Z 00410890 f   Dlg_Slide.obj
 0001:0000f8d0       ?GetMessageMap@Dlg_Slide@@MBEPBUAFX_MSGMAP@@XZ 004108d0 f   Dlg_Slide.obj
 0001:0000f8e0       ?GetThisMessageMap@Dlg_Slide@@KGPBUAFX_MSGMAP@@XZ 004108e0 f   Dlg_Slide.obj
 0001:0000f8f0       ?OnInitDialog@Dlg_Slide@@MAEHXZ 004108f0 f   Dlg_Slide.obj
 0001:0000fa10       ?InitWindow@Dlg_Slide@@QAEXXZ 00410a10 f   Dlg_Slide.obj
 0001:0000fae0       ?OnTimer@Dlg_Slide@@QAEXI@Z 00410ae0 f   Dlg_Slide.obj
 0001:0000fbe0       ?Skin_ButtonPressed@Dlg_Slide@@UAE_NV?$CStringT@DV?$StrTraitMFC@DV?$ChTraitsCRT@D@ATL@@@@@ATL@@@Z 00410be0 f   Dlg_Slide.obj
 0001:0000fc80       ?OnCtlColor@Dlg_Slide@@QAEPAUHBRUSH__@@PAVCDC@@PAVCWnd@@I@Z 00410c80 f   Dlg_Slide.obj
 0001:0000fd20       ??_GDlg_Slide@@UAEPAXI@Z   00410d20 f i Dlg_Slide.obj
 0001:0000fd20       ??_EDlg_Slide@@UAEPAXI@Z   00410d20 f i Dlg_Slide.obj
 0001:0000fd50       ?GetWindowRect@CWnd@@QBEXPAUtagRECT@@@Z 00410d50 f i Dlg_Slide.obj
 0001:0000fd70       ?OnTimer@CWnd@@IAEXI@Z     00410d70 f i Dlg_Slide.obj
 0001:0000fd70       ?OnEraseBkgnd@CWnd@@IAEHPAVCDC@@@Z 00410d70 f i SkinDialog.obj
 0001:0000fd70       ?OnKillFocus@CWnd@@IAEXPAV1@@Z 00410d70 f i SkinButton.obj
 0001:0000fd70       ?OnCaptureChanged@CWnd@@IAEXPAV1@@Z 00410d70 f i SkinButton.obj
 0001:0000fd90       ??0CTrayWindow@@QAE@PAVCWnd@@@Z 00410d90 f   TrayWindow.obj
 0001:0000fe50       ??1CTrayWindow@@UAE@XZ     00410e50 f   TrayWindow.obj
 0001:0000ff40       ?DoDataExchange@CTrayWindow@@MAEXPAVCDataExchange@@@Z 00410f40 f   TrayWindow.obj
 0001:0000ffa0       ?OnInitDialog@CTrayWindow@@MAEHXZ 00410fa0 f   TrayWindow.obj
 0001:00010080       ?InitWindow@CTrayWindow@@QAEXXZ 00411080 f   TrayWindow.obj
 0001:000101d0       ?SetTrayIconHandle@CTrayWindow@@QAEXPAUHWND__@@@Z 004111d0 f   TrayWindow.obj
 0001:00010270       ?GetMessageMap@CTrayWindow@@MBEPBUAFX_MSGMAP@@XZ 00411270 f   TrayWindow.obj
 0001:00010280       ?GetThisMessageMap@CTrayWindow@@KGPBUAFX_MSGMAP@@XZ 00411280 f   TrayWindow.obj
 0001:00010290       ?OnCtlColor@CTrayWindow@@QAEPAUHBRUSH__@@PAVCDC@@PAVCWnd@@I@Z 00411290 f   TrayWindow.obj
 0001:00010330       ??_GCTrayWindow@@UAEPAXI@Z 00411330 f i TrayWindow.obj
 0001:00010330       ??_ECTrayWindow@@UAEPAXI@Z 00411330 f i TrayWindow.obj
 0001:00010360       ?AfxGetApp@@YGPAVCWinApp@@XZ 00411360 f i TrayWindow.obj
 0001:00010370       ?Skin_ButtonPressed@up_window@@UAE_NV?$CStringT@DV?$StrTraitMFC@DV?$ChTraitsCRT@D@ATL@@@@@ATL@@@Z 00411370 f   up_window_func.obj
 0001:00010390       ?GetTransListIndex@up_window@@QAEHXZ 00411390 f   up_window_func.obj
 0001:00010440       ?DeferItem@up_window@@QAEKXZ 00411440 f   up_window_func.obj
 0001:00010540       ?InsertItem@up_window@@QAEXPAURUPCONTEXT@@@Z 00411540 f   up_window_func.obj
 0001:000108b0       ?MSG_Complete@up_window@@QAEJIJ@Z 004118b0 f   up_window_func.obj
 0001:00010960       ?MSG_Window@up_window@@QAEJIJ@Z 00411960 f   up_window_func.obj
 0001:00010aa0       ?MSG_UpLoad@up_window@@QAEJIJ@Z 00411aa0 f   up_window_func.obj
 0001:00010ac0       ?MSG_OverWrite@up_window@@QAEJIJ@Z 00411ac0 f   up_window_func.obj
 0001:00010c00       ?MSG_ForceExit@up_window@@QAEJIJ@Z 00411c00 f   up_window_func.obj
 0001:00010cc0       ?OnNMDblclkFilelist@up_window@@IAEXPAUtagNMHDR@@PAJ@Z 00411cc0 f   up_window_func.obj
 0001:00010d50       ?SetSizeFormat@up_window@@QAE?AV?$CStringT@DV?$StrTraitMFC@DV?$ChTraitsCRT@D@ATL@@@@@ATL@@_J@Z 00411d50 f   up_window_func.obj
 0001:00010e30       ?SetNumFormat@up_window@@QAE?AV?$CStringT@DV?$StrTraitMFC@DV?$ChTraitsCRT@D@ATL@@@@@ATL@@_J@Z 00411e30 f   up_window_func.obj
 0001:00010f20       ?SetSpeedFormat@up_window@@QAE?AV?$CStringT@DV?$StrTraitMFC@DV?$ChTraitsCRT@D@ATL@@@@@ATL@@_JKK@Z 00411f20 f   up_window_func.obj
 0001:00011060       ?MoveItem@up_window@@QAEXH@Z 00412060 f   up_window_func.obj
 0001:00011720       ?DeleteList@up_window@@QAEXH@Z 00412720 f   up_window_func.obj
 0001:00011a60       ?GetFileStatus@up_window@@QAE?AV?$CStringT@DV?$StrTraitMFC@DV?$ChTraitsCRT@D@ATL@@@@@ATL@@H@Z 00412a60 f   up_window_func.obj
 0001:00011c30       ?GetVersionIE@up_window@@QAEHXZ 00412c30 f   up_window_func.obj
 0001:00011e40       ?SetRedraw@CWnd@@QAEXH@Z   00412e40 f i up_window_func.obj
 0001:00011e70       ?SetItemData@CListCtrl@@QAEHHK@Z 00412e70 f i up_window_func.obj
 0001:00011ea0       ?InsertItem@CListCtrl@@QAEHPBUtagLVITEMA@@@Z 00412ea0 f i up_window_func.obj
 0001:00011ed0       ?InsertItem@CListCtrl@@QAEHHPBDH@Z 00412ed0 f i up_window_func.obj
 0001:00011f00       ?DeleteItem@CListCtrl@@QAEHH@Z 00412f00 f i up_window_func.obj
 0001:00011f30       ?DeleteAllItems@CListCtrl@@QAEHXZ 00412f30 f i up_window_func.obj
 0001:00011f60       ?GetNextItem@CListCtrl@@QBEHHH@Z 00412f60 f i up_window_func.obj
 0001:00011f90       ?GetSelectedCount@CListCtrl@@QBEIXZ 00412f90 f i up_window_func.obj
 0001:00011fc0       ?SendSizeThread@@YAIPAX@Z  00412fc0 f   up_window_hacf.obj
 0001:00012200       ?ReSetTransInfo@up_window@@QAE_NXZ 00413200 f   up_window_hacf.obj
 0001:00013150       ?ReSetTransInfoGura@up_window@@QAE_NXZ 00414150 f   up_window_hacf.obj
 0001:00013fa0       ?GuraUpList@up_window@@QAEXPAUUPHASH@@@Z 00414fa0 f   up_window_hacf.obj
 0001:00014380       ?FileTransLoop@up_window@@QAEXXZ 00415380 f   up_window_hacf.obj
 0001:00014710       ?ProcFileTransLoop@@YGIPAX@Z 00415710 f   up_window_hacf.obj
 0001:00014730       ?SetTransFlag@up_window@@QAEX_N@Z 00415730 f   up_window_hacf.obj
 0001:00014880       ?SetTransFlagGura@up_window@@QAEX_N@Z 00415880 f   up_window_hacf.obj
 0001:000149c0       ?UpLoadPro@up_window@@QAEXXZ 004159c0 f   up_window_hacf.obj
 0001:00015530       ?UpLoadProGura@up_window@@QAEXXZ 00416530 f   up_window_hacf.obj
 0001:00015e90       ?IsActiveTray@CBTray@@QAEHXZ 00416e90 f i up_window_hacf.obj
 0001:00015eb0       ?Delete@?$CStringT@DV?$StrTraitMFC@DV?$ChTraitsCRT@D@ATL@@@@@ATL@@QAEHHH@Z 00416eb0 f i up_window_hacf.obj
 0001:00015f70       ?IsEmpty@?$CSimpleStringT@D$0A@@ATL@@QBE_NXZ 00416f70 f i up_window_hacf.obj
 0001:00015f90       ?write@?$basic_ostream@DU?$char_traits@D@std@@@std@@QAEAAV12@PBDH@Z 00416f90 f i up_window_hacf.obj
 0001:000160a0       ?flush@?$basic_ostream@DU?$char_traits@D@std@@@std@@QAEAAV12@XZ 004170a0 f i up_window_hacf.obj
 0001:00016110       ?fail@ios_base@std@@QBE_NXZ 00417110 f i up_window_hacf.obj
 0001:00016130       ?seekp@?$basic_ostream@DU?$char_traits@D@std@@@std@@QAEAAV12@V?$fpos@H@2@@Z 00417130 f i up_window_hacf.obj
 0001:000161d0       ?clear@?$basic_ios@DU?$char_traits@D@std@@@std@@QAEXH_N@Z 004171d0 f i up_window_hacf.obj
 0001:00016210       ?clear@ios_base@std@@QAEXH_N@Z 00417210 f i up_window_hacf.obj
 0001:000163a0       ??0runtime_error@std@@QAE@ABV01@@Z 004173a0 f i up_window_hacf.obj
 0001:00016410       ?what@logic_error@std@@UBEPBDXZ 00417410 f i Worker.obj
 0001:00016410       ?what@runtime_error@std@@UBEPBDXZ 00417410 f i up_window_hacf.obj
 0001:00016430       ??_Eruntime_error@std@@UAEPAXI@Z 00417430 f i up_window_hacf.obj
 0001:00016430       ??_Gruntime_error@std@@UAEPAXI@Z 00417430 f i up_window_hacf.obj
 0001:00016460       ??1runtime_error@std@@UAE@XZ 00417460 f i up_window_hacf.obj
 0001:00016490       ??0failure@ios_base@std@@QAE@ABV?$basic_string@DU?$char_traits@D@std@@V?$allocator@D@2@@2@@Z 00417490 f i up_window_hacf.obj
 0001:000164c0       ??0runtime_error@std@@QAE@ABV?$basic_string@DU?$char_traits@D@std@@V?$allocator@D@2@@1@@Z 004174c0 f i up_window_hacf.obj
 0001:00016530       ??1failure@ios_base@std@@UAE@XZ 00417530 f i up_window_hacf.obj
 0001:00016550       ??_Efailure@ios_base@std@@UAEPAXI@Z 00417550 f i up_window_hacf.obj
 0001:00016550       ??_Gfailure@ios_base@std@@UAEPAXI@Z 00417550 f i up_window_hacf.obj
 0001:00016580       ??0failure@ios_base@std@@QAE@ABV012@@Z 00417580 f i up_window_hacf.obj
 0001:000165b0       ?setstate@?$basic_ios@DU?$char_traits@D@std@@@std@@QAEXH_N@Z 004175b0 f i up_window_hacf.obj
 0001:000165e0       ?rdbuf@?$basic_ios@DU?$char_traits@D@std@@@std@@QBEPAV?$basic_streambuf@DU?$char_traits@D@std@@@2@XZ 004175e0 f i up_window_hacf.obj
 0001:00016600       ?size@?$vector@V?$CStringT@DV?$StrTraitMFC@DV?$ChTraitsCRT@D@ATL@@@@@ATL@@V?$allocator@V?$CStringT@DV?$StrTraitMFC@DV?$ChTraitsCRT@D@ATL@@@@@ATL@@@std@@@std@@QBEIXZ 00417600 f i up_window_hacf.obj
 0001:00016640       ??A?$vector@V?$CStringT@DV?$StrTraitMFC@DV?$ChTraitsCRT@D@ATL@@@@@ATL@@V?$allocator@V?$CStringT@DV?$StrTraitMFC@DV?$ChTraitsCRT@D@ATL@@@@@ATL@@@std@@@std@@QAEAAV?$CStringT@DV?$StrTraitMFC@DV?$ChTraitsCRT@D@ATL@@@@@ATL@@I@Z 00417640 f i up_window_hacf.obj
 0001:00016670       ?push_back@?$vector@V?$CStringT@DV?$StrTraitMFC@DV?$ChTraitsCRT@D@ATL@@@@@ATL@@V?$allocator@V?$CStringT@DV?$StrTraitMFC@DV?$ChTraitsCRT@D@ATL@@@@@ATL@@@std@@@std@@QAEXABV?$CStringT@DV?$StrTraitMFC@DV?$ChTraitsCRT@D@ATL@@@@@ATL@@@Z 00417670 f i up_window_hacf.obj
 0001:000166e0       ?erase@?$vector@UCONTENTSITEM@@V?$allocator@UCONTENTSITEM@@@std@@@std@@QAE?AV?$_Vector_iterator@UCONTENTSITEM@@V?$allocator@UCONTENTSITEM@@@std@@@2@V32@@Z 004176e0 f i up_window_hacf.obj
 0001:00016740       ?close@?$basic_fstream@DU?$char_traits@D@std@@@std@@QAEXXZ 00417740 f i up_window_hacf.obj
 0001:00016770       ??0?$fpos@H@std@@QAE@J@Z   00417770 f i up_window_hacf.obj
 0001:000167b0       ??0?$_Vector_iterator@UCONTENTSITEM@@V?$allocator@UCONTENTSITEM@@@std@@@std@@QAE@XZ 004177b0 f i up_window_hacf.obj
 0001:000167d0       ??C?$_Vector_iterator@UCONTENTSITEM@@V?$allocator@UCONTENTSITEM@@@std@@@std@@QBEPAUCONTENTSITEM@@XZ 004177d0 f i up_window_hacf.obj
 0001:000167f0       ??E?$_Vector_iterator@UCONTENTSITEM@@V?$allocator@UCONTENTSITEM@@@std@@@std@@QAE?AV01@H@Z 004177f0 f i up_window_hacf.obj
 0001:00016830       ??9?$_Vector_const_iterator@UCONTENTSITEM@@V?$allocator@UCONTENTSITEM@@@std@@@std@@QBE_NABV01@@Z 00417830 f i up_window_hacf.obj
 0001:00016860       ?pubseekpos@?$basic_streambuf@DU?$char_traits@D@std@@@std@@QAE?AV?$fpos@H@2@V32@H@Z 00417860 f i up_window_hacf.obj
 0001:000168b0       ?pubsync@?$basic_streambuf@DU?$char_traits@D@std@@@std@@QAEHXZ 004178b0 f i up_window_hacf.obj
 0001:000168d0       ?sputn@?$basic_streambuf@DU?$char_traits@D@std@@@std@@QAEHPBDH@Z 004178d0 f i up_window_hacf.obj
 0001:00016900       ?capacity@?$vector@V?$CStringT@DV?$StrTraitMFC@DV?$ChTraitsCRT@D@ATL@@@@@ATL@@V?$allocator@V?$CStringT@DV?$StrTraitMFC@DV?$ChTraitsCRT@D@ATL@@@@@ATL@@@std@@@std@@QBEIXZ 00417900 f i up_window_hacf.obj
 0001:00016940       ?insert@?$vector@V?$CStringT@DV?$StrTraitMFC@DV?$ChTraitsCRT@D@ATL@@@@@ATL@@V?$allocator@V?$CStringT@DV?$StrTraitMFC@DV?$ChTraitsCRT@D@ATL@@@@@ATL@@@std@@@std@@QAE?AV?$_Vector_iterator@V?$CStringT@DV?$StrTraitMFC@DV?$ChTraitsCRT@D@ATL@@@@@ATL@@V?$allocator@V?$CStringT@DV?$StrTraitMFC@DV?$ChTraitsCRT@D@ATL@@@@@ATL@@@std@@@2@V32@ABV?$CStringT@DV?$StrTraitMFC@DV?$ChTraitsCRT@D@ATL@@@@@ATL@@@Z 00417940 f i up_window_hacf.obj
 0001:000169c0       ?_Ufill@?$vector@V?$CStringT@DV?$StrTraitMFC@DV?$ChTraitsCRT@D@ATL@@@@@ATL@@V?$allocator@V?$CStringT@DV?$StrTraitMFC@DV?$ChTraitsCRT@D@ATL@@@@@ATL@@@std@@@std@@IAEPAV?$CStringT@DV?$StrTraitMFC@DV?$ChTraitsCRT@D@ATL@@@@@ATL@@PAV34@IABV34@@Z 004179c0 f i up_window_hacf.obj
 0001:000169f0       ?close@?$basic_filebuf@DU?$char_traits@D@std@@@std@@QAEPAV12@XZ 004179f0 f i up_window_hacf.obj
 0001:00016a60       ?_Init@?$basic_filebuf@DU?$char_traits@D@std@@@std@@IAEXPAU_iobuf@@W4_Initfl@12@@Z 00417a60 f i up_window_hacf.obj
 0001:00016b00       ?_Endwrite@?$basic_filebuf@DU?$char_traits@D@std@@@std@@IAE_NXZ 00417b00 f i up_window_hacf.obj
 0001:00016d10       ?eq_int_type@?$char_traits@D@std@@SA_NABH0@Z 00417d10 f i up_window_hacf.obj
 0001:00016d30       ?eof@?$char_traits@D@std@@SAHXZ 00417d30 f i up_window_hacf.obj
 0001:00016d40       ??0?$basic_string@DU?$char_traits@D@std@@V?$allocator@D@2@@std@@QAE@ID@Z 00417d40 f i up_window_hacf.obj
 0001:00016d80       ?append@?$basic_string@DU?$char_traits@D@std@@V?$allocator@D@2@@std@@QAEAAV12@ID@Z 00417d80 f i up_window_hacf.obj
 0001:00016e00       ?begin@?$basic_string@DU?$char_traits@D@std@@V?$allocator@D@2@@std@@QAE?AV?$_String_iterator@DU?$char_traits@D@std@@V?$allocator@D@2@@2@XZ 00417e00 f i up_window_hacf.obj
 0001:00016e30       ??B?$fpos@H@std@@QBEJXZ    00417e30 f i up_window_hacf.obj
 0001:00016e50       ??D?$_Vector_iterator@UCONTENTSITEM@@V?$allocator@UCONTENTSITEM@@@std@@@std@@QBEAAUCONTENTSITEM@@XZ 00417e50 f i up_window_hacf.obj
 0001:00016e70       ??E?$_Vector_iterator@UCONTENTSITEM@@V?$allocator@UCONTENTSITEM@@@std@@@std@@QAEAAV01@XZ 00417e70 f i up_window_hacf.obj
 0001:00016e90       ??0?$_Vector_const_iterator@UCONTENTSITEM@@V?$allocator@UCONTENTSITEM@@@std@@@std@@QAE@XZ 00417e90 f i up_window_hacf.obj
 0001:00016eb0       ??8?$_Vector_const_iterator@UCONTENTSITEM@@V?$allocator@UCONTENTSITEM@@@std@@@std@@QBE_NABV01@@Z 00417eb0 f i up_window_hacf.obj
 0001:00016ef0       ??0sentry@?$basic_ostream@DU?$char_traits@D@std@@@std@@QAE@AAV12@@Z 00417ef0 f i up_window_hacf.obj
 0001:00016fa0       ?good@ios_base@std@@QBE_NXZ 00417fa0 f i up_window_hacf.obj
 0001:00016fc0       ??1sentry@?$basic_ostream@DU?$char_traits@D@std@@@std@@QAE@XZ 00417fc0 f i up_window_hacf.obj
 0001:00017030       ??Bsentry@?$basic_ostream@DU?$char_traits@D@std@@@std@@QBE_NXZ 00418030 f i up_window_hacf.obj
 0001:00017030       ??Bsentry@?$basic_istream@DU?$char_traits@D@std@@@std@@QBE_NXZ 00418030 f i up_window_init.obj
 0001:00017050       ??D?$_String_iterator@DU?$char_traits@D@std@@V?$allocator@D@2@@std@@QBEAADXZ 00418050 f i up_window_hacf.obj
 0001:00017070       ?assign@?$basic_string@DU?$char_traits@D@std@@V?$allocator@D@2@@std@@QAEAAV12@ID@Z 00418070 f i up_window_hacf.obj
 0001:000170d0       ?_Chassign@?$basic_string@DU?$char_traits@D@std@@V?$allocator@D@2@@std@@IAEXIID@Z 004180d0 f i up_window_hacf.obj
 0001:00017120       ?assign@?$char_traits@D@std@@SAPADPADID@Z 00418120 f i up_window_hacf.obj
 0001:00017140       ?_Osfx@?$basic_ostream@DU?$char_traits@D@std@@@std@@QAEXXZ 00418140 f i up_window_hacf.obj
 0001:000171c0       ?flags@ios_base@std@@QBEHXZ 004181c0 f i up_window_hacf.obj
 0001:000171c0       ?state@?$fpos@H@std@@QBEHXZ 004181c0 f i up_window_init.obj
 0001:000171e0       ?tie@?$basic_ios@DU?$char_traits@D@std@@@std@@QBEPAV?$basic_ostream@DU?$char_traits@D@std@@@2@XZ 004181e0 f i up_window_hacf.obj
 0001:00017200       ?_Init@?$basic_streambuf@DU?$char_traits@D@std@@@std@@IAEXXZ 00418200 f i up_window_hacf.obj
 0001:00017270       ?setg@?$basic_streambuf@DU?$char_traits@D@std@@@std@@IAEXPAD00@Z 00418270 f i up_window_hacf.obj
 0001:000172b0       ?_Init@?$basic_streambuf@DU?$char_traits@D@std@@@std@@IAEXPAPAD0PAH001@Z 004182b0 f i up_window_hacf.obj
 0001:00017300       ?_Insert_n@?$vector@V?$CStringT@DV?$StrTraitMFC@DV?$ChTraitsCRT@D@ATL@@@@@ATL@@V?$allocator@V?$CStringT@DV?$StrTraitMFC@DV?$ChTraitsCRT@D@ATL@@@@@ATL@@@std@@@std@@IAEXV?$_Vector_iterator@V?$CStringT@DV?$StrTraitMFC@DV?$ChTraitsCRT@D@ATL@@@@@ATL@@V?$allocator@V?$CStringT@DV?$StrTraitMFC@DV?$ChTraitsCRT@D@ATL@@@@@ATL@@@std@@@2@IABV?$CStringT@DV?$StrTraitMFC@DV?$ChTraitsCRT@D@ATL@@@@@ATL@@@Z 00418300 f i up_window_hacf.obj
 0001:00017650       ??D?$_Vector_const_iterator@UCONTENTSITEM@@V?$allocator@UCONTENTSITEM@@@std@@@std@@QBEABUCONTENTSITEM@@XZ 00418650 f i up_window_hacf.obj
 0001:00017690       ??E?$_Vector_const_iterator@UCONTENTSITEM@@V?$allocator@UCONTENTSITEM@@@std@@@std@@QAEAAV01@XZ 00418690 f i up_window_hacf.obj
 0001:000176d0       ?_Lock@?$basic_streambuf@DU?$char_traits@D@std@@@std@@QAEXXZ 004186d0 f i up_window_hacf.obj
 0001:000176f0       ??1_Sentry_base@?$basic_istream@DU?$char_traits@D@std@@@std@@QAE@XZ 004186f0 f i up_window_init.obj
 0001:000176f0       ??1_Sentry_base@?$basic_ostream@DU?$char_traits@D@std@@@std@@QAE@XZ 004186f0 f i up_window_hacf.obj
 0001:00017730       ?_Unlock@?$basic_streambuf@DU?$char_traits@D@std@@@std@@QAEXXZ 00418730 f i up_window_hacf.obj
 0001:00017750       ??H?$_Vector_iterator@V?$CStringT@DV?$StrTraitMFC@DV?$ChTraitsCRT@D@ATL@@@@@ATL@@V?$allocator@V?$CStringT@DV?$StrTraitMFC@DV?$ChTraitsCRT@D@ATL@@@@@ATL@@@std@@@std@@QBE?AV01@H@Z 00418750 f i up_window_hacf.obj
 0001:00017790       ??G?$_Vector_iterator@V?$CStringT@DV?$StrTraitMFC@DV?$ChTraitsCRT@D@ATL@@@@@ATL@@V?$allocator@V?$CStringT@DV?$StrTraitMFC@DV?$ChTraitsCRT@D@ATL@@@@@ATL@@@std@@@std@@QBEHABV?$_Vector_const_iterator@V?$CStringT@DV?$StrTraitMFC@DV?$ChTraitsCRT@D@ATL@@@@@ATL@@V?$allocator@V?$CStringT@DV?$StrTraitMFC@DV?$ChTraitsCRT@D@ATL@@@@@ATL@@@std@@@1@@Z 00418790 f i up_window_hacf.obj
 0001:000177b0       ??D?$_String_const_iterator@DU?$char_traits@D@std@@V?$allocator@D@2@@std@@QBEABDXZ 004187b0 f i up_window_hacf.obj
 0001:00017800       ?unshift@?$codecvt@DDH@std@@QBEHAAHPAD1AAPAD@Z 00418800 f i up_window_hacf.obj
 0001:00017830       ??0?$_String_iterator@DU?$char_traits@D@std@@V?$allocator@D@2@@std@@QAE@PADPBU_Container_base@1@@Z 00418830 f i up_window_hacf.obj
 0001:00017850       ?setp@?$basic_streambuf@DU?$char_traits@D@std@@@std@@IAEXPAD0@Z 00418850 f i up_window_hacf.obj
 0001:00017890       ?max_size@?$vector@V?$CStringT@DV?$StrTraitMFC@DV?$ChTraitsCRT@D@ATL@@@@@ATL@@V?$allocator@V?$CStringT@DV?$StrTraitMFC@DV?$ChTraitsCRT@D@ATL@@@@@ATL@@@std@@@std@@QBEIXZ 00418890 f i up_window_hacf.obj
 0001:000178b0       ?_Destroy@?$vector@V?$CStringT@DV?$StrTraitMFC@DV?$ChTraitsCRT@D@ATL@@@@@ATL@@V?$allocator@V?$CStringT@DV?$StrTraitMFC@DV?$ChTraitsCRT@D@ATL@@@@@ATL@@@std@@@std@@IAEXPAV?$CStringT@DV?$StrTraitMFC@DV?$ChTraitsCRT@D@ATL@@@@@ATL@@0@Z 004188b0 f i up_window_hacf.obj
 0001:000178e0       ?_Xlen@?$vector@V?$CStringT@DV?$StrTraitMFC@DV?$ChTraitsCRT@D@ATL@@@@@ATL@@V?$allocator@V?$CStringT@DV?$StrTraitMFC@DV?$ChTraitsCRT@D@ATL@@@@@ATL@@@std@@@std@@KAXXZ 004188e0 f i up_window_hacf.obj
 0001:000178e0       ?_Xlen@?$vector@UCONTENTSITEM@@V?$allocator@UCONTENTSITEM@@@std@@@std@@KAXXZ 004188e0 f i Worker.obj
 0001:00017960       ?deallocate@?$allocator@UCONTENTSITEM@@@std@@QAEXPAUCONTENTSITEM@@I@Z 00418960 f i Worker.obj
 0001:00017960       ?deallocate@?$allocator@V?$CStringT@DV?$StrTraitMFC@DV?$ChTraitsCRT@D@ATL@@@@@ATL@@@std@@QAEXPAV?$CStringT@DV?$StrTraitMFC@DV?$ChTraitsCRT@D@ATL@@@@@ATL@@I@Z 00418960 f i up_window_hacf.obj
 0001:00017960       ?deallocate@?$allocator@D@std@@QAEXPADI@Z 00418960 f i Worker.obj
 0001:00017980       ?allocate@?$allocator@V?$CStringT@DV?$StrTraitMFC@DV?$ChTraitsCRT@D@ATL@@@@@ATL@@@std@@QAEPAV?$CStringT@DV?$StrTraitMFC@DV?$ChTraitsCRT@D@ATL@@@@@ATL@@I@Z 00418980 f i up_window_hacf.obj
 0001:000179a0       ??Y?$_Vector_iterator@V?$CStringT@DV?$StrTraitMFC@DV?$ChTraitsCRT@D@ATL@@@@@ATL@@V?$allocator@V?$CStringT@DV?$StrTraitMFC@DV?$ChTraitsCRT@D@ATL@@@@@ATL@@@std@@@std@@QAEAAV01@H@Z 004189a0 f i up_window_hacf.obj
 0001:000179c0       ??G?$_Vector_const_iterator@V?$CStringT@DV?$StrTraitMFC@DV?$ChTraitsCRT@D@ATL@@@@@ATL@@V?$allocator@V?$CStringT@DV?$StrTraitMFC@DV?$ChTraitsCRT@D@ATL@@@@@ATL@@@std@@@std@@QBEHABV01@@Z 004189c0 f i up_window_hacf.obj
 0001:00017a00       ??0?$_String_const_iterator@DU?$char_traits@D@std@@V?$allocator@D@2@@std@@QAE@PBDPBU_Container_base@1@@Z 00418a00 f i up_window_hacf.obj
 0001:00017a60       ?max_size@?$allocator@V?$CStringT@DV?$StrTraitMFC@DV?$ChTraitsCRT@D@ATL@@@@@ATL@@@std@@QBEIXZ 00418a60 f i up_window_hacf.obj
 0001:00017a90       ??Y?$_Vector_const_iterator@V?$CStringT@DV?$StrTraitMFC@DV?$ChTraitsCRT@D@ATL@@@@@ATL@@V?$allocator@V?$CStringT@DV?$StrTraitMFC@DV?$ChTraitsCRT@D@ATL@@@@@ATL@@@std@@@std@@QAEAAV01@H@Z 00418a90 f i up_window_hacf.obj
 0001:00017af0       ??$unchecked_copy@PAUCONTENTSITEM@@PAU1@@stdext@@YAPAUCONTENTSITEM@@PAU1@00@Z 00418af0 f i up_window_hacf.obj
 0001:00017b60       ??$unchecked_uninitialized_fill_n@PAV?$CStringT@DV?$StrTraitMFC@DV?$ChTraitsCRT@D@ATL@@@@@ATL@@IV12@V?$allocator@V?$CStringT@DV?$StrTraitMFC@DV?$ChTraitsCRT@D@ATL@@@@@ATL@@@std@@@stdext@@YAXPAV?$CStringT@DV?$StrTraitMFC@DV?$ChTraitsCRT@D@ATL@@@@@ATL@@IABV12@AAV?$allocator@V?$CStringT@DV?$StrTraitMFC@DV?$ChTraitsCRT@D@ATL@@@@@ATL@@@std@@@Z 00418b60 f i up_window_hacf.obj
 0001:00017ba0       ??$_Umove@PAV?$CStringT@DV?$StrTraitMFC@DV?$ChTraitsCRT@D@ATL@@@@@ATL@@@?$vector@V?$CStringT@DV?$StrTraitMFC@DV?$ChTraitsCRT@D@ATL@@@@@ATL@@V?$allocator@V?$CStringT@DV?$StrTraitMFC@DV?$ChTraitsCRT@D@ATL@@@@@ATL@@@std@@@std@@IAEPAV?$CStringT@DV?$StrTraitMFC@DV?$ChTraitsCRT@D@ATL@@@@@ATL@@PAV23@00@Z 00418ba0 f i up_window_hacf.obj
 0001:00017bd0       ??$fill@PAV?$CStringT@DV?$StrTraitMFC@DV?$ChTraitsCRT@D@ATL@@@@@ATL@@V12@@std@@YAXPAV?$CStringT@DV?$StrTraitMFC@DV?$ChTraitsCRT@D@ATL@@@@@ATL@@0ABV12@@Z 00418bd0 f i up_window_hacf.obj
 0001:00017c00       ??$_Unchecked_move_backward@PAV?$CStringT@DV?$StrTraitMFC@DV?$ChTraitsCRT@D@ATL@@@@@ATL@@PAV12@@stdext@@YAPAV?$CStringT@DV?$StrTraitMFC@DV?$ChTraitsCRT@D@ATL@@@@@ATL@@PAV12@00@Z 00418c00 f i up_window_hacf.obj
 0001:00017c70       ??$_Destroy_range@V?$CStringT@DV?$StrTraitMFC@DV?$ChTraitsCRT@D@ATL@@@@@ATL@@V?$allocator@V?$CStringT@DV?$StrTraitMFC@DV?$ChTraitsCRT@D@ATL@@@@@ATL@@@std@@@std@@YAXPAV?$CStringT@DV?$StrTraitMFC@DV?$ChTraitsCRT@D@ATL@@@@@ATL@@0AAV?$allocator@V?$CStringT@DV?$StrTraitMFC@DV?$ChTraitsCRT@D@ATL@@@@@ATL@@@0@@Z 00418c70 f i up_window_hacf.obj
 0001:00017cb0       ??$_Allocate@V?$CStringT@DV?$StrTraitMFC@DV?$ChTraitsCRT@D@ATL@@@@@ATL@@@std@@YAPAV?$CStringT@DV?$StrTraitMFC@DV?$ChTraitsCRT@D@ATL@@@@@ATL@@IPAV12@@Z 00418cb0 f i up_window_hacf.obj
 0001:00017d00       ??$_Copy_opt@PAUCONTENTSITEM@@PAU1@@std@@YAPAUCONTENTSITEM@@PAU1@00Urandom_access_iterator_tag@0@U_Nonscalar_ptr_iterator_tag@0@U_Range_checked_iterator_tag@0@@Z 00418d00 f i up_window_hacf.obj
 0001:00017d60       ??$_Uninit_fill_n@PAV?$CStringT@DV?$StrTraitMFC@DV?$ChTraitsCRT@D@ATL@@@@@ATL@@IV12@V?$allocator@V?$CStringT@DV?$StrTraitMFC@DV?$ChTraitsCRT@D@ATL@@@@@ATL@@@std@@@std@@YAXPAV?$CStringT@DV?$StrTraitMFC@DV?$ChTraitsCRT@D@ATL@@@@@ATL@@IABV12@AAV?$allocator@V?$CStringT@DV?$StrTraitMFC@DV?$ChTraitsCRT@D@ATL@@@@@ATL@@@0@U_Nonscalar_ptr_iterator_tag@0@U_Range_checked_iterator_tag@0@@Z 00418d60 f i up_window_hacf.obj
 0001:00017e10       ??$_Unchecked_uninitialized_move@PAV?$CStringT@DV?$StrTraitMFC@DV?$ChTraitsCRT@D@ATL@@@@@ATL@@PAV12@V?$allocator@V?$CStringT@DV?$StrTraitMFC@DV?$ChTraitsCRT@D@ATL@@@@@ATL@@@std@@@stdext@@YAPAV?$CStringT@DV?$StrTraitMFC@DV?$ChTraitsCRT@D@ATL@@@@@ATL@@PAV12@00AAV?$allocator@V?$CStringT@DV?$StrTraitMFC@DV?$ChTraitsCRT@D@ATL@@@@@ATL@@@std@@@Z 00418e10 f i up_window_hacf.obj
 0001:00017e60       ??$_Fill@PAV?$CStringT@DV?$StrTraitMFC@DV?$ChTraitsCRT@D@ATL@@@@@ATL@@V12@@std@@YAXPAV?$CStringT@DV?$StrTraitMFC@DV?$ChTraitsCRT@D@ATL@@@@@ATL@@0ABV12@@Z 00418e60 f i up_window_hacf.obj
 0001:00017e90       ??$_Iter_random@PAUCONTENTSITEM@@PAU1@@std@@YA?AUrandom_access_iterator_tag@0@ABQAUCONTENTSITEM@@0@Z 00418e90 f i Worker.obj
 0001:00017e90       ??$_Iter_random@PAV?$CStringT@DV?$StrTraitMFC@DV?$ChTraitsCRT@D@ATL@@@@@ATL@@PAV12@@std@@YA?AUrandom_access_iterator_tag@0@ABQAV?$CStringT@DV?$StrTraitMFC@DV?$ChTraitsCRT@D@ATL@@@@@ATL@@0@Z 00418e90 f i up_window_hacf.obj
 0001:00017ea0       ??$_Char_traits_cat@U?$char_traits@D@std@@@std@@YA?AU_Secure_char_traits_tag@0@XZ 00418ea0 f i Worker.obj
 0001:00017ea0       ??$_Ptr_cat@PAV?$CStringT@DV?$StrTraitMFC@DV?$ChTraitsCRT@D@ATL@@@@@ATL@@PAV12@@std@@YA?AU_Nonscalar_ptr_iterator_tag@0@AAPAV?$CStringT@DV?$StrTraitMFC@DV?$ChTraitsCRT@D@ATL@@@@@ATL@@0@Z 00418ea0 f i up_window_hacf.obj
 0001:00017ea0       ??$_Ptr_cat@PAUCONTENTSITEM@@PAU1@@std@@YA?AU_Nonscalar_ptr_iterator_tag@0@AAPAUCONTENTSITEM@@0@Z 00418ea0 f i Worker.obj
 0001:00017ea0       ??$_Move_cat@PAV?$CStringT@DV?$StrTraitMFC@DV?$ChTraitsCRT@D@ATL@@@@@ATL@@@std@@YA?AU_Undefined_move_tag@0@ABQAV?$CStringT@DV?$StrTraitMFC@DV?$ChTraitsCRT@D@ATL@@@@@ATL@@@Z 00418ea0 f i up_window_hacf.obj
 0001:00017ea0       ??$_Move_cat@PAUCONTENTSITEM@@@std@@YA?AU_Undefined_move_tag@0@ABQAUCONTENTSITEM@@@Z 00418ea0 f i Worker.obj
 0001:00017eb0       ??$_Move_backward_opt@PAV?$CStringT@DV?$StrTraitMFC@DV?$ChTraitsCRT@D@ATL@@@@@ATL@@PAV12@Urandom_access_iterator_tag@std@@U_Undefined_move_tag@4@@std@@YAPAV?$CStringT@DV?$StrTraitMFC@DV?$ChTraitsCRT@D@ATL@@@@@ATL@@PAV12@00Urandom_access_iterator_tag@0@U_Undefined_move_tag@0@U_Range_checked_iterator_tag@0@@Z 00418eb0 f i up_window_hacf.obj
 0001:00017ef0       ??$_Destroy_range@V?$CStringT@DV?$StrTraitMFC@DV?$ChTraitsCRT@D@ATL@@@@@ATL@@V?$allocator@V?$CStringT@DV?$StrTraitMFC@DV?$ChTraitsCRT@D@ATL@@@@@ATL@@@std@@@std@@YAXPAV?$CStringT@DV?$StrTraitMFC@DV?$ChTraitsCRT@D@ATL@@@@@ATL@@0AAV?$allocator@V?$CStringT@DV?$StrTraitMFC@DV?$ChTraitsCRT@D@ATL@@@@@ATL@@@0@U_Nonscalar_ptr_iterator_tag@0@@Z 00418ef0 f i up_window_hacf.obj
 0001:00017f20       ?construct@?$allocator@V?$CStringT@DV?$StrTraitMFC@DV?$ChTraitsCRT@D@ATL@@@@@ATL@@@std@@QAEXPAV?$CStringT@DV?$StrTraitMFC@DV?$ChTraitsCRT@D@ATL@@@@@ATL@@ABV34@@Z 00418f20 f i up_window_hacf.obj
 0001:00017f40       ?destroy@?$allocator@V?$CStringT@DV?$StrTraitMFC@DV?$ChTraitsCRT@D@ATL@@@@@ATL@@@std@@QAEXPAV?$CStringT@DV?$StrTraitMFC@DV?$ChTraitsCRT@D@ATL@@@@@ATL@@@Z 00418f40 f i up_window_hacf.obj
 0001:00017f60       ??$_Copy_opt@PAUCONTENTSITEM@@PAU1@Uforward_iterator_tag@std@@@std@@YAPAUCONTENTSITEM@@PAU1@00Uforward_iterator_tag@0@U_Nonscalar_ptr_iterator_tag@0@U_Range_checked_iterator_tag@0@@Z 00418f60 f i up_window_hacf.obj
 0001:00017fb0       ??$_Uninit_move@PAV?$CStringT@DV?$StrTraitMFC@DV?$ChTraitsCRT@D@ATL@@@@@ATL@@PAV12@V?$allocator@V?$CStringT@DV?$StrTraitMFC@DV?$ChTraitsCRT@D@ATL@@@@@ATL@@@std@@U_Undefined_move_tag@4@@std@@YAPAV?$CStringT@DV?$StrTraitMFC@DV?$ChTraitsCRT@D@ATL@@@@@ATL@@PAV12@00AAV?$allocator@V?$CStringT@DV?$StrTraitMFC@DV?$ChTraitsCRT@D@ATL@@@@@ATL@@@0@U_Undefined_move_tag@0@U_Range_checked_iterator_tag@0@@Z 00418fb0 f i up_window_hacf.obj
 0001:00017fd0       ??$_Copy_backward_opt@PAV?$CStringT@DV?$StrTraitMFC@DV?$ChTraitsCRT@D@ATL@@@@@ATL@@PAV12@@std@@YAPAV?$CStringT@DV?$StrTraitMFC@DV?$ChTraitsCRT@D@ATL@@@@@ATL@@PAV12@00Urandom_access_iterator_tag@0@U_Nonscalar_ptr_iterator_tag@0@U_Range_checked_iterator_tag@0@@Z 00418fd0 f i up_window_hacf.obj
 0001:00018030       ??$_Construct@V?$CStringT@DV?$StrTraitMFC@DV?$ChTraitsCRT@D@ATL@@@@@ATL@@V12@@std@@YAXPAV?$CStringT@DV?$StrTraitMFC@DV?$ChTraitsCRT@D@ATL@@@@@ATL@@ABV12@@Z 00419030 f i up_window_hacf.obj
 0001:000180b0       ??3@YAXPAX0@Z              004190b0 f i up_window_hacf.obj
 0001:000180b0       ??$_Destroy@UCONTENTSITEM@@@std@@YAXPAUCONTENTSITEM@@@Z 004190b0 f i Worker.obj
 0001:000180c0       ??$_Destroy@V?$CStringT@DV?$StrTraitMFC@DV?$ChTraitsCRT@D@ATL@@@@@ATL@@@std@@YAXPAV?$CStringT@DV?$StrTraitMFC@DV?$ChTraitsCRT@D@ATL@@@@@ATL@@@Z 004190c0 f i up_window_hacf.obj
 0001:000180d0       ??_G?$CStringT@DV?$StrTraitMFC@DV?$ChTraitsCRT@D@ATL@@@@@ATL@@QAEPAXI@Z 004190d0 f i up_window_hacf.obj
 0001:00018100       ??$unchecked_uninitialized_copy@PAV?$CStringT@DV?$StrTraitMFC@DV?$ChTraitsCRT@D@ATL@@@@@ATL@@PAV12@V?$allocator@V?$CStringT@DV?$StrTraitMFC@DV?$ChTraitsCRT@D@ATL@@@@@ATL@@@std@@@stdext@@YAPAV?$CStringT@DV?$StrTraitMFC@DV?$ChTraitsCRT@D@ATL@@@@@ATL@@PAV12@00AAV?$allocator@V?$CStringT@DV?$StrTraitMFC@DV?$ChTraitsCRT@D@ATL@@@@@ATL@@@std@@@Z 00419100 f i up_window_hacf.obj
 0001:00018160       ??$_Copy_backward_opt@PAV?$CStringT@DV?$StrTraitMFC@DV?$ChTraitsCRT@D@ATL@@@@@ATL@@PAV12@Uforward_iterator_tag@std@@@std@@YAPAV?$CStringT@DV?$StrTraitMFC@DV?$ChTraitsCRT@D@ATL@@@@@ATL@@PAV12@00Uforward_iterator_tag@0@U_Nonscalar_ptr_iterator_tag@0@U_Range_checked_iterator_tag@0@@Z 00419160 f i up_window_hacf.obj
 0001:00018190       ??$_Uninit_copy@PAV?$CStringT@DV?$StrTraitMFC@DV?$ChTraitsCRT@D@ATL@@@@@ATL@@PAV12@V?$allocator@V?$CStringT@DV?$StrTraitMFC@DV?$ChTraitsCRT@D@ATL@@@@@ATL@@@std@@@std@@YAPAV?$CStringT@DV?$StrTraitMFC@DV?$ChTraitsCRT@D@ATL@@@@@ATL@@PAV12@00AAV?$allocator@V?$CStringT@DV?$StrTraitMFC@DV?$ChTraitsCRT@D@ATL@@@@@ATL@@@0@U_Nonscalar_ptr_iterator_tag@0@U_Range_checked_iterator_tag@0@@Z 00419190 f i up_window_hacf.obj
 0001:00018250       ?InvalidateRect@CWnd@@QAEXPBUtagRECT@@H@Z 00419250 f i up_window_hacf.obj
 0001:00018280       ?EnsureVisible@CListCtrl@@QAEHHH@Z 00419280 f i up_window_hacf.obj
 0001:000182b0       ?ReleaseBuffer@?$CSimpleStringT@D$0A@@ATL@@QAEXH@Z 004192b0 f i up_window_hacf.obj
[...]
 0001:00075b63       __unwindfunclet$?BindColumns@CDynamicAccessor@ATL@@QAEJPAUIUnknown@@@Z$12 00476b63 f   nafxcw:occsite.obj
 0001:00075b6b       __ehhandler$?BindColumns@CDynamicAccessor@ATL@@QAEJPAUIUnknown@@@Z 00476b6b f   nafxcw:occsite.obj
 0001:00075b90       __unwindfunclet$?GetMetaData@CDataSourceControl@@QAEJXZ$2 00476b90 f   nafxcw:occsite.obj
 0001:00075b99       __ehhandler$?GetMetaData@CDataSourceControl@@QAEJXZ 00476b99 f   nafxcw:occsite.obj
 0001:00075bc1       __unwindfunclet$?UpdateCursor@CDataSourceControl@@UAEJXZ$0 00476bc1 f   nafxcw:occsite.obj
 0001:00075bc9       __unwindfunclet$?UpdateCursor@CDataSourceControl@@UAEJXZ$1 00476bc9 f   nafxcw:occsite.obj
 0001:00075bd1       __unwindfunclet$?UpdateCursor@CDataSourceControl@@UAEJXZ$2 00476bd1 f   nafxcw:occsite.obj
 0001:00075bd9       __ehhandler$?UpdateCursor@CDataSourceControl@@UAEJXZ 00476bd9 f   nafxcw:occsite.obj
 0001:00075bf4       __unwindfunclet$??0COleControlSite@@QAE@PAVCOleControlContainer@@@Z$0 00476bf4 f   nafxcw:occsite.obj
 0001:00075bfc       __unwindfunclet$??0COleControlSite@@QAE@PAVCOleControlContainer@@@Z$1 00476bfc f   nafxcw:occsite.obj
 0001:00075c0a       __ehhandler$??0COleControlSite@@QAE@PAVCOleControlContainer@@@Z 00476c0a f   nafxcw:occsite.obj
 0001:00075c25       __unwindfunclet$?EnableDSC@COleControlSite@@UAEXXZ$0 00476c25 f   nafxcw:occsite.obj
 0001:00075c2f       __ehhandler$?EnableDSC@COleControlSite@@UAEXXZ 00476c2f f   nafxcw:occsite.obj
 0001:00075c4a       __unwindfunclet$??1CDataSourceControl@@QAE@XZ$0 00476c4a f   nafxcw:occsite.obj
 0001:00075c55       __ehhandler$??1CDataSourceControl@@QAE@XZ 00476c55 f   nafxcw:occsite.obj
 0001:00075c70       __unwindfunclet$?ToVariant@CDataSourceControl@@QAE?AVCOleVariant@@H@Z$0 00476c70 f   nafxcw:occsite.obj
 0001:00075c78       __unwindfunclet$?ToVariant@CDataSourceControl@@QAE?AVCOleVariant@@H@Z$13 00476c78 f   nafxcw:occsite.obj
 0001:00075c80       __unwindfunclet$?ToVariant@CDataSourceControl@@QAE?AVCOleVariant@@H@Z$14 00476c80 f   nafxcw:occsite.obj
 0001:00075c88       __unwindfunclet$?ToVariant@CDataSourceControl@@QAE?AVCOleVariant@@H@Z$11 00476c88 f   nafxcw:occsite.obj
 0001:00075c90       __unwindfunclet$?ToVariant@CDataSourceControl@@QAE?AVCOleVariant@@H@Z$10 00476c90 f   nafxcw:occsite.obj
 0001:00075c98       __unwindfunclet$?ToVariant@CDataSourceControl@@QAE?AVCOleVariant@@H@Z$9 00476c98 f   nafxcw:occsite.obj
 0001:00075ca0       __unwindfunclet$?ToVariant@CDataSourceControl@@QAE?AVCOleVariant@@H@Z$8 00476ca0 f   nafxcw:occsite.obj
 0001:00075cab       __unwindfunclet$?ToVariant@CDataSourceControl@@QAE?AVCOleVariant@@H@Z$7 00476cab f   nafxcw:occsite.obj
 0001:00075cb3       __unwindfunclet$?ToVariant@CDataSourceControl@@QAE?AVCOleVariant@@H@Z$2 00476cb3 f   nafxcw:occsite.obj
 0001:00075cbe       __unwindfunclet$?ToVariant@CDataSourceControl@@QAE?AVCOleVariant@@H@Z$12 00476cbe f   nafxcw:occsite.obj
 0001:00075cc9       __unwindfunclet$?ToVariant@CDataSourceControl@@QAE?AVCOleVariant@@H@Z$3 00476cc9 f   nafxcw:occsite.obj
 0001:00075cd1       __unwindfunclet$?ToVariant@CDataSourceControl@@QAE?AVCOleVariant@@H@Z$4 00476cd1 f   nafxcw:occsite.obj
 0001:00075cdc       __unwindfunclet$?ToVariant@CDataSourceControl@@QAE?AVCOleVariant@@H@Z$18 00476cdc f   nafxcw:occsite.obj
 0001:00075ce4       __unwindfunclet$?ToVariant@CDataSourceControl@@QAE?AVCOleVariant@@H@Z$17 00476ce4 f   nafxcw:occsite.obj
 0001:00075cec       __unwindfunclet$?ToVariant@CDataSourceControl@@QAE?AVCOleVariant@@H@Z$16 00476cec f   nafxcw:occsite.obj
 0001:00075cf4       __unwindfunclet$?ToVariant@CDataSourceControl@@QAE?AVCOleVariant@@H@Z$15 00476cf4 f   nafxcw:occsite.obj
 0001:00075cfc       __unwindfunclet$?ToVariant@CDataSourceControl@@QAE?AVCOleVariant@@H@Z$5 00476cfc f   nafxcw:occsite.obj
 0001:00075d04       __unwindfunclet$?ToVariant@CDataSourceControl@@QAE?AVCOleVariant@@H@Z$6 00476d04 f   nafxcw:occsite.obj
 0001:00075d0f       __ehhandler$?ToVariant@CDataSourceControl@@QAE?AVCOleVariant@@H@Z 00476d0f f   nafxcw:occsite.obj
 0001:00075d37       __unwindfunclet$?UpdateControls@CDataSourceControl@@UAEJXZ$0 00476d37 f   nafxcw:occsite.obj
 0001:00075d3f       __unwindfunclet$?UpdateControls@CDataSourceControl@@UAEJXZ$1 00476d3f f   nafxcw:occsite.obj
 0001:00075d47       __ehhandler$?UpdateControls@CDataSourceControl@@UAEJXZ 00476d47 f   nafxcw:occsite.obj
 0001:00075d62       __unwindfunclet$??1COleControlSite@@UAE@XZ$0 00476d62 f   nafxcw:occsite.obj
 0001:00075d6a       __unwindfunclet$??1COleControlSite@@UAE@XZ$1 00476d6a f   nafxcw:occsite.obj
 0001:00075d78       __unwindfunclet$??1COleControlSite@@UAE@XZ$2 00476d78 f   nafxcw:occsite.obj
 0001:00075d86       __ehhandler$??1COleControlSite@@UAE@XZ 00476d86 f   nafxcw:occsite.obj
 0001:00075da1       __ehhandler$?IsDialogMessageA@COccManager@@UAEHPAVCWnd@@PAUtagMSG@@@Z 00476da1 f   nafxcw:occdlg.obj
 0001:00075dbc       __unwindfunclet$??1CMemFile@@UAE@XZ$0 00476dbc f   nafxcw:filemem.obj
 0001:00075dbc       __unwindfunclet$??0CMemFile@@QAE@PAEII@Z$0 00476dbc f   nafxcw:filemem.obj
 0001:00075dc4       __ehhandler$??1CMemFile@@UAE@XZ 00476dc4 f   nafxcw:filemem.obj
 0001:00075dc4       __ehhandler$??0CMemFile@@QAE@PAEII@Z 00476dc4 f   nafxcw:filemem.obj
 0001:00075ddf       __unwindfunclet$?GetErrorMessage@CFileException@@UBEHPADIPAI@Z$0 00476ddf f   nafxcw:filex.obj
 0001:00075de7       __unwindfunclet$?GetErrorMessage@CFileException@@UBEHPADIPAI@Z$1 00476de7 f   nafxcw:filex.obj
 0001:00075def       __ehhandler$?GetErrorMessage@CFileException@@UBEHPADIPAI@Z 00476def f   nafxcw:filex.obj
 0001:00075e0a       __unwindfunclet$?OnCmdMsg@CFrameWnd@@UAEHIHPAXPAUAFX_CMDHANDLERINFO@@@Z$0 00476e0a f   nafxcw:winfrm.obj
 0001:00075e12       __ehhandler$?OnCmdMsg@CFrameWnd@@UAEHIHPAXPAUAFX_CMDHANDLERINFO@@@Z 00476e12 f   nafxcw:winfrm.obj
 0001:00075e2d       __unwindfunclet$?BeginModalState@CFrameWnd@@UAEXXZ$0 00476e2d f   nafxcw:winfrm.obj
 0001:00075e35       __ehhandler$?BeginModalState@CFrameWnd@@UAEXXZ 00476e35 f   nafxcw:winfrm.obj
 0001:00075e50       __unwindfunclet$?OnSetMessageString@CFrameWnd@@IAEJIJ@Z$0 00476e50 f   nafxcw:winfrm.obj
 0001:00075e58       __ehhandler$?OnSetMessageString@CFrameWnd@@IAEJIJ@Z 00476e58 f   nafxcw:winfrm.obj
 0001:00075e73       __unwindfunclet$?DestroyDockBars@CFrameWnd@@QAEXXZ$0 00476e73 f   nafxcw:winfrm.obj
 0001:00075e7b       __unwindfunclet$?DestroyDockBars@CFrameWnd@@QAEXXZ$1 00476e7b f   nafxcw:winfrm.obj
 0001:00075e83       __ehhandler$?DestroyDockBars@CFrameWnd@@QAEXXZ 00476e83 f   nafxcw:winfrm.obj
 0001:00075e9e       __unwindfunclet$?OnToolTipText@CFrameWnd@@IAEHIPAUtagNMHDR@@PAJ@Z$0 00476e9e f   nafxcw:winfrm.obj
 0001:00075ea6       __ehhandler$?OnToolTipText@CFrameWnd@@IAEHIPAUtagNMHDR@@PAJ@Z 00476ea6 f   nafxcw:winfrm.obj
 0001:00075ece       __unwindfunclet$??0CFrameWnd@@QAE@XZ$0 00476ece f   nafxcw:winfrm.obj
 0001:00075ece       __unwindfunclet$??1CFrameWnd@@UAE@XZ$0 00476ece f   nafxcw:winfrm.obj
 0001:00075ed6       __unwindfunclet$??1CFrameWnd@@UAE@XZ$1 00476ed6 f   nafxcw:winfrm.obj
 0001:00075ed6       __unwindfunclet$??0CFrameWnd@@QAE@XZ$1 00476ed6 f   nafxcw:winfrm.obj
 0001:00075ee4       __unwindfunclet$??0CFrameWnd@@QAE@XZ$2 00476ee4 f   nafxcw:winfrm.obj
 0001:00075ee4       __unwindfunclet$??1CFrameWnd@@UAE@XZ$2 00476ee4 f   nafxcw:winfrm.obj
 0001:00075ef2       __ehhandler$??1CFrameWnd@@UAE@XZ 00476ef2 f   nafxcw:winfrm.obj
 0001:00075ef2       __ehhandler$??0CFrameWnd@@QAE@XZ 00476ef2 f   nafxcw:winfrm.obj
 0001:00075f0d       __unwindfunclet$?LoadFrame@CFrameWnd@@UAEHIKPAVCWnd@@PAUCCreateContext@@@Z$0 00476f0d f   nafxcw:winfrm.obj
 0001:00075f15       __unwindfunclet$?LoadFrame@CFrameWnd@@UAEHIKPAVCWnd@@PAUCCreateContext@@@Z$1 00476f15 f   nafxcw:winfrm.obj
 0001:00075f1d       __ehhandler$?LoadFrame@CFrameWnd@@UAEHIKPAVCWnd@@PAUCCreateContext@@@Z 00476f1d f   nafxcw:winfrm.obj
 0001:00075f38       __unwindfunclet$?OnChevronPushed@CFrameWnd@@IAEHIPAUtagNMHDR@@PAJ@Z$0 00476f38 f   nafxcw:winfrm.obj
 0001:00075f40       __unwindfunclet$?OnChevronPushed@CFrameWnd@@IAEHIPAUtagNMHDR@@PAJ@Z$1 00476f40 f   nafxcw:winfrm.obj
 0001:00075f48       __unwindfunclet$?OnChevronPushed@CFrameWnd@@IAEHIPAUtagNMHDR@@PAJ@Z$2 00476f48 f   nafxcw:winfrm.obj
 0001:00075f50       __unwindfunclet$?OnChevronPushed@CFrameWnd@@IAEHIPAUtagNMHDR@@PAJ@Z$3 00476f50 f   nafxcw:winfrm.obj
 0001:00075f58       __unwindfunclet$?OnChevronPushed@CFrameWnd@@IAEHIPAUtagNMHDR@@PAJ@Z$4 00476f58 f   nafxcw:winfrm.obj
 0001:00075f60       __unwindfunclet$?OnChevronPushed@CFrameWnd@@IAEHIPAUtagNMHDR@@PAJ@Z$5 00476f60 f   nafxcw:winfrm.obj
 0001:00075f68       __unwindfunclet$?OnChevronPushed@CFrameWnd@@IAEHIPAUtagNMHDR@@PAJ@Z$6 00476f68 f   nafxcw:winfrm.obj
 0001:00075f70       __ehhandler$?OnChevronPushed@CFrameWnd@@IAEHIPAUtagNMHDR@@PAJ@Z 00476f70 f   nafxcw:winfrm.obj
 0001:00075f8e       __unwindfunclet$?OnDDEExecute@CFrameWnd@@IAEJIJ@Z$2 00476f8e f   nafxcw:winfrm.obj
 0001:00075f96       __ehhandler$?OnDDEExecute@CFrameWnd@@IAEJIJ@Z 00476f96 f   nafxcw:winfrm.obj
 0001:00075fb1       __unwindfunclet$?UpdateFrameTitleForDocument@CFrameWnd@@QAEXPBD@Z$0 00476fb1 f   nafxcw:winfrm.obj
 0001:00075fb9       __ehhandler$?UpdateFrameTitleForDocument@CFrameWnd@@QAEXPBD@Z 00476fb9 f   nafxcw:winfrm.obj
 0001:00075fde       __unwindfunclet$?MapObject@CArchive@@QAEXPBVCObject@@@Z$0 00476fde f   nafxcw:arcobj.obj
 0001:00075fe7       __unwindfunclet$?MapObject@CArchive@@QAEXPBVCObject@@@Z$1 00476fe7 f   nafxcw:arcobj.obj
 0001:00075ff0       __ehhandler$?MapObject@CArchive@@QAEXPBVCObject@@@Z 00476ff0 f   nafxcw:arcobj.obj
 0001:0007600b       __unwindfunclet$?ReadClass@CArchive@@QAEPAUCRuntimeClass@@PBU2@PAIPAK@Z$0 0047700b f   nafxcw:arcobj.obj
 0001:00076014       __ehhandler$?ReadClass@CArchive@@QAEPAUCRuntimeClass@@PBU2@PAIPAK@Z 00477014 f   nafxcw:arcobj.obj
 0001:0007602f       __ehhandler$?ReadObject@CArchive@@QAEPAVCObject@@PBUCRuntimeClass@@@Z 0047702f f   nafxcw:arcobj.obj
 0001:0007604a       __unwindfunclet$?PushStackArgs@CCmdTarget@@IAEJPAEPBEPAXGPAUtagDISPPARAMS@@PAIPAUtagVARIANT@@PAVCVariantBoolConverter@@@Z$0 0047704a f   nafxcw:oledisp1.obj
 0001:00076052       __ehhandler$?PushStackArgs@CCmdTarget@@IAEJPAEPBEPAXGPAUtagDISPPARAMS@@PAIPAUtagVARIANT@@PAVCVariantBoolConverter@@@Z 00477052 f   nafxcw:oledisp1.obj
 0001:0007606d       __unwindfunclet$?CallMemberFunc@CCmdTarget@@IAEJPBUAFX_DISPMAP_ENTRY@@GPAUtagVARIANT@@PAUtagDISPPARAMS@@PAI@Z$2 0047706d f   nafxcw:oledisp1.obj
 0001:00076075       __unwindfunclet$?CallMemberFunc@CCmdTarget@@IAEJPBUAFX_DISPMAP_ENTRY@@GPAUtagVARIANT@@PAUtagDISPPARAMS@@PAI@Z$3 00477075 f   nafxcw:oledisp1.obj
 0001:0007607d       __ehhandler$?CallMemberFunc@CCmdTarget@@IAEJPBUAFX_DISPMAP_ENTRY@@GPAUtagVARIANT@@PAUtagDISPPARAMS@@PAI@Z 0047707d f   nafxcw:oledisp1.obj
 0001:000760a2       __unwindfunclet$??0COleDispatchException@@QAE@PBDIG@Z$0 004770a2 f   nafxcw:oledisp1.obj
 0001:000760ad       __unwindfunclet$??0COleDispatchException@@QAE@PBDIG@Z$1 004770ad f   nafxcw:oledisp1.obj
 0001:000760b8       __unwindfunclet$??0COleDispatchException@@QAE@PBDIG@Z$2 004770b8 f   nafxcw:oledisp1.obj
 0001:000760c3       __ehhandler$??0COleDispatchException@@QAE@PBDIG@Z 004770c3 f   nafxcw:oledisp1.obj
 0001:000760de       __unwindfunclet$?Next@XEnumVOID@CEnumArray@@UAGJKPAXPAK@Z$2 004770de f   nafxcw:oleenum.obj
 0001:000760e6       __ehhandler$?Next@XEnumVOID@CEnumArray@@UAGJKPAXPAK@Z 004770e6 f   nafxcw:oleenum.obj
 0001:00076101       __unwindfunclet$?Skip@XEnumVOID@CEnumArray@@UAGJK@Z$2 00477101 f   nafxcw:oleenum.obj
 0001:00076109       __ehhandler$?Skip@XEnumVOID@CEnumArray@@UAGJK@Z 00477109 f   nafxcw:oleenum.obj
 0001:00076124       __unwindfunclet$?Clone@XEnumVOID@CEnumArray@@UAGJPAPAUIEnumVOID@@@Z$2 00477124 f   nafxcw:oleenum.obj
 0001:0007612c       __ehhandler$?Clone@XEnumVOID@CEnumArray@@UAGJPAPAUIEnumVOID@@@Z 0047712c f   nafxcw:oleenum.obj
 0001:00076147       __unwindfunclet$?InvokeHelperV@COleDispatchDriver@@QAEXJGGPAXPBEPAD@Z$0 00477147 f   nafxcw:oledisp2.obj
 0001:0007614f       __unwindfunclet$?InvokeHelperV@COleDispatchDriver@@QAEXJGGPAXPBEPAD@Z$1 0047714f f   nafxcw:oledisp2.obj
 0001:00076157       __unwindfunclet$?InvokeHelperV@COleDispatchDriver@@QAEXJGGPAXPBEPAD@Z$2 00477157 f   nafxcw:oledisp2.obj
 0001:0007615f       __unwindfunclet$?InvokeHelperV@COleDispatchDriver@@QAEXJGGPAXPBEPAD@Z$3 0047715f f   nafxcw:oledisp2.obj
 0001:00076167       __unwindfunclet$?InvokeHelperV@COleDispatchDriver@@QAEXJGGPAXPBEPAD@Z$4 00477167 f   nafxcw:oledisp2.obj
 0001:00076170       __ehhandler$?InvokeHelperV@COleDispatchDriver@@QAEXJGGPAXPBEPAD@Z 00477170 f   nafxcw:oledisp2.obj
 0001:0007618e       __unwindfunclet$?OnBusyDialog@COleMessageFilter@@UAEHPAUHTASK__@@@Z$2 0047718e f   nafxcw:olemsgf.obj
 0001:00076199       __ehhandler$?OnBusyDialog@COleMessageFilter@@UAEHPAUHTASK__@@@Z 00477199 f   nafxcw:olemsgf.obj
 0001:000761b7       __unwindfunclet$?OnNotRespondingDialog@COleMessageFilter@@UAEHPAUHTASK__@@@Z$2 004771b7 f   nafxcw:olemsgf.obj
 0001:000761c2       __ehhandler$?OnNotRespondingDialog@COleMessageFilter@@UAEHPAUHTASK__@@@Z 004771c2 f   nafxcw:olemsgf.obj
 0001:000761e0       __unwindfunclet$?MessagePending@XMessageFilter@COleMessageFilter@@UAGKPAUHTASK__@@KK@Z$0 004771e0 f   nafxcw:olemsgf.obj
 0001:000761e8       __ehhandler$?MessagePending@XMessageFilter@COleMessageFilter@@UAGKPAUHTASK__@@KK@Z 004771e8 f   nafxcw:olemsgf.obj
 0001:00076203       __ehhandler$?CallUnexpected@@YAXPBU_s_ESTypeList@@@Z 00477203 f   libcmt:frame.obj
 0001:0007621e       __unwindfunclet$?_Xran@_String_base@std@@SAXXZ$0 0047721e f   libcpmt:string.obj
 0001:0007621e       __unwindfunclet$?_Xlen@_String_base@std@@SAXXZ$0 0047721e f   libcpmt:string.obj
 0001:00076226       __ehhandler$?_Xlen@_String_base@std@@SAXXZ 00477226 f   libcpmt:string.obj
 0001:00076226       __ehhandler$?_Xran@_String_base@std@@SAXXZ 00477226 f   libcpmt:string.obj
 0001:00076241       __unwindfunclet$?_Locimp_dtor@_Locimp@locale@std@@CAXPAV123@@Z$0 00477241 f   libcpmt:locale0.obj
 0001:00076249       __ehhandler$?_Locimp_dtor@_Locimp@locale@std@@CAXPAV123@@Z 00477249 f   libcpmt:locale0.obj
 0001:00076264       __unwindfunclet$??0_Locimp@locale@std@@AAE@_N@Z$0 00477264 f   libcpmt:locale0.obj
 0001:0007626c       __ehhandler$??0_Locimp@locale@std@@AAE@_N@Z 0047726c f   libcpmt:locale0.obj
 0001:00076287       __unwindfunclet$??1_Locimp@locale@std@@MAE@XZ$0 00477287 f   libcpmt:locale0.obj
 0001:0007628f       __unwindfunclet$??1_Locimp@locale@std@@MAE@XZ$1 0047728f f   libcpmt:locale0.obj
 0001:0007629a       __ehhandler$??1_Locimp@locale@std@@MAE@XZ 0047729a f   libcpmt:locale0.obj
 0001:000762b5       __unwindfunclet$?_Init@locale@std@@CAPAV_Locimp@12@XZ$0 004772b5 f   libcpmt:locale0.obj
 0001:000762bd       __unwindfunclet$?_Init@locale@std@@CAPAV_Locimp@12@XZ$1 004772bd f   libcpmt:locale0.obj
 0001:000762c7       __ehhandler$?_Init@locale@std@@CAPAV_Locimp@12@XZ 004772c7 f   libcpmt:locale0.obj
 0001:000762f0       ??__EtheApp@@YAXXZ         004772f0 f   up_client.obj
 0001:00076310       ??__E?id@?$codecvt@DDH@std@@2V0locale@2@A@@YAXXZ 00477310 f   up_client.obj
 0001:00076330       ??__EvtMissing@@YAXXZ      00477330 f   comsuppw:comutil.obj
 0001:0007633c       ??__E_afxHtmlHelpState@@YAXXZ 0047733c f   nafxcw:wincore.obj
 0001:00076348       ??__E?m_nMsgDragList@CWnd@@1IB@@YAXXZ 00477348 f   nafxcw:wincore.obj
 0001:00076359       ??__E?wndTop@CWnd@@2V1@B@@YAXXZ 00477359 f   nafxcw:wincore.obj
 0001:000763c1       ??__E?wndBottom@CWnd@@2V1@B@@YAXXZ 004773c1 f   nafxcw:wincore.obj
 0001:0007642e       ??__E?wndTopMost@CWnd@@2V1@B@@YAXXZ 0047742e f   nafxcw:wincore.obj
 0001:00076498       ??__E?wndNoTopMost@CWnd@@2V1@B@@YAXXZ 00477498 f   nafxcw:wincore.obj
 0001:00076505       ??__E_simpleResourceException@@YAXXZ 00477505 f   nafxcw:wingdi.obj
 0001:0007653f       ??__E_simpleUserException@@YAXXZ 0047753f f   nafxcw:wingdi.obj
 0001:00076579       ??__E_simpleMemoryException@@YAXXZ 00477579 f   nafxcw:except.obj
 0001:00076585       ??__E_simpleNotSupportedException@@YAXXZ 00477585 f   nafxcw:except.obj
 0001:00076591       ??__E_simpleInvalidArgException@@YAXXZ 00477591 f   nafxcw:except.obj
 0001:0007659d       ??__E_afxThreadState@@YAXXZ 0047759d f   nafxcw:afxstate.obj
 0001:000765a9       ??__E_afxBaseModuleState@@YAXXZ 004775a9 f   nafxcw:afxstate.obj
 0001:000765b5       ??__EafxStringManager@@YAXXZ 004775b5 f   nafxcw:strcore.obj
 0001:000765bf       ??__E_afxOccManager@@YAXXZ 004775bf f   nafxcw:occmgr.obj
 0001:000765cb       ??__E_afxControlFactoryMgr@@YAXXZ 004775cb f   nafxcw:occmgr.obj
 0001:000765d7       ??__E_init_CStringArray@@YAXXZ 004775d7 f   nafxcw:array_s.obj
 0001:000765e2       ??__EafxData@@YAXXZ        004775e2 f   nafxcw:auxdata.obj
 0001:000765f8       ??__E_afxDBCS@@YAXXZ       004775f8 f   nafxcw:afxdbcs.obj
 0001:00076603       ??__E_afxMsgMouseWheel@@YAXXZ 00477603 f   nafxcw:winfrm.obj
 0001:00076648       ??__E_init_CByteArray@@YAXXZ 00477648 f   nafxcw:array_b.obj
 0001:00076653       ??__E_oleData@@YAXXZ       00477653 f   nafxcw:oleinit.obj
 0001:0007665d       ??__E_init_CObArray@@YAXXZ 0047765d f   nafxcw:array_o.obj
 0001:00076668       ??__E_afxOleState@@YAXXZ   00477668 f   nafxcw:oledata.obj
 0001:00076674       ??__Einitlocks@std@@YAXXZ  00477674 f   libcpmt:xlock.obj
 0001:0007668a       ??__Eclassic_locale@std@@YAXXZ 0047768a f   libcpmt:locale0.obj
 0001:00076696       ??__Einitlocks@std@@YAXXZ  00477696 f   libcpmt:iosptrs.obj
 0001:000766ac       ??__Einit_atexit@@YAXXZ    004776ac f   libcpmt:iosptrs.obj
 0001:000766b8       ??__E_AtlBaseModule@ATL@@YAXXZ 004776b8 f   atls:atlbase.obj
 0001:000766ce       ??__E_AtlWinModule@ATL@@YAXXZ 004776ce f   atls:atlbase.obj
 0001:000766e4       ??__E_afxInitAppState@@YAXXZ 004776e4 f   nafxcw:appmodul.obj
 0001:00076710       ??__FtheApp@@YAXXZ         00477710 f   up_client.obj
 0001:00076720       ??__FvtMissing@@YAXXZ      00477720 f   comsuppw:comutil.obj
 0001:0007672c       ??__F_afxHtmlHelpState@@YAXXZ 0047772c f   nafxcw:wincore.obj
 0001:00076736       ??__F?wndTop@CWnd@@2V1@B@@YAXXZ 00477736 f   nafxcw:wincore.obj
 0001:00076740       ??__F?wndBottom@CWnd@@2V1@B@@YAXXZ 00477740 f   nafxcw:wincore.obj
 0001:0007674a       ??__F?wndTopMost@CWnd@@2V1@B@@YAXXZ 0047774a f   nafxcw:wincore.obj
 0001:00076754       ??__F?wndNoTopMost@CWnd@@2V1@B@@YAXXZ 00477754 f   nafxcw:wincore.obj
 0001:0007675e       ??__F_simpleResourceException@@YAXXZ 0047775e f   nafxcw:wingdi.obj
 0001:00076769       ??__F_simpleUserException@@YAXXZ 00477769 f   nafxcw:wingdi.obj
 0001:00076774       ??__F_simpleMemoryException@@YAXXZ 00477774 f   nafxcw:except.obj
 0001:0007677f       ??__F_simpleNotSupportedException@@YAXXZ 0047777f f   nafxcw:except.obj
 0001:0007678a       ??__F_simpleInvalidArgException@@YAXXZ 0047778a f   nafxcw:except.obj
 0001:00076795       ??__F_afxThreadState@@YAXXZ 00477795 f   nafxcw:afxstate.obj
 0001:0007679f       ??__F_afxBaseModuleState@@YAXXZ 0047779f f   nafxcw:afxstate.obj
 0001:000767a9       ??__F_afxOccManager@@YAXXZ 004777a9 f   nafxcw:occmgr.obj
 0001:000767b3       ??__F_afxControlFactoryMgr@@YAXXZ 004777b3 f   nafxcw:occmgr.obj
 0001:000767bd       ??__FafxData@@YAXXZ        004777bd f   nafxcw:auxdata.obj
 0001:000767c8       ??__F_afxOleState@@YAXXZ   004777c8 f   nafxcw:oledata.obj
 0001:000767d2       ??__Finitlocks@std@@YAXXZ  004777d2 f   libcpmt:xlock.obj
 0001:000767dc       ??__Fclassic_locale@std@@YAXXZ 004777dc f   libcpmt:locale0.obj
 0001:000767e6       ??__Finitlocks@std@@YAXXZ  004777e6 f   libcpmt:iosptrs.obj
 0001:000767f0       ??__Finit_atexit@@YAXXZ    004777f0 f   libcpmt:iosptrs.obj
 0001:000767fa       ??__F_AtlBaseModule@ATL@@YAXXZ 004777fa f   atls:atlbase.obj
 0001:00076804       ??__F_AtlWinModule@ATL@@YAXXZ 00477804 f   atls:atlbase.obj
