 FilerunDown

 Timestamp is 5e0570b2 (Fri Dec 27 11:47:14 2019)

 Preferred load address is 00400000

 Start         Length     Name                   Class
 0001:00000000 0006ba28H .text                   CODE
 0001:0006ba30 0000434dH .text$x                 CODE
 0001:0006fd80 000003adH .text$yc                CODE
 0001:00070130 000000d5H .text$yd                CODE
 0002:00000000 000007bcH .idata$5                DATA
 0002:000007bc 00000004H .CRT$XCA                DATA
 0002:000007c0 0000000cH .CRT$XCC                DATA
 0002:000007cc 00000010H .CRT$XCL                DATA
 0002:000007dc 00000058H .CRT$XCU                DATA
 0002:00000834 00000004H .CRT$XCZ                DATA
 0002:00000838 00000004H .CRT$XIA                DATA
 0002:0000083c 00000014H .CRT$XIC                DATA
 0002:00000850 00000004H .CRT$XIY                DATA
 0002:00000854 00000004H .CRT$XIZ                DATA
 0002:00000858 00000004H .CRT$XPA                DATA
 0002:0000085c 00000004H .CRT$XPX                DATA
 0002:00000860 00000004H .CRT$XPXA               DATA
 0002:00000864 00000004H .CRT$XPZ                DATA
 0002:00000868 00000004H .CRT$XTA                DATA
 0002:0000086c 00000004H .CRT$XTZ                DATA
 0002:00000870 0000f098H .rdata                  DATA
 0002:0000f908 00000059H .rdata$debug            DATA
 0002:0000f964 000035a8H .rdata$r                DATA
 0002:00012f10 00000524H .rdata$sxdata           DATA
 0002:00013434 00000004H .rtc$IAA                DATA
 0002:00013438 00000004H .rtc$IZZ                DATA
 0002:0001343c 00000004H .rtc$TAA                DATA
 0002:00013440 00000004H .rtc$TZZ                DATA
 0002:00013448 0000649cH .xdata$x                DATA
 0002:000198e4 00000000H ATL$__a                 DATA
 0002:000198e4 00000000H ATL$__z                 DATA
 0002:000198e4 00000020H .didat$2                DATA
 0002:00019904 00000020H .didat$3                DATA
 0002:00019924 00000010H .didat$4                DATA
 0002:00019934 0000004eH .didat$6                DATA
 0002:00019984 00000010H .didat$7                DATA
 0002:00019994 00000140H .idata$2                DATA
 0002:00019ad4 00000014H .idata$3                DATA
 0002:00019ae8 000007bcH .idata$4                DATA
 0002:0001a2a4 00001f16H .idata$6                DATA
 0002:0001c1ba 00000000H .edata                  DATA
 0003:00000000 000033f8H .data                   DATA
 0003:000033f8 00000010H .didat$5                DATA
 0003:00003420 00003ba0H .bss                    DATA
 0004:00000000 00001900H .rsrc$01                DATA
 0004:00001900 002746f8H .rsrc$02                DATA

  Address         Publics by Value              Rva+Base       Lib:Object

 0000:00000000       __except_list              00000000     <absolute>
 0000:00000149       ___safe_se_handler_count   00000149     <absolute>
 0000:00000000       ___ImageBase               00400000     <linker-defined>
 0001:00000000       ?_AtlGetConversionACP@ATL@@YGIXZ 00401000 f i down_client.obj
 0001:00000010       ?_AtlVerifyStackAvailable@_ATL_SAFE_ALLOCA_IMPL@ATL@@YA_NK@Z 00401010 f i down_client.obj
 0001:000000f0       ?AtlThrowImpl@ATL@@YGXJ@Z  004010f0 f i down_client.obj
 0001:00000110       ?AfxCrtErrorCheck@@YAHH@Z  00401110 f i down_client.obj
 0001:000001c0       ?GetMessageMap@down_client@@MBEPBUAFX_MSGMAP@@XZ 004011c0 f   down_client.obj
 0001:000001d0       ?GetThisMessageMap@down_client@@KGPBUAFX_MSGMAP@@XZ 004011d0 f   down_client.obj
 0001:000001e0       ??0down_client@@QAE@XZ     004011e0 f   down_client.obj
 0001:00000210       ?InitInstance@down_client@@UAEHXZ 00401210 f   down_client.obj
 0001:00000640       ?Update_Checking@down_client@@UAGJXZ 00401640 f   down_client.obj
 0001:00000b70       ??_Edown_client@@UAEPAXI@Z 00401b70 f i down_client.obj
 0001:00000b70       ??_Gdown_client@@UAEPAXI@Z 00401b70 f i down_client.obj
 0001:00000ba0       ??1down_client@@UAE@XZ     00401ba0 f i down_client.obj
 0001:00000bc0       ??0CToken@@QAE@PAD@Z       00401bc0 f i down_client.obj
 0001:00000bf0       ?Split@CToken@@QAEXPAD@Z   00401bf0 f i down_client.obj
 0001:00000d40       ?FindString@CToken@@QAEHPAD0@Z 00401d40 f i down_client.obj
 0001:00000da0       ?GetToken@CToken@@QAEPADI@Z 00401da0 f i down_client.obj
 0001:00000dd0       ?GetCount@CToken@@QAEIXZ   00401dd0 f i down_client.obj
 0001:00000df0       ?ReleaseAllToken@CToken@@QAEXXZ 00401df0 f i down_client.obj
 0001:00000e60       ?StringCchLengthW@@YGJPB_WIPAI@Z 00401e60 f i down_client.obj
 0001:00000eb0       ?StringLengthWorkerW@@YGJPB_WIPAI@Z 00401eb0 f i down_client.obj
 0001:00000f20       ??3CObject@@SGXPAX@Z       00401f20 f i down_client.obj
 0001:00000f40       ?AfxGetInstanceHandle@@YGPAUHINSTANCE__@@XZ 00401f40 f i down_client.obj
 0001:00000f50       ?Allocate@CCRTAllocator@ATL@@SAPAXI@Z 00401f50 f i down_client.obj
 0001:00000f70       ?Free@CCRTAllocator@ATL@@SAXPAX@Z 00401f70 f i down_client.obj
 0001:00000f90       ??1?$CTempBuffer@D$0IA@VCCRTAllocator@ATL@@@ATL@@QAE@XZ 00401f90 f i down_client.obj
 0001:00000fb0       ?Allocate@?$CTempBuffer@D$0IA@VCCRTAllocator@ATL@@@ATL@@QAEPADI@Z 00401fb0 f i down_client.obj
 0001:00000fe0       ??0?$CStringT@DV?$StrTraitMFC@DV?$ChTraitsCRT@D@ATL@@@@@ATL@@QAE@XZ 00401fe0 f i down_client.obj
 0001:00001000       ??1?$CStringT@DV?$StrTraitMFC@DV?$ChTraitsCRT@D@ATL@@@@@ATL@@QAE@XZ 00402000 f i down_client.obj
 0001:00001020       ??4?$CStringT@DV?$StrTraitMFC@DV?$ChTraitsCRT@D@ATL@@@@@ATL@@QAEAAV01@PBD@Z 00402020 f i down_client.obj
 0001:00001040       ?GetLength@?$CSimpleStringT@D$0A@@ATL@@QBEHXZ 00402040 f i down_client.obj
 0001:00001060       ?AllocateBytes@?$CTempBuffer@D$0IA@VCCRTAllocator@ATL@@@ATL@@QAEPADI@Z 00402060 f i down_client.obj
 0001:000010a0       ?FreeHeap@?$CTempBuffer@D$0IA@VCCRTAllocator@ATL@@@ATL@@AAEXXZ 004020a0 f i down_client.obj
 0001:000010c0       ??0?$CSimpleStringT@D$0A@@ATL@@QAE@PAUIAtlStringMgr@1@@Z 004020c0 f i down_client.obj
 0001:00001110       ??1?$CSimpleStringT@D$0A@@ATL@@QAE@XZ 00402110 f i down_client.obj
 0001:00001130       ?Release@CStringData@ATL@@QAEXXZ 00402130 f i down_client.obj
 0001:00001170       ??4?$CSimpleStringT@D$0A@@ATL@@QAEAAV01@PBD@Z 00402170 f i down_client.obj
 0001:00001190       ?GetData@?$CSimpleStringT@D$0A@@ATL@@ABEPAUCStringData@2@XZ 00402190 f i down_client.obj
 0001:000011b0       ?GetDefaultManager@?$StrTraitMFC@DV?$ChTraitsCRT@D@ATL@@@@SAPAUIAtlStringMgr@ATL@@XZ 004021b0 f i down_client.obj
 0001:000011c0       ?AllocateHeap@?$CTempBuffer@D$0IA@VCCRTAllocator@ATL@@@ATL@@AAEXI@Z 004021c0 f i down_client.obj
 0001:00001200       ?SetString@?$CSimpleStringT@D$0A@@ATL@@QAEXPBD@Z 00402200 f i down_client.obj
 0001:00001230       ?StringLength@?$CSimpleStringT@D$0A@@ATL@@SAHPBD@Z 00402230 f i down_client.obj
 0001:00001250       ?SetString@?$CSimpleStringT@D$0A@@ATL@@QAEXPBDH@Z 00402250 f i down_client.obj
 0001:00001300       ?GetBuffer@?$CSimpleStringT@D$0A@@ATL@@QAEPADH@Z 00402300 f i down_client.obj
 0001:00001320       ?PrepareWrite@?$CSimpleStringT@D$0A@@ATL@@AAEPADH@Z 00402320 f i down_client.obj
 0001:00001370       ?Empty@?$CSimpleStringT@D$0A@@ATL@@QAEXXZ 00402370 f i down_client.obj
 0001:000013e0       ?IsLocked@CStringData@ATL@@QBE_NXZ 004023e0 f i down_client.obj
 0001:00001400       ?SetLength@?$CSimpleStringT@D$0A@@ATL@@AAEXH@Z 00402400 f i down_client.obj
 0001:00001450       ?ReleaseBufferSetLength@?$CSimpleStringT@D$0A@@ATL@@QAEXH@Z 00402450 f i down_client.obj
 0001:00001470       ?Attach@?$CSimpleStringT@D$0A@@ATL@@AAEXPAUCStringData@2@@Z 00402470 f i down_client.obj
 0001:00001490       ?data@CStringData@ATL@@QAEPAXXZ 00402490 f i down_client.obj
 0001:000014b0       ?PrepareWrite2@?$CSimpleStringT@D$0A@@ATL@@AAEXH@Z 004024b0 f i down_client.obj
 0001:00001550       ?IsShared@CStringData@ATL@@QBE_NXZ 00402550 f i down_client.obj
 0001:00001570       ?CopyChars@?$CSimpleStringT@D$0A@@ATL@@SAXPADIPBDH@Z 00402570 f i down_client.obj
 0001:00001590       ?CopyCharsOverlapped@?$CSimpleStringT@D$0A@@ATL@@SAXPADIPBDH@Z 00402590 f i down_client.obj
 0001:000015b0       ?Fork@?$CSimpleStringT@D$0A@@ATL@@AAEXH@Z 004025b0 f i down_client.obj
 0001:00001670       ?ThrowMemoryException@?$CSimpleStringT@D$0A@@ATL@@KAXXZ 00402670 f i down_client.obj
 0001:00001680       ?Reallocate@?$CSimpleStringT@D$0A@@ATL@@AAEXH@Z 00402680 f i down_client.obj
 0001:000016f0       ??$AtlAdd@K@ATL@@YAJPAKKK@Z 004026f0 f i down_client.obj
 0001:00001720       ?Format@?$CStringT@DV?$StrTraitMFC@DV?$ChTraitsCRT@D@ATL@@@@@ATL@@QAAXPBDZZ 00402720 f i down_client.obj
 0001:00001750       ?FormatV@?$CStringT@DV?$StrTraitMFC@DV?$ChTraitsCRT@D@ATL@@@@@ATL@@QAEXPBDPAD@Z 00402750 f i down_client.obj
 0001:000017c0       ?GetFormattedLength@?$ChTraitsCRT@D@ATL@@SAHPBDPAD@Z 004027c0 f i down_client.obj
 0001:000017e0       ?Format@?$ChTraitsCRT@D@ATL@@SAHPADIPBD0@Z 004027e0 f i down_client.obj
 0001:00001800       ??$AtlMultiplyThrow@I@ATL@@YAIII@Z 00402800 f i down_client.obj
 0001:00001840       ??$AtlMultiply@I@ATL@@YAJPAIII@Z 00402840 f i down_client.obj
 0001:00001880       ??0CPictureEx@@QAE@XZ      00402880 f   PictureEx.obj
 0001:00001a10       ??1CPictureEx@@UAE@XZ      00402a10 f   PictureEx.obj
 0001:00001a90       ?GetMessageMap@CPictureEx@@MBEPBUAFX_MSGMAP@@XZ 00402a90 f   PictureEx.obj
 0001:00001aa0       ?GetThisMessageMap@CPictureEx@@KGPBUAFX_MSGMAP@@XZ 00402aa0 f   PictureEx.obj
 0001:00001ab0       ?Load@CPictureEx@@QAEHPAXK@Z 00402ab0 f   PictureEx.obj
 0001:00001f20       ?UnLoad@CPictureEx@@QAEXXZ 00402f20 f   PictureEx.obj
 0001:00002150       ?Draw@CPictureEx@@QAEHXZ   00403150 f   PictureEx.obj
 0001:00002280       ?GetSize@CPictureEx@@QBE?AUtagSIZE@@XZ 00403280 f   PictureEx.obj
 0001:000022b0       ?Load@CPictureEx@@QAEHPBD@Z 004032b0 f   PictureEx.obj
 0001:00002490       ?Load@CPictureEx@@QAEHPBD0@Z 00403490 f   PictureEx.obj
 0001:000025a0       ?ResetDataPointer@CPictureEx@@IAEXXZ 004035a0 f   PictureEx.obj
 0001:000025c0       ?SkipNextGraphicBlock@CPictureEx@@IAEHXZ 004035c0 f   PictureEx.obj
 0001:000026d0       ?GetSubBlocksLen@CPictureEx@@IBEII@Z 004036d0 f   PictureEx.obj
 0001:00002740       ?GetNextBlock@CPictureEx@@IBE?AW4GIFBlockTypes@1@XZ 00403740 f   PictureEx.obj
 0001:00002900       ?SkipNextBlock@CPictureEx@@IAEHXZ 00403900 f   PictureEx.obj
 0001:00002960       ?GetNextBlockLen@CPictureEx@@IBEHXZ 00403960 f   PictureEx.obj
 0001:00002ac0       ?_ThreadAnimation@CPictureEx@@KGIPAX@Z 00403ac0 f   PictureEx.obj
 0001:00002b20       ?ThreadAnimation@CPictureEx@@IAEXXZ 00403b20 f   PictureEx.obj
 0001:000032e0       ?Stop@CPictureEx@@QAEXXZ   004042e0 f   PictureEx.obj
 0001:00003370       ?GetNextGraphicBlock@CPictureEx@@IAEPAXPAI0PAUtagSIZE@@10@Z 00404370 f   PictureEx.obj
 0001:000035f0       ?IsGIF@CPictureEx@@QBEHXZ  004045f0 f   PictureEx.obj
 0001:00003610       ?IsAnimatedGIF@CPictureEx@@QBEHXZ 00404610 f   PictureEx.obj
 0001:00003650       ?IsPlaying@CPictureEx@@QBEHXZ 00404650 f   PictureEx.obj
 0001:00003670       ?GetFrameCount@CPictureEx@@QBEHXZ 00404670 f   PictureEx.obj
 0001:000036a0       ?GetBkColor@CPictureEx@@QBEKXZ 004046a0 f   PictureEx.obj
 0001:000036c0       ?OnPaint@CPictureEx@@IAEXXZ 004046c0 f   PictureEx.obj
 0001:00003780       ?PrepareDC@CPictureEx@@IAEHHH@Z 00404780 f   PictureEx.obj
 0001:000038d0       ?OnDestroy@CPictureEx@@IAEXXZ 004048d0 f   PictureEx.obj
 0001:000038f0       ?SetBkColor@CPictureEx@@QAEXK@Z 004048f0 f   PictureEx.obj
 0001:00003970       ?SetPaintRect@CPictureEx@@QAEHPBUtagRECT@@@Z 00404970 f   PictureEx.obj
 0001:00003990       ?GetPaintRect@CPictureEx@@QAEHPAUtagRECT@@@Z 00404990 f   PictureEx.obj
 0001:000039b0       ??_GCPictureEx@@UAEPAXI@Z  004049b0 f i PictureEx.obj
 0001:000039b0       ??_ECPictureEx@@UAEPAXI@Z  004049b0 f i PictureEx.obj
 0001:000039e0       ?GetPackedValue@TGIFLSDescriptor@CPictureEx@@QAEHW4LSDPackedValues@2@@Z 004049e0 f i PictureEx.obj
 0001:00003a60       ?GetPackedValue@TGIFImageDescriptor@CPictureEx@@QAEHW4IDPackedValues@2@@Z 00404a60 f i PictureEx.obj
 0001:00003ae0       ?GetPackedValue@TGIFControlExt@CPictureEx@@QAEHW4ControlExtValues@2@@Z 00404ae0 f i PictureEx.obj
 0001:00003b40       ??0?$vector@UTFrame@CPictureEx@@V?$allocator@UTFrame@CPictureEx@@@std@@@std@@QAE@XZ 00404b40 f i PictureEx.obj
 0001:00003b70       ??1?$vector@UTFrame@CPictureEx@@V?$allocator@UTFrame@CPictureEx@@@std@@@std@@QAE@XZ 00404b70 f i PictureEx.obj
 0001:00003b90       ?size@?$vector@UTFrame@CPictureEx@@V?$allocator@UTFrame@CPictureEx@@@std@@@std@@QBEIXZ 00404b90 f i PictureEx.obj
 0001:00003bd0       ?empty@?$vector@UTFrame@CPictureEx@@V?$allocator@UTFrame@CPictureEx@@@std@@@std@@QBE_NXZ 00404bd0 f i PictureEx.obj
 0001:00003bf0       ??A?$vector@UTFrame@CPictureEx@@V?$allocator@UTFrame@CPictureEx@@@std@@@std@@QAEAAUTFrame@CPictureEx@@I@Z 00404bf0 f i PictureEx.obj
 0001:00003c20       ?push_back@?$vector@UTFrame@CPictureEx@@V?$allocator@UTFrame@CPictureEx@@@std@@@std@@QAEXABUTFrame@CPictureEx@@@Z 00404c20 f i PictureEx.obj
 0001:00003c90       ?clear@?$vector@UTFrame@CPictureEx@@V?$allocator@UTFrame@CPictureEx@@@std@@@std@@QAEXXZ 00404c90 f i PictureEx.obj
 0001:00003cd0       ??0?$_Vector_iterator@UCONTENTSITEM@@V?$allocator@UCONTENTSITEM@@@std@@@std@@QAE@XZ 00404cd0 f i down_window_hacf.obj
 0001:00003cd0       ??0?$_Vector_iterator@UTFrame@CPictureEx@@V?$allocator@UTFrame@CPictureEx@@@std@@@std@@QAE@XZ 00404cd0 f i PictureEx.obj
 0001:00003cf0       ??D?$_Vector_iterator@UCONTENTSITEM@@V?$allocator@UCONTENTSITEM@@@std@@@std@@QBEAAUCONTENTSITEM@@XZ 00404cf0 f i down_window_hacf.obj
 0001:00003cf0       ??D?$_Vector_iterator@UTFrame@CPictureEx@@V?$allocator@UTFrame@CPictureEx@@@std@@@std@@QBEAAUTFrame@CPictureEx@@XZ 00404cf0 f i PictureEx.obj
 0001:00003d10       ??E?$_Vector_iterator@UTFrame@CPictureEx@@V?$allocator@UTFrame@CPictureEx@@@std@@@std@@QAE?AV01@H@Z 00404d10 f i PictureEx.obj
 0001:00003d50       ??M?$_Vector_const_iterator@UTFrame@CPictureEx@@V?$allocator@UTFrame@CPictureEx@@@std@@@std@@QBE_NABV01@@Z 00404d50 f i PictureEx.obj
 0001:00003d90       ?capacity@?$vector@UTFrame@CPictureEx@@V?$allocator@UTFrame@CPictureEx@@@std@@@std@@QBEIXZ 00404d90 f i PictureEx.obj
 0001:00003dd0       ?insert@?$vector@UTFrame@CPictureEx@@V?$allocator@UTFrame@CPictureEx@@@std@@@std@@QAE?AV?$_Vector_iterator@UTFrame@CPictureEx@@V?$allocator@UTFrame@CPictureEx@@@std@@@2@V32@ABUTFrame@CPictureEx@@@Z 00404dd0 f i PictureEx.obj
 0001:00003e50       ?erase@?$vector@UTFrame@CPictureEx@@V?$allocator@UTFrame@CPictureEx@@@std@@@std@@QAE?AV?$_Vector_iterator@UTFrame@CPictureEx@@V?$allocator@UTFrame@CPictureEx@@@std@@@2@V32@0@Z 00404e50 f i PictureEx.obj
 0001:00003ec0       ?_Buy@?$vector@UTFrame@CPictureEx@@V?$allocator@UTFrame@CPictureEx@@@std@@@std@@IAE_NI@Z 00404ec0 f i PictureEx.obj
 0001:00003f40       ?_Tidy@?$vector@UTFrame@CPictureEx@@V?$allocator@UTFrame@CPictureEx@@@std@@@std@@IAEXXZ 00404f40 f i PictureEx.obj
 0001:00003fb0       ?_Ufill@?$vector@UTFrame@CPictureEx@@V?$allocator@UTFrame@CPictureEx@@@std@@@std@@IAEPAUTFrame@CPictureEx@@PAU34@IABU34@@Z 00404fb0 f i PictureEx.obj
 0001:00003fe0       ??0?$_Vector_iterator@UTFrame@CPictureEx@@V?$allocator@UTFrame@CPictureEx@@@std@@@std@@QAE@PAUTFrame@CPictureEx@@PBU_Container_base@1@@Z 00404fe0 f i PictureEx.obj
 0001:00003fe0       ??0?$_Vector_iterator@UCONTENTSITEM@@V?$allocator@UCONTENTSITEM@@@std@@@std@@QAE@PAUCONTENTSITEM@@PBU_Container_base@1@@Z 00404fe0 f i Worker.obj
 0001:00003fe0       ??0?$_Vector_iterator@V?$CStringT@DV?$StrTraitMFC@DV?$ChTraitsCRT@D@ATL@@@@@ATL@@V?$allocator@V?$CStringT@DV?$StrTraitMFC@DV?$ChTraitsCRT@D@ATL@@@@@ATL@@@std@@@std@@QAE@PAV?$CStringT@DV?$StrTraitMFC@DV?$ChTraitsCRT@D@ATL@@@@@ATL@@PBU_Container_base@1@@Z 00404fe0 f i down_window_init.obj
 0001:00004000       ??E?$_Vector_iterator@UTFrame@CPictureEx@@V?$allocator@UTFrame@CPictureEx@@@std@@@std@@QAEAAV01@XZ 00405000 f i PictureEx.obj
 0001:00004020       ??0?$_Vector_const_iterator@UTFrame@CPictureEx@@V?$allocator@UTFrame@CPictureEx@@@std@@@std@@QAE@XZ 00405020 f i PictureEx.obj
 0001:00004020       ??0?$_Vector_const_iterator@UCONTENTSITEM@@V?$allocator@UCONTENTSITEM@@@std@@@std@@QAE@XZ 00405020 f i down_window_hacf.obj
 0001:00004040       ??D?$_Vector_const_iterator@UTFrame@CPictureEx@@V?$allocator@UTFrame@CPictureEx@@@std@@@std@@QBEABUTFrame@CPictureEx@@XZ 00405040 f i PictureEx.obj
 0001:00004040       ??D?$_Vector_const_iterator@UCONTENTSITEM@@V?$allocator@UCONTENTSITEM@@@std@@@std@@QBEABUCONTENTSITEM@@XZ 00405040 f i down_window_hacf.obj
 0001:00004080       ?max_size@?$vector@UTFrame@CPictureEx@@V?$allocator@UTFrame@CPictureEx@@@std@@@std@@QBEIXZ 00405080 f i PictureEx.obj
 0001:000040a0       ?_Destroy@?$vector@UTFrame@CPictureEx@@V?$allocator@UTFrame@CPictureEx@@@std@@@std@@IAEXPAUTFrame@CPictureEx@@0@Z 004050a0 f i PictureEx.obj
 0001:000040d0       ?_Insert_n@?$vector@UTFrame@CPictureEx@@V?$allocator@UTFrame@CPictureEx@@@std@@@std@@IAEXV?$_Vector_iterator@UTFrame@CPictureEx@@V?$allocator@UTFrame@CPictureEx@@@std@@@2@IABUTFrame@CPictureEx@@@Z 004050d0 f i PictureEx.obj
 0001:00004430       ??0length_error@std@@QAE@ABV?$basic_string@DU?$char_traits@D@std@@V?$allocator@D@2@@1@@Z 00405430 f i PictureEx.obj
 0001:00004460       ??0logic_error@std@@QAE@ABV?$basic_string@DU?$char_traits@D@std@@V?$allocator@D@2@@1@@Z 00405460 f i PictureEx.obj
 0001:000044d0       ?what@logic_error@std@@UBEPBDXZ 004054d0 f i PictureEx.obj
 0001:000044f0       ??_Glogic_error@std@@UAEPAXI@Z 004054f0 f i PictureEx.obj
 0001:000044f0       ??_Elogic_error@std@@UAEPAXI@Z 004054f0 f i PictureEx.obj
 0001:00004520       ??1logic_error@std@@UAE@XZ 00405520 f i PictureEx.obj
 0001:00004550       ??1length_error@std@@UAE@XZ 00405550 f i PictureEx.obj
 0001:00004570       ??_Elength_error@std@@UAEPAXI@Z 00405570 f i PictureEx.obj
 0001:00004570       ??_Glength_error@std@@UAEPAXI@Z 00405570 f i PictureEx.obj
 0001:000045a0       ??0?$basic_string@DU?$char_traits@D@std@@V?$allocator@D@2@@std@@QAE@ABV01@@Z 004055a0 f i PictureEx.obj
 0001:000045e0       ??1?$basic_string@DU?$char_traits@D@std@@V?$allocator@D@2@@std@@QAE@XZ 004055e0 f i PictureEx.obj
 0001:00004600       ?c_str@?$basic_string@DU?$char_traits@D@std@@V?$allocator@D@2@@std@@QBEPBDXZ 00405600 f i PictureEx.obj
 0001:00004620       ?assign@?$basic_string@DU?$char_traits@D@std@@V?$allocator@D@2@@std@@QAEAAV12@ABV12@II@Z 00405620 f i PictureEx.obj
 0001:000046e0       ?_Tidy@?$basic_string@DU?$char_traits@D@std@@V?$allocator@D@2@@std@@IAEX_NI@Z 004056e0 f i PictureEx.obj
 0001:00004760       ??0?$_String_val@DV?$allocator@D@std@@@std@@QAE@ABV01@@Z 00405760 f i PictureEx.obj
 0001:00004780       ?erase@?$basic_string@DU?$char_traits@D@std@@V?$allocator@D@2@@std@@QAEAAV12@II@Z 00405780 f i PictureEx.obj
 0001:00004820       ?size@?$basic_string@DU?$char_traits@D@std@@V?$allocator@D@2@@std@@QBEIXZ 00405820 f i PictureEx.obj
 0001:00004840       ?_Eos@?$basic_string@DU?$char_traits@D@std@@V?$allocator@D@2@@std@@IAEXI@Z 00405840 f i PictureEx.obj
 0001:00004880       ?assign@?$char_traits@D@std@@SAXAADABD@Z 00405880 f i PictureEx.obj
 0001:00004890       ?_Grow@?$basic_string@DU?$char_traits@D@std@@V?$allocator@D@2@@std@@IAE_NI_N@Z 00405890 f i PictureEx.obj
 0001:00004930       ?_Myptr@?$basic_string@DU?$char_traits@D@std@@V?$allocator@D@2@@std@@IAEPADXZ 00405930 f i PictureEx.obj
 0001:00004930       ?_Myptr@?$basic_string@DU?$char_traits@D@std@@V?$allocator@D@2@@std@@IBEPBDXZ 00405930 f i PictureEx.obj
 0001:00004960       ??0?$allocator@V?$CStringT@DV?$StrTraitMFC@DV?$ChTraitsCRT@D@ATL@@@@@ATL@@@std@@QAE@ABV01@@Z 00405960 f i down_window_init.obj
 0001:00004960       ??0?$allocator@UTFrame@CPictureEx@@@std@@QAE@ABV01@@Z 00405960 f i PictureEx.obj
 0001:00004960       ??0?$allocator@UCONTENTSITEM@@@std@@QAE@ABV01@@Z 00405960 f i down_window_init.obj
 0001:00004960       ??0?$allocator@D@std@@QAE@ABV01@@Z 00405960 f i PictureEx.obj
 0001:00004970       ?deallocate@?$allocator@UCONTENTSITEM@@@std@@QAEXPAUCONTENTSITEM@@I@Z 00405970 f i Worker.obj
 0001:00004970       ?deallocate@?$allocator@D@std@@QAEXPADI@Z 00405970 f i PictureEx.obj
 0001:00004970       ?deallocate@?$allocator@V?$CStringT@DV?$StrTraitMFC@DV?$ChTraitsCRT@D@ATL@@@@@ATL@@@std@@QAEXPAV?$CStringT@DV?$StrTraitMFC@DV?$ChTraitsCRT@D@ATL@@@@@ATL@@I@Z 00405970 f i down_window_init.obj
 0001:00004970       ?deallocate@?$allocator@UTFrame@CPictureEx@@@std@@QAEXPAUTFrame@CPictureEx@@I@Z 00405970 f i PictureEx.obj
 0001:00004990       ?allocate@?$allocator@UTFrame@CPictureEx@@@std@@QAEPAUTFrame@CPictureEx@@I@Z 00405990 f i PictureEx.obj
 0001:000049b0       ??H?$_Vector_iterator@UTFrame@CPictureEx@@V?$allocator@UTFrame@CPictureEx@@@std@@@std@@QBE?AV01@H@Z 004059b0 f i PictureEx.obj
 0001:000049f0       ??G?$_Vector_iterator@UTFrame@CPictureEx@@V?$allocator@UTFrame@CPictureEx@@@std@@@std@@QBEHABV?$_Vector_const_iterator@UTFrame@CPictureEx@@V?$allocator@UTFrame@CPictureEx@@@std@@@1@@Z 004059f0 f i PictureEx.obj
 0001:00004a10       ??0?$_Vector_const_iterator@UCONTENTSITEM@@V?$allocator@UCONTENTSITEM@@@std@@@std@@QAE@PAUCONTENTSITEM@@PBU_Container_base@1@@Z 00405a10 f i Worker.obj
 0001:00004a10       ??0?$_Vector_const_iterator@V?$CStringT@DV?$StrTraitMFC@DV?$ChTraitsCRT@D@ATL@@@@@ATL@@V?$allocator@V?$CStringT@DV?$StrTraitMFC@DV?$ChTraitsCRT@D@ATL@@@@@ATL@@@std@@@std@@QAE@PAV?$CStringT@DV?$StrTraitMFC@DV?$ChTraitsCRT@D@ATL@@@@@ATL@@PBU_Container_base@1@@Z 00405a10 f i down_window_init.obj
 0001:00004a10       ??0?$_Vector_const_iterator@UTFrame@CPictureEx@@V?$allocator@UTFrame@CPictureEx@@@std@@@std@@QAE@PAUTFrame@CPictureEx@@PBU_Container_base@1@@Z 00405a10 f i PictureEx.obj
 0001:00004a60       ??E?$_Vector_const_iterator@UTFrame@CPictureEx@@V?$allocator@UTFrame@CPictureEx@@@std@@@std@@QAEAAV01@XZ 00405a60 f i PictureEx.obj
 0001:00004aa0       ??9?$_Vector_const_iterator@UCONTENTSITEM@@V?$allocator@UCONTENTSITEM@@@std@@@std@@QBE_NABV01@@Z 00405aa0 f i down_window_hacf.obj
 0001:00004aa0       ??9?$_Vector_const_iterator@UTFrame@CPictureEx@@V?$allocator@UTFrame@CPictureEx@@@std@@@std@@QBE_NABV01@@Z 00405aa0 f i PictureEx.obj
 0001:00004ad0       ??0length_error@std@@QAE@ABV01@@Z 00405ad0 f i PictureEx.obj
 0001:00004b00       ??0logic_error@std@@QAE@ABV01@@Z 00405b00 f i PictureEx.obj
 0001:00004b70       ??0?$basic_string@DU?$char_traits@D@std@@V?$allocator@D@2@@std@@QAE@PBD@Z 00405b70 f i PictureEx.obj
 0001:00004bb0       ?max_size@?$basic_string@DU?$char_traits@D@std@@V?$allocator@D@2@@std@@QBEIXZ 00405bb0 f i PictureEx.obj
 0001:00004bf0       ?_Copy@?$basic_string@DU?$char_traits@D@std@@V?$allocator@D@2@@std@@IAEXII@Z 00405bf0 f i PictureEx.obj
 0001:00004d70       ?max_size@?$allocator@UTFrame@CPictureEx@@@std@@QBEIXZ 00405d70 f i PictureEx.obj
 0001:00004da0       ??Y?$_Vector_iterator@UTFrame@CPictureEx@@V?$allocator@UTFrame@CPictureEx@@@std@@@std@@QAEAAV01@H@Z 00405da0 f i PictureEx.obj
 0001:00004dc0       ??G?$_Vector_const_iterator@UTFrame@CPictureEx@@V?$allocator@UTFrame@CPictureEx@@@std@@@std@@QBEHABV01@@Z 00405dc0 f i PictureEx.obj
 0001:00004e00       ??8?$_Vector_const_iterator@UCONTENTSITEM@@V?$allocator@UCONTENTSITEM@@@std@@@std@@QBE_NABV01@@Z 00405e00 f i down_window_hacf.obj
 0001:00004e00       ??8?$_Vector_const_iterator@UTFrame@CPictureEx@@V?$allocator@UTFrame@CPictureEx@@@std@@@std@@QBE_NABV01@@Z 00405e00 f i PictureEx.obj
 0001:00004e40       ?assign@?$basic_string@DU?$char_traits@D@std@@V?$allocator@D@2@@std@@QAEAAV12@PBD@Z 00405e40 f i PictureEx.obj
 0001:00004e70       ?length@?$char_traits@D@std@@SAIPBD@Z 00405e70 f i PictureEx.obj
 0001:00004e90       ?allocate@?$allocator@D@std@@QAEPADI@Z 00405e90 f i PictureEx.obj
 0001:00004eb0       ?max_size@?$allocator@D@std@@QBEIXZ 00405eb0 f i PictureEx.obj
 0001:00004ee0       ??Y?$_Vector_const_iterator@UTFrame@CPictureEx@@V?$allocator@UTFrame@CPictureEx@@@std@@@std@@QAEAAV01@H@Z 00405ee0 f i PictureEx.obj
 0001:00004f40       ?assign@?$basic_string@DU?$char_traits@D@std@@V?$allocator@D@2@@std@@QAEAAV12@PBDI@Z 00405f40 f i PictureEx.obj
 0001:00004fd0       ?_Inside@?$basic_string@DU?$char_traits@D@std@@V?$allocator@D@2@@std@@IAE_NPBD@Z 00405fd0 f i PictureEx.obj
 0001:00005010       ??$copy_s@U?$char_traits@D@std@@@_Traits_helper@std@@YAPADPADIPBDI@Z 00406010 f i PictureEx.obj
 0001:00005040       ??$unchecked_copy@PAUTFrame@CPictureEx@@PAU12@@stdext@@YAPAUTFrame@CPictureEx@@PAU12@00@Z 00406040 f i PictureEx.obj
 0001:000050b0       ??$unchecked_uninitialized_fill_n@PAUTFrame@CPictureEx@@IU12@V?$allocator@UTFrame@CPictureEx@@@std@@@stdext@@YAXPAUTFrame@CPictureEx@@IABU12@AAV?$allocator@UTFrame@CPictureEx@@@std@@@Z 004060b0 f i PictureEx.obj
 0001:000050f0       ??$move_s@U?$char_traits@D@std@@@_Traits_helper@std@@YAPADPADIPBDI@Z 004060f0 f i PictureEx.obj
 0001:00005120       ??$_Destroy_range@UTFrame@CPictureEx@@V?$allocator@UTFrame@CPictureEx@@@std@@@std@@YAXPAUTFrame@CPictureEx@@0AAV?$allocator@UTFrame@CPictureEx@@@0@@Z 00406120 f i PictureEx.obj
 0001:00005160       ??$_Umove@PAUTFrame@CPictureEx@@@?$vector@UTFrame@CPictureEx@@V?$allocator@UTFrame@CPictureEx@@@std@@@std@@IAEPAUTFrame@CPictureEx@@PAU23@00@Z 00406160 f i PictureEx.obj
 0001:00005190       ??$fill@PAUTFrame@CPictureEx@@U12@@std@@YAXPAUTFrame@CPictureEx@@0ABU12@@Z 00406190 f i PictureEx.obj
 0001:000051c0       ??$_Unchecked_move_backward@PAUTFrame@CPictureEx@@PAU12@@stdext@@YAPAUTFrame@CPictureEx@@PAU12@00@Z 004061c0 f i PictureEx.obj
 0001:00005230       ??$_Allocate@UTFrame@CPictureEx@@@std@@YAPAUTFrame@CPictureEx@@IPAU12@@Z 00406230 f i PictureEx.obj
 0001:00005280       ??0bad_alloc@std@@QAE@PBD@Z 00406280 f i PictureEx.obj
 0001:000052b0       ??1bad_alloc@std@@UAE@XZ   004062b0 f i PictureEx.obj
 0001:000052d0       ??_Gbad_alloc@std@@UAEPAXI@Z 004062d0 f i PictureEx.obj
 0001:000052d0       ??_Ebad_alloc@std@@UAEPAXI@Z 004062d0 f i PictureEx.obj
 0001:00005300       ??$_Allocate@D@std@@YAPADIPAD@Z 00406300 f i PictureEx.obj
 0001:00005350       ??0bad_alloc@std@@QAE@ABV01@@Z 00406350 f i PictureEx.obj
 0001:00005380       ??$copy_s@U?$char_traits@D@std@@@_Traits_helper@std@@YAPADPADIPBDIU_Secure_char_traits_tag@1@@Z 00406380 f i PictureEx.obj
 0001:000053a0       ?_Copy_s@?$char_traits@D@std@@SAPADPADIPBDI@Z 004063a0 f i PictureEx.obj
 0001:000053c0       ??$_Move_cat@PAV?$CStringT@DV?$StrTraitMFC@DV?$ChTraitsCRT@D@ATL@@@@@ATL@@@std@@YA?AU_Undefined_move_tag@0@ABQAV?$CStringT@DV?$StrTraitMFC@DV?$ChTraitsCRT@D@ATL@@@@@ATL@@@Z 004063c0 f i down_window_init.obj
 0001:000053c0       ??$_Ptr_cat@PAUTFrame@CPictureEx@@PAU12@@std@@YA?AU_Nonscalar_ptr_iterator_tag@0@AAPAUTFrame@CPictureEx@@0@Z 004063c0 f i PictureEx.obj
 0001:000053c0       ??$_Move_cat@PAUTFrame@CPictureEx@@@std@@YA?AU_Undefined_move_tag@0@ABQAUTFrame@CPictureEx@@@Z 004063c0 f i PictureEx.obj
 0001:000053c0       ??$_Ptr_cat@PAV?$CStringT@DV?$StrTraitMFC@DV?$ChTraitsCRT@D@ATL@@@@@ATL@@PAV12@@std@@YA?AU_Nonscalar_ptr_iterator_tag@0@AAPAV?$CStringT@DV?$StrTraitMFC@DV?$ChTraitsCRT@D@ATL@@@@@ATL@@0@Z 004063c0 f i down_window_init.obj
 0001:000053c0       ??$_Ptr_cat@PAUCONTENTSITEM@@PAU1@@std@@YA?AU_Nonscalar_ptr_iterator_tag@0@AAPAUCONTENTSITEM@@0@Z 004063c0 f i Worker.obj
 0001:000053c0       ??$_Move_cat@PAUCONTENTSITEM@@@std@@YA?AU_Undefined_move_tag@0@ABQAUCONTENTSITEM@@@Z 004063c0 f i Worker.obj
 0001:000053c0       ??$_Char_traits_cat@U?$char_traits@D@std@@@std@@YA?AU_Secure_char_traits_tag@0@XZ 004063c0 f i PictureEx.obj
 0001:000053d0       ??$_Copy_opt@PAUTFrame@CPictureEx@@PAU12@@std@@YAPAUTFrame@CPictureEx@@PAU12@00Urandom_access_iterator_tag@0@U_Nonscalar_ptr_iterator_tag@0@U_Range_checked_iterator_tag@0@@Z 004063d0 f i PictureEx.obj
 0001:00005430       ??$_Uninit_fill_n@PAUTFrame@CPictureEx@@IU12@V?$allocator@UTFrame@CPictureEx@@@std@@@std@@YAXPAUTFrame@CPictureEx@@IABU12@AAV?$allocator@UTFrame@CPictureEx@@@0@U_Nonscalar_ptr_iterator_tag@0@U_Range_checked_iterator_tag@0@@Z 00406430 f i PictureEx.obj
 0001:000054f0       ??$move_s@U?$char_traits@D@std@@@_Traits_helper@std@@YAPADPADIPBDIU_Secure_char_traits_tag@1@@Z 004064f0 f i PictureEx.obj
 0001:00005510       ?_Move_s@?$char_traits@D@std@@SAPADPADIPBDI@Z 00406510 f i PictureEx.obj
 0001:00005530       ??$_Destroy_range@UTFrame@CPictureEx@@V?$allocator@UTFrame@CPictureEx@@@std@@@std@@YAXPAUTFrame@CPictureEx@@0AAV?$allocator@UTFrame@CPictureEx@@@0@U_Nonscalar_ptr_iterator_tag@0@@Z 00406530 f i PictureEx.obj
 0001:00005560       ??$_Unchecked_uninitialized_move@PAUTFrame@CPictureEx@@PAU12@V?$allocator@UTFrame@CPictureEx@@@std@@@stdext@@YAPAUTFrame@CPictureEx@@PAU12@00AAV?$allocator@UTFrame@CPictureEx@@@std@@@Z 00406560 f i PictureEx.obj
 0001:000055b0       ??$_Fill@PAUTFrame@CPictureEx@@U12@@std@@YAXPAUTFrame@CPictureEx@@0ABU12@@Z 004065b0 f i PictureEx.obj
 0001:000055e0       ??$_Move_backward_opt@PAUTFrame@CPictureEx@@PAU12@Urandom_access_iterator_tag@std@@U_Undefined_move_tag@4@@std@@YAPAUTFrame@CPictureEx@@PAU12@00Urandom_access_iterator_tag@0@U_Undefined_move_tag@0@U_Range_checked_iterator_tag@0@@Z 004065e0 f i PictureEx.obj
 0001:00005620       ?construct@?$allocator@UTFrame@CPictureEx@@@std@@QAEXPAUTFrame@CPictureEx@@ABU34@@Z 00406620 f i PictureEx.obj
 0001:00005640       ??$_Copy_opt@PAUTFrame@CPictureEx@@PAU12@Uforward_iterator_tag@std@@@std@@YAPAUTFrame@CPictureEx@@PAU12@00Uforward_iterator_tag@0@U_Nonscalar_ptr_iterator_tag@0@U_Range_checked_iterator_tag@0@@Z 00406640 f i PictureEx.obj
 0001:00005680       ??$_Uninit_move@PAUTFrame@CPictureEx@@PAU12@V?$allocator@UTFrame@CPictureEx@@@std@@U_Undefined_move_tag@4@@std@@YAPAUTFrame@CPictureEx@@PAU12@00AAV?$allocator@UTFrame@CPictureEx@@@0@U_Undefined_move_tag@0@U_Range_checked_iterator_tag@0@@Z 00406680 f i PictureEx.obj
 0001:000056a0       ??$_Copy_backward_opt@PAUTFrame@CPictureEx@@PAU12@@std@@YAPAUTFrame@CPictureEx@@PAU12@00Urandom_access_iterator_tag@0@U_Nonscalar_ptr_iterator_tag@0@U_Range_checked_iterator_tag@0@@Z 004066a0 f i PictureEx.obj
 0001:00005700       ??$_Construct@UTFrame@CPictureEx@@U12@@std@@YAXPAUTFrame@CPictureEx@@ABU12@@Z 00406700 f i PictureEx.obj
 0001:00005750       ??2@YAPAXIPAX@Z            00406750 f i PictureEx.obj
 0001:00005760       ??$unchecked_uninitialized_copy@PAUTFrame@CPictureEx@@PAU12@V?$allocator@UTFrame@CPictureEx@@@std@@@stdext@@YAPAUTFrame@CPictureEx@@PAU12@00AAV?$allocator@UTFrame@CPictureEx@@@std@@@Z 00406760 f i PictureEx.obj
 0001:000057c0       ??$_Copy_backward_opt@PAUTFrame@CPictureEx@@PAU12@Uforward_iterator_tag@std@@@std@@YAPAUTFrame@CPictureEx@@PAU12@00Uforward_iterator_tag@0@U_Nonscalar_ptr_iterator_tag@0@U_Range_checked_iterator_tag@0@@Z 004067c0 f i PictureEx.obj
 0001:00005800       ??$_Uninit_copy@PAUTFrame@CPictureEx@@PAU12@V?$allocator@UTFrame@CPictureEx@@@std@@@std@@YAPAUTFrame@CPictureEx@@PAU12@00AAV?$allocator@UTFrame@CPictureEx@@@0@U_Nonscalar_ptr_iterator_tag@0@U_Range_checked_iterator_tag@0@@Z 00406800 f i PictureEx.obj
 0001:000058c0       ??1AFX_EXCEPTION_LINK@@QAE@XZ 004068c0 f i PictureEx.obj
 0001:000058d0       ?AfxGetResourceHandle@@YGPAUHINSTANCE__@@XZ 004068d0 f i PictureEx.obj
 0001:000058e0       ?Invalidate@CWnd@@QAEXH@Z  004068e0 f i PictureEx.obj
 0001:00005900       ?DoDataExchange@CWnd@@MAEXPAVCDataExchange@@@Z 00406900 f i PictureEx.obj
 0001:00005900       ?Serialize@CObject@@UAEXAAVCArchive@@@Z 00406900 f i down_client.obj
 0001:00005910       ?BeginModalState@CWnd@@UAEXXZ 00406910 f i PictureEx.obj
 0001:00005930       ?EndModalState@CWnd@@UAEXXZ 00406930 f i PictureEx.obj
 0001:00005950       ??0CStatic@@QAE@XZ         00406950 f i PictureEx.obj
 0001:00005970       ??_ECStatic@@UAEPAXI@Z     00406970 f i PictureEx.obj
 0001:00005970       ??_GCStatic@@UAEPAXI@Z     00406970 f i PictureEx.obj
 0001:000059a0       ??0CSkinHeaderCtrl@@QAE@XZ 004069a0 f   SkinListCtrl.obj
 0001:00005a30       ??1CSkinHeaderCtrl@@UAE@XZ 00406a30 f   SkinListCtrl.obj
 0001:00005a90       ?GetMessageMap@CSkinHeaderCtrl@@MBEPBUAFX_MSGMAP@@XZ 00406a90 f   SkinListCtrl.obj
 0001:00005aa0       ?GetThisMessageMap@CSkinHeaderCtrl@@KGPBUAFX_MSGMAP@@XZ 00406aa0 f   SkinListCtrl.obj
 0001:00005ab0       ?SetColors@CSkinHeaderCtrl@@QAEXKK@Z 00406ab0 f   SkinListCtrl.obj
 0001:00005b70       ?OnCustomDraw@CSkinHeaderCtrl@@IAEXPAUtagNMHDR@@PAJ@Z 00406b70 f   SkinListCtrl.obj
 0001:00005f70       ?InitHeaderImage@CSkinHeaderCtrl@@QAEXXZ 00406f70 f   SkinListCtrl.obj
 0001:00005fa0       ??0CSkinListCtrl@@QAE@XZ   00406fa0 f   SkinListCtrl.obj
 0001:000060e0       ??1CSkinListCtrl@@UAE@XZ   004070e0 f   SkinListCtrl.obj
 0001:00006160       ?GetMessageMap@CSkinListCtrl@@MBEPBUAFX_MSGMAP@@XZ 00407160 f   SkinListCtrl.obj
 0001:00006170       ?GetThisMessageMap@CSkinListCtrl@@KGPBUAFX_MSGMAP@@XZ 00407170 f   SkinListCtrl.obj
 0001:00006180       ?PreSubclassWindow@CSkinListCtrl@@MAEXXZ 00407180 f   SkinListCtrl.obj
 0001:00006270       ?SetListColor@CSkinListCtrl@@QAEXKKKKKKKKKKK@Z 00407270 f   SkinListCtrl.obj
 0001:00006310       ?SetHeaderColors@CSkinListCtrl@@QAEXKK@Z 00407310 f   SkinListCtrl.obj
 0001:00006330       ?OnPaint@CSkinListCtrl@@IAEXXZ 00407330 f   SkinListCtrl.obj
 0001:00006350       ?OnCustomDraw@CSkinListCtrl@@MAEXPAUtagNMHDR@@PAJ@Z 00407350 f   SkinListCtrl.obj
 0001:00006ff0       ?GetCellRect@CSkinListCtrl@@QAEHHHHAAVCRect@@@Z 00407ff0 f   SkinListCtrl.obj
 0001:000070b0       ?OnDestroy@CSkinListCtrl@@IAEXXZ 004080b0 f   SkinListCtrl.obj
 0001:000070d0       ?SetToolTips@CSkinListCtrl@@QAEXH@Z 004080d0 f   SkinListCtrl.obj
 0001:000070f0       ?OnToolHitTest@CSkinListCtrl@@UBEHVCPoint@@PAUtagTOOLINFOA@@@Z 004080f0 f   SkinListCtrl.obj
 0001:000071a0       ?OnToolTipText@CSkinListCtrl@@IAEHIPAUtagNMHDR@@PAJ@Z 004081a0 f   SkinListCtrl.obj
 0001:00007320       ?GetRowFromPoint@CSkinListCtrl@@IBEHAAVCPoint@@PAVCRect@@PAH@Z 00408320 f   SkinListCtrl.obj
 0001:00007490       ??_GCSkinHeaderCtrl@@UAEPAXI@Z 00408490 f i SkinListCtrl.obj
 0001:00007490       ??_ECSkinHeaderCtrl@@UAEPAXI@Z 00408490 f i SkinListCtrl.obj
 0001:000074c0       ??_ECSkinListCtrl@@UAEPAXI@Z 004084c0 f i SkinListCtrl.obj
 0001:000074c0       ??_GCSkinListCtrl@@UAEPAXI@Z 004084c0 f i SkinListCtrl.obj
 0001:000074f0       ??_9CSkinListCtrl@@$BBDI@AE 004084f0 f i SkinListCtrl.obj
 0001:00007500       ?_mbstowcsz@ATL@@YAHPA_WPBDK@Z 00408500 f i SkinListCtrl.obj
 0001:00007590       ??0CPoint@@QAE@HH@Z        00408590 f i SkinListCtrl.obj
 0001:000075c0       ??0CRect@@QAE@HHHH@Z       004085c0 f i SkinListCtrl.obj
 0001:00007600       ??0CRect@@QAE@ABUtagRECT@@@Z 00408600 f i SkinListCtrl.obj
 0001:00007620       ?Width@CRect@@QBEHXZ       00408620 f i SkinListCtrl.obj
 0001:00007640       ?PtInRect@CRect@@QBEHUtagPOINT@@@Z 00408640 f i SkinListCtrl.obj
 0001:00007660       ?DeflateRect@CRect@@QAEXHH@Z 00408660 f i SkinListCtrl.obj
 0001:00007690       ?DeflateRect@CRect@@QAEXHHHH@Z 00408690 f i SkinListCtrl.obj
 0001:000076e0       ??0CPen@@QAE@XZ            004086e0 f i SkinListCtrl.obj
 0001:00007700       ??0CGdiObject@@QAE@XZ      00408700 f i SkinListCtrl.obj
 0001:00007730       ??_GCGdiObject@@UAEPAXI@Z  00408730 f i SkinListCtrl.obj
 0001:00007730       ??_ECGdiObject@@UAEPAXI@Z  00408730 f i SkinListCtrl.obj
 0001:00007760       ??1CGdiObject@@UAE@XZ      00408760 f i SkinListCtrl.obj
 0001:00007900       ??1CObject@@UAE@XZ         00408900 f i SkinListCtrl.obj
 0001:00007910       ??_GCPen@@UAEPAXI@Z        00408910 f i SkinListCtrl.obj
 0001:00007910       ??_ECPen@@UAEPAXI@Z        00408910 f i SkinListCtrl.obj
 0001:00007940       ??1CPen@@UAE@XZ            00408940 f i SkinListCtrl.obj
 0001:00007960       ?CreatePen@CPen@@QAEHHHK@Z 00408960 f i SkinListCtrl.obj
 0001:00007990       ??0CBrush@@QAE@XZ          00408990 f i SkinListCtrl.obj
 0001:000079b0       ??_GCBrush@@UAEPAXI@Z      004089b0 f i SkinListCtrl.obj
 0001:000079b0       ??_ECBrush@@UAEPAXI@Z      004089b0 f i SkinListCtrl.obj
 0001:000079e0       ??1CBrush@@UAE@XZ          004089e0 f i SkinListCtrl.obj
 0001:00007a00       ?CreateSolidBrush@CBrush@@QAEHK@Z 00408a00 f i SkinListCtrl.obj
 0001:00007a20       ??0CBitmap@@QAE@XZ         00408a20 f i SkinListCtrl.obj
 0001:00007a40       ??_ECBitmap@@UAEPAXI@Z     00408a40 f i SkinListCtrl.obj
 0001:00007a40       ??_GCBitmap@@UAEPAXI@Z     00408a40 f i SkinListCtrl.obj
 0001:00007a70       ??1CBitmap@@UAE@XZ         00408a70 f i SkinListCtrl.obj
 0001:00007a90       ?LoadBitmapA@CBitmap@@QAEHI@Z 00408a90 f i SkinListCtrl.obj
 0001:00007ac0       ?GetBitmap@CBitmap@@QAEHPAUtagBITMAP@@@Z 00408ac0 f i SkinListCtrl.obj
 0001:00007ae0       ??0CRgn@@QAE@XZ            00408ae0 f i SkinListCtrl.obj
 0001:00007b00       ??_GCRgn@@UAEPAXI@Z        00408b00 f i SkinListCtrl.obj
 0001:00007b00       ??_ECRgn@@UAEPAXI@Z        00408b00 f i SkinListCtrl.obj
 0001:00007b30       ??1CRgn@@UAE@XZ            00408b30 f i SkinListCtrl.obj
 0001:00007b50       ?CreateRectRgnIndirect@CRgn@@QAEHPBUtagRECT@@@Z 00408b50 f i SkinListCtrl.obj
 0001:00007b70       ?SetRectRgn@CRgn@@QAEXPBUtagRECT@@@Z 00408b70 f i SkinListCtrl.obj
 0001:00007bb0       ?CreateCompatibleDC@CDC@@QAEHPAV1@@Z 00408bb0 f i SkinListCtrl.obj
 0001:00007be0       ??BCDC@@QBEPAUHDC__@@XZ    00408be0 f i SkinDialog.obj
 0001:00007be0       ?GetSafeHandle@CGdiObject@@QBEPAXXZ 00408be0 f i SkinListCtrl.obj
 0001:00007be0       ?GetSafeHdc@CDC@@QBEPAUHDC__@@XZ 00408be0 f i SkinListCtrl.obj
 0001:00007be0       ??BCGdiObject@@QBEPAXXZ    00408be0 f i SkinButton.obj
 0001:00007be0       ??BCBitmap@@QBEPAUHBITMAP__@@XZ 00408be0 f i SkinButton.obj
 0001:00007be0       ?GetSafeHandle@CImageList@@QBEPAU_IMAGELIST@@XZ 00408be0 f i use_window.obj
 0001:00007c10       ?GetDeviceCaps@CDC@@QBEHH@Z 00408c10 f i SkinListCtrl.obj
 0001:00007c30       ?SelectObject@CDC@@QAEPAVCBitmap@@PAV2@@Z 00408c30 f i SkinListCtrl.obj
 0001:00007c60       ?FillRect@CDC@@QAEXPBUtagRECT@@PAVCBrush@@@Z 00408c60 f i SkinListCtrl.obj
 0001:00007c90       ?DrawFocusRect@CDC@@QAEXPBUtagRECT@@@Z 00408c90 f i SkinListCtrl.obj
 0001:00007cb0       ?Rectangle@CDC@@QAEHPBUtagRECT@@@Z 00408cb0 f i SkinListCtrl.obj
 0001:00007cf0       ?StretchBlt@CDC@@QAEHHHHHPAV1@HHHHK@Z 00408cf0 f i SkinListCtrl.obj
 0001:00007d40       ?DrawTextA@CDC@@QAEHABV?$CStringT@DV?$StrTraitMFC@DV?$ChTraitsCRT@D@ATL@@@@@ATL@@PAUtagRECT@@I@Z 00408d40 f i SkinListCtrl.obj
 0001:00007d80       ?GetTextExtent@CDC@@QBE?AVCSize@@PBDH@Z 00408d80 f i SkinListCtrl.obj
 0001:00007dc0       ??0CSize@@QAE@UtagSIZE@@@Z 00408dc0 f i SkinListCtrl.obj
 0001:00007dc0       ??0CTime@ATL@@QAE@_J@Z     00408dc0 f i HtmlViewer.obj
 0001:00007de0       ?GetTextExtent@CDC@@QBE?AVCSize@@ABV?$CStringT@DV?$StrTraitMFC@DV?$ChTraitsCRT@D@ATL@@@@@ATL@@@Z 00408de0 f i SkinListCtrl.obj
 0001:00007e30       ??BCWnd@@QBEPAUHWND__@@XZ  00408e30 f i Worker.obj
 0001:00007e30       ?GetSafeHwnd@CWnd@@QBEPAUHWND__@@XZ 00408e30 f i SkinListCtrl.obj
 0001:00007e60       ?GetFont@CWnd@@QBEPAVCFont@@XZ 00408e60 f i SkinListCtrl.obj
 0001:00007e90       ?FromHandle@CFont@@SGPAV1@PAUHFONT__@@@Z 00408e90 f i SkinListCtrl.obj
 0001:00007ea0       ?GetClientRect@CWnd@@QBEXPAUtagRECT@@@Z 00408ea0 f i SkinListCtrl.obj
 0001:00007ec0       ?GetFocus@CWnd@@SGPAV1@XZ  00408ec0 f i SkinListCtrl.obj
 0001:00007ee0       ??0CListCtrl@@QAE@XZ       00408ee0 f i SkinListCtrl.obj
 0001:00007f00       ??_ECListCtrl@@UAEPAXI@Z   00408f00 f i SkinListCtrl.obj
 0001:00007f00       ??_GCListCtrl@@UAEPAXI@Z   00408f00 f i SkinListCtrl.obj
 0001:00007f30       ?GetImageList@CListCtrl@@QBEPAVCImageList@@H@Z 00408f30 f i SkinListCtrl.obj
 0001:00007f60       ?GetItemCount@CListCtrl@@QBEHXZ 00408f60 f i SkinListCtrl.obj
 0001:00007f90       ?GetItem@CListCtrl@@QBEHPAUtagLVITEMA@@@Z 00408f90 f i SkinListCtrl.obj
 0001:00007fc0       ?GetColumn@CListCtrl@@QBEHHPAUtagLVCOLUMNA@@@Z 00408fc0 f i SkinListCtrl.obj
 0001:00007ff0       ?GetColumnWidth@CListCtrl@@QBEHH@Z 00408ff0 f i SkinListCtrl.obj
 0001:00008020       ?GetTopIndex@CListCtrl@@QBEHXZ 00409020 f i SkinListCtrl.obj
 0001:00008050       ?GetCountPerPage@CListCtrl@@QBEHXZ 00409050 f i SkinListCtrl.obj
 0001:00008080       ?GetItemState@CListCtrl@@QBEIHI@Z 00409080 f i SkinListCtrl.obj
 0001:000080b0       ??0CHeaderCtrl@@QAE@XZ     004090b0 f i SkinListCtrl.obj
 0001:000080d0       ??_ECHeaderCtrl@@UAEPAXI@Z 004090d0 f i SkinListCtrl.obj
 0001:000080d0       ??_GCHeaderCtrl@@UAEPAXI@Z 004090d0 f i SkinListCtrl.obj
 0001:00008100       ?GetItemCount@CHeaderCtrl@@QBEHXZ 00409100 f i SkinListCtrl.obj
 0001:00008130       ?GetItem@CHeaderCtrl@@QBEHHPAU_HD_ITEMA@@@Z 00409130 f i SkinListCtrl.obj
 0001:00008160       ?Draw@CImageList@@QAEHPAVCDC@@HUtagPOINT@@I@Z 00409160 f i SkinListCtrl.obj
 0001:000081a0       ?AfxImageList_Draw@@YGHPAU_IMAGELIST@@HPAUHDC__@@HHI@Z 004091a0 f i SkinListCtrl.obj
 0001:000081d0       ?_ImageList_Draw@CComCtlWrapper@@QAEHPAU_IMAGELIST@@HPAUHDC__@@HHI@Z 004091d0 f i SkinListCtrl.obj
 0001:00008310       ?GetProcAddress_ImageList_Draw@CComCtlWrapper@@QAE?AUImageList_Draw_Type@1@XZ 00409310 f i SkinListCtrl.obj
 0001:00008360       ?GetModuleHandleA@CDllIsolationWrapperBase@@QAEPAUHINSTANCE__@@XZ 00409360 f i SkinListCtrl.obj
 0001:000083d0       ??4ImageList_Draw_Type@CComCtlWrapper@@QAEXP6GHPAU_IMAGELIST@@HPAUHDC__@@HHI@Z@Z 004093d0 f i SkinListCtrl.obj
 0001:000083f0       ??0?$CStringT@DV?$StrTraitMFC@DV?$ChTraitsCRT@D@ATL@@@@@ATL@@QAE@PBD@Z 004093f0 f i SkinListCtrl.obj
 0001:00008470       ??4?$CStringT@DV?$StrTraitMFC@DV?$ChTraitsCRT@D@ATL@@@@@ATL@@QAEAAV01@ABV01@@Z 00409470 f i SkinListCtrl.obj
 0001:00008490       ?CheckImplicitLoad@?$CStringT@DV?$StrTraitMFC@DV?$ChTraitsCRT@D@ATL@@@@@ATL@@AAE_NPBX@Z 00409490 f i SkinListCtrl.obj
 0001:000084e0       ?LoadStringA@?$CStringT@DV?$StrTraitMFC@DV?$ChTraitsCRT@D@ATL@@@@@ATL@@QAEHI@Z 004094e0 f i SkinListCtrl.obj
 0001:00008520       ?LoadStringA@?$CStringT@DV?$StrTraitMFC@DV?$ChTraitsCRT@D@ATL@@@@@ATL@@QAEHPAUHINSTANCE__@@I@Z 00409520 f i SkinListCtrl.obj
 0001:000085b0       ?AtlGetStringResourceImage@ATL@@YAPBUATLSTRINGRESOURCEIMAGE@1@PAUHINSTANCE__@@I@Z 004095b0 f i SkinListCtrl.obj
 0001:00008600       ?_AtlGetStringResourceImage@ATL@@YAPBUATLSTRINGRESOURCEIMAGE@1@PAUHINSTANCE__@@PAUHRSRC__@@I@Z 00409600 f i SkinListCtrl.obj
 0001:000086b0       ??4?$CSimpleStringT@D$0A@@ATL@@QAEAAV01@ABV01@@Z 004096b0 f i SkinListCtrl.obj
 0001:00008740       ?FindStringResourceInstance@?$StrTraitMFC@DV?$ChTraitsCRT@D@ATL@@@@SAPAUHINSTANCE__@@I@Z 00409740 f i SkinListCtrl.obj
 0001:00008750       ?CloneData@?$CSimpleStringT@D$0A@@ATL@@CAPAUCStringData@2@PAU32@@Z 00409750 f i SkinListCtrl.obj
 0001:00008800       ?AddRef@CStringData@ATL@@QAEXXZ 00409800 f i SkinListCtrl.obj
 0001:00008820       ?GetBaseTypeLength@?$ChTraitsCRT@D@ATL@@SAHPB_WH@Z 00409820 f i SkinListCtrl.obj
 0001:00008850       ?ConvertToBaseType@?$ChTraitsCRT@D@ATL@@SAXPADHPB_WH@Z 00409850 f i SkinListCtrl.obj
 0001:00008880       ??0FtpClient@@QAE@XZ       00409880 f   FtpClient.obj
 0001:00008940       ??1FtpClient@@QAE@XZ       00409940 f   FtpClient.obj
 0001:000089c0       ?DisConnect@FtpClient@@QAEXXZ 004099c0 f   FtpClient.obj
 0001:000089e0       ?DownLoadEx@FtpClient@@QAE_NPAD0_J@Z 004099e0 f   FtpClient.obj
 0001:00008d20       ?DownLoad@FtpClient@@QAE_NPAD0_J@Z 00409d20 f   FtpClient.obj
 0001:00009130       ?FileCheckOpen@FtpClient@@QAE_NXZ 0040a130 f   FtpClient.obj
 0001:00009260       ?FileTransEx@FtpClient@@QAEXXZ 0040a260 f   FtpClient.obj
 0001:00009990       ?FileTrans@FtpClient@@QAEXXZ 0040a990 f   FtpClient.obj
 0001:0000a970       ?MakeFolder@FtpClient@@QAE_NPAD@Z 0040b970 f   FtpClient.obj
 0001:0000aaf0       ?ProcFileTrans@@YGIPAX@Z   0040baf0 f   FtpClient.obj
 0001:0000ab30       ?ProcFileTransEx@@YGIPAX@Z 0040bb30 f   FtpClient.obj
 0001:0000ab60       ?Find@?$CStringT@DV?$StrTraitMFC@DV?$ChTraitsCRT@D@ATL@@@@@ATL@@QBEHPBDH@Z 0040bb60 f i FtpClient.obj
 0001:0000abe0       ?ReverseFind@?$CStringT@DV?$StrTraitMFC@DV?$ChTraitsCRT@D@ATL@@@@@ATL@@QBEHD@Z 0040bbe0 f i FtpClient.obj
 0001:0000ac30       ?Mid@?$CStringT@DV?$StrTraitMFC@DV?$ChTraitsCRT@D@ATL@@@@@ATL@@QBE?AV12@HH@Z 0040bc30 f i FtpClient.obj
 0001:0000ad10       ?Right@?$CStringT@DV?$StrTraitMFC@DV?$ChTraitsCRT@D@ATL@@@@@ATL@@QBE?AV12@H@Z 0040bd10 f i FtpClient.obj
 0001:0000ad90       ?Left@?$CStringT@DV?$StrTraitMFC@DV?$ChTraitsCRT@D@ATL@@@@@ATL@@QBE?AV12@H@Z 0040bd90 f i FtpClient.obj
 0001:0000ae10       ?SetAt@?$CSimpleStringT@D$0A@@ATL@@QAEXHD@Z 0040be10 f i FtpClient.obj
 0001:0000ae70       ?GetBuffer@?$CSimpleStringT@D$0A@@ATL@@QAEPADXZ 0040be70 f i FtpClient.obj
 0001:0000aeb0       ??0?$CStringT@DV?$StrTraitMFC@DV?$ChTraitsCRT@D@ATL@@@@@ATL@@QAE@PBDHPAUIAtlStringMgr@1@@Z 0040beb0 f i FtpClient.obj
 0001:0000aee0       ?GetManager@?$CStringT@DV?$StrTraitMFC@DV?$ChTraitsCRT@D@ATL@@@@@ATL@@QBEPAUIAtlStringMgr@2@XZ 0040bee0 f i FtpClient.obj
 0001:0000af20       ?StringFindString@?$ChTraitsCRT@D@ATL@@SAPBDPBD0@Z 0040bf20 f i FtpClient.obj
 0001:0000af40       ?StringFindCharRev@?$ChTraitsCRT@D@ATL@@SAPBDPBDD@Z 0040bf40 f i FtpClient.obj
 0001:0000af60       ??0?$CSimpleStringT@D$0A@@ATL@@QAE@PBDHPAUIAtlStringMgr@1@@Z 0040bf60 f i FtpClient.obj
 0001:0000b000       ?GetManager@?$CSimpleStringT@D$0A@@ATL@@QBEPAUIAtlStringMgr@2@XZ 0040c000 f i FtpClient.obj
 0001:0000b040       ??$AtlAddThrow@H@ATL@@YAHHH@Z 0040c040 f i FtpClient.obj
 0001:0000b080       ??$AtlAdd@H@ATL@@YAJPAHHH@Z 0040c080 f i FtpClient.obj
 0001:0000b0b0       ?SetTimer@CWnd@@QAEIIIP6GXPAUHWND__@@IIK@Z@Z 0040c0b0 f i FtpClient.obj
 0001:0000b0e0       ??0?$CStringT@DV?$StrTraitMFC@DV?$ChTraitsCRT@D@ATL@@@@@ATL@@QAE@ABV01@@Z 0040c0e0 f i FtpClient.obj
 0001:0000b100       ?ReleaseBuffer@?$CSimpleStringT@D$0A@@ATL@@QAEXH@Z 0040c100 f i FtpClient.obj
 0001:0000b130       ??0?$CSimpleStringT@D$0A@@ATL@@QAE@ABV01@@Z 0040c130 f i FtpClient.obj
 0001:0000b170       ??0NetworkController@@QAE@XZ 0040c170 f   NetworkController.obj
 0001:0000b490       ??1NetworkController@@QAE@XZ 0040c490 f   NetworkController.obj
 0001:0000b690       ?PrepareResponse@NetworkController@@QAEXK@Z 0040c690 f   NetworkController.obj
 0001:0000bab0       ?RecvData@NetworkController@@UAEXPAVPacket@@@Z 0040cab0 f   NetworkController.obj
 0001:0000bac0       ?GetMessageSize@NetworkController@@QAEKPBDKK@Z 0040cac0 f   NetworkController.obj
 0001:0000bb40       ?MMSocketCreate@NetworkController@@QAEHXZ 0040cb40 f   NetworkController.obj
 0001:0000bbc0       ?MMSocketConnectTCP@NetworkController@@QAEHXZ 0040cbc0 f   NetworkController.obj
 0001:0000bd60       ?MMSocketClose@NetworkController@@QAEXXZ 0040cd60 f   NetworkController.obj
 0001:0000be50       ?MMServerFree@NetworkController@@QAEXXZ 0040ce50 f   NetworkController.obj
 0001:0000bef0       ?MMCreateThreadPool@NetworkController@@QAEHI@Z 0040cef0 f   NetworkController.obj
 0001:0000bff0       ?MMForceThreadKill@NetworkController@@QAEXPAX@Z 0040cff0 f   NetworkController.obj
 0001:0000c030       ?ProcessingSendThread@NetworkController@@QAEXXZ 0040d030 f   NetworkController.obj
 0001:0000c100       ?ProcessingRecvThread@NetworkController@@QAEXXZ 0040d100 f   NetworkController.obj
 0001:0000c1d0       ?MMCheckSend@NetworkController@@QAEHPAVPacket@@@Z 0040d1d0 f   NetworkController.obj
 0001:0000c280       ?MMSendPost@NetworkController@@QAEHXZ 0040d280 f   NetworkController.obj
 0001:0000c540       ?MMRecvPost@NetworkController@@QAEHXZ 0040d540 f   NetworkController.obj
 0001:0000c740       ?RecvQueuePut@NetworkController@@QAE_NPAVPacket@@@Z 0040d740 f   NetworkController.obj
 0001:0000c800       ?RecvQueueGet@NetworkController@@QAEPAVPacket@@XZ 0040d800 f   NetworkController.obj
 0001:0000c870       ?RecvPacketLoop@NetworkController@@QAEXXZ 0040d870 f   NetworkController.obj
 0001:0000c940       ?ProcRecvTrans@@YGIPAX@Z   0040d940 f   NetworkController.obj
 0001:0000c960       ?RecvCompletedTCP@@YGXKKPAU_OVERLAPPED@@K@Z 0040d960 f   NetworkController.obj
 0001:0000ca60       ?SendCompletedTCP@@YGXKKPAU_OVERLAPPED@@K@Z 0040da60 f   NetworkController.obj
 0001:0000cb30       ??_G?$List@PAVPacket@@@@QAEPAXI@Z 0040db30 f i NetworkController.obj
 0001:0000cb60       ??0Packet@@QAE@XZ          0040db60 f i NetworkController.obj
 0001:0000cba0       ?Pack@Packet@@QAEHFPBDH@Z  0040dba0 f i NetworkController.obj
 0001:0000cd60       ?Unpack@Packet@@QAEHPBDH@Z 0040dd60 f i NetworkController.obj
 0001:0000cec0       ?IsValid@Packet@@QAEHXZ    0040dec0 f i NetworkController.obj
 0001:0000cf10       ??_GPacket@@QAEPAXI@Z      0040df10 f i NetworkController.obj
 0001:0000cf40       ??1Packet@@QAE@XZ          0040df40 f i NetworkController.obj
 0001:0000cf80       ?GetLength@Packet@@QAEHXZ  0040df80 f i NetworkController.obj
 0001:0000cfa0       ??0?$List@PAVPacket@@@@QAE@XZ 0040dfa0 f i NetworkController.obj
 0001:0000d080       ??1?$List@PAVPacket@@@@QAE@XZ 0040e080 f i NetworkController.obj
 0001:0000d0c0       ?AddTail@?$List@PAVPacket@@@@QAE_NAAPAVPacket@@@Z 0040e0c0 f i NetworkController.obj
 0001:0000d0f0       ?RemoveAt@?$List@PAVPacket@@@@QAE_NH_N@Z 0040e0f0 f i NetworkController.obj
 0001:0000d160       ?RemoveAll@?$List@PAVPacket@@@@QAE_N_N@Z 0040e160 f i NetworkController.obj
 0001:0000d220       ?GetAt2@?$List@PAVPacket@@@@QBEAAPAVPacket@@H@Z 0040e220 f i NetworkController.obj
 0001:0000d250       ?InsertBefore@?$List@PAVPacket@@@@QAE_NAAPAVPacket@@PAV?$cnode@PAVPacket@@@@@Z 0040e250 f i NetworkController.obj
 0001:0000d300       ?RemoveAt@?$List@PAVPacket@@@@QAE_NPAV?$cnode@PAVPacket@@@@_N@Z 0040e300 f i NetworkController.obj
 0001:0000d3c0       ?GetAt@?$List@PAVPacket@@@@QBEPAV?$cnode@PAVPacket@@@@H@Z 0040e3c0 f i NetworkController.obj
 0001:0000d420       ??0Worker@@QAE@PAVdown_window@@@Z 0040e420 f   Worker.obj
 0001:0000d480       ??1Worker@@QAE@XZ          0040e480 f   Worker.obj
 0001:0000d4a0       ?Init@Worker@@QAE_NPADI@Z  0040e4a0 f   Worker.obj
 0001:0000d4f0       ?End@Worker@@QAEXXZ        0040e4f0 f   Worker.obj
 0001:0000d520       ?SendPacket@Worker@@QAEXPAVPacket@@@Z 0040e520 f   Worker.obj
 0001:0000d5a0       ?RecvData@Worker@@UAEXPAVPacket@@@Z 0040e5a0 f   Worker.obj
 0001:0000d8d0       ?Result_Login@Worker@@QAEXPAVPacket@@@Z 0040e8d0 f   Worker.obj
 0001:0000dbf0       ?Result_DownLoadPre@Worker@@QAEXPAVPacket@@@Z 0040ebf0 f   Worker.obj
 0001:0000ff20       ?Result_DownLoadPro@Worker@@QAEXPAVPacket@@@Z 00410f20 f   Worker.obj
 0001:00010b70       ?Result_DownLoadEnd@Worker@@QAEXPAVPacket@@@Z 00411b70 f   Worker.obj
 0001:00010bf0       ?Result_Item_Add@Worker@@QAEXPAVPacket@@@Z 00411bf0 f   Worker.obj
 0001:00013060       ?Result_Dupl_Close@Worker@@QAEXPAVPacket@@@Z 00414060 f   Worker.obj
 0001:000130d0       ?SpecialText@Worker@@QAEXAAV?$CStringT@DV?$StrTraitMFC@DV?$ChTraitsCRT@D@ATL@@@@@ATL@@@Z 004140d0 f   Worker.obj
 0001:00013170       ?SlashAdd@Worker@@QAEXAAV?$CStringT@DV?$StrTraitMFC@DV?$ChTraitsCRT@D@ATL@@@@@ATL@@@Z 00414170 f   Worker.obj
 0001:00013190       ?AddComma@Worker@@QAEXAAV?$CStringT@DV?$StrTraitMFC@DV?$ChTraitsCRT@D@ATL@@@@@ATL@@_J@Z 00414190 f   Worker.obj
 0001:00013230       ?StrToCString@Worker@@QAE?AV?$CStringT@DV?$StrTraitMFC@DV?$ChTraitsCRT@D@ATL@@@@@ATL@@PADH@Z 00414230 f   Worker.obj
 0001:00013300       ?Mureka_files_check@Worker@@QAE_NXZ 00414300 f   Worker.obj
 0001:000138b0       ?GetCode@Packet@@QAEHXZ    004148b0 f i Worker.obj
 0001:000138d0       ?GetData@Packet@@QAEPADXZ  004148d0 f i Worker.obj
 0001:000138f0       ??_GCToken@@QAEPAXI@Z      004148f0 f i Worker.obj
 0001:00013920       ??1CToken@@QAE@XZ          00414920 f i Worker.obj
 0001:00013940       ??Y?$CStringT@DV?$StrTraitMFC@DV?$ChTraitsCRT@D@ATL@@@@@ATL@@QAEAAV01@ABV?$CSimpleStringT@D$0A@@1@@Z 00414940 f i Worker.obj
 0001:00013960       ??Y?$CStringT@DV?$StrTraitMFC@DV?$ChTraitsCRT@D@ATL@@@@@ATL@@QAEAAV01@PBD@Z 00414960 f i Worker.obj
 0001:00013980       ?Insert@?$CStringT@DV?$StrTraitMFC@DV?$ChTraitsCRT@D@ATL@@@@@ATL@@QAEHHD@Z 00414980 f i Worker.obj
 0001:00013a20       ?memmove_s@Checked@ATL@@YAXPAXIPBXI@Z 00414a20 f i Worker.obj
 0001:00013a50       ?Replace@?$CStringT@DV?$StrTraitMFC@DV?$ChTraitsCRT@D@ATL@@@@@ATL@@QAEHDD@Z 00414a50 f i Worker.obj
 0001:00013b10       ?Replace@?$CStringT@DV?$StrTraitMFC@DV?$ChTraitsCRT@D@ATL@@@@@ATL@@QAEHPBD0@Z 00414b10 f i Worker.obj
 0001:00013cd0       ?memcpy_s@Checked@ATL@@YAXPAXIPBXI@Z 00414cd0 f i Worker.obj
 0001:00013d00       ?Remove@?$CStringT@DV?$StrTraitMFC@DV?$ChTraitsCRT@D@ATL@@@@@ATL@@QAEHD@Z 00414d00 f i Worker.obj
 0001:00013df0       ?Find@?$CStringT@DV?$StrTraitMFC@DV?$ChTraitsCRT@D@ATL@@@@@ATL@@QBEHDH@Z 00414df0 f i Worker.obj
 0001:00013e60       ?TrimRight@?$CStringT@DV?$StrTraitMFC@DV?$ChTraitsCRT@D@ATL@@@@@ATL@@QAEAAV12@XZ 00414e60 f i Worker.obj
 0001:00013ef0       ?TrimLeft@?$CStringT@DV?$StrTraitMFC@DV?$ChTraitsCRT@D@ATL@@@@@ATL@@QAEAAV12@XZ 00414ef0 f i Worker.obj
 0001:00013fa0       ?Trim@?$CStringT@DV?$StrTraitMFC@DV?$ChTraitsCRT@D@ATL@@@@@ATL@@QAEAAV12@XZ 00414fa0 f i Worker.obj
 0001:00013fc0       ??8ATL@@YA_NABV?$CStringT@DV?$StrTraitMFC@DV?$ChTraitsCRT@D@ATL@@@@@0@PBD@Z 00414fc0 f i Worker.obj
 0001:00013fe0       ??9ATL@@YA_NABV?$CStringT@DV?$StrTraitMFC@DV?$ChTraitsCRT@D@ATL@@@@@0@PBD@Z 00414fe0 f i Worker.obj
 0001:00014000       ??9ATL@@YA_NABV?$CStringT@DV?$StrTraitMFC@DV?$ChTraitsCRT@D@ATL@@@@@0@D@Z 00415000 f i Worker.obj
 0001:00014040       ?size@?$vector@UCONTENTSITEM@@V?$allocator@UCONTENTSITEM@@@std@@@std@@QBEIXZ 00415040 f i Worker.obj
 0001:00014080       ??A?$vector@UCONTENTSITEM@@V?$allocator@UCONTENTSITEM@@@std@@@std@@QAEAAUCONTENTSITEM@@I@Z 00415080 f i Worker.obj
 0001:000140b0       ?push_back@?$vector@UCONTENTSITEM@@V?$allocator@UCONTENTSITEM@@@std@@@std@@QAEXABUCONTENTSITEM@@@Z 004150b0 f i Worker.obj
 0001:00014120       ?Compare@?$CStringT@DV?$StrTraitMFC@DV?$ChTraitsCRT@D@ATL@@@@@ATL@@QBEHPBD@Z 00415120 f i Worker.obj
 0001:00014170       ?AtlIsValidString@ATL@@YAHPBDI@Z 00415170 f i Worker.obj
 0001:00014180       ??Y?$CSimpleStringT@D$0A@@ATL@@QAEAAV01@ABV01@@Z 00415180 f i Worker.obj
 0001:000141a0       ?Append@?$CSimpleStringT@D$0A@@ATL@@QAEXABV12@@Z 004151a0 f i Worker.obj
 0001:000141d0       ?Append@?$CSimpleStringT@D$0A@@ATL@@QAEXPBDH@Z 004151d0 f i Worker.obj
 0001:00014260       ??Y?$CSimpleStringT@D$0A@@ATL@@QAEAAV01@PBD@Z 00415260 f i Worker.obj
 0001:00014280       ??A?$CSimpleStringT@D$0A@@ATL@@QBEDH@Z 00415280 f i Worker.obj
 0001:00014280       ?GetAt@?$CSimpleStringT@D$0A@@ATL@@QBEDH@Z 00415280 f i Worker.obj
 0001:000142c0       ?Truncate@?$CSimpleStringT@D$0A@@ATL@@QAEXH@Z 004152c0 f i Worker.obj
 0001:000142f0       ?CharNextA@?$ChTraitsCRT@D@ATL@@SAPADPBD@Z 004152f0 f i Worker.obj
 0001:00014310       ?IsSpace@?$ChTraitsCRT@D@ATL@@SAHD@Z 00415310 f i Worker.obj
 0001:00014330       ?StringFindString@?$ChTraitsCRT@D@ATL@@SAPADPADPBD@Z 00415330 f i Worker.obj
 0001:00014350       ?StringFindChar@?$ChTraitsCRT@D@ATL@@SAPBDPBDD@Z 00415350 f i Worker.obj
 0001:00014370       ?SafeStringLen@?$ChTraitsCRT@D@ATL@@SAHPBD@Z 00415370 f i Worker.obj
 0001:000143a0       ?capacity@?$vector@UCONTENTSITEM@@V?$allocator@UCONTENTSITEM@@@std@@@std@@QBEIXZ 004153a0 f i Worker.obj
 0001:000143e0       ?end@?$vector@UCONTENTSITEM@@V?$allocator@UCONTENTSITEM@@@std@@@std@@QAE?AV?$_Vector_iterator@UCONTENTSITEM@@V?$allocator@UCONTENTSITEM@@@std@@@2@XZ 004153e0 f i Worker.obj
 0001:000143e0       ?end@?$vector@V?$CStringT@DV?$StrTraitMFC@DV?$ChTraitsCRT@D@ATL@@@@@ATL@@V?$allocator@V?$CStringT@DV?$StrTraitMFC@DV?$ChTraitsCRT@D@ATL@@@@@ATL@@@std@@@std@@QAE?AV?$_Vector_iterator@V?$CStringT@DV?$StrTraitMFC@DV?$ChTraitsCRT@D@ATL@@@@@ATL@@V?$allocator@V?$CStringT@DV?$StrTraitMFC@DV?$ChTraitsCRT@D@ATL@@@@@ATL@@@std@@@2@XZ 004153e0 f i down_window_init.obj
 0001:000143e0       ?end@?$vector@UTFrame@CPictureEx@@V?$allocator@UTFrame@CPictureEx@@@std@@@std@@QAE?AV?$_Vector_iterator@UTFrame@CPictureEx@@V?$allocator@UTFrame@CPictureEx@@@std@@@2@XZ 004153e0 f i PictureEx.obj
 0001:00014410       ?insert@?$vector@UCONTENTSITEM@@V?$allocator@UCONTENTSITEM@@@std@@@std@@QAE?AV?$_Vector_iterator@UCONTENTSITEM@@V?$allocator@UCONTENTSITEM@@@std@@@2@V32@ABUCONTENTSITEM@@@Z 00415410 f i Worker.obj
 0001:00014490       ?_Ufill@?$vector@UCONTENTSITEM@@V?$allocator@UCONTENTSITEM@@@std@@@std@@IAEPAUCONTENTSITEM@@PAU3@IABU3@@Z 00415490 f i Worker.obj
 0001:000144c0       ?Append@?$CSimpleStringT@D$0A@@ATL@@QAEXPBD@Z 004154c0 f i Worker.obj
 0001:000144f0       __tcscmp                   004154f0 f i TrayIconPosition.obj
 0001:000144f0       ?StringCompare@?$ChTraitsCRT@D@ATL@@SAHPBD0@Z 004154f0 f i Worker.obj
 0001:00014510       ?begin@?$vector@UCONTENTSITEM@@V?$allocator@UCONTENTSITEM@@@std@@@std@@QAE?AV?$_Vector_iterator@UCONTENTSITEM@@V?$allocator@UCONTENTSITEM@@@std@@@2@XZ 00415510 f i Worker.obj
 0001:00014510       ?begin@?$vector@UTFrame@CPictureEx@@V?$allocator@UTFrame@CPictureEx@@@std@@@std@@QAE?AV?$_Vector_iterator@UTFrame@CPictureEx@@V?$allocator@UTFrame@CPictureEx@@@std@@@2@XZ 00415510 f i PictureEx.obj
 0001:00014510       ?begin@?$vector@V?$CStringT@DV?$StrTraitMFC@DV?$ChTraitsCRT@D@ATL@@@@@ATL@@V?$allocator@V?$CStringT@DV?$StrTraitMFC@DV?$ChTraitsCRT@D@ATL@@@@@ATL@@@std@@@std@@QAE?AV?$_Vector_iterator@V?$CStringT@DV?$StrTraitMFC@DV?$ChTraitsCRT@D@ATL@@@@@ATL@@V?$allocator@V?$CStringT@DV?$StrTraitMFC@DV?$ChTraitsCRT@D@ATL@@@@@ATL@@@std@@@2@XZ 00415510 f i down_window_init.obj
 0001:00014540       ?_Insert_n@?$vector@UCONTENTSITEM@@V?$allocator@UCONTENTSITEM@@@std@@@std@@IAEXV?$_Vector_iterator@UCONTENTSITEM@@V?$allocator@UCONTENTSITEM@@@std@@@2@IABUCONTENTSITEM@@@Z 00415540 f i Worker.obj
 0001:00014890       ??H?$_Vector_iterator@UCONTENTSITEM@@V?$allocator@UCONTENTSITEM@@@std@@@std@@QBE?AV01@H@Z 00415890 f i Worker.obj
 0001:000148d0       ??G?$_Vector_iterator@UCONTENTSITEM@@V?$allocator@UCONTENTSITEM@@@std@@@std@@QBEHABV?$_Vector_const_iterator@UCONTENTSITEM@@V?$allocator@UCONTENTSITEM@@@std@@@1@@Z 004158d0 f i Worker.obj
 0001:000148f0       ?max_size@?$vector@UCONTENTSITEM@@V?$allocator@UCONTENTSITEM@@@std@@@std@@QBEIXZ 004158f0 f i Worker.obj
 0001:00014910       ?_Destroy@?$vector@UCONTENTSITEM@@V?$allocator@UCONTENTSITEM@@@std@@@std@@IAEXPAUCONTENTSITEM@@0@Z 00415910 f i Worker.obj
 0001:00014940       ?allocate@?$allocator@UCONTENTSITEM@@@std@@QAEPAUCONTENTSITEM@@I@Z 00415940 f i Worker.obj
 0001:00014960       ??Y?$_Vector_iterator@UCONTENTSITEM@@V?$allocator@UCONTENTSITEM@@@std@@@std@@QAEAAV01@H@Z 00415960 f i Worker.obj
 0001:00014980       ??G?$_Vector_const_iterator@UCONTENTSITEM@@V?$allocator@UCONTENTSITEM@@@std@@@std@@QBEHABV01@@Z 00415980 f i Worker.obj
 0001:000149c0       ?max_size@?$allocator@UCONTENTSITEM@@@std@@QBEIXZ 004159c0 f i Worker.obj
 0001:000149f0       ??Y?$_Vector_const_iterator@UCONTENTSITEM@@V?$allocator@UCONTENTSITEM@@@std@@@std@@QAEAAV01@H@Z 004159f0 f i Worker.obj
 0001:00014a50       ??$strcpy_s@$0DC@@@YAHAAY0DC@DPBD@Z 00415a50 f i Worker.obj
 0001:00014a70       ??$unchecked_uninitialized_fill_n@PAUCONTENTSITEM@@IU1@V?$allocator@UCONTENTSITEM@@@std@@@stdext@@YAXPAUCONTENTSITEM@@IABU1@AAV?$allocator@UCONTENTSITEM@@@std@@@Z 00415a70 f i Worker.obj
 0001:00014ab0       ??$_Umove@PAUCONTENTSITEM@@@?$vector@UCONTENTSITEM@@V?$allocator@UCONTENTSITEM@@@std@@@std@@IAEPAUCONTENTSITEM@@PAU2@00@Z 00415ab0 f i Worker.obj
 0001:00014ae0       ??$fill@PAUCONTENTSITEM@@U1@@std@@YAXPAUCONTENTSITEM@@0ABU1@@Z 00415ae0 f i Worker.obj
 0001:00014b10       ??$_Unchecked_move_backward@PAUCONTENTSITEM@@PAU1@@stdext@@YAPAUCONTENTSITEM@@PAU1@00@Z 00415b10 f i Worker.obj
 0001:00014b80       ??$_Destroy_range@UCONTENTSITEM@@V?$allocator@UCONTENTSITEM@@@std@@@std@@YAXPAUCONTENTSITEM@@0AAV?$allocator@UCONTENTSITEM@@@0@@Z 00415b80 f i Worker.obj
 0001:00014bc0       ??$_Allocate@UCONTENTSITEM@@@std@@YAPAUCONTENTSITEM@@IPAU1@@Z 00415bc0 f i Worker.obj
 0001:00014c10       ??$_Uninit_fill_n@PAUCONTENTSITEM@@IU1@V?$allocator@UCONTENTSITEM@@@std@@@std@@YAXPAUCONTENTSITEM@@IABU1@AAV?$allocator@UCONTENTSITEM@@@0@U_Nonscalar_ptr_iterator_tag@0@U_Range_checked_iterator_tag@0@@Z 00415c10 f i Worker.obj
 0001:00014cd0       ??$_Unchecked_uninitialized_move@PAUCONTENTSITEM@@PAU1@V?$allocator@UCONTENTSITEM@@@std@@@stdext@@YAPAUCONTENTSITEM@@PAU1@00AAV?$allocator@UCONTENTSITEM@@@std@@@Z 00415cd0 f i Worker.obj
 0001:00014d20       ??$_Checked_base@PAUTFrame@CPictureEx@@@std@@YAPAUTFrame@CPictureEx@@AAPAU12@@Z 00415d20 f i PictureEx.obj
 0001:00014d20       ??$_Checked_base@PAUCONTENTSITEM@@@std@@YAPAUCONTENTSITEM@@AAPAU1@@Z 00415d20 f i Worker.obj
 0001:00014d20       ??$_Checked_base@PAV?$CStringT@DV?$StrTraitMFC@DV?$ChTraitsCRT@D@ATL@@@@@ATL@@@std@@YAPAV?$CStringT@DV?$StrTraitMFC@DV?$ChTraitsCRT@D@ATL@@@@@ATL@@AAPAV12@@Z 00415d20 f i down_window_init.obj
 0001:00014d40       ??$_Fill@PAUCONTENTSITEM@@U1@@std@@YAXPAUCONTENTSITEM@@0ABU1@@Z 00415d40 f i Worker.obj
 0001:00014d70       ??$_Move_backward_opt@PAUCONTENTSITEM@@PAU1@Urandom_access_iterator_tag@std@@U_Undefined_move_tag@3@@std@@YAPAUCONTENTSITEM@@PAU1@00Urandom_access_iterator_tag@0@U_Undefined_move_tag@0@U_Range_checked_iterator_tag@0@@Z 00415d70 f i Worker.obj
 0001:00014db0       ??$_Destroy_range@UCONTENTSITEM@@V?$allocator@UCONTENTSITEM@@@std@@@std@@YAXPAUCONTENTSITEM@@0AAV?$allocator@UCONTENTSITEM@@@0@U_Nonscalar_ptr_iterator_tag@0@@Z 00415db0 f i Worker.obj
 0001:00014de0       ?construct@?$allocator@UCONTENTSITEM@@@std@@QAEXPAUCONTENTSITEM@@ABU3@@Z 00415de0 f i Worker.obj
 0001:00014e00       ?destroy@?$allocator@UTFrame@CPictureEx@@@std@@QAEXPAUTFrame@CPictureEx@@@Z 00415e00 f i PictureEx.obj
 0001:00014e00       ?destroy@?$allocator@UCONTENTSITEM@@@std@@QAEXPAUCONTENTSITEM@@@Z 00415e00 f i Worker.obj
 0001:00014e20       ??$_Uninit_move@PAUCONTENTSITEM@@PAU1@V?$allocator@UCONTENTSITEM@@@std@@U_Undefined_move_tag@3@@std@@YAPAUCONTENTSITEM@@PAU1@00AAV?$allocator@UCONTENTSITEM@@@0@U_Undefined_move_tag@0@U_Range_checked_iterator_tag@0@@Z 00415e20 f i Worker.obj
 0001:00014e40       ??$_Copy_backward_opt@PAUCONTENTSITEM@@PAU1@@std@@YAPAUCONTENTSITEM@@PAU1@00Urandom_access_iterator_tag@0@U_Nonscalar_ptr_iterator_tag@0@U_Range_checked_iterator_tag@0@@Z 00415e40 f i Worker.obj
 0001:00014ea0       ??$_Construct@UCONTENTSITEM@@U1@@std@@YAXPAUCONTENTSITEM@@ABU1@@Z 00415ea0 f i Worker.obj
 0001:00014ef0       ??3@YAXPAX0@Z              00415ef0 f i down_window_init.obj
 0001:00014ef0       ??$_Destroy@UCONTENTSITEM@@@std@@YAXPAUCONTENTSITEM@@@Z 00415ef0 f i Worker.obj
 0001:00014ef0       ??$_Destroy@UTFrame@CPictureEx@@@std@@YAXPAUTFrame@CPictureEx@@@Z 00415ef0 f i PictureEx.obj
 0001:00014f00       ??$unchecked_uninitialized_copy@PAUCONTENTSITEM@@PAU1@V?$allocator@UCONTENTSITEM@@@std@@@stdext@@YAPAUCONTENTSITEM@@PAU1@00AAV?$allocator@UCONTENTSITEM@@@std@@@Z 00415f00 f i Worker.obj
 0001:00014f60       ??$_Copy_backward_opt@PAUCONTENTSITEM@@PAU1@Uforward_iterator_tag@std@@@std@@YAPAUCONTENTSITEM@@PAU1@00Uforward_iterator_tag@0@U_Nonscalar_ptr_iterator_tag@0@U_Range_checked_iterator_tag@0@@Z 00415f60 f i Worker.obj
 0001:00014fa0       ??$_Uninit_copy@PAUCONTENTSITEM@@PAU1@V?$allocator@UCONTENTSITEM@@@std@@@std@@YAPAUCONTENTSITEM@@PAU1@00AAV?$allocator@UCONTENTSITEM@@@0@U_Nonscalar_ptr_iterator_tag@0@U_Range_checked_iterator_tag@0@@Z 00415fa0 f i Worker.obj
 0001:00015060       ?RedrawWindow@CWnd@@QAEHPBUtagRECT@@PAVCRgn@@I@Z 00416060 f i Worker.obj
 0001:00015090       ?KillTimer@CWnd@@QAEHI@Z   00416090 f i Worker.obj
 0001:000150b0       ?SetItemData@CListCtrl@@QAEHHK@Z 004160b0 f i Worker.obj
 0001:000150e0       ?SetColumnWidth@CListCtrl@@QAEHHH@Z 004160e0 f i Worker.obj
 0001:00015110       ??Y?$CStringT@DV?$StrTraitMFC@DV?$ChTraitsCRT@D@ATL@@@@@ATL@@QAEAAV01@D@Z 00416110 f i Worker.obj
 0001:00015130       ??Y?$CSimpleStringT@D$0A@@ATL@@QAEAAV01@D@Z 00416130 f i Worker.obj
 0001:00015150       ?AppendChar@?$CSimpleStringT@D$0A@@ATL@@QAEXD@Z 00416150 f i Worker.obj
 0001:000151a0       ??0CBTray@@QAE@PAUHWND__@@PAUHINSTANCE__@@V?$CStringT@DV?$StrTraitMFC@DV?$ChTraitsCRT@D@ATL@@@@@ATL@@@Z 004161a0 f   BTray.obj
 0001:00015340       ??1CBTray@@UAE@XZ          00416340 f   BTray.obj
 0001:00015360       ?TrayBegin@CBTray@@QAEXXZ  00416360 f   BTray.obj
 0001:00015450       ?TrayEnd@CBTray@@QAEXXZ    00416450 f   BTray.obj
 0001:000154e0       ?OnTrayIconNotify@CBTray@@QAEXI@Z 004164e0 f   BTray.obj
 0001:00015530       ?OnShowMenu@CBTray@@QAEXXZ 00416530 f   BTray.obj
 0001:000155c0       ?IconAdd@CBTray@@QAEXXZ    004165c0 f   BTray.obj
 0001:00015650       ?IconDel@CBTray@@QAEXXZ    00416650 f   BTray.obj
 0001:000156c0       ?IconChange@CBTray@@QAEXXZ 004166c0 f   BTray.obj
 0001:00015750       ?IconFix@CBTray@@QAEXPAUHICON__@@@Z 00416750 f   BTray.obj
 0001:000157b0       ??_ECBTray@@UAEPAXI@Z      004167b0 f i BTray.obj
 0001:000157b0       ??_GCBTray@@UAEPAXI@Z      004167b0 f i BTray.obj
 0001:000157e0       ??2CObject@@SGPAXI@Z       004167e0 f i BTray.obj
 0001:00015800       ?CloseWindow@CWnd@@QAEXXZ  00416800 f i BTray.obj
 0001:00015820       ??0CBase64@@QAE@XZ         00416820 f   CBase64.obj
 0001:00015830       ??1CBase64@@QAE@XZ         00416830 f   CBase64.obj
 0001:00015840       ?base64_decode@CBase64@@QAEHPADPAEH@Z 00416840 f   CBase64.obj
 0001:000159a0       ?base64_encode@CBase64@@QAEPADPADH@Z 004169a0 f   CBase64.obj
 0001:00015b80       ??0CComboEx@@QAE@XZ        00416b80 f   ComboEx.obj
 0001:00015c20       ??1CComboEx@@UAE@XZ        00416c20 f   ComboEx.obj
 0001:00015c80       ?GetMessageMap@CComboEx@@MBEPBUAFX_MSGMAP@@XZ 00416c80 f   ComboEx.obj
 0001:00015c90       ?GetThisMessageMap@CComboEx@@KGPBUAFX_MSGMAP@@XZ 00416c90 f   ComboEx.obj
 0001:00015ca0       ?MeasureItem@CComboEx@@UAEXPAUtagMEASUREITEMSTRUCT@@@Z 00416ca0 f   ComboEx.obj
 0001:00015cc0       ?OnPaint@CComboEx@@IAEXXZ  00416cc0 f   ComboEx.obj
 0001:00015f90       ?OnMouseMove@CComboEx@@IAEXIVCPoint@@@Z 00416f90 f   ComboEx.obj
 0001:00016070       ?OnCaptureChanged@CComboEx@@IAEXPAVCWnd@@@Z 00417070 f   ComboEx.obj
 0001:00016090       ?OnSetfocus@CComboEx@@IAEXXZ 00417090 f   ComboEx.obj
 0001:000160c0       ?OnKillfocus@CComboEx@@IAEXXZ 004170c0 f   ComboEx.obj
 0001:000160f0       ?OnLButtonDown@CComboEx@@IAEXIVCPoint@@@Z 004170f0 f   ComboEx.obj
 0001:00016130       ?OnLButtonUp@CComboEx@@IAEXIVCPoint@@@Z 00417130 f   ComboEx.obj
 0001:00016170       ?DrawItem@CComboEx@@UAEXPAUtagDRAWITEMSTRUCT@@@Z 00417170 f   ComboEx.obj
 0001:00016490       ?AddIcon@CComboEx@@QAEHHV?$CStringT@DV?$StrTraitMFC@DV?$ChTraitsCRT@D@ATL@@@@@ATL@@@Z 00417490 f   ComboEx.obj
 0001:000165d0       ?InsertIcon@CComboEx@@QAEHHHV?$CStringT@DV?$StrTraitMFC@DV?$ChTraitsCRT@D@ATL@@@@@ATL@@@Z 004175d0 f   ComboEx.obj
 0001:00016740       ?DeleteItem@CComboEx@@UAEXPAUtagDELETEITEMSTRUCT@@@Z 00417740 f   ComboEx.obj
 0001:000167a0       ?DeleteIcon@CComboEx@@QAEXH@Z 004177a0 f   ComboEx.obj
 0001:000167c0       ?GetCurSelIcon@CComboEx@@QAEHXZ 004177c0 f   ComboEx.obj
 0001:000167f0       ?SetCurSelIcon@CComboEx@@QAEXH@Z 004177f0 f   ComboEx.obj
 0001:00016850       ?OnDropdown@CComboEx@@IAEXXZ 00417850 f   ComboEx.obj
 0001:000169e0       ?PreSubclassWindow@CComboEx@@MAEXXZ 004179e0 f   ComboEx.obj
 0001:00016a30       ?PreTranslateMessage@CComboEx@@UAEHPAUtagMSG@@@Z 00417a30 f   ComboEx.obj
 0001:00016a60       ?SetTooltipText@CComboEx@@QAEXV?$CStringT@DV?$StrTraitMFC@DV?$ChTraitsCRT@D@ATL@@@@@ATL@@@Z 00417a60 f   ComboEx.obj
 0001:00016ad0       ?SetTooltipText@CComboEx@@QAEXH@Z 00417ad0 f   ComboEx.obj
 0001:00016b70       ??_GCComboEx@@UAEPAXI@Z    00417b70 f i ComboEx.obj
 0001:00016b70       ??_ECComboEx@@UAEPAXI@Z    00417b70 f i ComboEx.obj
 0001:00016ba0       ??0_IconComboBox@@QAE@XZ   00417ba0 f i ComboEx.obj
 0001:00016bc0       ??_G_IconComboBox@@QAEPAXI@Z 00417bc0 f i ComboEx.obj
 0001:00016bf0       ??1_IconComboBox@@QAE@XZ   00417bf0 f i ComboEx.obj
 0001:00016c10       ?IsEmpty@?$CSimpleStringT@D$0A@@ATL@@QBE_NXZ 00417c10 f i ComboEx.obj
 0001:00016c30       ?OffsetRect@CRect@@QAEXHH@Z 00417c30 f i ComboEx.obj
 0001:00016c50       ?AfxGetApp@@YGPAVCWinApp@@XZ 00417c50 f i ComboEx.obj
 0001:00016c60       ?ClientToScreen@CWnd@@QBEXPAUtagPOINT@@@Z 00417c60 f i ComboEx.obj
 0001:00016c80       ?GetCapture@CWnd@@SGPAV1@XZ 00417c80 f i ComboEx.obj
 0001:00016ca0       ?SetCapture@CWnd@@QAEPAV1@XZ 00417ca0 f i ComboEx.obj
 0001:00016cc0       ?WindowFromPoint@CWnd@@SGPAV1@UtagPOINT@@@Z 00417cc0 f i ComboEx.obj
 0001:00016ce0       ??0CComboBox@@QAE@XZ       00417ce0 f i ComboEx.obj
 0001:00016d00       ??_GCComboBox@@UAEPAXI@Z   00417d00 f i ComboEx.obj
 0001:00016d00       ??_ECComboBox@@UAEPAXI@Z   00417d00 f i ComboEx.obj
 0001:00016d30       ?GetCount@CComboBox@@QBEHXZ 00417d30 f i ComboEx.obj
 0001:00016d60       ?GetCurSel@CComboBox@@QBEHXZ 00417d60 f i ComboEx.obj
 0001:00016d90       ?SetCurSel@CComboBox@@QAEHH@Z 00417d90 f i ComboEx.obj
 0001:00016dc0       ?GetItemData@CComboBox@@QBEKH@Z 00417dc0 f i ComboEx.obj
 0001:00016df0       ?SetItemData@CComboBox@@QAEHHK@Z 00417df0 f i ComboEx.obj
 0001:00016e20       ?AddString@CComboBox@@QAEHPBD@Z 00417e20 f i ComboEx.obj
 0001:00016e50       ?DeleteString@CComboBox@@QAEHI@Z 00417e50 f i ComboEx.obj
 0001:00016e80       ?InsertString@CComboBox@@QAEHHPBD@Z 00417e80 f i ComboEx.obj
 0001:00016eb0       ?SetDroppedWidth@CComboBox@@QAEHI@Z 00417eb0 f i ComboEx.obj
 0001:00016ee0       ?RelayEvent@CToolTipCtrl@@QAEXPAUtagMSG@@@Z 00417ee0 f i ComboEx.obj
 0001:00016f10       ?CreateObject@HtmlViewer@@SGPAVCObject@@XZ 00417f10 f   HtmlViewer.obj
 0001:00016f90       ?GetRuntimeClass@HtmlViewer@@UBEPAUCRuntimeClass@@XZ 00417f90 f   HtmlViewer.obj
 0001:00016fa0       ??0HtmlViewer@@QAE@XZ      00417fa0 f   HtmlViewer.obj
 0001:00016ff0       ??1HtmlViewer@@UAE@XZ      00417ff0 f   HtmlViewer.obj
 0001:00017030       ?DoDataExchange@HtmlViewer@@MAEXPAVCDataExchange@@@Z 00418030 f   HtmlViewer.obj
 0001:00017050       ?GetMessageMap@HtmlViewer@@MBEPBUAFX_MSGMAP@@XZ 00418050 f   HtmlViewer.obj
 0001:00017060       ?GetThisMessageMap@HtmlViewer@@KGPBUAFX_MSGMAP@@XZ 00418060 f   HtmlViewer.obj
 0001:00017070       ?PreTranslateMessage@HtmlViewer@@MAEHPAUtagMSG@@@Z 00418070 f   HtmlViewer.obj
 0001:00017090       ?Invalidate@HtmlViewer@@QAEHXZ 00418090 f   HtmlViewer.obj
 0001:000170b0       ?GetFullName@HtmlViewer@@QBE?AV?$CStringT@DV?$StrTraitMFC@DV?$ChTraitsCRT@D@ATL@@@@@ATL@@XZ 004180b0 f   HtmlViewer.obj
 0001:00017160       ?GetType@HtmlViewer@@QBE?AV?$CStringT@DV?$StrTraitMFC@DV?$ChTraitsCRT@D@ATL@@@@@ATL@@XZ 00418160 f   HtmlViewer.obj
 0001:00017210       ?GetLocationName@HtmlViewer@@QBE?AV?$CStringT@DV?$StrTraitMFC@DV?$ChTraitsCRT@D@ATL@@@@@ATL@@XZ 00418210 f   HtmlViewer.obj
 0001:000172c0       ?GetLocationURL@HtmlViewer@@QBE?AV?$CStringT@DV?$StrTraitMFC@DV?$ChTraitsCRT@D@ATL@@@@@ATL@@XZ 004182c0 f   HtmlViewer.obj
 0001:00017370       ?Navigate@HtmlViewer@@QAEXPBDK00PAXK@Z 00418370 f   HtmlViewer.obj
 0001:000174f0       ?LoadFromResource@HtmlViewer@@QAEHPBD@Z 004184f0 f   HtmlViewer.obj
 0001:000175e0       ?LoadFromResource@HtmlViewer@@QAEHI@Z 004185e0 f   HtmlViewer.obj
 0001:000176d0       ?OnDocumentComplete@HtmlViewer@@MAEXPBD@Z 004186d0 f   HtmlViewer.obj
 0001:00017720       ?DelAll@HtmlViewer@@QAEXXZ 00418720 f   HtmlViewer.obj
 0001:00017880       ?ReSet@HtmlViewer@@QAEXXZ  00418880 f   HtmlViewer.obj
 0001:00017a80       ?AddHTML@HtmlViewer@@QAE_NPBD@Z 00418a80 f   HtmlViewer.obj
 0001:00017c90       ?ScrollEnd@HtmlViewer@@IAE_NV?$CComPtr@UIHTMLElement@@@ATL@@@Z 00418c90 f   HtmlViewer.obj
 0001:00017df0       ?SaveHistory@HtmlViewer@@QAE_NPBD@Z 00418df0 f   HtmlViewer.obj
 0001:00018040       ?GetHistory@HtmlViewer@@QAE?AV?$CStringT@DV?$StrTraitMFC@DV?$ChTraitsCRT@D@ATL@@@@@ATL@@XZ 00419040 f   HtmlViewer.obj
 0001:00018250       ?SetBGImage@HtmlViewer@@QAE_NXZ 00419250 f   HtmlViewer.obj
 0001:00018440       ?OpenWindow@HtmlViewer@@QAE_NPBDPADII@Z 00419440 f   HtmlViewer.obj
 0001:000187f0       ?SetBGColor@HtmlViewer@@QAE_NPBD@Z 004197f0 f   HtmlViewer.obj
 0001:00018a20       ??_GHtmlViewer@@UAEPAXI@Z  00419a20 f i HtmlViewer.obj
 0001:00018a20       ??_EHtmlViewer@@UAEPAXI@Z  00419a20 f i HtmlViewer.obj
 0001:00018a50       ??1?$CComQIPtr@UIHTMLDocument2@@$1?IID_IHTMLDocument2@@3U_GUID@@B@ATL@@QAE@XZ 00419a50 f i HtmlViewer.obj
 0001:00018a50       ??1?$CComQIPtr@UIHTMLElement2@@$1?IID_IHTMLElement2@@3U_GUID@@B@ATL@@QAE@XZ 00419a50 f i HtmlViewer.obj
 0001:00018a70       ??1?$CComPtr@UIHTMLElement@@@ATL@@QAE@XZ 00419a70 f i HtmlViewer.obj
 0001:00018a70       ??1?$CComPtr@UIHTMLBodyElement@@@ATL@@QAE@XZ 00419a70 f i HtmlViewer.obj
 0001:00018a70       ??1?$CComPtr@UIHTMLElement2@@@ATL@@QAE@XZ 00419a70 f i HtmlViewer.obj
 0001:00018a70       ??1?$CComPtr@UIHTMLDocument2@@@ATL@@QAE@XZ 00419a70 f i HtmlViewer.obj
 0001:00018a70       ??1?$CComPtr@UIDispatch@@@ATL@@QAE@XZ 00419a70 f i HtmlViewer.obj
 0001:00018a90       ??0_bstr_t@@QAE@PBD@Z      00419a90 f i HtmlViewer.obj
 0001:00018b30       ??1_bstr_t@@QAE@XZ         00419b30 f i HtmlViewer.obj
 0001:00018b50       ??B_bstr_t@@QBEPA_WXZ      00419b50 f i HtmlViewer.obj
 0001:00018b80       ?_Free@_bstr_t@@AAEXXZ     00419b80 f i HtmlViewer.obj
 0001:00018bb0       ??0Data_t@_bstr_t@@QAE@PBD@Z 00419bb0 f i HtmlViewer.obj
 0001:00018bf0       ?Release@Data_t@_bstr_t@@QAEKXZ 00419bf0 f i HtmlViewer.obj
 0001:00018c40       ??_GData_t@_bstr_t@@AAEPAXI@Z 00419c40 f i HtmlViewer.obj
 0001:00018c70       ??2Data_t@_bstr_t@@SAPAXI@Z 00419c70 f i HtmlViewer.obj
 0001:00018c90       ??1Data_t@_bstr_t@@AAE@XZ  00419c90 f i HtmlViewer.obj
 0001:00018cb0       ?_Free@Data_t@_bstr_t@@AAEXXZ 00419cb0 f i HtmlViewer.obj
 0001:00018cf0       ??0_variant_t@@QAE@ABV_bstr_t@@@Z 00419cf0 f i HtmlViewer.obj
 0001:00018d60       ??0_variant_t@@QAE@H@Z     00419d60 f i HtmlViewer.obj
 0001:00018d90       ??1COleVariant@@QAE@XZ     00419d90 f i HtmlViewer.obj
 0001:00018d90       ??1_variant_t@@QAE@XZ      00419d90 f i HtmlViewer.obj
 0001:00018d90       ?Clear@COleSafeArray@@QAEXXZ 00419d90 f i HtmlViewer.obj
 0001:00018db0       ??Y?$CStringT@DV?$StrTraitMFC@DV?$ChTraitsCRT@D@ATL@@@@@ATL@@QAEAAV01@PB_W@Z 00419db0 f i HtmlViewer.obj
 0001:00018e30       ?AllocSysString@?$CStringT@DV?$StrTraitMFC@DV?$ChTraitsCRT@D@ATL@@@@@ATL@@QBEPA_WXZ 00419e30 f i HtmlViewer.obj
 0001:00018e70       ??HATL@@YA?AV?$CStringT@DV?$StrTraitMFC@DV?$ChTraitsCRT@D@ATL@@@@@0@PBDABV10@@Z 00419e70 f i HtmlViewer.obj
 0001:00018f20       ??1?$CComPtrBase@UIHTMLBodyElement@@@ATL@@QAE@XZ 00419f20 f i HtmlViewer.obj
 0001:00018f20       ??1?$CComPtrBase@UIHTMLElement2@@@ATL@@QAE@XZ 00419f20 f i HtmlViewer.obj
 0001:00018f20       ??1?$CComPtrBase@UIDispatch@@@ATL@@QAE@XZ 00419f20 f i HtmlViewer.obj
 0001:00018f20       ??1?$CComPtrBase@UIHTMLDocument2@@@ATL@@QAE@XZ 00419f20 f i HtmlViewer.obj
 0001:00018f20       ??1?$CComPtrBase@UIHTMLElement@@@ATL@@QAE@XZ 00419f20 f i HtmlViewer.obj
 0001:00018f50       ?GetPacket@Packet@@QAEPADXZ 00419f50 f i NetworkController.obj
 0001:00018f50       ??B?$CComPtrBase@UIHTMLDocument2@@@ATL@@QBEPAUIHTMLDocument2@@XZ 00419f50 f i HtmlViewer.obj
 0001:00018f50       ??C?$CComPtrBase@UIHTMLElement2@@@ATL@@QBEPAV?$_NoAddRefReleaseOnCComPtr@UIHTMLElement2@@@1@XZ 00419f50 f i HtmlViewer.obj
 0001:00018f50       ??B?$CComPtrBase@UIHTMLElement@@@ATL@@QBEPAUIHTMLElement@@XZ 00419f50 f i HtmlViewer.obj
 0001:00018f50       ??BImageList_Draw_Type@CComCtlWrapper@@QAEP6GHPAU_IMAGELIST@@HPAUHDC__@@HHI@ZXZ 00419f50 f i SkinListCtrl.obj
 0001:00018f50       ??C?$CComPtrBase@UIHTMLBodyElement@@@ATL@@QBEPAV?$_NoAddRefReleaseOnCComPtr@UIHTMLBodyElement@@@1@XZ 00419f50 f i HtmlViewer.obj
 0001:00018f50       ?GetString@?$CSimpleStringT@D$0A@@ATL@@QBEPBDXZ 00419f50 f i down_client.obj
 0001:00018f50       ??C?$CComPtrBase@UIHTMLDocument2@@@ATL@@QBEPAV?$_NoAddRefReleaseOnCComPtr@UIHTMLDocument2@@@1@XZ 00419f50 f i HtmlViewer.obj
 0001:00018f50       ??C?$CComPtrBase@UIWebBrowser2@@@ATL@@QBEPAV?$_NoAddRefReleaseOnCComPtr@UIWebBrowser2@@@1@XZ 00419f50 f i HtmlViewer.obj
 0001:00018f50       ??C?$CComPtrBase@UIHTMLElement@@@ATL@@QBEPAV?$_NoAddRefReleaseOnCComPtr@UIHTMLElement@@@1@XZ 00419f50 f i HtmlViewer.obj
 0001:00018f50       ??B?$CSimpleStringT@D$0A@@ATL@@QBEPBDXZ 00419f50 f i down_client.obj
 0001:00018f60       ??0?$CComQIPtr@UIHTMLDocument2@@$1?IID_IHTMLDocument2@@3U_GUID@@B@ATL@@QAE@XZ 00419f60 f i HtmlViewer.obj
 0001:00018f60       ??0?$CComQIPtr@UIHTMLElement2@@$1?IID_IHTMLElement2@@3U_GUID@@B@ATL@@QAE@XZ 00419f60 f i HtmlViewer.obj
 0001:00018f80       ??4?$CComQIPtr@UIHTMLDocument2@@$1?IID_IHTMLDocument2@@3U_GUID@@B@ATL@@QAEPAUIHTMLDocument2@@PAUIUnknown@@@Z 00419f80 f i HtmlViewer.obj
 0001:00018fc0       ?AtlComQIPtrAssign@ATL@@YGPAUIUnknown@@PAPAU2@PAU2@ABU_GUID@@@Z 00419fc0 f i HtmlViewer.obj
 0001:00019020       ??0?$CComPtr@UIHTMLElement@@@ATL@@QAE@ABV01@@Z 0041a020 f i HtmlViewer.obj
 0001:00019040       ??7?$CComPtrBase@UIHTMLElement2@@@ATL@@QBE_NXZ 0041a040 f i HtmlViewer.obj
 0001:00019040       ??7?$CComPtrBase@UIHTMLElement@@@ATL@@QBE_NXZ 0041a040 f i HtmlViewer.obj
 0001:00019040       ??7ImageList_Draw_Type@CComCtlWrapper@@QBE_NXZ 0041a040 f i SkinListCtrl.obj
 0001:00019060       ??BCOleVariant@@QAEPAUtagVARIANT@@XZ 0041a060 f i HtmlViewer.obj
 0001:00019060       ??0CRect@@QAE@XZ           0041a060 f i SkinListCtrl.obj
 0001:00019060       ??0CObject@@IAE@XZ         0041a060 f i SkinListCtrl.obj
 0001:00019060       ??BCOleSafeArray@@QAEPAUtagVARIANT@@XZ 0041a060 f i HtmlViewer.obj
 0001:00019060       ??I?$CComPtrBase@UIHTMLElement@@@ATL@@QAEPAPAUIHTMLElement@@XZ 0041a060 f i HtmlViewer.obj
 0001:00019060       ??0?$allocator@V?$CStringT@DV?$StrTraitMFC@DV?$ChTraitsCRT@D@ATL@@@@@ATL@@@std@@QAE@XZ 0041a060 f i down_window_init.obj
 0001:00019060       ??I?$CComPtrBase@UIHTMLElement2@@@ATL@@QAEPAPAUIHTMLElement2@@XZ 0041a060 f i HtmlViewer.obj
 0001:00019060       ??0CPoint@@QAE@XZ          0041a060 f i TrayIconPosition.obj
 0001:00019060       ??0?$allocator@UCONTENTSITEM@@@std@@QAE@XZ 0041a060 f i down_window_init.obj
 0001:00019060       ??I?$CComPtrBase@UIDispatch@@@ATL@@QAEPAPAUIDispatch@@XZ 0041a060 f i HtmlViewer.obj
 0001:00019060       ?GetWString@Data_t@_bstr_t@@QAEAAPA_WXZ 0041a060 f i HtmlViewer.obj
 0001:00019060       ??0?$allocator@UTFrame@CPictureEx@@@std@@QAE@XZ 0041a060 f i PictureEx.obj
 0001:00019060       ??I?$CComPtrBase@UIHTMLBodyElement@@@ATL@@QAEPAPAUIHTMLBodyElement@@XZ 0041a060 f i HtmlViewer.obj
 0001:00019060       ??0?$allocator@D@std@@QAE@XZ 0041a060 f i PictureEx.obj
 0001:00019060       ??BCRect@@QAEPAUtagRECT@@XZ 0041a060 f i SkinListCtrl.obj
 0001:00019070       ??0?$CStringT@DV?$StrTraitMFC@DV?$ChTraitsCRT@D@ATL@@@@@ATL@@QAE@PAUIAtlStringMgr@1@@Z 0041a070 f i HtmlViewer.obj
 0001:00019090       ??0?$CStringT@DV?$StrTraitMFC@DV?$ChTraitsCRT@D@ATL@@@@@ATL@@QAE@PB_WPAUIAtlStringMgr@1@@Z 0041a090 f i HtmlViewer.obj
 0001:00019110       ?Concatenate@?$CSimpleStringT@D$0A@@ATL@@KAXAAV12@PBDH1H@Z 0041a110 f i HtmlViewer.obj
 0001:00019180       ?AllocSysString@?$ChTraitsCRT@D@ATL@@SAPA_WPBDH@Z 0041a180 f i HtmlViewer.obj
 0001:000191e0       ??0?$CComPtrBase@UIHTMLElement2@@@ATL@@IAE@XZ 0041a1e0 f i HtmlViewer.obj
 0001:000191e0       ??0?$CComPtrBase@UIDispatch@@@ATL@@IAE@XZ 0041a1e0 f i HtmlViewer.obj
 0001:000191e0       ??0_Iterator_base@std@@QAE@XZ 0041a1e0 f i PictureEx.obj
 0001:000191e0       ??0?$CComPtrBase@UIHTMLBodyElement@@@ATL@@IAE@XZ 0041a1e0 f i HtmlViewer.obj
 0001:000191e0       ??0?$CComPtrBase@UIHTMLElement@@@ATL@@IAE@XZ 0041a1e0 f i HtmlViewer.obj
 0001:000191e0       ??0?$CComPtrBase@UIHTMLDocument2@@@ATL@@IAE@XZ 0041a1e0 f i HtmlViewer.obj
 0001:00019200       ??0?$CComPtrBase@UIHTMLElement@@@ATL@@IAE@PAUIHTMLElement@@@Z 0041a200 f i HtmlViewer.obj
 0001:00019240       ??$QueryInterface@UIHTMLElement2@@@IUnknown@@QAGJPAPAUIHTMLElement2@@@Z 0041a240 f i HtmlViewer.obj
 0001:00019260       ??$QueryInterface@UIHTMLBodyElement@@@IUnknown@@QAGJPAPAUIHTMLBodyElement@@@Z 0041a260 f i HtmlViewer.obj
 0001:00019280       ?GetTickCount@CTime@ATL@@SG?AV12@XZ 0041a280 f i HtmlViewer.obj
[...]
 0001:0006f618       __ehhandler$?ToVariant@CDataSourceControl@@QAE?AVCOleVariant@@H@Z 00470618 f   nafxcw:occsite.obj
 0001:0006f640       __unwindfunclet$?UpdateControls@CDataSourceControl@@UAEJXZ$0 00470640 f   nafxcw:occsite.obj
 0001:0006f648       __unwindfunclet$?UpdateControls@CDataSourceControl@@UAEJXZ$1 00470648 f   nafxcw:occsite.obj
 0001:0006f650       __ehhandler$?UpdateControls@CDataSourceControl@@UAEJXZ 00470650 f   nafxcw:occsite.obj
 0001:0006f66b       __unwindfunclet$??1COleControlSite@@UAE@XZ$0 0047066b f   nafxcw:occsite.obj
 0001:0006f673       __unwindfunclet$??1COleControlSite@@UAE@XZ$1 00470673 f   nafxcw:occsite.obj
 0001:0006f681       __unwindfunclet$??1COleControlSite@@UAE@XZ$2 00470681 f   nafxcw:occsite.obj
 0001:0006f68f       __unwindfunclet$??1COleControlSite@@UAE@XZ$3 0047068f f   nafxcw:occsite.obj
 0001:0006f697       __unwindfunclet$??1COleControlSite@@UAE@XZ$4 00470697 f   nafxcw:occsite.obj
 0001:0006f69f       __ehhandler$??1COleControlSite@@UAE@XZ 0047069f f   nafxcw:occsite.obj
 0001:0006f6ba       __ehhandler$?IsDialogMessageA@COccManager@@UAEHPAVCWnd@@PAUtagMSG@@@Z 004706ba f   nafxcw:occdlg.obj
 0001:0006f6d5       __unwindfunclet$??1CMemFile@@UAE@XZ$0 004706d5 f   nafxcw:filemem.obj
 0001:0006f6d5       __unwindfunclet$??0CMemFile@@QAE@PAEII@Z$0 004706d5 f   nafxcw:filemem.obj
 0001:0006f6dd       __ehhandler$??1CMemFile@@UAE@XZ 004706dd f   nafxcw:filemem.obj
 0001:0006f6dd       __ehhandler$??0CMemFile@@QAE@PAEII@Z 004706dd f   nafxcw:filemem.obj
 0001:0006f6f8       __unwindfunclet$?afxMapHMENU@@YGPAVCHandleMap@@H@Z$0 004706f8 f   nafxcw:winmenu.obj
 0001:0006f6f8       __unwindfunclet$?afxMapHWND@@YGPAVCHandleMap@@H@Z$0 004706f8 f   nafxcw:winmenu.obj
 0001:0006f6f8       __unwindfunclet$?afxMapHGDIOBJ@@YGPAVCHandleMap@@H@Z$0 004706f8 f   nafxcw:winmenu.obj
 0001:0006f6f8       __unwindfunclet$?afxMapHDC@@YGPAVCHandleMap@@H@Z$0 004706f8 f   nafxcw:winmenu.obj
 0001:0006f6f8       __unwindfunclet$?afxMapHIMAGELIST@@YGPAVCHandleMap@@H@Z$0 004706f8 f   nafxcw:winmenu.obj
 0001:0006f702       __ehhandler$?afxMapHIMAGELIST@@YGPAVCHandleMap@@H@Z 00470702 f   nafxcw:winmenu.obj
 0001:0006f702       __ehhandler$?afxMapHGDIOBJ@@YGPAVCHandleMap@@H@Z 00470702 f   nafxcw:winmenu.obj
 0001:0006f702       __ehhandler$?afxMapHMENU@@YGPAVCHandleMap@@H@Z 00470702 f   nafxcw:winmenu.obj
 0001:0006f702       __ehhandler$?afxMapHWND@@YGPAVCHandleMap@@H@Z 00470702 f   nafxcw:winmenu.obj
 0001:0006f702       __ehhandler$?afxMapHDC@@YGPAVCHandleMap@@H@Z 00470702 f   nafxcw:winmenu.obj
 0001:0006f71d       __unwindfunclet$?MeasureItem@CChevronOwnerDrawMenu@@UAEXPAUtagMEASUREITEMSTRUCT@@@Z$0 0047071d f   nafxcw:winmenu.obj
 0001:0006f725       __unwindfunclet$?MeasureItem@CChevronOwnerDrawMenu@@UAEXPAUtagMEASUREITEMSTRUCT@@@Z$1 00470725 f   nafxcw:winmenu.obj
 0001:0006f72d       __ehhandler$?MeasureItem@CChevronOwnerDrawMenu@@UAEXPAUtagMEASUREITEMSTRUCT@@@Z 0047072d f   nafxcw:winmenu.obj
 0001:0006f748       __unwindfunclet$??0CChevronOwnerDrawMenu@@QAE@XZ$0 00470748 f   nafxcw:winmenu.obj
 0001:0006f753       __unwindfunclet$??0CChevronOwnerDrawMenu@@QAE@XZ$1 00470753 f   nafxcw:winmenu.obj
 0001:0006f761       __ehhandler$??0CChevronOwnerDrawMenu@@QAE@XZ 00470761 f   nafxcw:winmenu.obj
 0001:0006f789       __unwindfunclet$??1CChevronOwnerDrawMenu@@UAE@XZ$0 00470789 f   nafxcw:winmenu.obj
 0001:0006f791       __ehhandler$??1CChevronOwnerDrawMenu@@UAE@XZ 00470791 f   nafxcw:winmenu.obj
 0001:0006f7ac       __unwindfunclet$?DrawItem@CChevronOwnerDrawMenu@@UAEXPAUtagDRAWITEMSTRUCT@@@Z$0 004707ac f   nafxcw:winmenu.obj
 0001:0006f7b4       __unwindfunclet$?DrawItem@CChevronOwnerDrawMenu@@UAEXPAUtagDRAWITEMSTRUCT@@@Z$1 004707b4 f   nafxcw:winmenu.obj
 0001:0006f7bc       __unwindfunclet$?DrawItem@CChevronOwnerDrawMenu@@UAEXPAUtagDRAWITEMSTRUCT@@@Z$2 004707bc f   nafxcw:winmenu.obj
 0001:0006f7c4       __unwindfunclet$?DrawItem@CChevronOwnerDrawMenu@@UAEXPAUtagDRAWITEMSTRUCT@@@Z$3 004707c4 f   nafxcw:winmenu.obj
 0001:0006f7cc       __ehhandler$?DrawItem@CChevronOwnerDrawMenu@@UAEXPAUtagDRAWITEMSTRUCT@@@Z 004707cc f   nafxcw:winmenu.obj
 0001:0006f7e7       __unwindfunclet$?GetErrorMessage@CFileException@@UBEHPADIPAI@Z$0 004707e7 f   nafxcw:filex.obj
 0001:0006f7ef       __unwindfunclet$?GetErrorMessage@CFileException@@UBEHPADIPAI@Z$1 004707ef f   nafxcw:filex.obj
 0001:0006f7f7       __ehhandler$?GetErrorMessage@CFileException@@UBEHPADIPAI@Z 004707f7 f   nafxcw:filex.obj
 0001:0006f812       __unwindfunclet$?GetFileTitle@CFile@@UBE?AV?$CStringT@DV?$StrTraitMFC@DV?$ChTraitsCRT@D@ATL@@@@@ATL@@XZ$0 00470812 f   nafxcw:filest.obj
 0001:0006f812       __unwindfunclet$?GetFileName@CFile@@UBE?AV?$CStringT@DV?$StrTraitMFC@DV?$ChTraitsCRT@D@ATL@@@@@ATL@@XZ$0 00470812 f   nafxcw:filest.obj
 0001:0006f82b       __ehhandler$?GetFileName@CFile@@UBE?AV?$CStringT@DV?$StrTraitMFC@DV?$ChTraitsCRT@D@ATL@@@@@ATL@@XZ 0047082b f   nafxcw:filest.obj
 0001:0006f82b       __ehhandler$?GetFileTitle@CFile@@UBE?AV?$CStringT@DV?$StrTraitMFC@DV?$ChTraitsCRT@D@ATL@@@@@ATL@@XZ 0047082b f   nafxcw:filest.obj
 0001:0006f853       __unwindfunclet$?AfxUnregisterWndClasses@@YGXXZ$0 00470853 f   nafxcw:appterm.obj
 0001:0006f85b       __unwindfunclet$?AfxUnregisterWndClasses@@YGXXZ$1 0047085b f   nafxcw:appterm.obj
 0001:0006f863       __ehhandler$?AfxUnregisterWndClasses@@YGXXZ 00470863 f   nafxcw:appterm.obj
 0001:0006f87e       __ehhandler$?Read@CArchiveStream@@UAGJPAXKPAK@Z 0047087e f   nafxcw:arcstrm.obj
 0001:0006f899       __ehhandler$?Write@CArchiveStream@@UAGJPBXKPAK@Z 00470899 f   nafxcw:arcstrm.obj
 0001:0006f8b4       __ehhandler$?Seek@CArchiveStream@@UAGJT_LARGE_INTEGER@@KPAT_ULARGE_INTEGER@@@Z 004708b4 f   nafxcw:arcstrm.obj
 0001:0006f8cf       __unwindfunclet$?OnCmdMsg@CFrameWnd@@UAEHIHPAXPAUAFX_CMDHANDLERINFO@@@Z$0 004708cf f   nafxcw:winfrm.obj
 0001:0006f8d7       __ehhandler$?OnCmdMsg@CFrameWnd@@UAEHIHPAXPAUAFX_CMDHANDLERINFO@@@Z 004708d7 f   nafxcw:winfrm.obj
 0001:0006f8f2       __unwindfunclet$?BeginModalState@CFrameWnd@@UAEXXZ$0 004708f2 f   nafxcw:winfrm.obj
 0001:0006f8fa       __ehhandler$?BeginModalState@CFrameWnd@@UAEXXZ 004708fa f   nafxcw:winfrm.obj
 0001:0006f915       __unwindfunclet$?OnSetMessageString@CFrameWnd@@IAEJIJ@Z$0 00470915 f   nafxcw:winfrm.obj
 0001:0006f91d       __ehhandler$?OnSetMessageString@CFrameWnd@@IAEJIJ@Z 0047091d f   nafxcw:winfrm.obj
 0001:0006f938       __unwindfunclet$?DestroyDockBars@CFrameWnd@@QAEXXZ$0 00470938 f   nafxcw:winfrm.obj
 0001:0006f940       __unwindfunclet$?DestroyDockBars@CFrameWnd@@QAEXXZ$1 00470940 f   nafxcw:winfrm.obj
 0001:0006f948       __ehhandler$?DestroyDockBars@CFrameWnd@@QAEXXZ 00470948 f   nafxcw:winfrm.obj
 0001:0006f963       __unwindfunclet$?OnToolTipText@CFrameWnd@@IAEHIPAUtagNMHDR@@PAJ@Z$0 00470963 f   nafxcw:winfrm.obj
 0001:0006f96b       __ehhandler$?OnToolTipText@CFrameWnd@@IAEHIPAUtagNMHDR@@PAJ@Z 0047096b f   nafxcw:winfrm.obj
 0001:0006f993       __unwindfunclet$??0CFrameWnd@@QAE@XZ$0 00470993 f   nafxcw:winfrm.obj
 0001:0006f99b       __unwindfunclet$??0CFrameWnd@@QAE@XZ$1 0047099b f   nafxcw:winfrm.obj
 0001:0006f9a9       __unwindfunclet$??0CFrameWnd@@QAE@XZ$2 004709a9 f   nafxcw:winfrm.obj
 0001:0006f9b7       __ehhandler$??0CFrameWnd@@QAE@XZ 004709b7 f   nafxcw:winfrm.obj
 0001:0006f9d2       __unwindfunclet$??1CFrameWnd@@UAE@XZ$2 004709d2 f   nafxcw:winfrm.obj
 0001:0006f9da       __unwindfunclet$??1CFrameWnd@@UAE@XZ$3 004709da f   nafxcw:winfrm.obj
 0001:0006f9e8       __unwindfunclet$??1CFrameWnd@@UAE@XZ$4 004709e8 f   nafxcw:winfrm.obj
 0001:0006f9f6       __unwindfunclet$??1CFrameWnd@@UAE@XZ$5 004709f6 f   nafxcw:winfrm.obj
 0001:0006f9fe       __ehhandler$??1CFrameWnd@@UAE@XZ 004709fe f   nafxcw:winfrm.obj
 0001:0006fa26       __unwindfunclet$?LoadFrame@CFrameWnd@@UAEHIKPAVCWnd@@PAUCCreateContext@@@Z$0 00470a26 f   nafxcw:winfrm.obj
 0001:0006fa2e       __unwindfunclet$?LoadFrame@CFrameWnd@@UAEHIKPAVCWnd@@PAUCCreateContext@@@Z$1 00470a2e f   nafxcw:winfrm.obj
 0001:0006fa36       __ehhandler$?LoadFrame@CFrameWnd@@UAEHIKPAVCWnd@@PAUCCreateContext@@@Z 00470a36 f   nafxcw:winfrm.obj
 0001:0006fa51       __unwindfunclet$?OnDDEExecute@CFrameWnd@@IAEJIJ@Z$2 00470a51 f   nafxcw:winfrm.obj
 0001:0006fa59       __ehhandler$?OnDDEExecute@CFrameWnd@@IAEJIJ@Z 00470a59 f   nafxcw:winfrm.obj
 0001:0006fa74       __unwindfunclet$?OnChevronPushed@CFrameWnd@@IAEHIPAUtagNMHDR@@PAJ@Z$0 00470a74 f   nafxcw:winfrm.obj
 0001:0006fa7c       __unwindfunclet$?OnChevronPushed@CFrameWnd@@IAEHIPAUtagNMHDR@@PAJ@Z$1 00470a7c f   nafxcw:winfrm.obj
 0001:0006fa84       __unwindfunclet$?OnChevronPushed@CFrameWnd@@IAEHIPAUtagNMHDR@@PAJ@Z$2 00470a84 f   nafxcw:winfrm.obj
 0001:0006fa8c       __unwindfunclet$?OnChevronPushed@CFrameWnd@@IAEHIPAUtagNMHDR@@PAJ@Z$3 00470a8c f   nafxcw:winfrm.obj
 0001:0006fa94       __unwindfunclet$?OnChevronPushed@CFrameWnd@@IAEHIPAUtagNMHDR@@PAJ@Z$4 00470a94 f   nafxcw:winfrm.obj
 0001:0006fa9c       __unwindfunclet$?OnChevronPushed@CFrameWnd@@IAEHIPAUtagNMHDR@@PAJ@Z$5 00470a9c f   nafxcw:winfrm.obj
 0001:0006faa4       __unwindfunclet$?OnChevronPushed@CFrameWnd@@IAEHIPAUtagNMHDR@@PAJ@Z$6 00470aa4 f   nafxcw:winfrm.obj
 0001:0006faac       __ehhandler$?OnChevronPushed@CFrameWnd@@IAEHIPAUtagNMHDR@@PAJ@Z 00470aac f   nafxcw:winfrm.obj
 0001:0006faca       __unwindfunclet$?UpdateFrameTitleForDocument@CFrameWnd@@QAEXPBD@Z$0 00470aca f   nafxcw:winfrm.obj
 0001:0006fad2       __ehhandler$?UpdateFrameTitleForDocument@CFrameWnd@@QAEXPBD@Z 00470ad2 f   nafxcw:winfrm.obj
 0001:0006faf7       __unwindfunclet$?AfxThrowFileException@@YGXHJPBD@Z$0 00470af7 f   nafxcw:arcobj.obj
 0001:0006faf7       __unwindfunclet$?EnsureSchemaMapExists@CArchive@@QAEXPAPAV?$CArray@W4LoadArrayObjType@CArchive@@ABW412@@@@Z$0 00470af7 f   nafxcw:arcobj.obj
 0001:0006faf7       __unwindfunclet$?AfxThrowArchiveException@@YGXHPBD@Z$0 00470af7 f   nafxcw:arcobj.obj
 0001:0006fb00       __ehhandler$?AfxThrowArchiveException@@YGXHPBD@Z 00470b00 f   nafxcw:arcobj.obj
 0001:0006fb00       __ehhandler$?AfxThrowFileException@@YGXHJPBD@Z 00470b00 f   nafxcw:arcobj.obj
 0001:0006fb00       __ehhandler$?EnsureSchemaMapExists@CArchive@@QAEXPAPAV?$CArray@W4LoadArrayObjType@CArchive@@ABW412@@@@Z 00470b00 f   nafxcw:arcobj.obj
 0001:0006fb1b       __unwindfunclet$?MapObject@CArchive@@QAEXPBVCObject@@@Z$0 00470b1b f   nafxcw:arcobj.obj
 0001:0006fb24       __unwindfunclet$?MapObject@CArchive@@QAEXPBVCObject@@@Z$1 00470b24 f   nafxcw:arcobj.obj
 0001:0006fb2d       __ehhandler$?MapObject@CArchive@@QAEXPBVCObject@@@Z 00470b2d f   nafxcw:arcobj.obj
 0001:0006fb48       __ehhandler$?ReadObject@CArchive@@QAEPAVCObject@@PBUCRuntimeClass@@@Z 00470b48 f   nafxcw:arcobj.obj
 0001:0006fb63       __unwindfunclet$?AfxMessageBox@@YGHIII@Z$0 00470b63 f   nafxcw:apphelp.obj
 0001:0006fb63       __unwindfunclet$?GetWindowTextA@CWnd@@QBEHPADH@Z$0 00470b63 f   nafxcw:apphelp.obj
 0001:0006fb63       __unwindfunclet$??0CComCtlWrapper@@QAE@XZ$0 00470b63 f   nafxcw:apphelp.obj
 0001:0006fb63       __unwindfunclet$?AfxFormatStrings@@YGXAAV?$CStringT@DV?$StrTraitMFC@DV?$ChTraitsCRT@D@ATL@@@@@ATL@@IPBQBDH@Z$0 00470b63 f   nafxcw:apphelp.obj
 0001:0006fb63       __unwindfunclet$??0CCommDlgWrapper@@QAE@XZ$0 00470b63 f   nafxcw:apphelp.obj
 0001:0006fb6b       __ehhandler$??0CComCtlWrapper@@QAE@XZ 00470b6b f   nafxcw:apphelp.obj
 0001:0006fb6b       __ehhandler$??0CCommDlgWrapper@@QAE@XZ 00470b6b f   nafxcw:apphelp.obj
 0001:0006fb6b       __ehhandler$?GetWindowTextA@CWnd@@QBEHPADH@Z 00470b6b f   nafxcw:apphelp.obj
 0001:0006fb6b       __ehhandler$?AfxFormatStrings@@YGXAAV?$CStringT@DV?$StrTraitMFC@DV?$ChTraitsCRT@D@ATL@@@@@ATL@@IPBQBDH@Z 00470b6b f   nafxcw:apphelp.obj
 0001:0006fb6b       __ehhandler$?AfxMessageBox@@YGHIII@Z 00470b6b f   nafxcw:apphelp.obj
 0001:0006fb86       __unwindfunclet$?PushStackArgs@CCmdTarget@@IAEJPAEPBEPAXGPAUtagDISPPARAMS@@PAIPAUtagVARIANT@@PAVCVariantBoolConverter@@@Z$0 00470b86 f   nafxcw:oledisp1.obj
 0001:0006fb8e       __ehhandler$?PushStackArgs@CCmdTarget@@IAEJPAEPBEPAXGPAUtagDISPPARAMS@@PAIPAUtagVARIANT@@PAVCVariantBoolConverter@@@Z 00470b8e f   nafxcw:oledisp1.obj
 0001:0006fba9       __unwindfunclet$?CallMemberFunc@CCmdTarget@@IAEJPBUAFX_DISPMAP_ENTRY@@GPAUtagVARIANT@@PAUtagDISPPARAMS@@PAI@Z$2 00470ba9 f   nafxcw:oledisp1.obj
 0001:0006fbb1       __unwindfunclet$?CallMemberFunc@CCmdTarget@@IAEJPBUAFX_DISPMAP_ENTRY@@GPAUtagVARIANT@@PAUtagDISPPARAMS@@PAI@Z$3 00470bb1 f   nafxcw:oledisp1.obj
 0001:0006fbb9       __ehhandler$?CallMemberFunc@CCmdTarget@@IAEJPBUAFX_DISPMAP_ENTRY@@GPAUtagVARIANT@@PAUtagDISPPARAMS@@PAI@Z 00470bb9 f   nafxcw:oledisp1.obj
 0001:0006fbde       __unwindfunclet$??0COleDispatchException@@QAE@PBDIG@Z$0 00470bde f   nafxcw:oledisp1.obj
 0001:0006fbe9       __unwindfunclet$??0COleDispatchException@@QAE@PBDIG@Z$1 00470be9 f   nafxcw:oledisp1.obj
 0001:0006fbf4       __unwindfunclet$??0COleDispatchException@@QAE@PBDIG@Z$2 00470bf4 f   nafxcw:oledisp1.obj
 0001:0006fbff       __ehhandler$??0COleDispatchException@@QAE@PBDIG@Z 00470bff f   nafxcw:oledisp1.obj
 0001:0006fc1a       __unwindfunclet$?Next@XEnumVOID@CEnumArray@@UAGJKPAXPAK@Z$2 00470c1a f   nafxcw:oleenum.obj
 0001:0006fc22       __ehhandler$?Next@XEnumVOID@CEnumArray@@UAGJKPAXPAK@Z 00470c22 f   nafxcw:oleenum.obj
 0001:0006fc3d       __unwindfunclet$?Skip@XEnumVOID@CEnumArray@@UAGJK@Z$2 00470c3d f   nafxcw:oleenum.obj
 0001:0006fc45       __ehhandler$?Skip@XEnumVOID@CEnumArray@@UAGJK@Z 00470c45 f   nafxcw:oleenum.obj
 0001:0006fc60       __unwindfunclet$?Clone@XEnumVOID@CEnumArray@@UAGJPAPAUIEnumVOID@@@Z$2 00470c60 f   nafxcw:oleenum.obj
 0001:0006fc68       __ehhandler$?Clone@XEnumVOID@CEnumArray@@UAGJPAPAUIEnumVOID@@@Z 00470c68 f   nafxcw:oleenum.obj
 0001:0006fc83       __unwindfunclet$?InvokeHelperV@COleDispatchDriver@@QAEXJGGPAXPBEPAD@Z$0 00470c83 f   nafxcw:oledisp2.obj
 0001:0006fc8b       __unwindfunclet$?InvokeHelperV@COleDispatchDriver@@QAEXJGGPAXPBEPAD@Z$1 00470c8b f   nafxcw:oledisp2.obj
 0001:0006fc93       __unwindfunclet$?InvokeHelperV@COleDispatchDriver@@QAEXJGGPAXPBEPAD@Z$2 00470c93 f   nafxcw:oledisp2.obj
 0001:0006fc9b       __unwindfunclet$?InvokeHelperV@COleDispatchDriver@@QAEXJGGPAXPBEPAD@Z$3 00470c9b f   nafxcw:oledisp2.obj
 0001:0006fca3       __unwindfunclet$?InvokeHelperV@COleDispatchDriver@@QAEXJGGPAXPBEPAD@Z$4 00470ca3 f   nafxcw:oledisp2.obj
 0001:0006fcac       __ehhandler$?InvokeHelperV@COleDispatchDriver@@QAEXJGGPAXPBEPAD@Z 00470cac f   nafxcw:oledisp2.obj
 0001:0006fcca       __unwindfunclet$?OnBusyDialog@COleMessageFilter@@UAEHPAUHTASK__@@@Z$2 00470cca f   nafxcw:olemsgf.obj
 0001:0006fcd5       __ehhandler$?OnBusyDialog@COleMessageFilter@@UAEHPAUHTASK__@@@Z 00470cd5 f   nafxcw:olemsgf.obj
 0001:0006fcf3       __unwindfunclet$?OnNotRespondingDialog@COleMessageFilter@@UAEHPAUHTASK__@@@Z$2 00470cf3 f   nafxcw:olemsgf.obj
 0001:0006fcfe       __ehhandler$?OnNotRespondingDialog@COleMessageFilter@@UAEHPAUHTASK__@@@Z 00470cfe f   nafxcw:olemsgf.obj
 0001:0006fd1c       __unwindfunclet$?MessagePending@XMessageFilter@COleMessageFilter@@UAGKPAUHTASK__@@KK@Z$0 00470d1c f   nafxcw:olemsgf.obj
 0001:0006fd24       __ehhandler$?MessagePending@XMessageFilter@COleMessageFilter@@UAGKPAUHTASK__@@KK@Z 00470d24 f   nafxcw:olemsgf.obj
 0001:0006fd3f       __ehhandler$?CallUnexpected@@YAXPBU_s_ESTypeList@@@Z 00470d3f f   libcmt:frame.obj
 0001:0006fd5a       __unwindfunclet$?_Xlen@_String_base@std@@SAXXZ$0 00470d5a f   libcpmt:string.obj
 0001:0006fd5a       __unwindfunclet$?_Xran@_String_base@std@@SAXXZ$0 00470d5a f   libcpmt:string.obj
 0001:0006fd62       __ehhandler$?_Xlen@_String_base@std@@SAXXZ 00470d62 f   libcpmt:string.obj
 0001:0006fd62       __ehhandler$?_Xran@_String_base@std@@SAXXZ 00470d62 f   libcpmt:string.obj
 0001:0006fd80       ??__EtheApp@@YAXXZ         00470d80 f   down_client.obj
 0001:0006fda0       ??__EvtMissing@@YAXXZ      00470da0 f   comsuppw:comutil.obj
 0001:0006fdac       ??__E_simpleMemoryException@@YAXXZ 00470dac f   nafxcw:except.obj
 0001:0006fdb8       ??__E_simpleNotSupportedException@@YAXXZ 00470db8 f   nafxcw:except.obj
 0001:0006fdc4       ??__E_simpleInvalidArgException@@YAXXZ 00470dc4 f   nafxcw:except.obj
 0001:0006fdd0       ??__E_afxOccManager@@YAXXZ 00470dd0 f   nafxcw:occmgr.obj
 0001:0006fddc       ??__E_afxControlFactoryMgr@@YAXXZ 00470ddc f   nafxcw:occmgr.obj
 0001:0006fde8       ??__E_afxHtmlHelpState@@YAXXZ 00470de8 f   nafxcw:wincore.obj
 0001:0006fdf4       ??__E?m_nMsgDragList@CWnd@@1IB@@YAXXZ 00470df4 f   nafxcw:wincore.obj
 0001:0006fe05       ??__E?wndTop@CWnd@@2V1@B@@YAXXZ 00470e05 f   nafxcw:wincore.obj
 0001:0006fe6d       ??__E?wndBottom@CWnd@@2V1@B@@YAXXZ 00470e6d f   nafxcw:wincore.obj
 0001:0006feda       ??__E?wndTopMost@CWnd@@2V1@B@@YAXXZ 00470eda f   nafxcw:wincore.obj
 0001:0006ff44       ??__E?wndNoTopMost@CWnd@@2V1@B@@YAXXZ 00470f44 f   nafxcw:wincore.obj
 0001:0006ffb1       ??__E_afxThreadState@@YAXXZ 00470fb1 f   nafxcw:afxstate.obj
 0001:0006ffbd       ??__E_afxBaseModuleState@@YAXXZ 00470fbd f   nafxcw:afxstate.obj
 0001:0006ffc9       ??__EafxStringManager@@YAXXZ 00470fc9 f   nafxcw:strcore.obj
 0001:0006ffd3       ??__E_simpleResourceException@@YAXXZ 00470fd3 f   nafxcw:wingdi.obj
 0001:0007000d       ??__E_simpleUserException@@YAXXZ 0047100d f   nafxcw:wingdi.obj
 0001:00070047       ??__E_init_CStringArray@@YAXXZ 00471047 f   nafxcw:array_s.obj
 0001:00070052       ??__EafxData@@YAXXZ        00471052 f   nafxcw:auxdata.obj
 0001:00070068       ??__E_afxDBCS@@YAXXZ       00471068 f   nafxcw:afxdbcs.obj
 0001:00070073       ??__E_afxMsgMouseWheel@@YAXXZ 00471073 f   nafxcw:winfrm.obj
 0001:000700b8       ??__E_init_CByteArray@@YAXXZ 004710b8 f   nafxcw:array_b.obj
 0001:000700c3       ??__E_oleData@@YAXXZ       004710c3 f   nafxcw:oleinit.obj
 0001:000700cd       ??__E_init_CObArray@@YAXXZ 004710cd f   nafxcw:array_o.obj
 0001:000700d8       ??__E_afxOleState@@YAXXZ   004710d8 f   nafxcw:oledata.obj
 0001:000700e4       ??__E_AtlBaseModule@ATL@@YAXXZ 004710e4 f   atls:atlbase.obj
 0001:000700fa       ??__E_AtlWinModule@ATL@@YAXXZ 004710fa f   atls:atlbase.obj
 0001:00070110       ??__E_afxInitAppState@@YAXXZ 00471110 f   nafxcw:appmodul.obj
 0001:00070130       ??__FtheApp@@YAXXZ         00471130 f   down_client.obj
 0001:00070140       ??__FvtMissing@@YAXXZ      00471140 f   comsuppw:comutil.obj
 0001:0007014c       ??__F_simpleMemoryException@@YAXXZ 0047114c f   nafxcw:except.obj
 0001:00070157       ??__F_simpleNotSupportedException@@YAXXZ 00471157 f   nafxcw:except.obj
 0001:00070162       ??__F_simpleInvalidArgException@@YAXXZ 00471162 f   nafxcw:except.obj
 0001:0007016d       ??__F_afxOccManager@@YAXXZ 0047116d f   nafxcw:occmgr.obj
 0001:00070177       ??__F_afxControlFactoryMgr@@YAXXZ 00471177 f   nafxcw:occmgr.obj
 0001:00070181       ??__F_afxHtmlHelpState@@YAXXZ 00471181 f   nafxcw:wincore.obj
 0001:0007018b       ??__F?wndTop@CWnd@@2V1@B@@YAXXZ 0047118b f   nafxcw:wincore.obj
 0001:00070195       ??__F?wndBottom@CWnd@@2V1@B@@YAXXZ 00471195 f   nafxcw:wincore.obj
 0001:0007019f       ??__F?wndTopMost@CWnd@@2V1@B@@YAXXZ 0047119f f   nafxcw:wincore.obj
 0001:000701a9       ??__F?wndNoTopMost@CWnd@@2V1@B@@YAXXZ 004711a9 f   nafxcw:wincore.obj
 0001:000701b3       ??__F_afxThreadState@@YAXXZ 004711b3 f   nafxcw:afxstate.obj
 0001:000701bd       ??__F_afxBaseModuleState@@YAXXZ 004711bd f   nafxcw:afxstate.obj
 0001:000701c7       ??__F_simpleResourceException@@YAXXZ 004711c7 f   nafxcw:wingdi.obj
 0001:000701d2       ??__F_simpleUserException@@YAXXZ 004711d2 f   nafxcw:wingdi.obj
 0001:000701dd       ??__FafxData@@YAXXZ        004711dd f   nafxcw:auxdata.obj
 0001:000701e7       ??__F_afxOleState@@YAXXZ   004711e7 f   nafxcw:oledata.obj
 0001:000701f1       ??__F_AtlBaseModule@ATL@@YAXXZ 004711f1 f   atls:atlbase.obj
 0001:000701fb       ??__F_AtlWinModule@ATL@@YAXXZ 004711fb f   atls:atlbase.obj
