 FilerunUp

 Timestamp is 5dd3aea1 (Tue Nov 19 17:58:09 2019)

 Preferred load address is 00400000

 Start         Length     Name                   Class
 0001:00000000 00072fd1H .text                   CODE
 0001:00072fe0 0000485dH .text$x                 CODE
 0001:00077840 00000411H .text$yc                CODE
 0001:00077c60 000000fdH .text$yd                CODE
 0002:00000000 000007a0H .idata$5                DATA
 0002:000007a0 00000004H .CRT$XCA                DATA
 0002:000007a4 00000018H .CRT$XCC                DATA
 0002:000007bc 00000010H .CRT$XCL                DATA
 0002:000007cc 00000064H .CRT$XCU                DATA
 0002:00000830 00000004H .CRT$XCZ                DATA
 0002:00000834 00000004H .CRT$XIA                DATA
 0002:00000838 00000014H .CRT$XIC                DATA
 0002:0000084c 00000004H .CRT$XIY                DATA
 0002:00000850 00000004H .CRT$XIZ                DATA
 0002:00000854 00000004H .CRT$XPA                DATA
 0002:00000858 00000004H .CRT$XPX                DATA
 0002:0000085c 00000004H .CRT$XPXA               DATA
 0002:00000860 00000004H .CRT$XPZ                DATA
 0002:00000864 00000004H .CRT$XTA                DATA
 0002:00000868 00000004H .CRT$XTZ                DATA
 0002:00000870 0000f100H .rdata                  DATA
 0002:0000f970 00000057H .rdata$debug            DATA
 0002:0000f9c8 00003c00H .rdata$r                DATA
 0002:000135d0 00000598H .rdata$sxdata           DATA
 0002:00013b68 00000004H .rtc$IAA                DATA
 0002:00013b6c 00000004H .rtc$IZZ                DATA
 0002:00013b70 00000004H .rtc$TAA                DATA
 0002:00013b74 00000004H .rtc$TZZ                DATA
 0002:00013b78 00006d44H .xdata$x                DATA
 0002:0001a8bc 00000000H ATL$__a                 DATA
 0002:0001a8bc 00000000H ATL$__z                 DATA
 0002:0001a8bc 00000020H .didat$2                DATA
 0002:0001a8dc 00000020H .didat$3                DATA
 0002:0001a8fc 00000010H .didat$4                DATA
 0002:0001a90c 0000004eH .didat$6                DATA
 0002:0001a95c 00000010H .didat$7                DATA
 0002:0001a96c 00000118H .idata$2                DATA
 0002:0001aa84 00000014H .idata$3                DATA
 0002:0001aa98 000007a0H .idata$4                DATA
 0002:0001b238 00001e62H .idata$6                DATA
 0002:0001d09a 00000000H .edata                  DATA
 0003:00000000 00003828H .data                   DATA
 0003:00003828 00000010H .didat$5                DATA
 0003:00003840 00003d64H .bss                    DATA
 0004:00000000 00001780H .rsrc$01                DATA
 0004:00001780 0020ca68H .rsrc$02                DATA

  Address         Publics by Value              Rva+Base       Lib:Object

 0000:00000000       __except_list              00000000     <absolute>
 0000:00000166       ___safe_se_handler_count   00000166     <absolute>
 0000:00000000       ___ImageBase               00400000     <linker-defined>
 0001:00000000       ??0CSkinHeaderCtrl@@QAE@XZ 00401000 f   SkinListCtrl.obj
 0001:00000090       ??1CSkinHeaderCtrl@@UAE@XZ 00401090 f   SkinListCtrl.obj
 0001:000000f0       ?GetMessageMap@CSkinHeaderCtrl@@MBEPBUAFX_MSGMAP@@XZ 004010f0 f   SkinListCtrl.obj
 0001:00000100       ?GetThisMessageMap@CSkinHeaderCtrl@@KGPBUAFX_MSGMAP@@XZ 00401100 f   SkinListCtrl.obj
 0001:00000110       ?SetColors@CSkinHeaderCtrl@@QAEXKK@Z 00401110 f   SkinListCtrl.obj
 0001:000001d0       ?OnCustomDraw@CSkinHeaderCtrl@@IAEXPAUtagNMHDR@@PAJ@Z 004011d0 f   SkinListCtrl.obj
 0001:000005d0       ?InitHeaderImage@CSkinHeaderCtrl@@QAEXXZ 004015d0 f   SkinListCtrl.obj
 0001:00000600       ??0CSkinListCtrl@@QAE@XZ   00401600 f   SkinListCtrl.obj
 0001:00000730       ??1CSkinListCtrl@@UAE@XZ   00401730 f   SkinListCtrl.obj
 0001:00000790       ?GetMessageMap@CSkinListCtrl@@MBEPBUAFX_MSGMAP@@XZ 00401790 f   SkinListCtrl.obj
 0001:000007a0       ?GetThisMessageMap@CSkinListCtrl@@KGPBUAFX_MSGMAP@@XZ 004017a0 f   SkinListCtrl.obj
 0001:000007b0       ?PreSubclassWindow@CSkinListCtrl@@MAEXXZ 004017b0 f   SkinListCtrl.obj
 0001:000008a0       ?SetListColor@CSkinListCtrl@@QAEXKKKKKKKKKKK@Z 004018a0 f   SkinListCtrl.obj
 0001:00000940       ?SetHeaderColors@CSkinListCtrl@@QAEXKK@Z 00401940 f   SkinListCtrl.obj
 0001:00000960       ?OnPaint@CSkinListCtrl@@IAEXXZ 00401960 f   SkinListCtrl.obj
 0001:00000980       ?OnCustomDraw@CSkinListCtrl@@MAEXPAUtagNMHDR@@PAJ@Z 00401980 f   SkinListCtrl.obj
 0001:00001630       ?GetCellRect@CSkinListCtrl@@QAEHHHHAAVCRect@@@Z 00402630 f   SkinListCtrl.obj
 0001:000016f0       ?OnDestroy@CSkinListCtrl@@IAEXXZ 004026f0 f   SkinListCtrl.obj
 0001:00001710       ?SetToolTips@CSkinListCtrl@@QAEXH@Z 00402710 f   SkinListCtrl.obj
 0001:00001730       ?OnToolHitTest@CSkinListCtrl@@UBEHVCPoint@@PAUtagTOOLINFOA@@@Z 00402730 f   SkinListCtrl.obj
 0001:000017e0       ?OnToolTipText@CSkinListCtrl@@IAEHIPAUtagNMHDR@@PAJ@Z 004027e0 f   SkinListCtrl.obj
 0001:00001960       ?GetRowFromPoint@CSkinListCtrl@@IBEHAAVCPoint@@PAVCRect@@PAH@Z 00402960 f   SkinListCtrl.obj
 0001:00001ad0       ?OnNotify@CSkinListCtrl@@MAEHIJPAJ@Z 00402ad0 f   SkinListCtrl.obj
 0001:00001b00       ??_GCSkinHeaderCtrl@@UAEPAXI@Z 00402b00 f i SkinListCtrl.obj
 0001:00001b00       ??_ECSkinHeaderCtrl@@UAEPAXI@Z 00402b00 f i SkinListCtrl.obj
 0001:00001b30       ??_GCSkinListCtrl@@UAEPAXI@Z 00402b30 f i SkinListCtrl.obj
 0001:00001b30       ??_ECSkinListCtrl@@UAEPAXI@Z 00402b30 f i SkinListCtrl.obj
 0001:00001b60       ??_9CSkinListCtrl@@$BBDI@AE 00402b60 f i SkinListCtrl.obj
 0001:00001b70       ?_mbstowcsz@ATL@@YAHPA_WPBDK@Z 00402b70 f i SkinListCtrl.obj
 0001:00001c00       ?_AtlGetConversionACP@ATL@@YGIXZ 00402c00 f i SkinListCtrl.obj
 0001:00001c10       ?AtlThrowImpl@ATL@@YGXJ@Z  00402c10 f i SkinListCtrl.obj
 0001:00001c30       ?_AtlVerifyStackAvailable@_ATL_SAFE_ALLOCA_IMPL@ATL@@YA_NK@Z 00402c30 f i SkinListCtrl.obj
 0001:00001d10       ?AfxCrtErrorCheck@@YAHH@Z  00402d10 f i SkinListCtrl.obj
 0001:00001dc0       ??0CPoint@@QAE@HH@Z        00402dc0 f i SkinListCtrl.obj
 0001:00001df0       ??0CRect@@QAE@HHHH@Z       00402df0 f i SkinListCtrl.obj
 0001:00001e30       ??0CRect@@QAE@ABUtagRECT@@@Z 00402e30 f i SkinListCtrl.obj
 0001:00001e50       ?Width@CRect@@QBEHXZ       00402e50 f i SkinListCtrl.obj
 0001:00001e70       ?PtInRect@CRect@@QBEHUtagPOINT@@@Z 00402e70 f i SkinListCtrl.obj
 0001:00001e90       ?DeflateRect@CRect@@QAEXHH@Z 00402e90 f i SkinListCtrl.obj
 0001:00001ec0       ?DeflateRect@CRect@@QAEXHHHH@Z 00402ec0 f i SkinListCtrl.obj
 0001:00001f10       ??3CObject@@SGXPAX@Z       00402f10 f i SkinListCtrl.obj
 0001:00001f30       ?AfxGetInstanceHandle@@YGPAUHINSTANCE__@@XZ 00402f30 f i SkinListCtrl.obj
 0001:00001f40       ??0CPen@@QAE@XZ            00402f40 f i SkinListCtrl.obj
 0001:00001f60       ??0CGdiObject@@QAE@XZ      00402f60 f i SkinListCtrl.obj
 0001:00001f90       ??_ECGdiObject@@UAEPAXI@Z  00402f90 f i SkinListCtrl.obj
 0001:00001f90       ??_GCGdiObject@@UAEPAXI@Z  00402f90 f i SkinListCtrl.obj
 0001:00001fc0       ??1CGdiObject@@UAE@XZ      00402fc0 f i SkinListCtrl.obj
 0001:00002160       ??1CObject@@UAE@XZ         00403160 f i SkinListCtrl.obj
 0001:00002170       ??_ECPen@@UAEPAXI@Z        00403170 f i SkinListCtrl.obj
 0001:00002170       ??_GCPen@@UAEPAXI@Z        00403170 f i SkinListCtrl.obj
 0001:000021a0       ??1CPen@@UAE@XZ            004031a0 f i SkinListCtrl.obj
 0001:000021c0       ?CreatePen@CPen@@QAEHHHK@Z 004031c0 f i SkinListCtrl.obj
 0001:000021f0       ??0CBrush@@QAE@XZ          004031f0 f i SkinListCtrl.obj
 0001:00002210       ??_ECBrush@@UAEPAXI@Z      00403210 f i SkinListCtrl.obj
 0001:00002210       ??_GCBrush@@UAEPAXI@Z      00403210 f i SkinListCtrl.obj
 0001:00002240       ??1CBrush@@UAE@XZ          00403240 f i SkinListCtrl.obj
 0001:00002260       ?CreateSolidBrush@CBrush@@QAEHK@Z 00403260 f i SkinListCtrl.obj
 0001:00002280       ??0CBitmap@@QAE@XZ         00403280 f i SkinListCtrl.obj
 0001:000022a0       ??_GCBitmap@@UAEPAXI@Z     004032a0 f i SkinListCtrl.obj
 0001:000022a0       ??_ECBitmap@@UAEPAXI@Z     004032a0 f i SkinListCtrl.obj
 0001:000022d0       ??1CBitmap@@UAE@XZ         004032d0 f i SkinListCtrl.obj
 0001:000022f0       ?LoadBitmapA@CBitmap@@QAEHI@Z 004032f0 f i SkinListCtrl.obj
 0001:00002320       ?AfxGetResourceHandle@@YGPAUHINSTANCE__@@XZ 00403320 f i SkinListCtrl.obj
 0001:00002330       ?GetBitmap@CBitmap@@QAEHPAUtagBITMAP@@@Z 00403330 f i SkinListCtrl.obj
 0001:00002350       ??0CRgn@@QAE@XZ            00403350 f i SkinListCtrl.obj
 0001:00002370       ??_ECRgn@@UAEPAXI@Z        00403370 f i SkinListCtrl.obj
 0001:00002370       ??_GCRgn@@UAEPAXI@Z        00403370 f i SkinListCtrl.obj
 0001:000023a0       ??1CRgn@@UAE@XZ            004033a0 f i SkinListCtrl.obj
 0001:000023c0       ?CreateRectRgnIndirect@CRgn@@QAEHPBUtagRECT@@@Z 004033c0 f i SkinListCtrl.obj
 0001:000023e0       ?SetRectRgn@CRgn@@QAEXPBUtagRECT@@@Z 004033e0 f i SkinListCtrl.obj
 0001:00002420       ?CreateCompatibleDC@CDC@@QAEHPAV1@@Z 00403420 f i SkinListCtrl.obj
 0001:00002450       ?GetDeviceCaps@CDC@@QBEHH@Z 00403450 f i SkinListCtrl.obj
 0001:00002470       ?SelectObject@CDC@@QAEPAVCBitmap@@PAV2@@Z 00403470 f i SkinListCtrl.obj
 0001:000024a0       ?FillRect@CDC@@QAEXPBUtagRECT@@PAVCBrush@@@Z 004034a0 f i SkinListCtrl.obj
 0001:000024d0       ?DrawFocusRect@CDC@@QAEXPBUtagRECT@@@Z 004034d0 f i SkinListCtrl.obj
 0001:000024f0       ?Rectangle@CDC@@QAEHPBUtagRECT@@@Z 004034f0 f i SkinListCtrl.obj
 0001:00002530       ?StretchBlt@CDC@@QAEHHHHHPAV1@HHHHK@Z 00403530 f i SkinListCtrl.obj
 0001:00002580       ?DrawTextA@CDC@@QAEHABV?$CStringT@DV?$StrTraitMFC@DV?$ChTraitsCRT@D@ATL@@@@@ATL@@PAUtagRECT@@I@Z 00403580 f i SkinListCtrl.obj
 0001:000025c0       ?GetTextExtent@CDC@@QBE?AVCSize@@PBDH@Z 004035c0 f i SkinListCtrl.obj
 0001:00002600       ?GetTextExtent@CDC@@QBE?AVCSize@@ABV?$CStringT@DV?$StrTraitMFC@DV?$ChTraitsCRT@D@ATL@@@@@ATL@@@Z 00403600 f i SkinListCtrl.obj
 0001:00002650       ?GetSafeHwnd@CWnd@@QBEPAUHWND__@@XZ 00403650 f i SkinListCtrl.obj
 0001:00002680       ?GetFont@CWnd@@QBEPAVCFont@@XZ 00403680 f i SkinListCtrl.obj
 0001:000026b0       ?FromHandle@CFont@@SGPAV1@PAUHFONT__@@@Z 004036b0 f i SkinListCtrl.obj
 0001:000026c0       ?GetClientRect@CWnd@@QBEXPAUtagRECT@@@Z 004036c0 f i SkinListCtrl.obj
 0001:000026e0       ?Invalidate@CWnd@@QAEXH@Z  004036e0 f i SkinListCtrl.obj
 0001:00002700       ?GetFocus@CWnd@@SGPAV1@XZ  00403700 f i SkinListCtrl.obj
 0001:00002720       ?BeginModalState@CWnd@@UAEXXZ 00403720 f i SkinListCtrl.obj
 0001:00002740       ?EndModalState@CWnd@@UAEXXZ 00403740 f i SkinListCtrl.obj
 0001:00002760       ??0CListCtrl@@QAE@XZ       00403760 f i SkinListCtrl.obj
 0001:00002780       ??_ECListCtrl@@UAEPAXI@Z   00403780 f i SkinListCtrl.obj
 0001:00002780       ??_GCListCtrl@@UAEPAXI@Z   00403780 f i SkinListCtrl.obj
 0001:000027b0       ?GetImageList@CListCtrl@@QBEPAVCImageList@@H@Z 004037b0 f i SkinListCtrl.obj
 0001:000027e0       ?GetItemCount@CListCtrl@@QBEHXZ 004037e0 f i SkinListCtrl.obj
 0001:00002810       ?GetItem@CListCtrl@@QBEHPAUtagLVITEMA@@@Z 00403810 f i SkinListCtrl.obj
 0001:00002840       ?GetColumn@CListCtrl@@QBEHHPAUtagLVCOLUMNA@@@Z 00403840 f i SkinListCtrl.obj
 0001:00002870       ?GetColumnWidth@CListCtrl@@QBEHH@Z 00403870 f i SkinListCtrl.obj
 0001:000028a0       ?GetTopIndex@CListCtrl@@QBEHXZ 004038a0 f i SkinListCtrl.obj
 0001:000028d0       ?GetCountPerPage@CListCtrl@@QBEHXZ 004038d0 f i SkinListCtrl.obj
 0001:00002900       ?GetItemState@CListCtrl@@QBEIHI@Z 00403900 f i SkinListCtrl.obj
 0001:00002930       ??0CHeaderCtrl@@QAE@XZ     00403930 f i SkinListCtrl.obj
 0001:00002950       ??_ECHeaderCtrl@@UAEPAXI@Z 00403950 f i SkinListCtrl.obj
 0001:00002950       ??_GCHeaderCtrl@@UAEPAXI@Z 00403950 f i SkinListCtrl.obj
 0001:00002980       ?GetItemCount@CHeaderCtrl@@QBEHXZ 00403980 f i SkinListCtrl.obj
 0001:000029b0       ?GetItem@CHeaderCtrl@@QBEHHPAU_HD_ITEMA@@@Z 004039b0 f i SkinListCtrl.obj
 0001:000029e0       ?Draw@CImageList@@QAEHPAVCDC@@HUtagPOINT@@I@Z 004039e0 f i SkinListCtrl.obj
 0001:00002a20       ?AfxImageList_Draw@@YGHPAU_IMAGELIST@@HPAUHDC__@@HHI@Z 00403a20 f i SkinListCtrl.obj
 0001:00002a50       ?_ImageList_Draw@CComCtlWrapper@@QAEHPAU_IMAGELIST@@HPAUHDC__@@HHI@Z 00403a50 f i SkinListCtrl.obj
 0001:00002b90       ?GetProcAddress_ImageList_Draw@CComCtlWrapper@@QAE?AUImageList_Draw_Type@1@XZ 00403b90 f i SkinListCtrl.obj
 0001:00002be0       ?GetModuleHandleA@CDllIsolationWrapperBase@@QAEPAUHINSTANCE__@@XZ 00403be0 f i SkinListCtrl.obj
 0001:00002c50       ??4ImageList_Draw_Type@CComCtlWrapper@@QAEXP6GHPAU_IMAGELIST@@HPAUHDC__@@HHI@Z@Z 00403c50 f i SkinListCtrl.obj
 0001:00002c70       ?Allocate@CCRTAllocator@ATL@@SAPAXI@Z 00403c70 f i SkinListCtrl.obj
 0001:00002c90       ?Free@CCRTAllocator@ATL@@SAXPAX@Z 00403c90 f i SkinListCtrl.obj
 0001:00002cb0       ??1?$CTempBuffer@D$0IA@VCCRTAllocator@ATL@@@ATL@@QAE@XZ 00403cb0 f i SkinListCtrl.obj
 0001:00002cd0       ?Allocate@?$CTempBuffer@D$0IA@VCCRTAllocator@ATL@@@ATL@@QAEPADI@Z 00403cd0 f i SkinListCtrl.obj
 0001:00002d00       ??0?$CStringT@DV?$StrTraitMFC@DV?$ChTraitsCRT@D@ATL@@@@@ATL@@QAE@XZ 00403d00 f i SkinListCtrl.obj
 0001:00002d20       ??0?$CStringT@DV?$StrTraitMFC@DV?$ChTraitsCRT@D@ATL@@@@@ATL@@QAE@PBD@Z 00403d20 f i SkinListCtrl.obj
 0001:00002da0       ??1?$CStringT@DV?$StrTraitMFC@DV?$ChTraitsCRT@D@ATL@@@@@ATL@@QAE@XZ 00403da0 f i SkinListCtrl.obj
 0001:00002dc0       ??4?$CStringT@DV?$StrTraitMFC@DV?$ChTraitsCRT@D@ATL@@@@@ATL@@QAEAAV01@ABV01@@Z 00403dc0 f i SkinListCtrl.obj
 0001:00002de0       ??4?$CStringT@DV?$StrTraitMFC@DV?$ChTraitsCRT@D@ATL@@@@@ATL@@QAEAAV01@PBD@Z 00403de0 f i SkinListCtrl.obj
 0001:00002e00       ?GetLength@?$CSimpleStringT@D$0A@@ATL@@QBEHXZ 00403e00 f i SkinListCtrl.obj
 0001:00002e20       ?AllocateBytes@?$CTempBuffer@D$0IA@VCCRTAllocator@ATL@@@ATL@@QAEPADI@Z 00403e20 f i SkinListCtrl.obj
 0001:00002e60       ?FreeHeap@?$CTempBuffer@D$0IA@VCCRTAllocator@ATL@@@ATL@@AAEXXZ 00403e60 f i SkinListCtrl.obj
 0001:00002e80       ?CheckImplicitLoad@?$CStringT@DV?$StrTraitMFC@DV?$ChTraitsCRT@D@ATL@@@@@ATL@@AAE_NPBX@Z 00403e80 f i SkinListCtrl.obj
 0001:00002ed0       ?LoadStringA@?$CStringT@DV?$StrTraitMFC@DV?$ChTraitsCRT@D@ATL@@@@@ATL@@QAEHI@Z 00403ed0 f i SkinListCtrl.obj
 0001:00002f10       ?LoadStringA@?$CStringT@DV?$StrTraitMFC@DV?$ChTraitsCRT@D@ATL@@@@@ATL@@QAEHPAUHINSTANCE__@@I@Z 00403f10 f i SkinListCtrl.obj
 0001:00002fa0       ?AtlGetStringResourceImage@ATL@@YAPBUATLSTRINGRESOURCEIMAGE@1@PAUHINSTANCE__@@I@Z 00403fa0 f i SkinListCtrl.obj
 0001:00002ff0       ?_AtlGetStringResourceImage@ATL@@YAPBUATLSTRINGRESOURCEIMAGE@1@PAUHINSTANCE__@@PAUHRSRC__@@I@Z 00403ff0 f i SkinListCtrl.obj
 0001:000030a0       ?GetBuffer@?$CSimpleStringT@D$0A@@ATL@@QAEPADH@Z 004040a0 f i SkinListCtrl.obj
 0001:000030c0       ??0?$CSimpleStringT@D$0A@@ATL@@QAE@PAUIAtlStringMgr@1@@Z 004040c0 f i SkinListCtrl.obj
 0001:00003110       ??1?$CSimpleStringT@D$0A@@ATL@@QAE@XZ 00404110 f i SkinListCtrl.obj
 0001:00003130       ?Release@CStringData@ATL@@QAEXXZ 00404130 f i SkinListCtrl.obj
 0001:00003170       ??4?$CSimpleStringT@D$0A@@ATL@@QAEAAV01@ABV01@@Z 00404170 f i SkinListCtrl.obj
 0001:00003200       ?IsLocked@CStringData@ATL@@QBE_NXZ 00404200 f i SkinListCtrl.obj
 0001:00003220       ??4?$CSimpleStringT@D$0A@@ATL@@QAEAAV01@PBD@Z 00404220 f i SkinListCtrl.obj
 0001:00003240       ?ReleaseBufferSetLength@?$CSimpleStringT@D$0A@@ATL@@QAEXH@Z 00404240 f i SkinListCtrl.obj
 0001:00003260       ?Attach@?$CSimpleStringT@D$0A@@ATL@@AAEXPAUCStringData@2@@Z 00404260 f i SkinListCtrl.obj
 0001:00003280       ?data@CStringData@ATL@@QAEPAXXZ 00404280 f i SkinListCtrl.obj
 0001:000032a0       ?GetData@?$CSimpleStringT@D$0A@@ATL@@ABEPAUCStringData@2@XZ 004042a0 f i SkinListCtrl.obj
 0001:000032c0       ?PrepareWrite@?$CSimpleStringT@D$0A@@ATL@@AAEPADH@Z 004042c0 f i SkinListCtrl.obj
 0001:00003310       ?SetLength@?$CSimpleStringT@D$0A@@ATL@@AAEXH@Z 00404310 f i SkinListCtrl.obj
 0001:00003360       ?FindStringResourceInstance@?$StrTraitMFC@DV?$ChTraitsCRT@D@ATL@@@@SAPAUHINSTANCE__@@I@Z 00404360 f i SkinListCtrl.obj
 0001:00003370       ?GetDefaultManager@?$StrTraitMFC@DV?$ChTraitsCRT@D@ATL@@@@SAPAUIAtlStringMgr@ATL@@XZ 00404370 f i SkinListCtrl.obj
 0001:00003380       ?GetBaseTypeLength@?$ChTraitsCRT@D@ATL@@SAHPB_WH@Z 00404380 f i SkinListCtrl.obj
 0001:000033b0       ?ConvertToBaseType@?$ChTraitsCRT@D@ATL@@SAXPADHPB_WH@Z 004043b0 f i SkinListCtrl.obj
 0001:000033e0       ?AllocateHeap@?$CTempBuffer@D$0IA@VCCRTAllocator@ATL@@@ATL@@AAEXI@Z 004043e0 f i SkinListCtrl.obj
 0001:00003420       ?SetString@?$CSimpleStringT@D$0A@@ATL@@QAEXPBD@Z 00404420 f i SkinListCtrl.obj
 0001:00003450       ?StringLength@?$CSimpleStringT@D$0A@@ATL@@SAHPBD@Z 00404450 f i SkinListCtrl.obj
 0001:00003470       ?SetString@?$CSimpleStringT@D$0A@@ATL@@QAEXPBDH@Z 00404470 f i SkinListCtrl.obj
 0001:00003520       ?Empty@?$CSimpleStringT@D$0A@@ATL@@QAEXXZ 00404520 f i SkinListCtrl.obj
 0001:00003590       ?CopyChars@?$CSimpleStringT@D$0A@@ATL@@SAXPADIPBDH@Z 00404590 f i SkinListCtrl.obj
 0001:000035b0       ?PrepareWrite2@?$CSimpleStringT@D$0A@@ATL@@AAEXH@Z 004045b0 f i SkinListCtrl.obj
 0001:00003650       ?IsShared@CStringData@ATL@@QBE_NXZ 00404650 f i SkinListCtrl.obj
 0001:00003670       ?Fork@?$CSimpleStringT@D$0A@@ATL@@AAEXH@Z 00404670 f i SkinListCtrl.obj
 0001:00003730       ?ThrowMemoryException@?$CSimpleStringT@D$0A@@ATL@@KAXXZ 00404730 f i SkinListCtrl.obj
 0001:00003740       ?CloneData@?$CSimpleStringT@D$0A@@ATL@@CAPAUCStringData@2@PAU32@@Z 00404740 f i SkinListCtrl.obj
 0001:000037f0       ?AddRef@CStringData@ATL@@QAEXXZ 004047f0 f i SkinListCtrl.obj
 0001:00003810       ?CopyCharsOverlapped@?$CSimpleStringT@D$0A@@ATL@@SAXPADIPBDH@Z 00404810 f i SkinListCtrl.obj
 0001:00003830       ?Reallocate@?$CSimpleStringT@D$0A@@ATL@@AAEXH@Z 00404830 f i SkinListCtrl.obj
 0001:000038a0       ??$AtlAdd@K@ATL@@YAJPAKKK@Z 004048a0 f i SkinListCtrl.obj
 0001:000038d0       ?Format@?$CStringT@DV?$StrTraitMFC@DV?$ChTraitsCRT@D@ATL@@@@@ATL@@QAAXPBDZZ 004048d0 f i SkinListCtrl.obj
 0001:00003900       ?FormatV@?$CStringT@DV?$StrTraitMFC@DV?$ChTraitsCRT@D@ATL@@@@@ATL@@QAEXPBDPAD@Z 00404900 f i SkinListCtrl.obj
 0001:00003970       ?GetFormattedLength@?$ChTraitsCRT@D@ATL@@SAHPBDPAD@Z 00404970 f i SkinListCtrl.obj
 0001:00003990       ?Format@?$ChTraitsCRT@D@ATL@@SAHPADIPBD0@Z 00404990 f i SkinListCtrl.obj
 0001:000039b0       ??$AtlMultiplyThrow@I@ATL@@YAIII@Z 004049b0 f i SkinListCtrl.obj
 0001:000039f0       ??$AtlMultiply@I@ATL@@YAJPAIII@Z 004049f0 f i SkinListCtrl.obj
 0001:00003a30       ?GetMessageMap@up_client@@MBEPBUAFX_MSGMAP@@XZ 00404a30 f   up_client.obj
 0001:00003a40       ?GetThisMessageMap@up_client@@KGPBUAFX_MSGMAP@@XZ 00404a40 f   up_client.obj
 0001:00003a50       ??0up_client@@QAE@XZ       00404a50 f   up_client.obj
 0001:00003a80       ?InitInstance@up_client@@UAEHXZ 00404a80 f   up_client.obj
 0001:00003bc0       ??_Eup_client@@UAEPAXI@Z   00404bc0 f i up_client.obj
 0001:00003bc0       ??_Gup_client@@UAEPAXI@Z   00404bc0 f i up_client.obj
 0001:00003bf0       ??1up_client@@UAE@XZ       00404bf0 f i up_client.obj
 0001:00003c10       ??0id@locale@std@@QAE@I@Z  00404c10 f i up_client.obj
 0001:00003c30       ??0FtpClient@@QAE@XZ       00404c30 f   FtpClient.obj
 0001:00003ce0       ??1FtpClient@@QAE@XZ       00404ce0 f   FtpClient.obj
 0001:00003d60       ?DisConnect@FtpClient@@QAEXXZ 00404d60 f   FtpClient.obj
 0001:00003d80       ?UpLoad@FtpClient@@QAE_NPAD0_J@Z 00404d80 f   FtpClient.obj
 0001:00004080       ?FileCheckOpen@FtpClient@@QAE_NXZ 00405080 f   FtpClient.obj
 0001:000041a0       ?FileTrans@FtpClient@@QAEXXZ 004051a0 f   FtpClient.obj
 0001:000045e0       ?UpLoadTrick@FtpClient@@QAE_NPAD_J1@Z 004055e0 f   FtpClient.obj
 0001:00004660       ?FileTransTrick@FtpClient@@QAEXXZ 00405660 f   FtpClient.obj
 0001:00004c90       ?ProcFileTrans@@YGIPAX@Z   00405c90 f   FtpClient.obj
 0001:00004cc0       ?ProcFileTransTrick@@YGIPAX@Z 00405cc0 f   FtpClient.obj
 0001:00004cf0       ?Find@?$CStringT@DV?$StrTraitMFC@DV?$ChTraitsCRT@D@ATL@@@@@ATL@@QBEHPBDH@Z 00405cf0 f i FtpClient.obj
 0001:00004d70       ?ReverseFind@?$CStringT@DV?$StrTraitMFC@DV?$ChTraitsCRT@D@ATL@@@@@ATL@@QBEHD@Z 00405d70 f i FtpClient.obj
 0001:00004dc0       ?Right@?$CStringT@DV?$StrTraitMFC@DV?$ChTraitsCRT@D@ATL@@@@@ATL@@QBE?AV12@H@Z 00405dc0 f i FtpClient.obj
 0001:00004e40       ?Left@?$CStringT@DV?$StrTraitMFC@DV?$ChTraitsCRT@D@ATL@@@@@ATL@@QBE?AV12@H@Z 00405e40 f i FtpClient.obj
 0001:00004ec0       ?SetAt@?$CSimpleStringT@D$0A@@ATL@@QAEXHD@Z 00405ec0 f i FtpClient.obj
 0001:00004f20       ??0?$CStringT@DV?$StrTraitMFC@DV?$ChTraitsCRT@D@ATL@@@@@ATL@@QAE@PBDHPAUIAtlStringMgr@1@@Z 00405f20 f i FtpClient.obj
 0001:00004f50       ?GetManager@?$CStringT@DV?$StrTraitMFC@DV?$ChTraitsCRT@D@ATL@@@@@ATL@@QBEPAUIAtlStringMgr@2@XZ 00405f50 f i FtpClient.obj
 0001:00004f90       ?StringFindString@?$ChTraitsCRT@D@ATL@@SAPBDPBD0@Z 00405f90 f i FtpClient.obj
 0001:00004fb0       ?StringFindCharRev@?$ChTraitsCRT@D@ATL@@SAPBDPBDD@Z 00405fb0 f i FtpClient.obj
 0001:00004fd0       ??0?$CSimpleStringT@D$0A@@ATL@@QAE@PBDHPAUIAtlStringMgr@1@@Z 00405fd0 f i FtpClient.obj
 0001:00005070       ?GetManager@?$CSimpleStringT@D$0A@@ATL@@QBEPAUIAtlStringMgr@2@XZ 00406070 f i FtpClient.obj
 0001:000050b0       ??0?$CStringT@DV?$StrTraitMFC@DV?$ChTraitsCRT@D@ATL@@@@@ATL@@QAE@ABV01@@Z 004060b0 f i FtpClient.obj
 0001:000050d0       ?GetBuffer@?$CSimpleStringT@D$0A@@ATL@@QAEPADXZ 004060d0 f i FtpClient.obj
 0001:00005110       ??0?$CSimpleStringT@D$0A@@ATL@@QAE@ABV01@@Z 00406110 f i FtpClient.obj
 0001:00005150       ??0NetworkController@@QAE@XZ 00406150 f   NetworkController.obj
 0001:00005470       ??1NetworkController@@QAE@XZ 00406470 f   NetworkController.obj
 0001:00005670       ?PrepareResponse@NetworkController@@QAEXK@Z 00406670 f   NetworkController.obj
 0001:00005a90       ?RecvData@NetworkController@@UAEXPAVPacket@@@Z 00406a90 f   NetworkController.obj
 0001:00005aa0       ?GetMessageSize@NetworkController@@QAEKPBDKK@Z 00406aa0 f   NetworkController.obj
 0001:00005b20       ?MMSocketCreate@NetworkController@@QAEHXZ 00406b20 f   NetworkController.obj
 0001:00005ba0       ?MMSocketConnectTCP@NetworkController@@QAEHXZ 00406ba0 f   NetworkController.obj
 0001:00005ca0       ?MMSocketClose@NetworkController@@QAEXXZ 00406ca0 f   NetworkController.obj
 0001:00005d90       ?MMServerFree@NetworkController@@QAEXXZ 00406d90 f   NetworkController.obj
 0001:00005e30       ?MMCreateThreadPool@NetworkController@@QAEHI@Z 00406e30 f   NetworkController.obj
 0001:00005f30       ?MMForceThreadKill@NetworkController@@QAEXPAX@Z 00406f30 f   NetworkController.obj
 0001:00005f70       ?ProcessingSendThread@NetworkController@@QAEXXZ 00406f70 f   NetworkController.obj
 0001:00006040       ?ProcessingRecvThread@NetworkController@@QAEXXZ 00407040 f   NetworkController.obj
 0001:00006110       ?MMCheckSend@NetworkController@@QAEHPAVPacket@@@Z 00407110 f   NetworkController.obj
 0001:000061c0       ?MMSendPost@NetworkController@@QAEHXZ 004071c0 f   NetworkController.obj
 0001:00006480       ?MMRecvPost@NetworkController@@QAEHXZ 00407480 f   NetworkController.obj
 0001:00006610       ?RecvQueuePut@NetworkController@@QAE_NPAVPacket@@@Z 00407610 f   NetworkController.obj
 0001:000066d0       ?RecvQueueGet@NetworkController@@QAEPAVPacket@@XZ 004076d0 f   NetworkController.obj
 0001:00006740       ?RecvPacketLoop@NetworkController@@QAEXXZ 00407740 f   NetworkController.obj
 0001:00006810       ?ProcRecvTrans@@YGIPAX@Z   00407810 f   NetworkController.obj
 0001:00006830       ?RecvCompletedTCP@@YGXKKPAU_OVERLAPPED@@K@Z 00407830 f   NetworkController.obj
 0001:00006930       ?SendCompletedTCP@@YGXKKPAU_OVERLAPPED@@K@Z 00407930 f   NetworkController.obj
 0001:00006a00       ??_G?$List@PAVPacket@@@@QAEPAXI@Z 00407a00 f i NetworkController.obj
 0001:00006a30       ??0Packet@@QAE@XZ          00407a30 f i NetworkController.obj
 0001:00006a70       ?Pack@Packet@@QAEHFPBDH@Z  00407a70 f i NetworkController.obj
 0001:00006c30       ?Unpack@Packet@@QAEHPBDH@Z 00407c30 f i NetworkController.obj
 0001:00006d90       ?IsValid@Packet@@QAEHXZ    00407d90 f i NetworkController.obj
 0001:00006de0       ??_GPacket@@QAEPAXI@Z      00407de0 f i NetworkController.obj
 0001:00006e10       ??1Packet@@QAE@XZ          00407e10 f i NetworkController.obj
 0001:00006e50       ?GetLength@Packet@@QAEHXZ  00407e50 f i NetworkController.obj
 0001:00006e70       ??0?$List@PAVPacket@@@@QAE@XZ 00407e70 f i NetworkController.obj
 0001:00006f50       ??1?$List@PAVPacket@@@@QAE@XZ 00407f50 f i NetworkController.obj
 0001:00006f90       ?AddTail@?$List@PAVPacket@@@@QAE_NAAPAVPacket@@@Z 00407f90 f i NetworkController.obj
 0001:00006fc0       ?RemoveAt@?$List@PAVPacket@@@@QAE_NH_N@Z 00407fc0 f i NetworkController.obj
 0001:00007030       ?RemoveAll@?$List@PAVPacket@@@@QAE_N_N@Z 00408030 f i NetworkController.obj
 0001:000070f0       ?GetAt2@?$List@PAVPacket@@@@QBEAAPAVPacket@@H@Z 004080f0 f i NetworkController.obj
 0001:00007120       ?InsertBefore@?$List@PAVPacket@@@@QAE_NAAPAVPacket@@PAV?$cnode@PAVPacket@@@@@Z 00408120 f i NetworkController.obj
 0001:000071d0       ?RemoveAt@?$List@PAVPacket@@@@QAE_NPAV?$cnode@PAVPacket@@@@_N@Z 004081d0 f i NetworkController.obj
 0001:00007290       ?GetAt@?$List@PAVPacket@@@@QBEPAV?$cnode@PAVPacket@@@@H@Z 00408290 f i NetworkController.obj
 0001:000072f0       ??0Worker@@QAE@PAVup_window@@@Z 004082f0 f   Worker.obj
 0001:00007350       ??1Worker@@QAE@XZ          00408350 f   Worker.obj
 0001:00007370       ?Init@Worker@@QAE_NPADI@Z  00408370 f   Worker.obj
 0001:000073c0       ?End@Worker@@QAEXXZ        004083c0 f   Worker.obj
 0001:000073f0       ?SendPacket@Worker@@QAEXPAVPacket@@@Z 004083f0 f   Worker.obj
 0001:00007470       ?RecvData@Worker@@UAEXPAVPacket@@@Z 00408470 f   Worker.obj
 0001:00007840       ?Result_Login@Worker@@QAEXPAVPacket@@@Z 00408840 f   Worker.obj
 0001:00007b60       ?Result_UpHash@Worker@@QAEXPAVPacket@@@Z 00408b60 f   Worker.obj
 0001:00007d90       ?Result_UpLoadPre@Worker@@QAEXPAVPacket@@@Z 00408d90 f   Worker.obj
 0001:000083b0       ?Result_UpLoadPro@Worker@@QAEXPAVPacket@@@Z 004093b0 f   Worker.obj
 0001:00008ca0       ?Result_UpLoadEnd@Worker@@QAEXPAVPacket@@@Z 00409ca0 f   Worker.obj
 0001:00008cd0       ?Result_UpLoadContentsComplete@Worker@@QAEXPAVPacket@@@Z 00409cd0 f   Worker.obj
 0001:00008d00       ?Result_Item_Add@Worker@@QAEXPAVPacket@@@Z 00409d00 f   Worker.obj
 0001:00009fa0       ?Result_Dupl_Close@Worker@@QAEXPAVPacket@@@Z 0040afa0 f   Worker.obj
 0001:0000a010       ?SpecialText@Worker@@QAEXAAV?$CStringT@DV?$StrTraitMFC@DV?$ChTraitsCRT@D@ATL@@@@@ATL@@@Z 0040b010 f   Worker.obj
 0001:0000a0b0       ?SlashAdd@Worker@@QAEXAAV?$CStringT@DV?$StrTraitMFC@DV?$ChTraitsCRT@D@ATL@@@@@ATL@@@Z 0040b0b0 f   Worker.obj
 0001:0000a0d0       ?AddComma@Worker@@QAEXAAV?$CStringT@DV?$StrTraitMFC@DV?$ChTraitsCRT@D@ATL@@@@@ATL@@_J@Z 0040b0d0 f   Worker.obj
 0001:0000a170       ?StrToCString@Worker@@QAE?AV?$CStringT@DV?$StrTraitMFC@DV?$ChTraitsCRT@D@ATL@@@@@ATL@@PADH@Z 0040b170 f   Worker.obj
 0001:0000a240       ?Mureka_files_check@Worker@@QAE_NXZ 0040b240 f   Worker.obj
 0001:0000a7f0       ?KTH_OSP_hash_send@Worker@@QAE?AV?$CStringT@DV?$StrTraitMFC@DV?$ChTraitsCRT@D@ATL@@@@@ATL@@PAD_J1@Z 0040b7f0 f   Worker.obj
 0001:0000aa30       ?Viruschecking@Worker@@QAEHV?$CStringT@DV?$StrTraitMFC@DV?$ChTraitsCRT@D@ATL@@@@@ATL@@@Z 0040ba30 f   Worker.obj
 0001:0000acf0       ?GetCode@Packet@@QAEHXZ    0040bcf0 f i Worker.obj
 0001:0000ad10       ?GetData@Packet@@QAEPADXZ  0040bd10 f i Worker.obj
 0001:0000ad30       ??0CToken@@QAE@PAD@Z       0040bd30 f i Worker.obj
 0001:0000ad60       ?Split@CToken@@QAEXPAD@Z   0040bd60 f i Worker.obj
 0001:0000aeb0       ?FindString@CToken@@QAEHPAD0@Z 0040beb0 f i Worker.obj
 0001:0000af10       ?GetToken@CToken@@QAEPADI@Z 0040bf10 f i Worker.obj
 0001:0000af40       ?GetCount@CToken@@QAEIXZ   0040bf40 f i Worker.obj
 0001:0000af60       ?ReleaseAllToken@CToken@@QAEXXZ 0040bf60 f i Worker.obj
 0001:0000afd0       ??_GCToken@@QAEPAXI@Z      0040bfd0 f i Worker.obj
 0001:0000b000       ??1CToken@@QAE@XZ          0040c000 f i Worker.obj
 0001:0000b020       ?Insert@?$CStringT@DV?$StrTraitMFC@DV?$ChTraitsCRT@D@ATL@@@@@ATL@@QAEHHD@Z 0040c020 f i Worker.obj
 0001:0000b0c0       ?memmove_s@Checked@ATL@@YAXPAXIPBXI@Z 0040c0c0 f i Worker.obj
 0001:0000b0f0       ?Replace@?$CStringT@DV?$StrTraitMFC@DV?$ChTraitsCRT@D@ATL@@@@@ATL@@QAEHPBD0@Z 0040c0f0 f i Worker.obj
 0001:0000b2b0       ?memcpy_s@Checked@ATL@@YAXPAXIPBXI@Z 0040c2b0 f i Worker.obj
 0001:0000b2e0       ?Remove@?$CStringT@DV?$StrTraitMFC@DV?$ChTraitsCRT@D@ATL@@@@@ATL@@QAEHD@Z 0040c2e0 f i Worker.obj
 0001:0000b3d0       ?Find@?$CStringT@DV?$StrTraitMFC@DV?$ChTraitsCRT@D@ATL@@@@@ATL@@QBEHDH@Z 0040c3d0 f i Worker.obj
 0001:0000b440       ?TrimRight@?$CStringT@DV?$StrTraitMFC@DV?$ChTraitsCRT@D@ATL@@@@@ATL@@QAEAAV12@XZ 0040c440 f i Worker.obj
 0001:0000b4d0       ?TrimLeft@?$CStringT@DV?$StrTraitMFC@DV?$ChTraitsCRT@D@ATL@@@@@ATL@@QAEAAV12@XZ 0040c4d0 f i Worker.obj
 0001:0000b580       ?Trim@?$CStringT@DV?$StrTraitMFC@DV?$ChTraitsCRT@D@ATL@@@@@ATL@@QAEAAV12@XZ 0040c580 f i Worker.obj
 0001:0000b5a0       ??8ATL@@YA_NABV?$CStringT@DV?$StrTraitMFC@DV?$ChTraitsCRT@D@ATL@@@@@0@PBD@Z 0040c5a0 f i Worker.obj
 0001:0000b5c0       ??A?$CSimpleStringT@D$0A@@ATL@@QBEDH@Z 0040c5c0 f i SelectFolderDialog.obj
 0001:0000b5c0       ?GetAt@?$CSimpleStringT@D$0A@@ATL@@QBEDH@Z 0040c5c0 f i Worker.obj
 0001:0000b600       ?push_back@?$vector@UCONTENTSITEM@@V?$allocator@UCONTENTSITEM@@@std@@@std@@QAEXABUCONTENTSITEM@@@Z 0040c600 f i Worker.obj
 0001:0000b670       ?Compare@?$CStringT@DV?$StrTraitMFC@DV?$ChTraitsCRT@D@ATL@@@@@ATL@@QBEHPBD@Z 0040c670 f i Worker.obj
 0001:0000b6c0       ?AtlIsValidString@ATL@@YAHPBDI@Z 0040c6c0 f i Worker.obj
 0001:0000b6d0       ?Truncate@?$CSimpleStringT@D$0A@@ATL@@QAEXH@Z 0040c6d0 f i Worker.obj
 0001:0000b700       ?CharNextA@?$ChTraitsCRT@D@ATL@@SAPADPBD@Z 0040c700 f i Worker.obj
 0001:0000b720       ?IsSpace@?$ChTraitsCRT@D@ATL@@SAHD@Z 0040c720 f i Worker.obj
 0001:0000b740       ?StringFindString@?$ChTraitsCRT@D@ATL@@SAPADPADPBD@Z 0040c740 f i Worker.obj
 0001:0000b760       ?StringFindChar@?$ChTraitsCRT@D@ATL@@SAPBDPBDD@Z 0040c760 f i Worker.obj
 0001:0000b780       ?SafeStringLen@?$ChTraitsCRT@D@ATL@@SAHPBD@Z 0040c780 f i Worker.obj
 0001:0000b7b0       ?capacity@?$vector@UCONTENTSITEM@@V?$allocator@UCONTENTSITEM@@@std@@@std@@QBEIXZ 0040c7b0 f i Worker.obj
 0001:0000b7f0       ?size@?$vector@UCONTENTSITEM@@V?$allocator@UCONTENTSITEM@@@std@@@std@@QBEIXZ 0040c7f0 f i Worker.obj
 0001:0000b830       ?insert@?$vector@UCONTENTSITEM@@V?$allocator@UCONTENTSITEM@@@std@@@std@@QAE?AV?$_Vector_iterator@UCONTENTSITEM@@V?$allocator@UCONTENTSITEM@@@std@@@2@V32@ABUCONTENTSITEM@@@Z 0040c830 f i Worker.obj
 0001:0000b8b0       ?_Ufill@?$vector@UCONTENTSITEM@@V?$allocator@UCONTENTSITEM@@@std@@@std@@IAEPAUCONTENTSITEM@@PAU3@IABU3@@Z 0040c8b0 f i Worker.obj
 0001:0000b8e0       ?_Insert_n@?$vector@UCONTENTSITEM@@V?$allocator@UCONTENTSITEM@@@std@@@std@@IAEXV?$_Vector_iterator@UCONTENTSITEM@@V?$allocator@UCONTENTSITEM@@@std@@@2@IABUCONTENTSITEM@@@Z 0040c8e0 f i Worker.obj
 0001:0000bc30       ??0?$_Vector_iterator@UCONTENTSITEM@@V?$allocator@UCONTENTSITEM@@@std@@@std@@QAE@PAUCONTENTSITEM@@PBU_Container_base@1@@Z 0040cc30 f i Worker.obj
 0001:0000bc30       ??0?$_Vector_iterator@V?$CStringT@DV?$StrTraitMFC@DV?$ChTraitsCRT@D@ATL@@@@@ATL@@V?$allocator@V?$CStringT@DV?$StrTraitMFC@DV?$ChTraitsCRT@D@ATL@@@@@ATL@@@std@@@std@@QAE@PAV?$CStringT@DV?$StrTraitMFC@DV?$ChTraitsCRT@D@ATL@@@@@ATL@@PBU_Container_base@1@@Z 0040cc30 f i up_window_hacf.obj
 0001:0000bc50       ??H?$_Vector_iterator@UCONTENTSITEM@@V?$allocator@UCONTENTSITEM@@@std@@@std@@QBE?AV01@H@Z 0040cc50 f i Worker.obj
 0001:0000bc90       ??G?$_Vector_iterator@UCONTENTSITEM@@V?$allocator@UCONTENTSITEM@@@std@@@std@@QBEHABV?$_Vector_const_iterator@UCONTENTSITEM@@V?$allocator@UCONTENTSITEM@@@std@@@1@@Z 0040cc90 f i Worker.obj
 0001:0000bcb0       ?max_size@?$vector@UCONTENTSITEM@@V?$allocator@UCONTENTSITEM@@@std@@@std@@QBEIXZ 0040ccb0 f i Worker.obj
 0001:0000bcd0       ?_Destroy@?$vector@UCONTENTSITEM@@V?$allocator@UCONTENTSITEM@@@std@@@std@@IAEXPAUCONTENTSITEM@@0@Z 0040ccd0 f i Worker.obj
 0001:0000bd00       ??0length_error@std@@QAE@ABV?$basic_string@DU?$char_traits@D@std@@V?$allocator@D@2@@1@@Z 0040cd00 f i Worker.obj
 0001:0000bd30       ??0logic_error@std@@QAE@ABV?$basic_string@DU?$char_traits@D@std@@V?$allocator@D@2@@1@@Z 0040cd30 f i Worker.obj
 0001:0000bda0       ?what@logic_error@std@@UBEPBDXZ 0040cda0 f i Worker.obj
 0001:0000bda0       ?what@runtime_error@std@@UBEPBDXZ 0040cda0 f i up_window_hacf.obj
 0001:0000bdc0       ??_Elogic_error@std@@UAEPAXI@Z 0040cdc0 f i Worker.obj
 0001:0000bdc0       ??_Glogic_error@std@@UAEPAXI@Z 0040cdc0 f i Worker.obj
 0001:0000bdf0       ??1logic_error@std@@UAE@XZ 0040cdf0 f i Worker.obj
 0001:0000be20       ??1length_error@std@@UAE@XZ 0040ce20 f i Worker.obj
 0001:0000be40       ??_Glength_error@std@@UAEPAXI@Z 0040ce40 f i Worker.obj
 0001:0000be40       ??_Elength_error@std@@UAEPAXI@Z 0040ce40 f i Worker.obj
 0001:0000be70       ??0logic_error@std@@QAE@ABV01@@Z 0040ce70 f i Worker.obj
 0001:0000bee0       ??0?$basic_string@DU?$char_traits@D@std@@V?$allocator@D@2@@std@@QAE@PBD@Z 0040cee0 f i Worker.obj
 0001:0000bf20       ??0?$basic_string@DU?$char_traits@D@std@@V?$allocator@D@2@@std@@QAE@ABV01@@Z 0040cf20 f i Worker.obj
 0001:0000bf60       ??1?$basic_string@DU?$char_traits@D@std@@V?$allocator@D@2@@std@@QAE@XZ 0040cf60 f i Worker.obj
 0001:0000bf80       ?c_str@?$basic_string@DU?$char_traits@D@std@@V?$allocator@D@2@@std@@QBEPBDXZ 0040cf80 f i Worker.obj
 0001:0000bfa0       ?assign@?$basic_string@DU?$char_traits@D@std@@V?$allocator@D@2@@std@@QAEAAV12@ABV12@II@Z 0040cfa0 f i Worker.obj
 0001:0000c060       ?size@?$basic_string@DU?$char_traits@D@std@@V?$allocator@D@2@@std@@QBEIXZ 0040d060 f i Worker.obj
 0001:0000c080       ?assign@?$basic_string@DU?$char_traits@D@std@@V?$allocator@D@2@@std@@QAEAAV12@PBD@Z 0040d080 f i Worker.obj
 0001:0000c0b0       ?length@?$char_traits@D@std@@SAIPBD@Z 0040d0b0 f i Worker.obj
 0001:0000c0d0       ?erase@?$basic_string@DU?$char_traits@D@std@@V?$allocator@D@2@@std@@QAEAAV12@II@Z 0040d0d0 f i Worker.obj
 0001:0000c170       ?_Tidy@?$basic_string@DU?$char_traits@D@std@@V?$allocator@D@2@@std@@IAEX_NI@Z 0040d170 f i Worker.obj
 0001:0000c1f0       ??0?$_String_val@DV?$allocator@D@std@@@std@@QAE@ABV01@@Z 0040d1f0 f i Worker.obj
 0001:0000c210       ?assign@?$basic_string@DU?$char_traits@D@std@@V?$allocator@D@2@@std@@QAEAAV12@PBDI@Z 0040d210 f i Worker.obj
 0001:0000c2a0       ?_Eos@?$basic_string@DU?$char_traits@D@std@@V?$allocator@D@2@@std@@IAEXI@Z 0040d2a0 f i Worker.obj
 0001:0000c2e0       ?assign@?$char_traits@D@std@@SAXAADABD@Z 0040d2e0 f i Worker.obj
 0001:0000c2f0       ?_Grow@?$basic_string@DU?$char_traits@D@std@@V?$allocator@D@2@@std@@IAE_NI_N@Z 0040d2f0 f i Worker.obj
 0001:0000c390       ?_Myptr@?$basic_string@DU?$char_traits@D@std@@V?$allocator@D@2@@std@@IBEPBDXZ 0040d390 f i Worker.obj
 0001:0000c390       ?_Myptr@?$basic_string@DU?$char_traits@D@std@@V?$allocator@D@2@@std@@IAEPADXZ 0040d390 f i Worker.obj
 0001:0000c3c0       ??0?$allocator@D@std@@QAE@ABV01@@Z 0040d3c0 f i Worker.obj
 0001:0000c3c0       ??0?$allocator@V?$CStringT@DV?$StrTraitMFC@DV?$ChTraitsCRT@D@ATL@@@@@ATL@@@std@@QAE@ABV01@@Z 0040d3c0 f i up_window_init.obj
 0001:0000c3c0       ??0?$allocator@UCONTENTSITEM@@@std@@QAE@ABV01@@Z 0040d3c0 f i up_window_init.obj
 0001:0000c3d0       ?max_size@?$basic_string@DU?$char_traits@D@std@@V?$allocator@D@2@@std@@QBEIXZ 0040d3d0 f i Worker.obj
 0001:0000c410       ?_Copy@?$basic_string@DU?$char_traits@D@std@@V?$allocator@D@2@@std@@IAEXII@Z 0040d410 f i Worker.obj
 0001:0000c590       ?_Inside@?$basic_string@DU?$char_traits@D@std@@V?$allocator@D@2@@std@@IAE_NPBD@Z 0040d590 f i Worker.obj
 0001:0000c5d0       ?deallocate@?$allocator@UCONTENTSITEM@@@std@@QAEXPAUCONTENTSITEM@@I@Z 0040d5d0 f i Worker.obj
 0001:0000c5d0       ?deallocate@?$allocator@D@std@@QAEXPADI@Z 0040d5d0 f i Worker.obj
 0001:0000c5d0       ?deallocate@?$allocator@V?$CStringT@DV?$StrTraitMFC@DV?$ChTraitsCRT@D@ATL@@@@@ATL@@@std@@QAEXPAV?$CStringT@DV?$StrTraitMFC@DV?$ChTraitsCRT@D@ATL@@@@@ATL@@I@Z 0040d5d0 f i up_window_hacf.obj
 0001:0000c5f0       ?allocate@?$allocator@UCONTENTSITEM@@@std@@QAEPAUCONTENTSITEM@@I@Z 0040d5f0 f i Worker.obj
 0001:0000c610       ??Y?$_Vector_iterator@UCONTENTSITEM@@V?$allocator@UCONTENTSITEM@@@std@@@std@@QAEAAV01@H@Z 0040d610 f i Worker.obj
 0001:0000c630       ??0?$_Vector_const_iterator@UCONTENTSITEM@@V?$allocator@UCONTENTSITEM@@@std@@@std@@QAE@PAUCONTENTSITEM@@PBU_Container_base@1@@Z 0040d630 f i Worker.obj
 0001:0000c630       ??0?$_Vector_const_iterator@V?$CStringT@DV?$StrTraitMFC@DV?$ChTraitsCRT@D@ATL@@@@@ATL@@V?$allocator@V?$CStringT@DV?$StrTraitMFC@DV?$ChTraitsCRT@D@ATL@@@@@ATL@@@std@@@std@@QAE@PAV?$CStringT@DV?$StrTraitMFC@DV?$ChTraitsCRT@D@ATL@@@@@ATL@@PBU_Container_base@1@@Z 0040d630 f i up_window_hacf.obj
 0001:0000c680       ??G?$_Vector_const_iterator@UCONTENTSITEM@@V?$allocator@UCONTENTSITEM@@@std@@@std@@QBEHABV01@@Z 0040d680 f i Worker.obj
 0001:0000c6c0       ??0length_error@std@@QAE@ABV01@@Z 0040d6c0 f i Worker.obj
 0001:0000c6f0       ?allocate@?$allocator@D@std@@QAEPADI@Z 0040d6f0 f i Worker.obj
 0001:0000c710       ?max_size@?$allocator@D@std@@QBEIXZ 0040d710 f i Worker.obj
 0001:0000c740       ?max_size@?$allocator@UCONTENTSITEM@@@std@@QBEIXZ 0040d740 f i Worker.obj
 0001:0000c770       ??Y?$_Vector_const_iterator@UCONTENTSITEM@@V?$allocator@UCONTENTSITEM@@@std@@@std@@QAEAAV01@H@Z 0040d770 f i Worker.obj
 0001:0000c7d0       ??$strcpy_s@$0DC@@@YAHAAY0DC@DPBD@Z 0040d7d0 f i Worker.obj
 0001:0000c7f0       ??$copy_s@U?$char_traits@D@std@@@_Traits_helper@std@@YAPADPADIPBDI@Z 0040d7f0 f i Worker.obj
 0001:0000c820       ??$move_s@U?$char_traits@D@std@@@_Traits_helper@std@@YAPADPADIPBDI@Z 0040d820 f i Worker.obj
 0001:0000c850       ??$unchecked_uninitialized_fill_n@PAUCONTENTSITEM@@IU1@V?$allocator@UCONTENTSITEM@@@std@@@stdext@@YAXPAUCONTENTSITEM@@IABU1@AAV?$allocator@UCONTENTSITEM@@@std@@@Z 0040d850 f i Worker.obj
 0001:0000c890       ??$_Umove@PAUCONTENTSITEM@@@?$vector@UCONTENTSITEM@@V?$allocator@UCONTENTSITEM@@@std@@@std@@IAEPAUCONTENTSITEM@@PAU2@00@Z 0040d890 f i Worker.obj
 0001:0000c8c0       ??$fill@PAUCONTENTSITEM@@U1@@std@@YAXPAUCONTENTSITEM@@0ABU1@@Z 0040d8c0 f i Worker.obj
 0001:0000c8f0       ??$_Unchecked_move_backward@PAUCONTENTSITEM@@PAU1@@stdext@@YAPAUCONTENTSITEM@@PAU1@00@Z 0040d8f0 f i Worker.obj
 0001:0000c960       ??$_Destroy_range@UCONTENTSITEM@@V?$allocator@UCONTENTSITEM@@@std@@@std@@YAXPAUCONTENTSITEM@@0AAV?$allocator@UCONTENTSITEM@@@0@@Z 0040d960 f i Worker.obj
 0001:0000c9a0       ??$_Allocate@UCONTENTSITEM@@@std@@YAPAUCONTENTSITEM@@IPAU1@@Z 0040d9a0 f i Worker.obj
 0001:0000c9f0       ??0bad_alloc@std@@QAE@PBD@Z 0040d9f0 f i Worker.obj
 0001:0000ca20       ??1bad_alloc@std@@UAE@XZ   0040da20 f i Worker.obj
 0001:0000ca40       ??_Gbad_alloc@std@@UAEPAXI@Z 0040da40 f i Worker.obj
 0001:0000ca40       ??_Ebad_alloc@std@@UAEPAXI@Z 0040da40 f i Worker.obj
 0001:0000ca70       ??$_Allocate@D@std@@YAPADIPAD@Z 0040da70 f i Worker.obj
 0001:0000cac0       ??0bad_alloc@std@@QAE@ABV01@@Z 0040dac0 f i Worker.obj
 0001:0000caf0       ??$copy_s@U?$char_traits@D@std@@@_Traits_helper@std@@YAPADPADIPBDIU_Secure_char_traits_tag@1@@Z 0040daf0 f i Worker.obj
 0001:0000cb10       ?_Copy_s@?$char_traits@D@std@@SAPADPADIPBDI@Z 0040db10 f i Worker.obj
 0001:0000cb30       ??$move_s@U?$char_traits@D@std@@@_Traits_helper@std@@YAPADPADIPBDIU_Secure_char_traits_tag@1@@Z 0040db30 f i Worker.obj
 0001:0000cb50       ?_Move_s@?$char_traits@D@std@@SAPADPADIPBDI@Z 0040db50 f i Worker.obj
 0001:0000cb70       ??$_Uninit_fill_n@PAUCONTENTSITEM@@IU1@V?$allocator@UCONTENTSITEM@@@std@@@std@@YAXPAUCONTENTSITEM@@IABU1@AAV?$allocator@UCONTENTSITEM@@@0@U_Nonscalar_ptr_iterator_tag@0@U_Range_checked_iterator_tag@0@@Z 0040db70 f i Worker.obj
 0001:0000cc30       ??$_Unchecked_uninitialized_move@PAUCONTENTSITEM@@PAU1@V?$allocator@UCONTENTSITEM@@@std@@@stdext@@YAPAUCONTENTSITEM@@PAU1@00AAV?$allocator@UCONTENTSITEM@@@std@@@Z 0040dc30 f i Worker.obj
 0001:0000cc80       ??$_Checked_base@PAV?$CStringT@DV?$StrTraitMFC@DV?$ChTraitsCRT@D@ATL@@@@@ATL@@@std@@YAPAV?$CStringT@DV?$StrTraitMFC@DV?$ChTraitsCRT@D@ATL@@@@@ATL@@AAPAV12@@Z 0040dc80 f i up_window_hacf.obj
 0001:0000cc80       ??$_Checked_base@PAUCONTENTSITEM@@@std@@YAPAUCONTENTSITEM@@AAPAU1@@Z 0040dc80 f i Worker.obj
 0001:0000cca0       ??$_Fill@PAUCONTENTSITEM@@U1@@std@@YAXPAUCONTENTSITEM@@0ABU1@@Z 0040dca0 f i Worker.obj
 0001:0000cce0       ??$_Iter_random@PAUCONTENTSITEM@@PAU1@@std@@YA?AUrandom_access_iterator_tag@0@ABQAUCONTENTSITEM@@0@Z 0040dce0 f i Worker.obj
 0001:0000cce0       ??$_Iter_random@PAV?$CStringT@DV?$StrTraitMFC@DV?$ChTraitsCRT@D@ATL@@@@@ATL@@PAV12@@std@@YA?AUrandom_access_iterator_tag@0@ABQAV?$CStringT@DV?$StrTraitMFC@DV?$ChTraitsCRT@D@ATL@@@@@ATL@@0@Z 0040dce0 f i up_window_hacf.obj
 0001:0000ccf0       ??$_Move_backward_opt@PAUCONTENTSITEM@@PAU1@Urandom_access_iterator_tag@std@@U_Undefined_move_tag@3@@std@@YAPAUCONTENTSITEM@@PAU1@00Urandom_access_iterator_tag@0@U_Undefined_move_tag@0@U_Range_checked_iterator_tag@0@@Z 0040dcf0 f i Worker.obj
 0001:0000cd30       ??$_Destroy_range@UCONTENTSITEM@@V?$allocator@UCONTENTSITEM@@@std@@@std@@YAXPAUCONTENTSITEM@@0AAV?$allocator@UCONTENTSITEM@@@0@U_Nonscalar_ptr_iterator_tag@0@@Z 0040dd30 f i Worker.obj
 0001:0000cd60       ?construct@?$allocator@UCONTENTSITEM@@@std@@QAEXPAUCONTENTSITEM@@ABU3@@Z 0040dd60 f i Worker.obj
 0001:0000cd80       ?destroy@?$allocator@UCONTENTSITEM@@@std@@QAEXPAUCONTENTSITEM@@@Z 0040dd80 f i Worker.obj
 0001:0000cda0       ??$_Uninit_move@PAUCONTENTSITEM@@PAU1@V?$allocator@UCONTENTSITEM@@@std@@U_Undefined_move_tag@3@@std@@YAPAUCONTENTSITEM@@PAU1@00AAV?$allocator@UCONTENTSITEM@@@0@U_Undefined_move_tag@0@U_Range_checked_iterator_tag@0@@Z 0040dda0 f i Worker.obj
 0001:0000cdc0       ??$_Checked_base@PAV?$CStringT@DV?$StrTraitMFC@DV?$ChTraitsCRT@D@ATL@@@@@ATL@@@std@@YAPAV?$CStringT@DV?$StrTraitMFC@DV?$ChTraitsCRT@D@ATL@@@@@ATL@@AAPAV12@U_Unchanged_checked_iterator_base_type_tag@0@@Z 0040ddc0 f i up_window_hacf.obj
 0001:0000cdc0       ??$_Checked_base@PAUCONTENTSITEM@@@std@@YAPAUCONTENTSITEM@@AAPAU1@U_Unchanged_checked_iterator_base_type_tag@0@@Z 0040ddc0 f i Worker.obj
 0001:0000cdd0       ??$_Copy_backward_opt@PAUCONTENTSITEM@@PAU1@@std@@YAPAUCONTENTSITEM@@PAU1@00Urandom_access_iterator_tag@0@U_Nonscalar_ptr_iterator_tag@0@U_Range_checked_iterator_tag@0@@Z 0040ddd0 f i Worker.obj
 0001:0000ce30       ??$_Construct@UCONTENTSITEM@@U1@@std@@YAXPAUCONTENTSITEM@@ABU1@@Z 0040de30 f i Worker.obj
 0001:0000ce90       ??2@YAPAXIPAX@Z            0040de90 f i Worker.obj
 0001:0000cea0       ??$unchecked_uninitialized_copy@PAUCONTENTSITEM@@PAU1@V?$allocator@UCONTENTSITEM@@@std@@@stdext@@YAPAUCONTENTSITEM@@PAU1@00AAV?$allocator@UCONTENTSITEM@@@std@@@Z 0040dea0 f i Worker.obj
 0001:0000cf00       ??$_Copy_backward_opt@PAUCONTENTSITEM@@PAU1@Uforward_iterator_tag@std@@@std@@YAPAUCONTENTSITEM@@PAU1@00Uforward_iterator_tag@0@U_Nonscalar_ptr_iterator_tag@0@U_Range_checked_iterator_tag@0@@Z 0040df00 f i Worker.obj
 0001:0000cf40       ??$_Uninit_copy@PAUCONTENTSITEM@@PAU1@V?$allocator@UCONTENTSITEM@@@std@@@std@@YAPAUCONTENTSITEM@@PAU1@00AAV?$allocator@UCONTENTSITEM@@@0@U_Nonscalar_ptr_iterator_tag@0@U_Range_checked_iterator_tag@0@@Z 0040df40 f i Worker.obj
 0001:0000d000       ?SetTimer@CWnd@@QAEIIIP6GXPAUHWND__@@IIK@Z@Z 0040e000 f i Worker.obj
 0001:0000d030       ?KillTimer@CWnd@@QAEHI@Z   0040e030 f i Worker.obj
 0001:0000d050       ?SetColumnWidth@CListCtrl@@QAEHHH@Z 0040e050 f i Worker.obj
 0001:0000d080       ??0Dlg_Alert@@QAE@PAVCWnd@@@Z 0040e080 f   Dlg_Alert.obj
 0001:0000d110       ??1Dlg_Alert@@UAE@XZ       0040e110 f   Dlg_Alert.obj
 0001:0000d190       ?DoDataExchange@Dlg_Alert@@MAEXPAVCDataExchange@@@Z 0040e190 f   Dlg_Alert.obj
 0001:0000d1d0       ?GetMessageMap@Dlg_Alert@@MBEPBUAFX_MSGMAP@@XZ 0040e1d0 f   Dlg_Alert.obj
 0001:0000d1e0       ?GetThisMessageMap@Dlg_Alert@@KGPBUAFX_MSGMAP@@XZ 0040e1e0 f   Dlg_Alert.obj
 0001:0000d1f0       ?OnInitDialog@Dlg_Alert@@MAEHXZ 0040e1f0 f   Dlg_Alert.obj
 0001:0000d2c0       ?InitWindow@Dlg_Alert@@QAEXXZ 0040e2c0 f   Dlg_Alert.obj
 0001:0000d540       ?OnTimer@Dlg_Alert@@IAEXI@Z 0040e540 f   Dlg_Alert.obj
 0001:0000d5f0       ?Skin_ButtonPressed@Dlg_Alert@@UAE_NV?$CStringT@DV?$StrTraitMFC@DV?$ChTraitsCRT@D@ATL@@@@@ATL@@@Z 0040e5f0 f   Dlg_Alert.obj
 0001:0000d740       ?OnCtlColor@Dlg_Alert@@IAEPAUHBRUSH__@@PAVCDC@@PAVCWnd@@I@Z 0040e740 f   Dlg_Alert.obj
 0001:0000d7e0       ??_EDlg_Alert@@UAEPAXI@Z   0040e7e0 f i Dlg_Alert.obj
 0001:0000d7e0       ??_GDlg_Alert@@UAEPAXI@Z   0040e7e0 f i Dlg_Alert.obj
 0001:0000d810       ?MoveWindow@CWnd@@QAEXPBUtagRECT@@H@Z 0040e810 f i Dlg_Alert.obj
 0001:0000d850       ?Create@CDialog@@UAEHIPAVCWnd@@@Z 0040e850 f i Dlg_Alert.obj
 0001:0000d870       ??0CStatic@@QAE@XZ         0040e870 f i Dlg_Alert.obj
 0001:0000d890       ??_ECStatic@@UAEPAXI@Z     0040e890 f i Dlg_Alert.obj
 0001:0000d890       ??_GCStatic@@UAEPAXI@Z     0040e890 f i Dlg_Alert.obj
 0001:0000d8c0       ??0Dlg_Confirm@@QAE@PAVCWnd@@@Z 0040e8c0 f   Dlg_Confirm.obj
 0001:0000d980       ??1Dlg_Confirm@@UAE@XZ     0040e980 f   Dlg_Confirm.obj
 0001:0000da20       ?DoDataExchange@Dlg_Confirm@@MAEXPAVCDataExchange@@@Z 0040ea20 f   Dlg_Confirm.obj
 0001:0000da70       ?GetMessageMap@Dlg_Confirm@@MBEPBUAFX_MSGMAP@@XZ 0040ea70 f   Dlg_Confirm.obj
 0001:0000da80       ?GetThisMessageMap@Dlg_Confirm@@KGPBUAFX_MSGMAP@@XZ 0040ea80 f   Dlg_Confirm.obj
 0001:0000da90       ?OnInitDialog@Dlg_Confirm@@MAEHXZ 0040ea90 f   Dlg_Confirm.obj
 0001:0000dc30       ?InitWindow@Dlg_Confirm@@QAEXXZ 0040ec30 f   Dlg_Confirm.obj
 0001:0000dd70       ?OnTimer@Dlg_Confirm@@IAEXI@Z 0040ed70 f   Dlg_Confirm.obj
 0001:0000ddc0       ?Skin_ButtonPressed@Dlg_Confirm@@UAE_NV?$CStringT@DV?$StrTraitMFC@DV?$ChTraitsCRT@D@ATL@@@@@ATL@@@Z 0040edc0 f   Dlg_Confirm.obj
 0001:0000def0       ?OnCtlColor@Dlg_Confirm@@IAEPAUHBRUSH__@@PAVCDC@@PAVCWnd@@I@Z 0040eef0 f   Dlg_Confirm.obj
 0001:0000df90       ??_EDlg_Confirm@@UAEPAXI@Z 0040ef90 f i Dlg_Confirm.obj
 0001:0000df90       ??_GDlg_Confirm@@UAEPAXI@Z 0040ef90 f i Dlg_Confirm.obj
 0001:0000dfc0       ?SetBitmap@CStatic@@QAEPAUHBITMAP__@@PAU2@@Z 0040efc0 f i Dlg_Confirm.obj
 0001:0000dff0       ??0Dlg_Exist@@QAE@PAVCWnd@@@Z 0040eff0 f   Dlg_Exist.obj
 0001:0000e0d0       ??1Dlg_Exist@@UAE@XZ       0040f0d0 f   Dlg_Exist.obj
 0001:0000e190       ?DoDataExchange@Dlg_Exist@@MAEXPAVCDataExchange@@@Z 0040f190 f   Dlg_Exist.obj
 0001:0000e1f0       ?GetMessageMap@Dlg_Exist@@MBEPBUAFX_MSGMAP@@XZ 0040f1f0 f   Dlg_Exist.obj
 0001:0000e200       ?GetThisMessageMap@Dlg_Exist@@KGPBUAFX_MSGMAP@@XZ 0040f200 f   Dlg_Exist.obj
 0001:0000e210       ?OnInitDialog@Dlg_Exist@@MAEHXZ 0040f210 f   Dlg_Exist.obj
 0001:0000e400       ?InitWindow@Dlg_Exist@@QAEXXZ 0040f400 f   Dlg_Exist.obj
 0001:0000e580       ?OnTimer@Dlg_Exist@@IAEXI@Z 0040f580 f   Dlg_Exist.obj
 0001:0000e590       ?Skin_ButtonPressed@Dlg_Exist@@UAE_NV?$CStringT@DV?$StrTraitMFC@DV?$ChTraitsCRT@D@ATL@@@@@ATL@@@Z 0040f590 f   Dlg_Exist.obj
 0001:0000e720       ?OnCtlColor@Dlg_Exist@@IAEPAUHBRUSH__@@PAVCDC@@PAVCWnd@@I@Z 0040f720 f   Dlg_Exist.obj
 0001:0000e800       ?PreTranslateMessage@Dlg_Exist@@MAEHPAUtagMSG@@@Z 0040f800 f   Dlg_Exist.obj
 0001:0000e880       ??_EDlg_Exist@@UAEPAXI@Z   0040f880 f i Dlg_Exist.obj
 0001:0000e880       ??_GDlg_Exist@@UAEPAXI@Z   0040f880 f i Dlg_Exist.obj
 0001:0000e8b0       ?Mid@?$CStringT@DV?$StrTraitMFC@DV?$ChTraitsCRT@D@ATL@@@@@ATL@@QBE?AV12@HH@Z 0040f8b0 f i Dlg_Exist.obj
 0001:0000e990       ??$AtlAddThrow@H@ATL@@YAHHH@Z 0040f990 f i Dlg_Exist.obj
 0001:0000e9d0       ??$AtlAdd@H@ATL@@YAJPAHHH@Z 0040f9d0 f i Dlg_Exist.obj
 0001:0000ea00       ??0Dlg_Setup@@QAE@PAVCWnd@@@Z 0040fa00 f   Dlg_Setup.obj
 0001:0000eac0       ??1Dlg_Setup@@UAE@XZ       0040fac0 f   Dlg_Setup.obj
 0001:0000eb60       ?DoDataExchange@Dlg_Setup@@MAEXPAVCDataExchange@@@Z 0040fb60 f   Dlg_Setup.obj
 0001:0000ebe0       ?GetMessageMap@Dlg_Setup@@MBEPBUAFX_MSGMAP@@XZ 0040fbe0 f   Dlg_Setup.obj
 0001:0000ebf0       ?GetThisMessageMap@Dlg_Setup@@KGPBUAFX_MSGMAP@@XZ 0040fbf0 f   Dlg_Setup.obj
 0001:0000ec00       ?OnInitDialog@Dlg_Setup@@MAEHXZ 0040fc00 f   Dlg_Setup.obj
 0001:0000efa0       ?InitWindow@Dlg_Setup@@QAEXXZ 0040ffa0 f   Dlg_Setup.obj
 0001:0000f240       ?InitSetup@Dlg_Setup@@QAEXXZ 00410240 f   Dlg_Setup.obj
 0001:0000f310       ?Skin_ButtonPressed@Dlg_Setup@@UAE_NV?$CStringT@DV?$StrTraitMFC@DV?$ChTraitsCRT@D@ATL@@@@@ATL@@@Z 00410310 f   Dlg_Setup.obj
 0001:0000f7a0       ?OnCtlColor@Dlg_Setup@@IAEPAUHBRUSH__@@PAVCDC@@PAVCWnd@@I@Z 004107a0 f   Dlg_Setup.obj
 0001:0000f850       ??_EDlg_Setup@@UAEPAXI@Z   00410850 f i Dlg_Setup.obj
 0001:0000f850       ??_GDlg_Setup@@UAEPAXI@Z   00410850 f i Dlg_Setup.obj
 0001:0000f880       ?GetCurSel@CComboBox@@QBEHXZ 00410880 f i Dlg_Setup.obj
 0001:0000f8b0       ?SetCurSel@CComboBox@@QAEHH@Z 004108b0 f i Dlg_Setup.obj
 0001:0000f8e0       ??0Dlg_Slide@@QAE@PAVCWnd@@@Z 004108e0 f   Dlg_Slide.obj
 0001:0000f970       ??1Dlg_Slide@@UAE@XZ       00410970 f   Dlg_Slide.obj
 0001:0000f9e0       ?DoDataExchange@Dlg_Slide@@MAEXPAVCDataExchange@@@Z 004109e0 f   Dlg_Slide.obj
 0001:0000fa20       ?GetMessageMap@Dlg_Slide@@MBEPBUAFX_MSGMAP@@XZ 00410a20 f   Dlg_Slide.obj
 0001:0000fa30       ?GetThisMessageMap@Dlg_Slide@@KGPBUAFX_MSGMAP@@XZ 00410a30 f   Dlg_Slide.obj
 0001:0000fa40       ?OnInitDialog@Dlg_Slide@@MAEHXZ 00410a40 f   Dlg_Slide.obj
 0001:0000fb60       ?InitWindow@Dlg_Slide@@QAEXXZ 00410b60 f   Dlg_Slide.obj
 0001:0000fc30       ?OnTimer@Dlg_Slide@@QAEXI@Z 00410c30 f   Dlg_Slide.obj
 0001:0000fd30       ?Skin_ButtonPressed@Dlg_Slide@@UAE_NV?$CStringT@DV?$StrTraitMFC@DV?$ChTraitsCRT@D@ATL@@@@@ATL@@@Z 00410d30 f   Dlg_Slide.obj
 0001:0000fdd0       ?OnCtlColor@Dlg_Slide@@QAEPAUHBRUSH__@@PAVCDC@@PAVCWnd@@I@Z 00410dd0 f   Dlg_Slide.obj
 0001:0000fe70       ??_EDlg_Slide@@UAEPAXI@Z   00410e70 f i Dlg_Slide.obj
 0001:0000fe70       ??_GDlg_Slide@@UAEPAXI@Z   00410e70 f i Dlg_Slide.obj
 0001:0000fea0       ?GetWindowRect@CWnd@@QBEXPAUtagRECT@@@Z 00410ea0 f i Dlg_Slide.obj
 0001:0000fec0       ??0CTrayWindow@@QAE@PAVCWnd@@@Z 00410ec0 f   TrayWindow.obj
 0001:0000ff80       ??1CTrayWindow@@UAE@XZ     00410f80 f   TrayWindow.obj
 0001:00010070       ?DoDataExchange@CTrayWindow@@MAEXPAVCDataExchange@@@Z 00411070 f   TrayWindow.obj
 0001:000100d0       ?OnInitDialog@CTrayWindow@@MAEHXZ 004110d0 f   TrayWindow.obj
 0001:000101b0       ?InitWindow@CTrayWindow@@QAEXXZ 004111b0 f   TrayWindow.obj
 0001:00010300       ?SetTrayIconHandle@CTrayWindow@@QAEXPAUHWND__@@@Z 00411300 f   TrayWindow.obj
 0001:000103a0       ?GetMessageMap@CTrayWindow@@MBEPBUAFX_MSGMAP@@XZ 004113a0 f   TrayWindow.obj
 0001:000103b0       ?GetThisMessageMap@CTrayWindow@@KGPBUAFX_MSGMAP@@XZ 004113b0 f   TrayWindow.obj
 0001:000103c0       ?OnCtlColor@CTrayWindow@@QAEPAUHBRUSH__@@PAVCDC@@PAVCWnd@@I@Z 004113c0 f   TrayWindow.obj
 0001:00010460       ??_GCTrayWindow@@UAEPAXI@Z 00411460 f i TrayWindow.obj
 0001:00010460       ??_ECTrayWindow@@UAEPAXI@Z 00411460 f i TrayWindow.obj
 0001:00010490       ?AfxGetApp@@YGPAVCWinApp@@XZ 00411490 f i TrayWindow.obj
 0001:000104a0       ?Skin_ButtonPressed@up_window@@UAE_NV?$CStringT@DV?$StrTraitMFC@DV?$ChTraitsCRT@D@ATL@@@@@ATL@@@Z 004114a0 f   up_window_func.obj
 0001:000104c0       ?GetTransListIndex@up_window@@QAEHXZ 004114c0 f   up_window_func.obj
 0001:00010570       ?DeferItem@up_window@@QAEKXZ 00411570 f   up_window_func.obj
 0001:00010670       ?InsertItem@up_window@@QAEXPAURUPCONTEXT@@@Z 00411670 f   up_window_func.obj
 0001:000109e0       ?MSG_Complete@up_window@@QAEJIJ@Z 004119e0 f   up_window_func.obj
 0001:00010a90       ?MSG_Window@up_window@@QAEJIJ@Z 00411a90 f   up_window_func.obj
 0001:00010bd0       ?MSG_UpLoad@up_window@@QAEJIJ@Z 00411bd0 f   up_window_func.obj
 0001:00010bf0       ?MSG_OverWrite@up_window@@QAEJIJ@Z 00411bf0 f   up_window_func.obj
 0001:00010d30       ?MSG_ForceExit@up_window@@QAEJIJ@Z 00411d30 f   up_window_func.obj
 0001:00010df0       ?OnNMDblclkFilelist@up_window@@IAEXPAUtagNMHDR@@PAJ@Z 00411df0 f   up_window_func.obj
 0001:00010e80       ?SetSizeFormat@up_window@@QAE?AV?$CStringT@DV?$StrTraitMFC@DV?$ChTraitsCRT@D@ATL@@@@@ATL@@_J@Z 00411e80 f   up_window_func.obj
 0001:00010f60       ?SetNumFormat@up_window@@QAE?AV?$CStringT@DV?$StrTraitMFC@DV?$ChTraitsCRT@D@ATL@@@@@ATL@@_J@Z 00411f60 f   up_window_func.obj
 0001:00011050       ?SetSpeedFormat@up_window@@QAE?AV?$CStringT@DV?$StrTraitMFC@DV?$ChTraitsCRT@D@ATL@@@@@ATL@@_JKK@Z 00412050 f   up_window_func.obj
 0001:00011190       ?MoveItem@up_window@@QAEXH@Z 00412190 f   up_window_func.obj
 0001:00011850       ?DeleteList@up_window@@QAEXH@Z 00412850 f   up_window_func.obj
 0001:00011b90       ?GetFileStatus@up_window@@QAE?AV?$CStringT@DV?$StrTraitMFC@DV?$ChTraitsCRT@D@ATL@@@@@ATL@@H@Z 00412b90 f   up_window_func.obj
 0001:00011d60       ?GetVersionIE@up_window@@QAEHXZ 00412d60 f   up_window_func.obj
 0001:00011f70       ?SetRedraw@CWnd@@QAEXH@Z   00412f70 f i up_window_func.obj
 0001:00011fa0       ?SetItemData@CListCtrl@@QAEHHK@Z 00412fa0 f i up_window_func.obj
 0001:00011fd0       ?InsertItem@CListCtrl@@QAEHPBUtagLVITEMA@@@Z 00412fd0 f i up_window_func.obj
 0001:00012000       ?InsertItem@CListCtrl@@QAEHHPBDH@Z 00413000 f i up_window_func.obj
 0001:00012030       ?DeleteItem@CListCtrl@@QAEHH@Z 00413030 f i up_window_func.obj
 0001:00012060       ?DeleteAllItems@CListCtrl@@QAEHXZ 00413060 f i up_window_func.obj
 0001:00012090       ?GetNextItem@CListCtrl@@QBEHHH@Z 00413090 f i up_window_func.obj
 0001:000120c0       ?GetSelectedCount@CListCtrl@@QBEIXZ 004130c0 f i up_window_func.obj
 0001:000120f0       ?SendSizeThread@@YAIPAX@Z  004130f0 f   up_window_hacf.obj
 0001:00012330       ?ReSetTransInfo@up_window@@QAE_NXZ 00413330 f   up_window_hacf.obj
 0001:00013280       ?ReSetTransInfoGura@up_window@@QAE_NXZ 00414280 f   up_window_hacf.obj
 0001:000140d0       ?GuraUpList@up_window@@QAEXPAUUPHASH@@@Z 004150d0 f   up_window_hacf.obj
 0001:000144b0       ?FileTransLoop@up_window@@QAEXXZ 004154b0 f   up_window_hacf.obj
 0001:00014840       ?ProcFileTransLoop@@YGIPAX@Z 00415840 f   up_window_hacf.obj
 0001:00014860       ?SetTransFlag@up_window@@QAEX_N@Z 00415860 f   up_window_hacf.obj
 0001:000149b0       ?SetTransFlagGura@up_window@@QAEX_N@Z 004159b0 f   up_window_hacf.obj
 0001:00014af0       ?UpLoadPro@up_window@@QAEXXZ 00415af0 f   up_window_hacf.obj
 0001:00015660       ?UpLoadProGura@up_window@@QAEXXZ 00416660 f   up_window_hacf.obj
 0001:00015fc0       ?IsActiveTray@CBTray@@QAEHXZ 00416fc0 f i up_window_hacf.obj
 0001:00015fe0       ?Delete@?$CStringT@DV?$StrTraitMFC@DV?$ChTraitsCRT@D@ATL@@@@@ATL@@QAEHHH@Z 00416fe0 f i up_window_hacf.obj
 0001:000160a0       ?IsEmpty@?$CSimpleStringT@D$0A@@ATL@@QBE_NXZ 004170a0 f i up_window_hacf.obj
 0001:000160c0       ?write@?$basic_ostream@DU?$char_traits@D@std@@@std@@QAEAAV12@PBDH@Z 004170c0 f i up_window_hacf.obj
 0001:000161d0       ?flush@?$basic_ostream@DU?$char_traits@D@std@@@std@@QAEAAV12@XZ 004171d0 f i up_window_hacf.obj
 0001:00016240       ?fail@ios_base@std@@QBE_NXZ 00417240 f i up_window_hacf.obj
 0001:00016260       ?seekp@?$basic_ostream@DU?$char_traits@D@std@@@std@@QAEAAV12@V?$fpos@H@2@@Z 00417260 f i up_window_hacf.obj
 0001:00016300       ?clear@?$basic_ios@DU?$char_traits@D@std@@@std@@QAEXH_N@Z 00417300 f i up_window_hacf.obj
 0001:00016340       ?clear@ios_base@std@@QAEXH_N@Z 00417340 f i up_window_hacf.obj
 0001:000164d0       ??0runtime_error@std@@QAE@ABV01@@Z 004174d0 f i up_window_hacf.obj
 0001:00016540       ??_Gruntime_error@std@@UAEPAXI@Z 00417540 f i up_window_hacf.obj
 0001:00016540       ??_Eruntime_error@std@@UAEPAXI@Z 00417540 f i up_window_hacf.obj
 0001:00016570       ??1runtime_error@std@@UAE@XZ 00417570 f i up_window_hacf.obj
 0001:000165a0       ??0failure@ios_base@std@@QAE@ABV?$basic_string@DU?$char_traits@D@std@@V?$allocator@D@2@@2@@Z 004175a0 f i up_window_hacf.obj
 0001:000165d0       ??0runtime_error@std@@QAE@ABV?$basic_string@DU?$char_traits@D@std@@V?$allocator@D@2@@1@@Z 004175d0 f i up_window_hacf.obj
 0001:00016640       ??1failure@ios_base@std@@UAE@XZ 00417640 f i up_window_hacf.obj
 0001:00016660       ??_Efailure@ios_base@std@@UAEPAXI@Z 00417660 f i up_window_hacf.obj
 0001:00016660       ??_Gfailure@ios_base@std@@UAEPAXI@Z 00417660 f i up_window_hacf.obj
 0001:00016690       ??0failure@ios_base@std@@QAE@ABV012@@Z 00417690 f i up_window_hacf.obj
 0001:000166c0       ?setstate@?$basic_ios@DU?$char_traits@D@std@@@std@@QAEXH_N@Z 004176c0 f i up_window_hacf.obj
 0001:000166f0       ?rdbuf@?$basic_ios@DU?$char_traits@D@std@@@std@@QBEPAV?$basic_streambuf@DU?$char_traits@D@std@@@2@XZ 004176f0 f i up_window_hacf.obj
 0001:00016710       ?size@?$vector@V?$CStringT@DV?$StrTraitMFC@DV?$ChTraitsCRT@D@ATL@@@@@ATL@@V?$allocator@V?$CStringT@DV?$StrTraitMFC@DV?$ChTraitsCRT@D@ATL@@@@@ATL@@@std@@@std@@QBEIXZ 00417710 f i up_window_hacf.obj
 0001:00016750       ??A?$vector@V?$CStringT@DV?$StrTraitMFC@DV?$ChTraitsCRT@D@ATL@@@@@ATL@@V?$allocator@V?$CStringT@DV?$StrTraitMFC@DV?$ChTraitsCRT@D@ATL@@@@@ATL@@@std@@@std@@QAEAAV?$CStringT@DV?$StrTraitMFC@DV?$ChTraitsCRT@D@ATL@@@@@ATL@@I@Z 00417750 f i up_window_hacf.obj
 0001:00016780       ?push_back@?$vector@V?$CStringT@DV?$StrTraitMFC@DV?$ChTraitsCRT@D@ATL@@@@@ATL@@V?$allocator@V?$CStringT@DV?$StrTraitMFC@DV?$ChTraitsCRT@D@ATL@@@@@ATL@@@std@@@std@@QAEXABV?$CStringT@DV?$StrTraitMFC@DV?$ChTraitsCRT@D@ATL@@@@@ATL@@@Z 00417780 f i up_window_hacf.obj
 0001:000167f0       ?erase@?$vector@UCONTENTSITEM@@V?$allocator@UCONTENTSITEM@@@std@@@std@@QAE?AV?$_Vector_iterator@UCONTENTSITEM@@V?$allocator@UCONTENTSITEM@@@std@@@2@V32@@Z 004177f0 f i up_window_hacf.obj
 0001:00016850       ?close@?$basic_fstream@DU?$char_traits@D@std@@@std@@QAEXXZ 00417850 f i up_window_hacf.obj
 0001:00016880       ??0?$fpos@H@std@@QAE@J@Z   00417880 f i up_window_hacf.obj
 0001:000168c0       ??0?$_Vector_iterator@UCONTENTSITEM@@V?$allocator@UCONTENTSITEM@@@std@@@std@@QAE@XZ 004178c0 f i up_window_hacf.obj
 0001:000168e0       ??C?$_Vector_iterator@UCONTENTSITEM@@V?$allocator@UCONTENTSITEM@@@std@@@std@@QBEPAUCONTENTSITEM@@XZ 004178e0 f i up_window_hacf.obj
 0001:00016900       ??E?$_Vector_iterator@UCONTENTSITEM@@V?$allocator@UCONTENTSITEM@@@std@@@std@@QAE?AV01@H@Z 00417900 f i up_window_hacf.obj
 0001:00016940       ??9?$_Vector_const_iterator@UCONTENTSITEM@@V?$allocator@UCONTENTSITEM@@@std@@@std@@QBE_NABV01@@Z 00417940 f i up_window_hacf.obj
 0001:00016970       ?pubseekpos@?$basic_streambuf@DU?$char_traits@D@std@@@std@@QAE?AV?$fpos@H@2@V32@H@Z 00417970 f i up_window_hacf.obj
 0001:000169c0       ?pubsync@?$basic_streambuf@DU?$char_traits@D@std@@@std@@QAEHXZ 004179c0 f i up_window_hacf.obj
 0001:000169e0       ?sputn@?$basic_streambuf@DU?$char_traits@D@std@@@std@@QAEHPBDH@Z 004179e0 f i up_window_hacf.obj
 0001:00016a10       ?capacity@?$vector@V?$CStringT@DV?$StrTraitMFC@DV?$ChTraitsCRT@D@ATL@@@@@ATL@@V?$allocator@V?$CStringT@DV?$StrTraitMFC@DV?$ChTraitsCRT@D@ATL@@@@@ATL@@@std@@@std@@QBEIXZ 00417a10 f i up_window_hacf.obj
 0001:00016a50       ?end@?$vector@V?$CStringT@DV?$StrTraitMFC@DV?$ChTraitsCRT@D@ATL@@@@@ATL@@V?$allocator@V?$CStringT@DV?$StrTraitMFC@DV?$ChTraitsCRT@D@ATL@@@@@ATL@@@std@@@std@@QAE?AV?$_Vector_iterator@V?$CStringT@DV?$StrTraitMFC@DV?$ChTraitsCRT@D@ATL@@@@@ATL@@V?$allocator@V?$CStringT@DV?$StrTraitMFC@DV?$ChTraitsCRT@D@ATL@@@@@ATL@@@std@@@2@XZ 00417a50 f i up_window_hacf.obj
 0001:00016a50       ?end@?$vector@UCONTENTSITEM@@V?$allocator@UCONTENTSITEM@@@std@@@std@@QAE?AV?$_Vector_iterator@UCONTENTSITEM@@V?$allocator@UCONTENTSITEM@@@std@@@2@XZ 00417a50 f i Worker.obj
 0001:00016a80       ?insert@?$vector@V?$CStringT@DV?$StrTraitMFC@DV?$ChTraitsCRT@D@ATL@@@@@ATL@@V?$allocator@V?$CStringT@DV?$StrTraitMFC@DV?$ChTraitsCRT@D@ATL@@@@@ATL@@@std@@@std@@QAE?AV?$_Vector_iterator@V?$CStringT@DV?$StrTraitMFC@DV?$ChTraitsCRT@D@ATL@@@@@ATL@@V?$allocator@V?$CStringT@DV?$StrTraitMFC@DV?$ChTraitsCRT@D@ATL@@@@@ATL@@@std@@@2@V32@ABV?$CStringT@DV?$StrTraitMFC@DV?$ChTraitsCRT@D@ATL@@@@@ATL@@@Z 00417a80 f i up_window_hacf.obj
 0001:00016b00       ?_Ufill@?$vector@V?$CStringT@DV?$StrTraitMFC@DV?$ChTraitsCRT@D@ATL@@@@@ATL@@V?$allocator@V?$CStringT@DV?$StrTraitMFC@DV?$ChTraitsCRT@D@ATL@@@@@ATL@@@std@@@std@@IAEPAV?$CStringT@DV?$StrTraitMFC@DV?$ChTraitsCRT@D@ATL@@@@@ATL@@PAV34@IABV34@@Z 00417b00 f i up_window_hacf.obj
 0001:00016b30       ?close@?$basic_filebuf@DU?$char_traits@D@std@@@std@@QAEPAV12@XZ 00417b30 f i up_window_hacf.obj
 0001:00016ba0       ?_Init@?$basic_filebuf@DU?$char_traits@D@std@@@std@@IAEXPAU_iobuf@@W4_Initfl@12@@Z 00417ba0 f i up_window_hacf.obj
 0001:00016c40       ?_Endwrite@?$basic_filebuf@DU?$char_traits@D@std@@@std@@IAE_NXZ 00417c40 f i up_window_hacf.obj
 0001:00016e50       ?eq_int_type@?$char_traits@D@std@@SA_NABH0@Z 00417e50 f i up_window_hacf.obj
 0001:00016e70       ?eof@?$char_traits@D@std@@SAHXZ 00417e70 f i up_window_hacf.obj
 0001:00016e80       ??0?$basic_string@DU?$char_traits@D@std@@V?$allocator@D@2@@std@@QAE@ID@Z 00417e80 f i up_window_hacf.obj
 0001:00016ec0       ?append@?$basic_string@DU?$char_traits@D@std@@V?$allocator@D@2@@std@@QAEAAV12@ID@Z 00417ec0 f i up_window_hacf.obj
 0001:00016f40       ?begin@?$basic_string@DU?$char_traits@D@std@@V?$allocator@D@2@@std@@QAE?AV?$_String_iterator@DU?$char_traits@D@std@@V?$allocator@D@2@@2@XZ 00417f40 f i up_window_hacf.obj
 0001:00016f70       ??B?$fpos@H@std@@QBEJXZ    00417f70 f i up_window_hacf.obj
 0001:00016f90       ??D?$_Vector_iterator@UCONTENTSITEM@@V?$allocator@UCONTENTSITEM@@@std@@@std@@QBEAAUCONTENTSITEM@@XZ 00417f90 f i up_window_hacf.obj
 0001:00016fb0       ??E?$_Vector_iterator@UCONTENTSITEM@@V?$allocator@UCONTENTSITEM@@@std@@@std@@QAEAAV01@XZ 00417fb0 f i up_window_hacf.obj
 0001:00016fd0       ??0?$_Vector_const_iterator@UCONTENTSITEM@@V?$allocator@UCONTENTSITEM@@@std@@@std@@QAE@XZ 00417fd0 f i up_window_hacf.obj
 0001:00016ff0       ??8?$_Vector_const_iterator@UCONTENTSITEM@@V?$allocator@UCONTENTSITEM@@@std@@@std@@QBE_NABV01@@Z 00417ff0 f i up_window_hacf.obj
 0001:00017030       ??0sentry@?$basic_ostream@DU?$char_traits@D@std@@@std@@QAE@AAV12@@Z 00418030 f i up_window_hacf.obj
 0001:000170e0       ?good@ios_base@std@@QBE_NXZ 004180e0 f i up_window_hacf.obj
 0001:00017100       ??1sentry@?$basic_ostream@DU?$char_traits@D@std@@@std@@QAE@XZ 00418100 f i up_window_hacf.obj
 0001:00017170       ??D?$_String_iterator@DU?$char_traits@D@std@@V?$allocator@D@2@@std@@QBEAADXZ 00418170 f i up_window_hacf.obj
 0001:00017190       ?assign@?$basic_string@DU?$char_traits@D@std@@V?$allocator@D@2@@std@@QAEAAV12@ID@Z 00418190 f i up_window_hacf.obj
 0001:000171f0       ?_Chassign@?$basic_string@DU?$char_traits@D@std@@V?$allocator@D@2@@std@@IAEXIID@Z 004181f0 f i up_window_hacf.obj
 0001:00017240       ?assign@?$char_traits@D@std@@SAPADPADID@Z 00418240 f i up_window_hacf.obj
 0001:00017260       ?_Osfx@?$basic_ostream@DU?$char_traits@D@std@@@std@@QAEXXZ 00418260 f i up_window_hacf.obj
 0001:000172f0       ?state@?$fpos@H@std@@QBEHXZ 004182f0 f i up_window_init.obj
 0001:000172f0       ?flags@ios_base@std@@QBEHXZ 004182f0 f i up_window_hacf.obj
 0001:00017310       ?tie@?$basic_ios@DU?$char_traits@D@std@@@std@@QBEPAV?$basic_ostream@DU?$char_traits@D@std@@@2@XZ 00418310 f i up_window_hacf.obj
 0001:00017330       ?_Init@?$basic_streambuf@DU?$char_traits@D@std@@@std@@IAEXXZ 00418330 f i up_window_hacf.obj
 0001:000173a0       ?setg@?$basic_streambuf@DU?$char_traits@D@std@@@std@@IAEXPAD00@Z 004183a0 f i up_window_hacf.obj
 0001:000173e0       ?_Init@?$basic_streambuf@DU?$char_traits@D@std@@@std@@IAEXPAPAD0PAH001@Z 004183e0 f i up_window_hacf.obj
 0001:00017430       ?begin@?$vector@UCONTENTSITEM@@V?$allocator@UCONTENTSITEM@@@std@@@std@@QAE?AV?$_Vector_iterator@UCONTENTSITEM@@V?$allocator@UCONTENTSITEM@@@std@@@2@XZ 00418430 f i Worker.obj
 0001:00017430       ?begin@?$vector@V?$CStringT@DV?$StrTraitMFC@DV?$ChTraitsCRT@D@ATL@@@@@ATL@@V?$allocator@V?$CStringT@DV?$StrTraitMFC@DV?$ChTraitsCRT@D@ATL@@@@@ATL@@@std@@@std@@QAE?AV?$_Vector_iterator@V?$CStringT@DV?$StrTraitMFC@DV?$ChTraitsCRT@D@ATL@@@@@ATL@@V?$allocator@V?$CStringT@DV?$StrTraitMFC@DV?$ChTraitsCRT@D@ATL@@@@@ATL@@@std@@@2@XZ 00418430 f i up_window_hacf.obj
 0001:00017460       ?_Insert_n@?$vector@V?$CStringT@DV?$StrTraitMFC@DV?$ChTraitsCRT@D@ATL@@@@@ATL@@V?$allocator@V?$CStringT@DV?$StrTraitMFC@DV?$ChTraitsCRT@D@ATL@@@@@ATL@@@std@@@std@@IAEXV?$_Vector_iterator@V?$CStringT@DV?$StrTraitMFC@DV?$ChTraitsCRT@D@ATL@@@@@ATL@@V?$allocator@V?$CStringT@DV?$StrTraitMFC@DV?$ChTraitsCRT@D@ATL@@@@@ATL@@@std@@@2@IABV?$CStringT@DV?$StrTraitMFC@DV?$ChTraitsCRT@D@ATL@@@@@ATL@@@Z 00418460 f i up_window_hacf.obj
 0001:000177c0       ??D?$_Vector_const_iterator@UCONTENTSITEM@@V?$allocator@UCONTENTSITEM@@@std@@@std@@QBEABUCONTENTSITEM@@XZ 004187c0 f i up_window_hacf.obj
 0001:00017800       ??E?$_Vector_const_iterator@UCONTENTSITEM@@V?$allocator@UCONTENTSITEM@@@std@@@std@@QAEAAV01@XZ 00418800 f i up_window_hacf.obj
 0001:00017840       ?_Lock@?$basic_streambuf@DU?$char_traits@D@std@@@std@@QAEXXZ 00418840 f i up_window_hacf.obj
 0001:00017860       ??1_Sentry_base@?$basic_istream@DU?$char_traits@D@std@@@std@@QAE@XZ 00418860 f i up_window_init.obj
 0001:00017860       ??1_Sentry_base@?$basic_ostream@DU?$char_traits@D@std@@@std@@QAE@XZ 00418860 f i up_window_hacf.obj
 0001:000178a0       ?_Unlock@?$basic_streambuf@DU?$char_traits@D@std@@@std@@QAEXXZ 004188a0 f i up_window_hacf.obj
 0001:000178c0       ??H?$_Vector_iterator@V?$CStringT@DV?$StrTraitMFC@DV?$ChTraitsCRT@D@ATL@@@@@ATL@@V?$allocator@V?$CStringT@DV?$StrTraitMFC@DV?$ChTraitsCRT@D@ATL@@@@@ATL@@@std@@@std@@QBE?AV01@H@Z 004188c0 f i up_window_hacf.obj
 0001:00017900       ??G?$_Vector_iterator@V?$CStringT@DV?$StrTraitMFC@DV?$ChTraitsCRT@D@ATL@@@@@ATL@@V?$allocator@V?$CStringT@DV?$StrTraitMFC@DV?$ChTraitsCRT@D@ATL@@@@@ATL@@@std@@@std@@QBEHABV?$_Vector_const_iterator@V?$CStringT@DV?$StrTraitMFC@DV?$ChTraitsCRT@D@ATL@@@@@ATL@@V?$allocator@V?$CStringT@DV?$StrTraitMFC@DV?$ChTraitsCRT@D@ATL@@@@@ATL@@@std@@@1@@Z 00418900 f i up_window_hacf.obj
 0001:00017920       ??D?$_String_const_iterator@DU?$char_traits@D@std@@V?$allocator@D@2@@std@@QBEABDXZ 00418920 f i up_window_hacf.obj
 0001:00017970       ?unshift@?$codecvt@DDH@std@@QBEHAAHPAD1AAPAD@Z 00418970 f i up_window_hacf.obj
 0001:000179a0       ??0?$_String_iterator@DU?$char_traits@D@std@@V?$allocator@D@2@@std@@QAE@PADPBU_Container_base@1@@Z 004189a0 f i up_window_hacf.obj
 0001:000179c0       ?setp@?$basic_streambuf@DU?$char_traits@D@std@@@std@@IAEXPAD0@Z 004189c0 f i up_window_hacf.obj
 0001:00017a00       ?max_size@?$vector@V?$CStringT@DV?$StrTraitMFC@DV?$ChTraitsCRT@D@ATL@@@@@ATL@@V?$allocator@V?$CStringT@DV?$StrTraitMFC@DV?$ChTraitsCRT@D@ATL@@@@@ATL@@@std@@@std@@QBEIXZ 00418a00 f i up_window_hacf.obj
 0001:00017a20       ?_Destroy@?$vector@V?$CStringT@DV?$StrTraitMFC@DV?$ChTraitsCRT@D@ATL@@@@@ATL@@V?$allocator@V?$CStringT@DV?$StrTraitMFC@DV?$ChTraitsCRT@D@ATL@@@@@ATL@@@std@@@std@@IAEXPAV?$CStringT@DV?$StrTraitMFC@DV?$ChTraitsCRT@D@ATL@@@@@ATL@@0@Z 00418a20 f i up_window_hacf.obj
 0001:00017a50       ?_Xlen@?$vector@UCONTENTSITEM@@V?$allocator@UCONTENTSITEM@@@std@@@std@@KAXXZ 00418a50 f i Worker.obj
 0001:00017a50       ?_Xlen@?$vector@V?$CStringT@DV?$StrTraitMFC@DV?$ChTraitsCRT@D@ATL@@@@@ATL@@V?$allocator@V?$CStringT@DV?$StrTraitMFC@DV?$ChTraitsCRT@D@ATL@@@@@ATL@@@std@@@std@@KAXXZ 00418a50 f i up_window_hacf.obj
 0001:00017ad0       ?allocate@?$allocator@V?$CStringT@DV?$StrTraitMFC@DV?$ChTraitsCRT@D@ATL@@@@@ATL@@@std@@QAEPAV?$CStringT@DV?$StrTraitMFC@DV?$ChTraitsCRT@D@ATL@@@@@ATL@@I@Z 00418ad0 f i up_window_hacf.obj
 0001:00017af0       ??Y?$_Vector_iterator@V?$CStringT@DV?$StrTraitMFC@DV?$ChTraitsCRT@D@ATL@@@@@ATL@@V?$allocator@V?$CStringT@DV?$StrTraitMFC@DV?$ChTraitsCRT@D@ATL@@@@@ATL@@@std@@@std@@QAEAAV01@H@Z 00418af0 f i up_window_hacf.obj
 0001:00017b10       ??G?$_Vector_const_iterator@V?$CStringT@DV?$StrTraitMFC@DV?$ChTraitsCRT@D@ATL@@@@@ATL@@V?$allocator@V?$CStringT@DV?$StrTraitMFC@DV?$ChTraitsCRT@D@ATL@@@@@ATL@@@std@@@std@@QBEHABV01@@Z 00418b10 f i up_window_hacf.obj
 0001:00017b50       ??0?$_String_const_iterator@DU?$char_traits@D@std@@V?$allocator@D@2@@std@@QAE@PBDPBU_Container_base@1@@Z 00418b50 f i up_window_hacf.obj
 0001:00017bb0       ??0?$_Ranit@V?$CStringT@DV?$StrTraitMFC@DV?$ChTraitsCRT@D@ATL@@@@@ATL@@HPBV12@ABV12@@std@@QAE@XZ 00418bb0 f i up_window_hacf.obj
 0001:00017bb0       ??0?$_Ranit@UCONTENTSITEM@@HPBU1@ABU1@@std@@QAE@XZ 00418bb0 f i Worker.obj
 0001:00017bb0       ??0?$CComPtr@UIHTMLBodyElement@@@ATL@@QAE@XZ 00418bb0 f i HtmlViewer.obj
 0001:00017bb0       ??0?$CComPtr@UIHTMLDocument2@@@ATL@@QAE@XZ 00418bb0 f i HtmlViewer.obj
 0001:00017bb0       ??0?$CComPtr@UIHTMLElement2@@@ATL@@QAE@XZ 00418bb0 f i HtmlViewer.obj
 0001:00017bb0       ??0?$CComPtr@UIDispatch@@@ATL@@QAE@XZ 00418bb0 f i HtmlViewer.obj
 0001:00017bb0       ??0?$_Ranit_base@DHPBDABDU_Iterator_base@std@@@std@@QAE@XZ 00418bb0 f i up_window_hacf.obj
 0001:00017bb0       ??0?$CComPtr@UIHTMLElement@@@ATL@@QAE@XZ 00418bb0 f i HtmlViewer.obj
 0001:00017bd0       ?max_size@?$allocator@V?$CStringT@DV?$StrTraitMFC@DV?$ChTraitsCRT@D@ATL@@@@@ATL@@@std@@QBEIXZ 00418bd0 f i up_window_hacf.obj
 0001:00017c00       ??Y?$_Vector_const_iterator@V?$CStringT@DV?$StrTraitMFC@DV?$ChTraitsCRT@D@ATL@@@@@ATL@@V?$allocator@V?$CStringT@DV?$StrTraitMFC@DV?$ChTraitsCRT@D@ATL@@@@@ATL@@@std@@@std@@QAEAAV01@H@Z 00418c00 f i up_window_hacf.obj
 0001:00017c60       ??$unchecked_copy@PAUCONTENTSITEM@@PAU1@@stdext@@YAPAUCONTENTSITEM@@PAU1@00@Z 00418c60 f i up_window_hacf.obj
 0001:00017cd0       ??$unchecked_uninitialized_fill_n@PAV?$CStringT@DV?$StrTraitMFC@DV?$ChTraitsCRT@D@ATL@@@@@ATL@@IV12@V?$allocator@V?$CStringT@DV?$StrTraitMFC@DV?$ChTraitsCRT@D@ATL@@@@@ATL@@@std@@@stdext@@YAXPAV?$CStringT@DV?$StrTraitMFC@DV?$ChTraitsCRT@D@ATL@@@@@ATL@@IABV12@AAV?$allocator@V?$CStringT@DV?$StrTraitMFC@DV?$ChTraitsCRT@D@ATL@@@@@ATL@@@std@@@Z 00418cd0 f i up_window_hacf.obj
 0001:00017d10       ??$_Umove@PAV?$CStringT@DV?$StrTraitMFC@DV?$ChTraitsCRT@D@ATL@@@@@ATL@@@?$vector@V?$CStringT@DV?$StrTraitMFC@DV?$ChTraitsCRT@D@ATL@@@@@ATL@@V?$allocator@V?$CStringT@DV?$StrTraitMFC@DV?$ChTraitsCRT@D@ATL@@@@@ATL@@@std@@@std@@IAEPAV?$CStringT@DV?$StrTraitMFC@DV?$ChTraitsCRT@D@ATL@@@@@ATL@@PAV23@00@Z 00418d10 f i up_window_hacf.obj
 0001:00017d40       ??$fill@PAV?$CStringT@DV?$StrTraitMFC@DV?$ChTraitsCRT@D@ATL@@@@@ATL@@V12@@std@@YAXPAV?$CStringT@DV?$StrTraitMFC@DV?$ChTraitsCRT@D@ATL@@@@@ATL@@0ABV12@@Z 00418d40 f i up_window_hacf.obj
 0001:00017d70       ??$_Unchecked_move_backward@PAV?$CStringT@DV?$StrTraitMFC@DV?$ChTraitsCRT@D@ATL@@@@@ATL@@PAV12@@stdext@@YAPAV?$CStringT@DV?$StrTraitMFC@DV?$ChTraitsCRT@D@ATL@@@@@ATL@@PAV12@00@Z 00418d70 f i up_window_hacf.obj
 0001:00017de0       ??$_Destroy_range@V?$CStringT@DV?$StrTraitMFC@DV?$ChTraitsCRT@D@ATL@@@@@ATL@@V?$allocator@V?$CStringT@DV?$StrTraitMFC@DV?$ChTraitsCRT@D@ATL@@@@@ATL@@@std@@@std@@YAXPAV?$CStringT@DV?$StrTraitMFC@DV?$ChTraitsCRT@D@ATL@@@@@ATL@@0AAV?$allocator@V?$CStringT@DV?$StrTraitMFC@DV?$ChTraitsCRT@D@ATL@@@@@ATL@@@0@@Z 00418de0 f i up_window_hacf.obj
 0001:00017e20       ??$_Allocate@V?$CStringT@DV?$StrTraitMFC@DV?$ChTraitsCRT@D@ATL@@@@@ATL@@@std@@YAPAV?$CStringT@DV?$StrTraitMFC@DV?$ChTraitsCRT@D@ATL@@@@@ATL@@IPAV12@@Z 00418e20 f i up_window_hacf.obj
 0001:00017e70       ??$_Copy_opt@PAUCONTENTSITEM@@PAU1@@std@@YAPAUCONTENTSITEM@@PAU1@00Urandom_access_iterator_tag@0@U_Nonscalar_ptr_iterator_tag@0@U_Range_checked_iterator_tag@0@@Z 00418e70 f i up_window_hacf.obj
 0001:00017ed0       ??$_Uninit_fill_n@PAV?$CStringT@DV?$StrTraitMFC@DV?$ChTraitsCRT@D@ATL@@@@@ATL@@IV12@V?$allocator@V?$CStringT@DV?$StrTraitMFC@DV?$ChTraitsCRT@D@ATL@@@@@ATL@@@std@@@std@@YAXPAV?$CStringT@DV?$StrTraitMFC@DV?$ChTraitsCRT@D@ATL@@@@@ATL@@IABV12@AAV?$allocator@V?$CStringT@DV?$StrTraitMFC@DV?$ChTraitsCRT@D@ATL@@@@@ATL@@@0@U_Nonscalar_ptr_iterator_tag@0@U_Range_checked_iterator_tag@0@@Z 00418ed0 f i up_window_hacf.obj
 0001:00017f90       ??$_Unchecked_uninitialized_move@PAV?$CStringT@DV?$StrTraitMFC@DV?$ChTraitsCRT@D@ATL@@@@@ATL@@PAV12@V?$allocator@V?$CStringT@DV?$StrTraitMFC@DV?$ChTraitsCRT@D@ATL@@@@@ATL@@@std@@@stdext@@YAPAV?$CStringT@DV?$StrTraitMFC@DV?$ChTraitsCRT@D@ATL@@@@@ATL@@PAV12@00AAV?$allocator@V?$CStringT@DV?$StrTraitMFC@DV?$ChTraitsCRT@D@ATL@@@@@ATL@@@std@@@Z 00418f90 f i up_window_hacf.obj
 0001:00017fe0       ??$_Fill@PAV?$CStringT@DV?$StrTraitMFC@DV?$ChTraitsCRT@D@ATL@@@@@ATL@@V12@@std@@YAXPAV?$CStringT@DV?$StrTraitMFC@DV?$ChTraitsCRT@D@ATL@@@@@ATL@@0ABV12@@Z 00418fe0 f i up_window_hacf.obj
 0001:00018010       ??$_Ptr_cat@PAV?$CStringT@DV?$StrTraitMFC@DV?$ChTraitsCRT@D@ATL@@@@@ATL@@PAV12@@std@@YA?AU_Nonscalar_ptr_iterator_tag@0@AAPAV?$CStringT@DV?$StrTraitMFC@DV?$ChTraitsCRT@D@ATL@@@@@ATL@@0@Z 00419010 f i up_window_hacf.obj
 0001:00018010       ??$_Char_traits_cat@U?$char_traits@D@std@@@std@@YA?AU_Secure_char_traits_tag@0@XZ 00419010 f i Worker.obj
 0001:00018010       ??$_Move_cat@PAUCONTENTSITEM@@@std@@YA?AU_Undefined_move_tag@0@ABQAUCONTENTSITEM@@@Z 00419010 f i Worker.obj
 0001:00018010       ??$_Move_cat@PAV?$CStringT@DV?$StrTraitMFC@DV?$ChTraitsCRT@D@ATL@@@@@ATL@@@std@@YA?AU_Undefined_move_tag@0@ABQAV?$CStringT@DV?$StrTraitMFC@DV?$ChTraitsCRT@D@ATL@@@@@ATL@@@Z 00419010 f i up_window_hacf.obj
 0001:00018010       ??$_Ptr_cat@PAUCONTENTSITEM@@PAU1@@std@@YA?AU_Nonscalar_ptr_iterator_tag@0@AAPAUCONTENTSITEM@@0@Z 00419010 f i Worker.obj
 0001:00018020       ??$_Move_backward_opt@PAV?$CStringT@DV?$StrTraitMFC@DV?$ChTraitsCRT@D@ATL@@@@@ATL@@PAV12@Urandom_access_iterator_tag@std@@U_Undefined_move_tag@4@@std@@YAPAV?$CStringT@DV?$StrTraitMFC@DV?$ChTraitsCRT@D@ATL@@@@@ATL@@PAV12@00Urandom_access_iterator_tag@0@U_Undefined_move_tag@0@U_Range_checked_iterator_tag@0@@Z 00419020 f i up_window_hacf.obj
 0001:00018060       ??$_Destroy_range@V?$CStringT@DV?$StrTraitMFC@DV?$ChTraitsCRT@D@ATL@@@@@ATL@@V?$allocator@V?$CStringT@DV?$StrTraitMFC@DV?$ChTraitsCRT@D@ATL@@@@@ATL@@@std@@@std@@YAXPAV?$CStringT@DV?$StrTraitMFC@DV?$ChTraitsCRT@D@ATL@@@@@ATL@@0AAV?$allocator@V?$CStringT@DV?$StrTraitMFC@DV?$ChTraitsCRT@D@ATL@@@@@ATL@@@0@U_Nonscalar_ptr_iterator_tag@0@@Z 00419060 f i up_window_hacf.obj
 0001:00018090       ?construct@?$allocator@V?$CStringT@DV?$StrTraitMFC@DV?$ChTraitsCRT@D@ATL@@@@@ATL@@@std@@QAEXPAV?$CStringT@DV?$StrTraitMFC@DV?$ChTraitsCRT@D@ATL@@@@@ATL@@ABV34@@Z 00419090 f i up_window_hacf.obj
 0001:000180b0       ?destroy@?$allocator@V?$CStringT@DV?$StrTraitMFC@DV?$ChTraitsCRT@D@ATL@@@@@ATL@@@std@@QAEXPAV?$CStringT@DV?$StrTraitMFC@DV?$ChTraitsCRT@D@ATL@@@@@ATL@@@Z 004190b0 f i up_window_hacf.obj
 0001:000180d0       ??$_Copy_opt@PAUCONTENTSITEM@@PAU1@Uforward_iterator_tag@std@@@std@@YAPAUCONTENTSITEM@@PAU1@00Uforward_iterator_tag@0@U_Nonscalar_ptr_iterator_tag@0@U_Range_checked_iterator_tag@0@@Z 004190d0 f i up_window_hacf.obj
 0001:00018120       ??$_Uninit_move@PAV?$CStringT@DV?$StrTraitMFC@DV?$ChTraitsCRT@D@ATL@@@@@ATL@@PAV12@V?$allocator@V?$CStringT@DV?$StrTraitMFC@DV?$ChTraitsCRT@D@ATL@@@@@ATL@@@std@@U_Undefined_move_tag@4@@std@@YAPAV?$CStringT@DV?$StrTraitMFC@DV?$ChTraitsCRT@D@ATL@@@@@ATL@@PAV12@00AAV?$allocator@V?$CStringT@DV?$StrTraitMFC@DV?$ChTraitsCRT@D@ATL@@@@@ATL@@@0@U_Undefined_move_tag@0@U_Range_checked_iterator_tag@0@@Z 00419120 f i up_window_hacf.obj
 0001:00018140       ??$_Copy_backward_opt@PAV?$CStringT@DV?$StrTraitMFC@DV?$ChTraitsCRT@D@ATL@@@@@ATL@@PAV12@@std@@YAPAV?$CStringT@DV?$StrTraitMFC@DV?$ChTraitsCRT@D@ATL@@@@@ATL@@PAV12@00Urandom_access_iterator_tag@0@U_Nonscalar_ptr_iterator_tag@0@U_Range_checked_iterator_tag@0@@Z 00419140 f i up_window_hacf.obj
 0001:000181a0       ??$_Construct@V?$CStringT@DV?$StrTraitMFC@DV?$ChTraitsCRT@D@ATL@@@@@ATL@@V12@@std@@YAXPAV?$CStringT@DV?$StrTraitMFC@DV?$ChTraitsCRT@D@ATL@@@@@ATL@@ABV12@@Z 004191a0 f i up_window_hacf.obj
 0001:00018220       ??3@YAXPAX0@Z              00419220 f i up_window_hacf.obj
 0001:00018220       ??$_Destroy@UCONTENTSITEM@@@std@@YAXPAUCONTENTSITEM@@@Z 00419220 f i Worker.obj
 0001:00018230       ??$_Destroy@V?$CStringT@DV?$StrTraitMFC@DV?$ChTraitsCRT@D@ATL@@@@@ATL@@@std@@YAXPAV?$CStringT@DV?$StrTraitMFC@DV?$ChTraitsCRT@D@ATL@@@@@ATL@@@Z 00419230 f i up_window_hacf.obj
 0001:00018240       ??_G?$CStringT@DV?$StrTraitMFC@DV?$ChTraitsCRT@D@ATL@@@@@ATL@@QAEPAXI@Z 00419240 f i up_window_hacf.obj
 0001:00018270       ??$unchecked_uninitialized_copy@PAV?$CStringT@DV?$StrTraitMFC@DV?$ChTraitsCRT@D@ATL@@@@@ATL@@PAV12@V?$allocator@V?$CStringT@DV?$StrTraitMFC@DV?$ChTraitsCRT@D@ATL@@@@@ATL@@@std@@@stdext@@YAPAV?$CStringT@DV?$StrTraitMFC@DV?$ChTraitsCRT@D@ATL@@@@@ATL@@PAV12@00AAV?$allocator@V?$CStringT@DV?$StrTraitMFC@DV?$ChTraitsCRT@D@ATL@@@@@ATL@@@std@@@Z 00419270 f i up_window_hacf.obj
 0001:000182d0       ??$_Copy_backward_opt@PAV?$CStringT@DV?$StrTraitMFC@DV?$ChTraitsCRT@D@ATL@@@@@ATL@@PAV12@Uforward_iterator_tag@std@@@std@@YAPAV?$CStringT@DV?$StrTraitMFC@DV?$ChTraitsCRT@D@ATL@@@@@ATL@@PAV12@00Uforward_iterator_tag@0@U_Nonscalar_ptr_iterator_tag@0@U_Range_checked_iterator_tag@0@@Z 004192d0 f i up_window_hacf.obj
 0001:00018300       ??$_Uninit_copy@PAV?$CStringT@DV?$StrTraitMFC@DV?$ChTraitsCRT@D@ATL@@@@@ATL@@PAV12@V?$allocator@V?$CStringT@DV?$StrTraitMFC@DV?$ChTraitsCRT@D@ATL@@@@@ATL@@@std@@@std@@YAPAV?$CStringT@DV?$StrTraitMFC@DV?$ChTraitsCRT@D@ATL@@@@@ATL@@PAV12@00AAV?$allocator@V?$CStringT@DV?$StrTraitMFC@DV?$ChTraitsCRT@D@ATL@@@@@ATL@@@0@U_Nonscalar_ptr_iterator_tag@0@U_Range_checked_iterator_tag@0@@Z 00419300 f i up_window_hacf.obj
 0001:000183c0       ?InvalidateRect@CWnd@@QAEXPBUtagRECT@@H@Z 004193c0 f i up_window_hacf.obj
 0001:000183f0       ?EnsureVisible@CListCtrl@@QAEHHH@Z 004193f0 f i up_window_hacf.obj
 0001:00018420       ?ReleaseBuffer@?$CSimpleStringT@D$0A@@ATL@@QAEXH@Z 00419420 f i up_window_hacf.obj
 0001:00018450       ??0up_window@@QAE@PAVCWnd@@@Z 00419450 f   up_window_init.obj
 0001:000189e0       ?DoDataExchange@up_window@@MAEXPAVCDataExchange@@@Z 004199e0 f   up_window_init.obj
 0001:00018a90       ?GetMessageMap@up_window@@MBEPBUAFX_MSGMAP@@XZ 00419a90 f   up_window_init.obj
 0001:00018aa0       ?GetThisMessageMap@up_window@@KGPBUAFX_MSGMAP@@XZ 00419aa0 f   up_window_init.obj
 0001:00018ab0       ?IsVistaOS@up_window@@QAE_NXZ 00419ab0 f   up_window_init.obj
 0001:00018b30       ?AddMessageFilter@up_window@@QAEHPAI@Z 00419b30 f   up_window_init.obj
 0001:00018be0       ?OnInitDialog@up_window@@MAEHXZ 00419be0 f   up_window_init.obj
 0001:00018e00       ?SafeTerminateProcess@up_window@@QAEHPAXI@Z 00419e00 f   up_window_init.obj
 0001:00018f50       ?OnTimer@up_window@@IAEXI@Z 00419f50 f   up_window_init.obj
 0001:00019e40       ?OnCopyData@up_window@@IAEHPAVCWnd@@PAUtagCOPYDATASTRUCT@@@Z 0041ae40 f   up_window_init.obj
 0001:0001a0f0       ?OnCtlColor@up_window@@IAEPAUHBRUSH__@@PAVCDC@@PAVCWnd@@I@Z 0041b0f0 f   up_window_init.obj
 0001:0001a170       ?OnSysCommand@up_window@@IAEXIJ@Z 0041b170 f   up_window_init.obj
 0001:0001a1b0       ?ChnPosition@up_window@@UAEXHH@Z 0041b1b0 f   up_window_init.obj
 0001:0001a1c0       ?DrawCtrl@up_window@@UAEPAUHBRUSH__@@PAVCDC@@I@Z 0041b1c0 f   up_window_init.obj
 0001:0001a1d0       ?InitWindow@up_window@@UAEXXZ 0041b1d0 f   up_window_init.obj
 0001:0001a1e0       ?OnSize@up_window@@IAEXIHH@Z 0041b1e0 f   up_window_init.obj
 0001:0001a210       ?InitListControl@up_window@@UAEXXZ 0041b210 f   up_window_init.obj
 0001:0001a220       ?RegRead@up_window@@QAEXXZ 0041b220 f   up_window_init.obj
 0001:0001a3c0       ?RegWrite@up_window@@QAEXXZ 0041b3c0 f   up_window_init.obj
[...]
 0001:0007716f       __unwindfunclet$?ToVariant@CDataSourceControl@@QAE?AVCOleVariant@@H@Z$12 0047816f f   nafxcw:occsite.obj
 0001:0007717a       __unwindfunclet$?ToVariant@CDataSourceControl@@QAE?AVCOleVariant@@H@Z$3 0047817a f   nafxcw:occsite.obj
 0001:00077182       __unwindfunclet$?ToVariant@CDataSourceControl@@QAE?AVCOleVariant@@H@Z$4 00478182 f   nafxcw:occsite.obj
 0001:0007718d       __unwindfunclet$?ToVariant@CDataSourceControl@@QAE?AVCOleVariant@@H@Z$18 0047818d f   nafxcw:occsite.obj
 0001:00077195       __unwindfunclet$?ToVariant@CDataSourceControl@@QAE?AVCOleVariant@@H@Z$17 00478195 f   nafxcw:occsite.obj
 0001:0007719d       __unwindfunclet$?ToVariant@CDataSourceControl@@QAE?AVCOleVariant@@H@Z$16 0047819d f   nafxcw:occsite.obj
 0001:000771a5       __unwindfunclet$?ToVariant@CDataSourceControl@@QAE?AVCOleVariant@@H@Z$15 004781a5 f   nafxcw:occsite.obj
 0001:000771ad       __unwindfunclet$?ToVariant@CDataSourceControl@@QAE?AVCOleVariant@@H@Z$5 004781ad f   nafxcw:occsite.obj
 0001:000771b5       __unwindfunclet$?ToVariant@CDataSourceControl@@QAE?AVCOleVariant@@H@Z$6 004781b5 f   nafxcw:occsite.obj
 0001:000771c0       __ehhandler$?ToVariant@CDataSourceControl@@QAE?AVCOleVariant@@H@Z 004781c0 f   nafxcw:occsite.obj
 0001:000771e8       __unwindfunclet$?UpdateControls@CDataSourceControl@@UAEJXZ$0 004781e8 f   nafxcw:occsite.obj
 0001:000771f0       __unwindfunclet$?UpdateControls@CDataSourceControl@@UAEJXZ$1 004781f0 f   nafxcw:occsite.obj
 0001:000771f8       __ehhandler$?UpdateControls@CDataSourceControl@@UAEJXZ 004781f8 f   nafxcw:occsite.obj
 0001:00077213       __unwindfunclet$??1COleControlSite@@UAE@XZ$0 00478213 f   nafxcw:occsite.obj
 0001:0007721b       __unwindfunclet$??1COleControlSite@@UAE@XZ$1 0047821b f   nafxcw:occsite.obj
 0001:00077229       __unwindfunclet$??1COleControlSite@@UAE@XZ$2 00478229 f   nafxcw:occsite.obj
 0001:00077237       __unwindfunclet$??1COleControlSite@@UAE@XZ$3 00478237 f   nafxcw:occsite.obj
 0001:0007723f       __unwindfunclet$??1COleControlSite@@UAE@XZ$4 0047823f f   nafxcw:occsite.obj
 0001:00077247       __ehhandler$??1COleControlSite@@UAE@XZ 00478247 f   nafxcw:occsite.obj
 0001:00077262       __ehhandler$?IsDialogMessageA@COccManager@@UAEHPAVCWnd@@PAUtagMSG@@@Z 00478262 f   nafxcw:occdlg.obj
 0001:0007727d       __unwindfunclet$??0CMemFile@@QAE@PAEII@Z$0 0047827d f   nafxcw:filemem.obj
 0001:0007727d       __unwindfunclet$??1CMemFile@@UAE@XZ$0 0047827d f   nafxcw:filemem.obj
 0001:00077285       __ehhandler$??1CMemFile@@UAE@XZ 00478285 f   nafxcw:filemem.obj
 0001:00077285       __ehhandler$??0CMemFile@@QAE@PAEII@Z 00478285 f   nafxcw:filemem.obj
 0001:000772a0       __unwindfunclet$?GetErrorMessage@CFileException@@UBEHPADIPAI@Z$0 004782a0 f   nafxcw:filex.obj
 0001:000772a8       __unwindfunclet$?GetErrorMessage@CFileException@@UBEHPADIPAI@Z$1 004782a8 f   nafxcw:filex.obj
 0001:000772b0       __ehhandler$?GetErrorMessage@CFileException@@UBEHPADIPAI@Z 004782b0 f   nafxcw:filex.obj
 0001:000772cb       __unwindfunclet$??0CCommDlgWrapper@@QAE@XZ$0 004782cb f   nafxcw:apphelp.obj
 0001:000772cb       __unwindfunclet$?GetWindowTextA@CWnd@@QBEHPADH@Z$0 004782cb f   nafxcw:apphelp.obj
 0001:000772cb       __unwindfunclet$?AfxFormatStrings@@YGXAAV?$CStringT@DV?$StrTraitMFC@DV?$ChTraitsCRT@D@ATL@@@@@ATL@@IPBQBDH@Z$0 004782cb f   nafxcw:apphelp.obj
 0001:000772cb       __unwindfunclet$?AfxMessageBox@@YGHIII@Z$0 004782cb f   nafxcw:apphelp.obj
 0001:000772cb       __unwindfunclet$??0CComCtlWrapper@@QAE@XZ$0 004782cb f   nafxcw:apphelp.obj
 0001:000772d3       __ehhandler$??0CCommDlgWrapper@@QAE@XZ 004782d3 f   nafxcw:apphelp.obj
 0001:000772d3       __ehhandler$?AfxFormatStrings@@YGXAAV?$CStringT@DV?$StrTraitMFC@DV?$ChTraitsCRT@D@ATL@@@@@ATL@@IPBQBDH@Z 004782d3 f   nafxcw:apphelp.obj
 0001:000772d3       __ehhandler$??0CComCtlWrapper@@QAE@XZ 004782d3 f   nafxcw:apphelp.obj
 0001:000772d3       __ehhandler$?AfxMessageBox@@YGHIII@Z 004782d3 f   nafxcw:apphelp.obj
 0001:000772d3       __ehhandler$?GetWindowTextA@CWnd@@QBEHPADH@Z 004782d3 f   nafxcw:apphelp.obj
 0001:000772ee       __unwindfunclet$?OnCmdMsg@CFrameWnd@@UAEHIHPAXPAUAFX_CMDHANDLERINFO@@@Z$0 004782ee f   nafxcw:winfrm.obj
 0001:000772f6       __ehhandler$?OnCmdMsg@CFrameWnd@@UAEHIHPAXPAUAFX_CMDHANDLERINFO@@@Z 004782f6 f   nafxcw:winfrm.obj
 0001:00077311       __unwindfunclet$?BeginModalState@CFrameWnd@@UAEXXZ$0 00478311 f   nafxcw:winfrm.obj
 0001:00077319       __ehhandler$?BeginModalState@CFrameWnd@@UAEXXZ 00478319 f   nafxcw:winfrm.obj
 0001:00077334       __unwindfunclet$?OnSetMessageString@CFrameWnd@@IAEJIJ@Z$0 00478334 f   nafxcw:winfrm.obj
 0001:0007733c       __ehhandler$?OnSetMessageString@CFrameWnd@@IAEJIJ@Z 0047833c f   nafxcw:winfrm.obj
 0001:00077357       __unwindfunclet$?DestroyDockBars@CFrameWnd@@QAEXXZ$0 00478357 f   nafxcw:winfrm.obj
 0001:0007735f       __unwindfunclet$?DestroyDockBars@CFrameWnd@@QAEXXZ$1 0047835f f   nafxcw:winfrm.obj
 0001:00077367       __ehhandler$?DestroyDockBars@CFrameWnd@@QAEXXZ 00478367 f   nafxcw:winfrm.obj
 0001:00077382       __unwindfunclet$?OnToolTipText@CFrameWnd@@IAEHIPAUtagNMHDR@@PAJ@Z$0 00478382 f   nafxcw:winfrm.obj
 0001:0007738a       __ehhandler$?OnToolTipText@CFrameWnd@@IAEHIPAUtagNMHDR@@PAJ@Z 0047838a f   nafxcw:winfrm.obj
 0001:000773b2       __unwindfunclet$??0CFrameWnd@@QAE@XZ$0 004783b2 f   nafxcw:winfrm.obj
 0001:000773ba       __unwindfunclet$??0CFrameWnd@@QAE@XZ$1 004783ba f   nafxcw:winfrm.obj
 0001:000773c8       __unwindfunclet$??0CFrameWnd@@QAE@XZ$2 004783c8 f   nafxcw:winfrm.obj
 0001:000773d6       __ehhandler$??0CFrameWnd@@QAE@XZ 004783d6 f   nafxcw:winfrm.obj
 0001:000773f1       __unwindfunclet$??1CFrameWnd@@UAE@XZ$2 004783f1 f   nafxcw:winfrm.obj
 0001:000773f9       __unwindfunclet$??1CFrameWnd@@UAE@XZ$3 004783f9 f   nafxcw:winfrm.obj
 0001:00077407       __unwindfunclet$??1CFrameWnd@@UAE@XZ$4 00478407 f   nafxcw:winfrm.obj
 0001:00077415       __unwindfunclet$??1CFrameWnd@@UAE@XZ$5 00478415 f   nafxcw:winfrm.obj
 0001:0007741d       __ehhandler$??1CFrameWnd@@UAE@XZ 0047841d f   nafxcw:winfrm.obj
 0001:00077445       __unwindfunclet$?LoadFrame@CFrameWnd@@UAEHIKPAVCWnd@@PAUCCreateContext@@@Z$0 00478445 f   nafxcw:winfrm.obj
 0001:0007744d       __unwindfunclet$?LoadFrame@CFrameWnd@@UAEHIKPAVCWnd@@PAUCCreateContext@@@Z$1 0047844d f   nafxcw:winfrm.obj
 0001:00077455       __ehhandler$?LoadFrame@CFrameWnd@@UAEHIKPAVCWnd@@PAUCCreateContext@@@Z 00478455 f   nafxcw:winfrm.obj
 0001:00077470       __unwindfunclet$?OnDDEExecute@CFrameWnd@@IAEJIJ@Z$2 00478470 f   nafxcw:winfrm.obj
 0001:00077478       __ehhandler$?OnDDEExecute@CFrameWnd@@IAEJIJ@Z 00478478 f   nafxcw:winfrm.obj
 0001:00077493       __unwindfunclet$?OnChevronPushed@CFrameWnd@@IAEHIPAUtagNMHDR@@PAJ@Z$0 00478493 f   nafxcw:winfrm.obj
 0001:0007749b       __unwindfunclet$?OnChevronPushed@CFrameWnd@@IAEHIPAUtagNMHDR@@PAJ@Z$1 0047849b f   nafxcw:winfrm.obj
 0001:000774a3       __unwindfunclet$?OnChevronPushed@CFrameWnd@@IAEHIPAUtagNMHDR@@PAJ@Z$2 004784a3 f   nafxcw:winfrm.obj
 0001:000774ab       __unwindfunclet$?OnChevronPushed@CFrameWnd@@IAEHIPAUtagNMHDR@@PAJ@Z$3 004784ab f   nafxcw:winfrm.obj
 0001:000774b3       __unwindfunclet$?OnChevronPushed@CFrameWnd@@IAEHIPAUtagNMHDR@@PAJ@Z$4 004784b3 f   nafxcw:winfrm.obj
 0001:000774bb       __unwindfunclet$?OnChevronPushed@CFrameWnd@@IAEHIPAUtagNMHDR@@PAJ@Z$5 004784bb f   nafxcw:winfrm.obj
 0001:000774c3       __unwindfunclet$?OnChevronPushed@CFrameWnd@@IAEHIPAUtagNMHDR@@PAJ@Z$6 004784c3 f   nafxcw:winfrm.obj
 0001:000774cb       __ehhandler$?OnChevronPushed@CFrameWnd@@IAEHIPAUtagNMHDR@@PAJ@Z 004784cb f   nafxcw:winfrm.obj
 0001:000774e9       __unwindfunclet$?UpdateFrameTitleForDocument@CFrameWnd@@QAEXPBD@Z$0 004784e9 f   nafxcw:winfrm.obj
 0001:000774f1       __ehhandler$?UpdateFrameTitleForDocument@CFrameWnd@@QAEXPBD@Z 004784f1 f   nafxcw:winfrm.obj
 0001:00077516       __unwindfunclet$?AfxThrowArchiveException@@YGXHPBD@Z$0 00478516 f   nafxcw:arcobj.obj
 0001:00077516       __unwindfunclet$?AfxThrowFileException@@YGXHJPBD@Z$0 00478516 f   nafxcw:arcobj.obj
 0001:00077516       __unwindfunclet$?EnsureSchemaMapExists@CArchive@@QAEXPAPAV?$CArray@W4LoadArrayObjType@CArchive@@ABW412@@@@Z$0 00478516 f   nafxcw:arcobj.obj
 0001:0007751f       __ehhandler$?AfxThrowFileException@@YGXHJPBD@Z 0047851f f   nafxcw:arcobj.obj
 0001:0007751f       __ehhandler$?EnsureSchemaMapExists@CArchive@@QAEXPAPAV?$CArray@W4LoadArrayObjType@CArchive@@ABW412@@@@Z 0047851f f   nafxcw:arcobj.obj
 0001:0007751f       __ehhandler$?AfxThrowArchiveException@@YGXHPBD@Z 0047851f f   nafxcw:arcobj.obj
 0001:0007753a       __unwindfunclet$?MapObject@CArchive@@QAEXPBVCObject@@@Z$0 0047853a f   nafxcw:arcobj.obj
 0001:00077543       __unwindfunclet$?MapObject@CArchive@@QAEXPBVCObject@@@Z$1 00478543 f   nafxcw:arcobj.obj
 0001:0007754c       __ehhandler$?MapObject@CArchive@@QAEXPBVCObject@@@Z 0047854c f   nafxcw:arcobj.obj
 0001:00077567       __ehhandler$?ReadObject@CArchive@@QAEPAVCObject@@PBUCRuntimeClass@@@Z 00478567 f   nafxcw:arcobj.obj
 0001:00077582       __unwindfunclet$?PushStackArgs@CCmdTarget@@IAEJPAEPBEPAXGPAUtagDISPPARAMS@@PAIPAUtagVARIANT@@PAVCVariantBoolConverter@@@Z$0 00478582 f   nafxcw:oledisp1.obj
 0001:0007758a       __ehhandler$?PushStackArgs@CCmdTarget@@IAEJPAEPBEPAXGPAUtagDISPPARAMS@@PAIPAUtagVARIANT@@PAVCVariantBoolConverter@@@Z 0047858a f   nafxcw:oledisp1.obj
 0001:000775a5       __unwindfunclet$?CallMemberFunc@CCmdTarget@@IAEJPBUAFX_DISPMAP_ENTRY@@GPAUtagVARIANT@@PAUtagDISPPARAMS@@PAI@Z$2 004785a5 f   nafxcw:oledisp1.obj
 0001:000775ad       __unwindfunclet$?CallMemberFunc@CCmdTarget@@IAEJPBUAFX_DISPMAP_ENTRY@@GPAUtagVARIANT@@PAUtagDISPPARAMS@@PAI@Z$3 004785ad f   nafxcw:oledisp1.obj
 0001:000775b5       __ehhandler$?CallMemberFunc@CCmdTarget@@IAEJPBUAFX_DISPMAP_ENTRY@@GPAUtagVARIANT@@PAUtagDISPPARAMS@@PAI@Z 004785b5 f   nafxcw:oledisp1.obj
 0001:000775da       __unwindfunclet$??0COleDispatchException@@QAE@PBDIG@Z$0 004785da f   nafxcw:oledisp1.obj
 0001:000775e5       __unwindfunclet$??0COleDispatchException@@QAE@PBDIG@Z$1 004785e5 f   nafxcw:oledisp1.obj
 0001:000775f0       __unwindfunclet$??0COleDispatchException@@QAE@PBDIG@Z$2 004785f0 f   nafxcw:oledisp1.obj
 0001:000775fb       __ehhandler$??0COleDispatchException@@QAE@PBDIG@Z 004785fb f   nafxcw:oledisp1.obj
 0001:00077616       __unwindfunclet$??0CWinThread@@QAE@XZ$0 00478616 f   nafxcw:oleenum.obj
 0001:00077616       __unwindfunclet$??1CEnumArray@@UAE@XZ$0 00478616 f   nafxcw:oleenum.obj
 0001:00077616       __unwindfunclet$??0CWinThread@@QAE@P6AIPAX@Z0@Z$0 00478616 f   nafxcw:oleenum.obj
 0001:00077616       __unwindfunclet$??1CWinThread@@UAE@XZ$0 00478616 f   nafxcw:oleenum.obj
 0001:00077616       __unwindfunclet$??1CWnd@@UAE@XZ$0 00478616 f   nafxcw:oleenum.obj
 0001:0007761e       __ehhandler$??0CWinThread@@QAE@P6AIPAX@Z0@Z 0047861e f   nafxcw:oleenum.obj
 0001:0007761e       __ehhandler$??0CWinThread@@QAE@XZ 0047861e f   nafxcw:oleenum.obj
 0001:0007761e       __ehhandler$??1CWnd@@UAE@XZ 0047861e f   nafxcw:oleenum.obj
 0001:0007761e       __ehhandler$??1CEnumArray@@UAE@XZ 0047861e f   nafxcw:oleenum.obj
 0001:0007761e       __ehhandler$??1CWinThread@@UAE@XZ 0047861e f   nafxcw:oleenum.obj
 0001:00077639       __unwindfunclet$?Next@XEnumVOID@CEnumArray@@UAGJKPAXPAK@Z$2 00478639 f   nafxcw:oleenum.obj
 0001:00077641       __ehhandler$?Next@XEnumVOID@CEnumArray@@UAGJKPAXPAK@Z 00478641 f   nafxcw:oleenum.obj
 0001:0007765c       __unwindfunclet$?Skip@XEnumVOID@CEnumArray@@UAGJK@Z$2 0047865c f   nafxcw:oleenum.obj
 0001:00077664       __ehhandler$?Skip@XEnumVOID@CEnumArray@@UAGJK@Z 00478664 f   nafxcw:oleenum.obj
 0001:0007767f       __unwindfunclet$?Clone@XEnumVOID@CEnumArray@@UAGJPAPAUIEnumVOID@@@Z$2 0047867f f   nafxcw:oleenum.obj
 0001:00077687       __ehhandler$?Clone@XEnumVOID@CEnumArray@@UAGJPAPAUIEnumVOID@@@Z 00478687 f   nafxcw:oleenum.obj
 0001:000776a2       __unwindfunclet$?InvokeHelperV@COleDispatchDriver@@QAEXJGGPAXPBEPAD@Z$0 004786a2 f   nafxcw:oledisp2.obj
 0001:000776aa       __unwindfunclet$?InvokeHelperV@COleDispatchDriver@@QAEXJGGPAXPBEPAD@Z$1 004786aa f   nafxcw:oledisp2.obj
 0001:000776b2       __unwindfunclet$?InvokeHelperV@COleDispatchDriver@@QAEXJGGPAXPBEPAD@Z$2 004786b2 f   nafxcw:oledisp2.obj
 0001:000776ba       __unwindfunclet$?InvokeHelperV@COleDispatchDriver@@QAEXJGGPAXPBEPAD@Z$3 004786ba f   nafxcw:oledisp2.obj
 0001:000776c2       __unwindfunclet$?InvokeHelperV@COleDispatchDriver@@QAEXJGGPAXPBEPAD@Z$4 004786c2 f   nafxcw:oledisp2.obj
 0001:000776cb       __ehhandler$?InvokeHelperV@COleDispatchDriver@@QAEXJGGPAXPBEPAD@Z 004786cb f   nafxcw:oledisp2.obj
 0001:000776e9       __unwindfunclet$?OnBusyDialog@COleMessageFilter@@UAEHPAUHTASK__@@@Z$2 004786e9 f   nafxcw:olemsgf.obj
 0001:000776f4       __ehhandler$?OnBusyDialog@COleMessageFilter@@UAEHPAUHTASK__@@@Z 004786f4 f   nafxcw:olemsgf.obj
 0001:00077712       __unwindfunclet$?OnNotRespondingDialog@COleMessageFilter@@UAEHPAUHTASK__@@@Z$2 00478712 f   nafxcw:olemsgf.obj
 0001:0007771d       __ehhandler$?OnNotRespondingDialog@COleMessageFilter@@UAEHPAUHTASK__@@@Z 0047871d f   nafxcw:olemsgf.obj
 0001:0007773b       __unwindfunclet$?MessagePending@XMessageFilter@COleMessageFilter@@UAGKPAUHTASK__@@KK@Z$0 0047873b f   nafxcw:olemsgf.obj
 0001:00077743       __ehhandler$?MessagePending@XMessageFilter@COleMessageFilter@@UAGKPAUHTASK__@@KK@Z 00478743 f   nafxcw:olemsgf.obj
 0001:0007775e       __ehhandler$?CallUnexpected@@YAXPBU_s_ESTypeList@@@Z 0047875e f   libcmt:frame.obj
 0001:00077779       __unwindfunclet$?_Xlen@_String_base@std@@SAXXZ$0 00478779 f   libcpmt:string.obj
 0001:00077779       __unwindfunclet$?_Xran@_String_base@std@@SAXXZ$0 00478779 f   libcpmt:string.obj
 0001:00077781       __ehhandler$?_Xlen@_String_base@std@@SAXXZ 00478781 f   libcpmt:string.obj
 0001:00077781       __ehhandler$?_Xran@_String_base@std@@SAXXZ 00478781 f   libcpmt:string.obj
 0001:0007779c       __unwindfunclet$?_Locimp_dtor@_Locimp@locale@std@@CAXPAV123@@Z$0 0047879c f   libcpmt:locale0.obj
 0001:000777a4       __ehhandler$?_Locimp_dtor@_Locimp@locale@std@@CAXPAV123@@Z 004787a4 f   libcpmt:locale0.obj
 0001:000777bf       __unwindfunclet$??0_Locimp@locale@std@@AAE@_N@Z$0 004787bf f   libcpmt:locale0.obj
 0001:000777c7       __ehhandler$??0_Locimp@locale@std@@AAE@_N@Z 004787c7 f   libcpmt:locale0.obj
 0001:000777e2       __unwindfunclet$??1_Locimp@locale@std@@MAE@XZ$0 004787e2 f   libcpmt:locale0.obj
 0001:000777ea       __unwindfunclet$??1_Locimp@locale@std@@MAE@XZ$1 004787ea f   libcpmt:locale0.obj
 0001:000777f5       __ehhandler$??1_Locimp@locale@std@@MAE@XZ 004787f5 f   libcpmt:locale0.obj
 0001:00077810       __unwindfunclet$?_Init@locale@std@@CAPAV_Locimp@12@XZ$0 00478810 f   libcpmt:locale0.obj
 0001:00077818       __unwindfunclet$?_Init@locale@std@@CAPAV_Locimp@12@XZ$1 00478818 f   libcpmt:locale0.obj
 0001:00077822       __ehhandler$?_Init@locale@std@@CAPAV_Locimp@12@XZ 00478822 f   libcpmt:locale0.obj
 0001:00077840       ??__EtheApp@@YAXXZ         00478840 f   up_client.obj
 0001:00077860       ??__E?id@?$codecvt@DDH@std@@2V0locale@2@A@@YAXXZ 00478860 f   up_client.obj
 0001:00077880       ??__EvtMissing@@YAXXZ      00478880 f   comsuppw:comutil.obj
 0001:0007788c       ??__E_afxHtmlHelpState@@YAXXZ 0047888c f   nafxcw:wincore.obj
 0001:00077898       ??__E?m_nMsgDragList@CWnd@@1IB@@YAXXZ 00478898 f   nafxcw:wincore.obj
 0001:000778a9       ??__E?wndTop@CWnd@@2V1@B@@YAXXZ 004788a9 f   nafxcw:wincore.obj
 0001:00077911       ??__E?wndBottom@CWnd@@2V1@B@@YAXXZ 00478911 f   nafxcw:wincore.obj
 0001:0007797e       ??__E?wndTopMost@CWnd@@2V1@B@@YAXXZ 0047897e f   nafxcw:wincore.obj
 0001:000779e8       ??__E?wndNoTopMost@CWnd@@2V1@B@@YAXXZ 004789e8 f   nafxcw:wincore.obj
 0001:00077a55       ??__E_simpleResourceException@@YAXXZ 00478a55 f   nafxcw:wingdi.obj
 0001:00077a8f       ??__E_simpleUserException@@YAXXZ 00478a8f f   nafxcw:wingdi.obj
 0001:00077ac9       ??__E_simpleMemoryException@@YAXXZ 00478ac9 f   nafxcw:except.obj
 0001:00077ad5       ??__E_simpleNotSupportedException@@YAXXZ 00478ad5 f   nafxcw:except.obj
 0001:00077ae1       ??__E_simpleInvalidArgException@@YAXXZ 00478ae1 f   nafxcw:except.obj
 0001:00077aed       ??__E_afxThreadState@@YAXXZ 00478aed f   nafxcw:afxstate.obj
 0001:00077af9       ??__E_afxBaseModuleState@@YAXXZ 00478af9 f   nafxcw:afxstate.obj
 0001:00077b05       ??__EafxStringManager@@YAXXZ 00478b05 f   nafxcw:strcore.obj
 0001:00077b0f       ??__E_afxOccManager@@YAXXZ 00478b0f f   nafxcw:occmgr.obj
 0001:00077b1b       ??__E_afxControlFactoryMgr@@YAXXZ 00478b1b f   nafxcw:occmgr.obj
 0001:00077b27       ??__E_init_CStringArray@@YAXXZ 00478b27 f   nafxcw:array_s.obj
 0001:00077b32       ??__EafxData@@YAXXZ        00478b32 f   nafxcw:auxdata.obj
 0001:00077b48       ??__E_afxDBCS@@YAXXZ       00478b48 f   nafxcw:afxdbcs.obj
 0001:00077b53       ??__E_afxMsgMouseWheel@@YAXXZ 00478b53 f   nafxcw:winfrm.obj
 0001:00077b98       ??__E_init_CByteArray@@YAXXZ 00478b98 f   nafxcw:array_b.obj
 0001:00077ba3       ??__E_oleData@@YAXXZ       00478ba3 f   nafxcw:oleinit.obj
 0001:00077bad       ??__E_init_CObArray@@YAXXZ 00478bad f   nafxcw:array_o.obj
 0001:00077bb8       ??__E_afxOleState@@YAXXZ   00478bb8 f   nafxcw:oledata.obj
 0001:00077bc4       ??__Einitlocks@std@@YAXXZ  00478bc4 f   libcpmt:xlock.obj
 0001:00077bda       ??__Eclassic_locale@std@@YAXXZ 00478bda f   libcpmt:locale0.obj
 0001:00077be6       ??__Einitlocks@std@@YAXXZ  00478be6 f   libcpmt:iosptrs.obj
 0001:00077bfc       ??__Einit_atexit@@YAXXZ    00478bfc f   libcpmt:iosptrs.obj
 0001:00077c08       ??__E_AtlBaseModule@ATL@@YAXXZ 00478c08 f   atls:atlbase.obj
 0001:00077c1e       ??__E_AtlWinModule@ATL@@YAXXZ 00478c1e f   atls:atlbase.obj
 0001:00077c34       ??__E_afxInitAppState@@YAXXZ 00478c34 f   nafxcw:appmodul.obj
 0001:00077c60       ??__FtheApp@@YAXXZ         00478c60 f   up_client.obj
 0001:00077c70       ??__FvtMissing@@YAXXZ      00478c70 f   comsuppw:comutil.obj
 0001:00077c7c       ??__F_afxHtmlHelpState@@YAXXZ 00478c7c f   nafxcw:wincore.obj
 0001:00077c86       ??__F?wndTop@CWnd@@2V1@B@@YAXXZ 00478c86 f   nafxcw:wincore.obj
 0001:00077c90       ??__F?wndBottom@CWnd@@2V1@B@@YAXXZ 00478c90 f   nafxcw:wincore.obj
 0001:00077c9a       ??__F?wndTopMost@CWnd@@2V1@B@@YAXXZ 00478c9a f   nafxcw:wincore.obj
 0001:00077ca4       ??__F?wndNoTopMost@CWnd@@2V1@B@@YAXXZ 00478ca4 f   nafxcw:wincore.obj
 0001:00077cae       ??__F_simpleResourceException@@YAXXZ 00478cae f   nafxcw:wingdi.obj
 0001:00077cb9       ??__F_simpleUserException@@YAXXZ 00478cb9 f   nafxcw:wingdi.obj
 0001:00077cc4       ??__F_simpleMemoryException@@YAXXZ 00478cc4 f   nafxcw:except.obj
 0001:00077ccf       ??__F_simpleNotSupportedException@@YAXXZ 00478ccf f   nafxcw:except.obj
 0001:00077cda       ??__F_simpleInvalidArgException@@YAXXZ 00478cda f   nafxcw:except.obj
 0001:00077ce5       ??__F_afxThreadState@@YAXXZ 00478ce5 f   nafxcw:afxstate.obj
 0001:00077cef       ??__F_afxBaseModuleState@@YAXXZ 00478cef f   nafxcw:afxstate.obj
 0001:00077cf9       ??__F_afxOccManager@@YAXXZ 00478cf9 f   nafxcw:occmgr.obj
 0001:00077d03       ??__F_afxControlFactoryMgr@@YAXXZ 00478d03 f   nafxcw:occmgr.obj
 0001:00077d0d       ??__FafxData@@YAXXZ        00478d0d f   nafxcw:auxdata.obj
 0001:00077d17       ??__F_afxOleState@@YAXXZ   00478d17 f   nafxcw:oledata.obj
 0001:00077d21       ??__Finitlocks@std@@YAXXZ  00478d21 f   libcpmt:xlock.obj
 0001:00077d2b       ??__Fclassic_locale@std@@YAXXZ 00478d2b f   libcpmt:locale0.obj
 0001:00077d35       ??__Finitlocks@std@@YAXXZ  00478d35 f   libcpmt:iosptrs.obj
 0001:00077d3f       ??__Finit_atexit@@YAXXZ    00478d3f f   libcpmt:iosptrs.obj
 0001:00077d49       ??__F_AtlBaseModule@ATL@@YAXXZ 00478d49 f   atls:atlbase.obj
 0001:00077d53       ??__F_AtlWinModule@ATL@@YAXXZ 00478d53 f   atls:atlbase.obj
